[0.023s] Invoking command in '/home/newman/vrx_ws/src/mission_windwatch/build/opencv_example': /usr/bin/cmake /home/newman/vrx_ws/src/mission_windwatch/src/aquabot_competitor/aquabot_examples/opencv_example -DCMAKE_INSTALL_PREFIX=/home/newman/vrx_ws/src/mission_windwatch/install
[0.052s] -- Configuring incomplete, errors occurred!
[0.052s] See also "/home/newman/vrx_ws/src/mission_windwatch/build/opencv_example/CMakeFiles/CMakeOutput.log".
[0.053s] [31mCMake Error at CMakeLists.txt:9 (find_package):
[0.053s]   By not providing "Findament_cmake.cmake" in CMAKE_MODULE_PATH this project
[0.053s]   has asked CMake to find a package configuration file provided by
[0.054s]   "ament_cmake", but CMake did not find one.
[0.054s] 
[0.054s]   Could not find a package configuration file provided by "ament_cmake" with
[0.054s]   any of the following names:
[0.054s] 
[0.054s]     ament_cmakeConfig.cmake
[0.054s]     ament_cmake-config.cmake
[0.054s] 
[0.055s]   Add the installation prefix of "ament_cmake" to CMAKE_PREFIX_PATH or set
[0.055s]   "ament_cmake_DIR" to a directory containing one of the above files.  If
[0.055s]   "ament_cmake" provides a separate development package or SDK, be sure it
[0.055s]   has been installed.
[0.055s] 
[0.055s] [0m
[0.063s] Invoked command in '/home/newman/vrx_ws/src/mission_windwatch/build/opencv_example' returned '1': /usr/bin/cmake /home/newman/vrx_ws/src/mission_windwatch/src/aquabot_competitor/aquabot_examples/opencv_example -DCMAKE_INSTALL_PREFIX=/home/newman/vrx_ws/src/mission_windwatch/install
