[0.014s] Invoking command in '/home/newman/vrx_ws/src/mission_windwatch/build/wamv_description': CMAKE_PREFIX_PATH=${CMAKE_PREFIX_PATH}:/opt/ros/humble GZ_SIM_RESOURCE_PATH=/home/newman/vrx_ws/src/mission_windwatch/install/share:${GZ_SIM_RESOURCE_PATH} /usr/bin/cmake /home/newman/vrx_ws/src/mission_windwatch/src/vrx/vrx_urdf/wamv_description -DCMAKE_INSTALL_PREFIX=/home/newman/vrx_ws/src/mission_windwatch/install
[1.785s] -- The C compiler identification is GNU 11.4.0
[1.785s] -- The CXX compiler identification is GNU 11.4.0
[1.785s] -- Detecting C compiler ABI info
[1.785s] -- Detecting C compiler ABI info - done
[1.785s] -- Check for working C compiler: /usr/bin/cc - skipped
[1.785s] -- Detecting C compile features
[1.785s] -- Detecting C compile features - done
[1.785s] -- Detecting CXX compiler ABI info
[1.785s] -- Detecting CXX compiler ABI info - done
[1.785s] -- Check for working CXX compiler: /usr/bin/c++ - skipped
[1.786s] -- Detecting CXX compile features
[1.786s] -- Detecting CXX compile features - done
[1.786s] -- Found ament_cmake: 1.3.10 (/opt/ros/humble/share/ament_cmake/cmake)
[1.786s] -- Found Python3: /usr/bin/python3 (found version "3.10.12") found components: Interpreter 
[1.786s] -- Found xacro: 2.0.8 (/opt/ros/humble/share/xacro/cmake)
[1.786s] -- xacro: determining deps for: urdf/wamv_base.urdf.xacro ...
[1.786s] -- Configuring done
[1.786s] -- Generating done
[1.786s] -- Build files have been written to: /home/newman/vrx_ws/src/mission_windwatch/build/wamv_description
[1.795s] Invoked command in '/home/newman/vrx_ws/src/mission_windwatch/build/wamv_description' returned '0': CMAKE_PREFIX_PATH=${CMAKE_PREFIX_PATH}:/opt/ros/humble GZ_SIM_RESOURCE_PATH=/home/newman/vrx_ws/src/mission_windwatch/install/share:${GZ_SIM_RESOURCE_PATH} /usr/bin/cmake /home/newman/vrx_ws/src/mission_windwatch/src/vrx/vrx_urdf/wamv_description -DCMAKE_INSTALL_PREFIX=/home/newman/vrx_ws/src/mission_windwatch/install
[1.804s] Invoking command in '/home/newman/vrx_ws/src/mission_windwatch/build/wamv_description': CMAKE_PREFIX_PATH=${CMAKE_PREFIX_PATH}:/opt/ros/humble GZ_SIM_RESOURCE_PATH=/home/newman/vrx_ws/src/mission_windwatch/install/share:${GZ_SIM_RESOURCE_PATH} /usr/bin/cmake --build /home/newman/vrx_ws/src/mission_windwatch/build/wamv_description -- -j9 -l9
[3.508s] [100%] [34m[1mxacro: generating urdf/wamv_base.urdf from urdf/wamv_base.urdf.xacro[0m
[3.511s] [100%] Built target wamv_description__xacro_auto_generate
[3.520s] Invoked command in '/home/newman/vrx_ws/src/mission_windwatch/build/wamv_description' returned '0': CMAKE_PREFIX_PATH=${CMAKE_PREFIX_PATH}:/opt/ros/humble GZ_SIM_RESOURCE_PATH=/home/newman/vrx_ws/src/mission_windwatch/install/share:${GZ_SIM_RESOURCE_PATH} /usr/bin/cmake --build /home/newman/vrx_ws/src/mission_windwatch/build/wamv_description -- -j9 -l9
[3.570s] Invoking command in '/home/newman/vrx_ws/src/mission_windwatch/build/wamv_description': CMAKE_PREFIX_PATH=${CMAKE_PREFIX_PATH}:/opt/ros/humble GZ_SIM_RESOURCE_PATH=/home/newman/vrx_ws/src/mission_windwatch/install/share:${GZ_SIM_RESOURCE_PATH} /usr/bin/cmake --install /home/newman/vrx_ws/src/mission_windwatch/build/wamv_description
[3.582s] -- Install configuration: ""
[3.583s] -- Installing: /home/newman/vrx_ws/src/mission_windwatch/install/share/wamv_description/environment/resource_paths.dsv
[3.583s] -- Installing: /home/newman/vrx_ws/src/mission_windwatch/install/share/wamv_description/environment/resource_paths.sh
[3.583s] -- Installing: /home/newman/vrx_ws/src/mission_windwatch/install/share/wamv_description/urdf/wamv_base.urdf
[3.583s] -- Installing: /home/newman/vrx_ws/src/mission_windwatch/install/share/wamv_description/models
[3.583s] -- Installing: /home/newman/vrx_ws/src/mission_windwatch/install/share/wamv_description/models/engine
[3.583s] -- Installing: /home/newman/vrx_ws/src/mission_windwatch/install/share/wamv_description/models/engine/model.config
[3.583s] -- Installing: /home/newman/vrx_ws/src/mission_windwatch/install/share/wamv_description/models/engine/mesh
[3.583s] -- Installing: /home/newman/vrx_ws/src/mission_windwatch/install/share/wamv_description/models/engine/mesh/engine.dae
[3.583s] -- Installing: /home/newman/vrx_ws/src/mission_windwatch/install/share/wamv_description/models/WAM-V-Base
[3.583s] -- Installing: /home/newman/vrx_ws/src/mission_windwatch/install/share/wamv_description/models/WAM-V-Base/model.config
[3.583s] -- Installing: /home/newman/vrx_ws/src/mission_windwatch/install/share/wamv_description/models/WAM-V-Base/mesh
[3.583s] -- Installing: /home/newman/vrx_ws/src/mission_windwatch/install/share/wamv_description/models/WAM-V-Base/mesh/WAM-V_Normal.png
[3.590s] -- Installing: /home/newman/vrx_ws/src/mission_windwatch/install/share/wamv_description/models/WAM-V-Base/mesh/WAM-V_Metalness.png
[3.590s] -- Installing: /home/newman/vrx_ws/src/mission_windwatch/install/share/wamv_description/models/WAM-V-Base/mesh/WamV.png
[3.592s] -- Installing: /home/newman/vrx_ws/src/mission_windwatch/install/share/wamv_description/models/WAM-V-Base/mesh/WAM-V_Albedo.png
[3.603s] -- Installing: /home/newman/vrx_ws/src/mission_windwatch/install/share/wamv_description/models/WAM-V-Base/mesh/WAM-V_Roughness.png
[3.608s] -- Installing: /home/newman/vrx_ws/src/mission_windwatch/install/share/wamv_description/models/WAM-V-Base/mesh/WAM-V-Base.dae
[3.611s] -- Installing: /home/newman/vrx_ws/src/mission_windwatch/install/share/wamv_description/models/propeller
[3.611s] -- Installing: /home/newman/vrx_ws/src/mission_windwatch/install/share/wamv_description/models/propeller/model.config
[3.611s] -- Installing: /home/newman/vrx_ws/src/mission_windwatch/install/share/wamv_description/models/propeller/mesh
[3.612s] -- Installing: /home/newman/vrx_ws/src/mission_windwatch/install/share/wamv_description/models/propeller/mesh/propeller.dae
[3.612s] -- Up-to-date: /home/newman/vrx_ws/src/mission_windwatch/install/share/wamv_description/urdf
[3.612s] -- Installing: /home/newman/vrx_ws/src/mission_windwatch/install/share/wamv_description/urdf/thrusters
[3.612s] -- Installing: /home/newman/vrx_ws/src/mission_windwatch/install/share/wamv_description/urdf/thrusters/engine.xacro
[3.612s] -- Installing: /home/newman/vrx_ws/src/mission_windwatch/install/share/wamv_description/urdf/cpu_cases.xacro
[3.613s] -- Installing: /home/newman/vrx_ws/src/mission_windwatch/install/share/wamv_description/urdf/wamv_base.urdf.xacro
[3.613s] -- Installing: /home/newman/vrx_ws/src/mission_windwatch/install/share/wamv_description/urdf/battery.xacro
[3.615s] -- Installing: /home/newman/vrx_ws/src/mission_windwatch/install/share/ament_index/resource_index/package_run_dependencies/wamv_description
[3.615s] -- Installing: /home/newman/vrx_ws/src/mission_windwatch/install/share/ament_index/resource_index/parent_prefix_path/wamv_description
[3.617s] -- Installing: /home/newman/vrx_ws/src/mission_windwatch/install/share/wamv_description/environment/ament_prefix_path.sh
[3.617s] -- Installing: /home/newman/vrx_ws/src/mission_windwatch/install/share/wamv_description/environment/ament_prefix_path.dsv
[3.617s] -- Installing: /home/newman/vrx_ws/src/mission_windwatch/install/share/wamv_description/environment/path.sh
[3.617s] -- Installing: /home/newman/vrx_ws/src/mission_windwatch/install/share/wamv_description/environment/path.dsv
[3.617s] -- Installing: /home/newman/vrx_ws/src/mission_windwatch/install/share/wamv_description/local_setup.bash
[3.618s] -- Installing: /home/newman/vrx_ws/src/mission_windwatch/install/share/wamv_description/local_setup.sh
[3.618s] -- Installing: /home/newman/vrx_ws/src/mission_windwatch/install/share/wamv_description/local_setup.zsh
[3.618s] -- Installing: /home/newman/vrx_ws/src/mission_windwatch/install/share/wamv_description/local_setup.dsv
[3.618s] -- Installing: /home/newman/vrx_ws/src/mission_windwatch/install/share/wamv_description/package.dsv
[3.618s] -- Installing: /home/newman/vrx_ws/src/mission_windwatch/install/share/ament_index/resource_index/packages/wamv_description
[3.618s] -- Installing: /home/newman/vrx_ws/src/mission_windwatch/install/share/wamv_description/cmake/wamv_descriptionConfig.cmake
[3.618s] -- Installing: /home/newman/vrx_ws/src/mission_windwatch/install/share/wamv_description/cmake/wamv_descriptionConfig-version.cmake
[3.619s] -- Installing: /home/newman/vrx_ws/src/mission_windwatch/install/share/wamv_description/package.xml
[3.637s] Invoked command in '/home/newman/vrx_ws/src/mission_windwatch/build/wamv_description' returned '0': CMAKE_PREFIX_PATH=${CMAKE_PREFIX_PATH}:/opt/ros/humble GZ_SIM_RESOURCE_PATH=/home/newman/vrx_ws/src/mission_windwatch/install/share:${GZ_SIM_RESOURCE_PATH} /usr/bin/cmake --install /home/newman/vrx_ws/src/mission_windwatch/build/wamv_description
