[35m[1mConsolidate compiler generated dependencies of target WindturbinesInspectionScoringPlugin[0m
[35m[1mConsolidate compiler generated dependencies of target PatrolAndFollowScoringPlugin[0m
[  0%] Built target ament_cmake_python_copy_aquabot_gz
[ 50%] Built target PatrolAndFollowScoringPlugin
[100%] Built target WindturbinesInspectionScoringPlugin
running egg_info
writing aquabot_gz.egg-info/PKG-INFO
writing dependency_links to aquabot_gz.egg-info/dependency_links.txt
writing top-level names to aquabot_gz.egg-info/top_level.txt
reading manifest file 'aquabot_gz.egg-info/SOURCES.txt'
writing manifest file 'aquabot_gz.egg-info/SOURCES.txt'
[100%] Built target ament_cmake_python_build_aquabot_gz_egg
-- Install configuration: ""
-- Up-to-date: /home/newman/vrx_ws/src/mission_windwatch/install/share/aquabot_gz/environment/resource_paths.dsv
-- Up-to-date: /home/newman/vrx_ws/src/mission_windwatch/install/share/aquabot_gz/environment/resource_paths.sh
-- Up-to-date: /home/newman/vrx_ws/src/mission_windwatch/install/lib/libPatrolAndFollowScoringPlugin.so
-- Up-to-date: /home/newman/vrx_ws/src/mission_windwatch/install/lib/libWindturbinesInspectionScoringPlugin.so
-- Up-to-date: /home/newman/vrx_ws/src/mission_windwatch/install/share/aquabot_gz/environment/pythonpath.sh
-- Up-to-date: /home/newman/vrx_ws/src/mission_windwatch/install/share/aquabot_gz/environment/pythonpath.dsv
-- Up-to-date: /home/newman/vrx_ws/src/mission_windwatch/install/local/lib/python3.10/dist-packages/aquabot_gz-0.6.0-py3.10.egg-info
-- Installing: /home/newman/vrx_ws/src/mission_windwatch/install/local/lib/python3.10/dist-packages/aquabot_gz-0.6.0-py3.10.egg-info/SOURCES.txt
-- Installing: /home/newman/vrx_ws/src/mission_windwatch/install/local/lib/python3.10/dist-packages/aquabot_gz-0.6.0-py3.10.egg-info/dependency_links.txt
-- Installing: /home/newman/vrx_ws/src/mission_windwatch/install/local/lib/python3.10/dist-packages/aquabot_gz-0.6.0-py3.10.egg-info/PKG-INFO
-- Installing: /home/newman/vrx_ws/src/mission_windwatch/install/local/lib/python3.10/dist-packages/aquabot_gz-0.6.0-py3.10.egg-info/top_level.txt
-- Up-to-date: /home/newman/vrx_ws/src/mission_windwatch/install/local/lib/python3.10/dist-packages/aquabot_gz
-- Up-to-date: /home/newman/vrx_ws/src/mission_windwatch/install/local/lib/python3.10/dist-packages/aquabot_gz/bridges.py
-- Up-to-date: /home/newman/vrx_ws/src/mission_windwatch/install/local/lib/python3.10/dist-packages/aquabot_gz/launch.py
-- Up-to-date: /home/newman/vrx_ws/src/mission_windwatch/install/local/lib/python3.10/dist-packages/aquabot_gz/__init__.py
Listing '/home/newman/vrx_ws/src/mission_windwatch/install/local/lib/python3.10/dist-packages/aquabot_gz'...
-- Up-to-date: /home/newman/vrx_ws/src/mission_windwatch/install/share/aquabot_gz/launch
-- Up-to-date: /home/newman/vrx_ws/src/mission_windwatch/install/share/aquabot_gz/launch/competition.launch.py
-- Up-to-date: /home/newman/vrx_ws/src/mission_windwatch/install/share/aquabot_gz/launch/rviz.launch.py
-- Up-to-date: /home/newman/vrx_ws/src/mission_windwatch/install/share/aquabot_gz/models
-- Up-to-date: /home/newman/vrx_ws/src/mission_windwatch/install/share/aquabot_gz/models/aquabot_tree
-- Up-to-date: /home/newman/vrx_ws/src/mission_windwatch/install/share/aquabot_gz/models/aquabot_tree/model.config
-- Up-to-date: /home/newman/vrx_ws/src/mission_windwatch/install/share/aquabot_gz/models/aquabot_tree/model.sdf
-- Up-to-date: /home/newman/vrx_ws/src/mission_windwatch/install/share/aquabot_gz/models/aquabot_tree/mesh
-- Up-to-date: /home/newman/vrx_ws/src/mission_windwatch/install/share/aquabot_gz/models/aquabot_tree/mesh/tree.dae
-- Up-to-date: /home/newman/vrx_ws/src/mission_windwatch/install/share/aquabot_gz/models/aquabot_greenboat
-- Up-to-date: /home/newman/vrx_ws/src/mission_windwatch/install/share/aquabot_gz/models/aquabot_greenboat/model.config
-- Up-to-date: /home/newman/vrx_ws/src/mission_windwatch/install/share/aquabot_gz/models/aquabot_greenboat/model.sdf
-- Up-to-date: /home/newman/vrx_ws/src/mission_windwatch/install/share/aquabot_gz/models/aquabot_greenboat/mesh
-- Up-to-date: /home/newman/vrx_ws/src/mission_windwatch/install/share/aquabot_gz/models/aquabot_greenboat/mesh/greenboat.dae
-- Up-to-date: /home/newman/vrx_ws/src/mission_windwatch/install/share/aquabot_gz/models/aquabot_sapling
-- Up-to-date: /home/newman/vrx_ws/src/mission_windwatch/install/share/aquabot_gz/models/aquabot_sapling/model.config
-- Up-to-date: /home/newman/vrx_ws/src/mission_windwatch/install/share/aquabot_gz/models/aquabot_sapling/model.sdf
-- Up-to-date: /home/newman/vrx_ws/src/mission_windwatch/install/share/aquabot_gz/models/aquabot_sapling/mesh
-- Up-to-date: /home/newman/vrx_ws/src/mission_windwatch/install/share/aquabot_gz/models/aquabot_sapling/mesh/sapling.dae
-- Up-to-date: /home/newman/vrx_ws/src/mission_windwatch/install/share/aquabot_gz/models/aquabot_marker_9_KO
-- Up-to-date: /home/newman/vrx_ws/src/mission_windwatch/install/share/aquabot_gz/models/aquabot_marker_9_KO/materials
-- Up-to-date: /home/newman/vrx_ws/src/mission_windwatch/install/share/aquabot_gz/models/aquabot_marker_9_KO/materials/textures
-- Up-to-date: /home/newman/vrx_ws/src/mission_windwatch/install/share/aquabot_gz/models/aquabot_marker_9_KO/materials/textures/Marker0.png
-- Up-to-date: /home/newman/vrx_ws/src/mission_windwatch/install/share/aquabot_gz/models/aquabot_marker_9_KO/materials/textures/aquabot_marker_9_KO.png
-- Up-to-date: /home/newman/vrx_ws/src/mission_windwatch/install/share/aquabot_gz/models/aquabot_marker_9_KO/model.config
-- Up-to-date: /home/newman/vrx_ws/src/mission_windwatch/install/share/aquabot_gz/models/aquabot_marker_9_KO/meshes
-- Up-to-date: /home/newman/vrx_ws/src/mission_windwatch/install/share/aquabot_gz/models/aquabot_marker_9_KO/meshes/Marker0.dae
-- Up-to-date: /home/newman/vrx_ws/src/mission_windwatch/install/share/aquabot_gz/models/aquabot_marker_9_KO/model.sdf
-- Up-to-date: /home/newman/vrx_ws/src/mission_windwatch/install/share/aquabot_gz/models/aquabot_lighthouse_island
-- Up-to-date: /home/newman/vrx_ws/src/mission_windwatch/install/share/aquabot_gz/models/aquabot_lighthouse_island/model.config
-- Up-to-date: /home/newman/vrx_ws/src/mission_windwatch/install/share/aquabot_gz/models/aquabot_lighthouse_island/model.sdf
-- Up-to-date: /home/newman/vrx_ws/src/mission_windwatch/install/share/aquabot_gz/models/aquabot_marker_0_OK
-- Up-to-date: /home/newman/vrx_ws/src/mission_windwatch/install/share/aquabot_gz/models/aquabot_marker_0_OK/materials
-- Up-to-date: /home/newman/vrx_ws/src/mission_windwatch/install/share/aquabot_gz/models/aquabot_marker_0_OK/materials/textures
-- Up-to-date: /home/newman/vrx_ws/src/mission_windwatch/install/share/aquabot_gz/models/aquabot_marker_0_OK/materials/textures/Marker0.png
-- Up-to-date: /home/newman/vrx_ws/src/mission_windwatch/install/share/aquabot_gz/models/aquabot_marker_0_OK/materials/textures/aquabot_marker_0_OK.png
-- Up-to-date: /home/newman/vrx_ws/src/mission_windwatch/install/share/aquabot_gz/models/aquabot_marker_0_OK/model.config
-- Up-to-date: /home/newman/vrx_ws/src/mission_windwatch/install/share/aquabot_gz/models/aquabot_marker_0_OK/meshes
-- Up-to-date: /home/newman/vrx_ws/src/mission_windwatch/install/share/aquabot_gz/models/aquabot_marker_0_OK/meshes/Marker0.dae
-- Up-to-date: /home/newman/vrx_ws/src/mission_windwatch/install/share/aquabot_gz/models/aquabot_marker_0_OK/model.sdf
-- Up-to-date: /home/newman/vrx_ws/src/mission_windwatch/install/share/aquabot_gz/models/aquabot_windturbine_main
-- Up-to-date: /home/newman/vrx_ws/src/mission_windwatch/install/share/aquabot_gz/models/aquabot_windturbine_main/model.config
-- Up-to-date: /home/newman/vrx_ws/src/mission_windwatch/install/share/aquabot_gz/models/aquabot_windturbine_main/model.sdf
-- Up-to-date: /home/newman/vrx_ws/src/mission_windwatch/install/share/aquabot_gz/models/aquabot_windturbine_main/mesh
-- Up-to-date: /home/newman/vrx_ws/src/mission_windwatch/install/share/aquabot_gz/models/aquabot_windturbine_main/mesh/main.dae
-- Up-to-date: /home/newman/vrx_ws/src/mission_windwatch/install/share/aquabot_gz/models/aquabot_marker_4_OK
-- Up-to-date: /home/newman/vrx_ws/src/mission_windwatch/install/share/aquabot_gz/models/aquabot_marker_4_OK/materials
-- Up-to-date: /home/newman/vrx_ws/src/mission_windwatch/install/share/aquabot_gz/models/aquabot_marker_4_OK/materials/textures
-- Up-to-date: /home/newman/vrx_ws/src/mission_windwatch/install/share/aquabot_gz/models/aquabot_marker_4_OK/materials/textures/Marker0.png
-- Up-to-date: /home/newman/vrx_ws/src/mission_windwatch/install/share/aquabot_gz/models/aquabot_marker_4_OK/materials/textures/aquabot_marker_4_OK.png
-- Up-to-date: /home/newman/vrx_ws/src/mission_windwatch/install/share/aquabot_gz/models/aquabot_marker_4_OK/model.config
-- Up-to-date: /home/newman/vrx_ws/src/mission_windwatch/install/share/aquabot_gz/models/aquabot_marker_4_OK/meshes
-- Up-to-date: /home/newman/vrx_ws/src/mission_windwatch/install/share/aquabot_gz/models/aquabot_marker_4_OK/meshes/Marker0.dae
-- Up-to-date: /home/newman/vrx_ws/src/mission_windwatch/install/share/aquabot_gz/models/aquabot_marker_4_OK/model.sdf
-- Up-to-date: /home/newman/vrx_ws/src/mission_windwatch/install/share/aquabot_gz/models/aquabot_sonar_buoy
-- Up-to-date: /home/newman/vrx_ws/src/mission_windwatch/install/share/aquabot_gz/models/aquabot_sonar_buoy/model.config
-- Up-to-date: /home/newman/vrx_ws/src/mission_windwatch/install/share/aquabot_gz/models/aquabot_sonar_buoy/model.sdf
-- Up-to-date: /home/newman/vrx_ws/src/mission_windwatch/install/share/aquabot_gz/models/aquabot_sonar_buoy/mesh
-- Up-to-date: /home/newman/vrx_ws/src/mission_windwatch/install/share/aquabot_gz/models/aquabot_sonar_buoy/mesh/sonar_buoy.dae
-- Up-to-date: /home/newman/vrx_ws/src/mission_windwatch/install/share/aquabot_gz/models/aquabot_rock_island_1
-- Up-to-date: /home/newman/vrx_ws/src/mission_windwatch/install/share/aquabot_gz/models/aquabot_rock_island_1/model.config
-- Up-to-date: /home/newman/vrx_ws/src/mission_windwatch/install/share/aquabot_gz/models/aquabot_rock_island_1/model.sdf
-- Up-to-date: /home/newman/vrx_ws/src/mission_windwatch/install/share/aquabot_gz/models/aquabot_marker_2_KO
-- Up-to-date: /home/newman/vrx_ws/src/mission_windwatch/install/share/aquabot_gz/models/aquabot_marker_2_KO/materials
-- Up-to-date: /home/newman/vrx_ws/src/mission_windwatch/install/share/aquabot_gz/models/aquabot_marker_2_KO/materials/textures
-- Up-to-date: /home/newman/vrx_ws/src/mission_windwatch/install/share/aquabot_gz/models/aquabot_marker_2_KO/materials/textures/Marker0.png
-- Up-to-date: /home/newman/vrx_ws/src/mission_windwatch/install/share/aquabot_gz/models/aquabot_marker_2_KO/materials/textures/aquabot_marker_2_KO.png
-- Up-to-date: /home/newman/vrx_ws/src/mission_windwatch/install/share/aquabot_gz/models/aquabot_marker_2_KO/model.config
-- Up-to-date: /home/newman/vrx_ws/src/mission_windwatch/install/share/aquabot_gz/models/aquabot_marker_2_KO/meshes
-- Up-to-date: /home/newman/vrx_ws/src/mission_windwatch/install/share/aquabot_gz/models/aquabot_marker_2_KO/meshes/Marker0.dae
-- Up-to-date: /home/newman/vrx_ws/src/mission_windwatch/install/share/aquabot_gz/models/aquabot_marker_2_KO/model.sdf
-- Up-to-date: /home/newman/vrx_ws/src/mission_windwatch/install/share/aquabot_gz/models/aquabot_marker_4_KO
-- Up-to-date: /home/newman/vrx_ws/src/mission_windwatch/install/share/aquabot_gz/models/aquabot_marker_4_KO/materials
-- Up-to-date: /home/newman/vrx_ws/src/mission_windwatch/install/share/aquabot_gz/models/aquabot_marker_4_KO/materials/textures
-- Up-to-date: /home/newman/vrx_ws/src/mission_windwatch/install/share/aquabot_gz/models/aquabot_marker_4_KO/materials/textures/aquabot_marker_4_KO.png
-- Up-to-date: /home/newman/vrx_ws/src/mission_windwatch/install/share/aquabot_gz/models/aquabot_marker_4_KO/materials/textures/Marker0.png
-- Up-to-date: /home/newman/vrx_ws/src/mission_windwatch/install/share/aquabot_gz/models/aquabot_marker_4_KO/model.config
-- Up-to-date: /home/newman/vrx_ws/src/mission_windwatch/install/share/aquabot_gz/models/aquabot_marker_4_KO/meshes
-- Up-to-date: /home/newman/vrx_ws/src/mission_windwatch/install/share/aquabot_gz/models/aquabot_marker_4_KO/meshes/Marker0.dae
-- Up-to-date: /home/newman/vrx_ws/src/mission_windwatch/install/share/aquabot_gz/models/aquabot_marker_4_KO/model.sdf
-- Up-to-date: /home/newman/vrx_ws/src/mission_windwatch/install/share/aquabot_gz/models/aquabot_marker_7_OK
-- Up-to-date: /home/newman/vrx_ws/src/mission_windwatch/install/share/aquabot_gz/models/aquabot_marker_7_OK/materials
-- Up-to-date: /home/newman/vrx_ws/src/mission_windwatch/install/share/aquabot_gz/models/aquabot_marker_7_OK/materials/textures
-- Up-to-date: /home/newman/vrx_ws/src/mission_windwatch/install/share/aquabot_gz/models/aquabot_marker_7_OK/materials/textures/aquabot_marker_7_OK.png
-- Up-to-date: /home/newman/vrx_ws/src/mission_windwatch/install/share/aquabot_gz/models/aquabot_marker_7_OK/materials/textures/Marker0.png
-- Up-to-date: /home/newman/vrx_ws/src/mission_windwatch/install/share/aquabot_gz/models/aquabot_marker_7_OK/model.config
-- Up-to-date: /home/newman/vrx_ws/src/mission_windwatch/install/share/aquabot_gz/models/aquabot_marker_7_OK/meshes
-- Up-to-date: /home/newman/vrx_ws/src/mission_windwatch/install/share/aquabot_gz/models/aquabot_marker_7_OK/meshes/Marker0.dae
-- Up-to-date: /home/newman/vrx_ws/src/mission_windwatch/install/share/aquabot_gz/models/aquabot_marker_7_OK/model.sdf
-- Up-to-date: /home/newman/vrx_ws/src/mission_windwatch/install/share/aquabot_gz/models/aquabot_regatta_no_obstacles_world
-- Up-to-date: /home/newman/vrx_ws/src/mission_windwatch/install/share/aquabot_gz/models/aquabot_regatta_no_obstacles_world/model.config
-- Up-to-date: /home/newman/vrx_ws/src/mission_windwatch/install/share/aquabot_gz/models/aquabot_regatta_no_obstacles_world/model.sdf
-- Up-to-date: /home/newman/vrx_ws/src/mission_windwatch/install/share/aquabot_gz/models/aquabot_marker_9_OK
-- Up-to-date: /home/newman/vrx_ws/src/mission_windwatch/install/share/aquabot_gz/models/aquabot_marker_9_OK/materials
-- Up-to-date: /home/newman/vrx_ws/src/mission_windwatch/install/share/aquabot_gz/models/aquabot_marker_9_OK/materials/textures
-- Up-to-date: /home/newman/vrx_ws/src/mission_windwatch/install/share/aquabot_gz/models/aquabot_marker_9_OK/materials/textures/aquabot_marker_9_OK.png
-- Up-to-date: /home/newman/vrx_ws/src/mission_windwatch/install/share/aquabot_gz/models/aquabot_marker_9_OK/materials/textures/Marker0.png
-- Up-to-date: /home/newman/vrx_ws/src/mission_windwatch/install/share/aquabot_gz/models/aquabot_marker_9_OK/model.config
-- Up-to-date: /home/newman/vrx_ws/src/mission_windwatch/install/share/aquabot_gz/models/aquabot_marker_9_OK/meshes
-- Up-to-date: /home/newman/vrx_ws/src/mission_windwatch/install/share/aquabot_gz/models/aquabot_marker_9_OK/meshes/Marker0.dae
-- Up-to-date: /home/newman/vrx_ws/src/mission_windwatch/install/share/aquabot_gz/models/aquabot_marker_9_OK/model.sdf
-- Up-to-date: /home/newman/vrx_ws/src/mission_windwatch/install/share/aquabot_gz/models/aquabot_rock
-- Up-to-date: /home/newman/vrx_ws/src/mission_windwatch/install/share/aquabot_gz/models/aquabot_rock/model.config
-- Up-to-date: /home/newman/vrx_ws/src/mission_windwatch/install/share/aquabot_gz/models/aquabot_rock/model.sdf
-- Up-to-date: /home/newman/vrx_ws/src/mission_windwatch/install/share/aquabot_gz/models/aquabot_rock/mesh
-- Up-to-date: /home/newman/vrx_ws/src/mission_windwatch/install/share/aquabot_gz/models/aquabot_rock/mesh/rock.dae
-- Up-to-date: /home/newman/vrx_ws/src/mission_windwatch/install/share/aquabot_gz/models/aquabot_island
-- Up-to-date: /home/newman/vrx_ws/src/mission_windwatch/install/share/aquabot_gz/models/aquabot_island/model.config
-- Up-to-date: /home/newman/vrx_ws/src/mission_windwatch/install/share/aquabot_gz/models/aquabot_island/model.sdf
-- Up-to-date: /home/newman/vrx_ws/src/mission_windwatch/install/share/aquabot_gz/models/aquabot_marker_6_OK
-- Up-to-date: /home/newman/vrx_ws/src/mission_windwatch/install/share/aquabot_gz/models/aquabot_marker_6_OK/materials
-- Up-to-date: /home/newman/vrx_ws/src/mission_windwatch/install/share/aquabot_gz/models/aquabot_marker_6_OK/materials/textures
-- Up-to-date: /home/newman/vrx_ws/src/mission_windwatch/install/share/aquabot_gz/models/aquabot_marker_6_OK/materials/textures/aquabot_marker_6_OK.png
-- Up-to-date: /home/newman/vrx_ws/src/mission_windwatch/install/share/aquabot_gz/models/aquabot_marker_6_OK/materials/textures/Marker0.png
-- Up-to-date: /home/newman/vrx_ws/src/mission_windwatch/install/share/aquabot_gz/models/aquabot_marker_6_OK/model.config
-- Up-to-date: /home/newman/vrx_ws/src/mission_windwatch/install/share/aquabot_gz/models/aquabot_marker_6_OK/meshes
-- Up-to-date: /home/newman/vrx_ws/src/mission_windwatch/install/share/aquabot_gz/models/aquabot_marker_6_OK/meshes/Marker0.dae
-- Up-to-date: /home/newman/vrx_ws/src/mission_windwatch/install/share/aquabot_gz/models/aquabot_marker_6_OK/model.sdf
-- Up-to-date: /home/newman/vrx_ws/src/mission_windwatch/install/share/aquabot_gz/models/aquabot_grass
-- Up-to-date: /home/newman/vrx_ws/src/mission_windwatch/install/share/aquabot_gz/models/aquabot_grass/model.config
-- Up-to-date: /home/newman/vrx_ws/src/mission_windwatch/install/share/aquabot_gz/models/aquabot_grass/model.sdf
-- Up-to-date: /home/newman/vrx_ws/src/mission_windwatch/install/share/aquabot_gz/models/aquabot_grass/mesh
-- Up-to-date: /home/newman/vrx_ws/src/mission_windwatch/install/share/aquabot_gz/models/aquabot_grass/mesh/grass.dae
-- Up-to-date: /home/newman/vrx_ws/src/mission_windwatch/install/share/aquabot_gz/models/aquabot_windturbine_rotor
-- Up-to-date: /home/newman/vrx_ws/src/mission_windwatch/install/share/aquabot_gz/models/aquabot_windturbine_rotor/model.config
-- Up-to-date: /home/newman/vrx_ws/src/mission_windwatch/install/share/aquabot_gz/models/aquabot_windturbine_rotor/model.sdf
-- Up-to-date: /home/newman/vrx_ws/src/mission_windwatch/install/share/aquabot_gz/models/aquabot_windturbine_rotor/mesh
-- Up-to-date: /home/newman/vrx_ws/src/mission_windwatch/install/share/aquabot_gz/models/aquabot_windturbine_rotor/mesh/rotor.dae
-- Up-to-date: /home/newman/vrx_ws/src/mission_windwatch/install/share/aquabot_gz/models/aquabot_marker_5_KO
-- Up-to-date: /home/newman/vrx_ws/src/mission_windwatch/install/share/aquabot_gz/models/aquabot_marker_5_KO/materials
-- Up-to-date: /home/newman/vrx_ws/src/mission_windwatch/install/share/aquabot_gz/models/aquabot_marker_5_KO/materials/textures
-- Up-to-date: /home/newman/vrx_ws/src/mission_windwatch/install/share/aquabot_gz/models/aquabot_marker_5_KO/materials/textures/Marker0.png
-- Up-to-date: /home/newman/vrx_ws/src/mission_windwatch/install/share/aquabot_gz/models/aquabot_marker_5_KO/materials/textures/aquabot_marker_5_KO.png
-- Up-to-date: /home/newman/vrx_ws/src/mission_windwatch/install/share/aquabot_gz/models/aquabot_marker_5_KO/model.config
-- Up-to-date: /home/newman/vrx_ws/src/mission_windwatch/install/share/aquabot_gz/models/aquabot_marker_5_KO/meshes
-- Up-to-date: /home/newman/vrx_ws/src/mission_windwatch/install/share/aquabot_gz/models/aquabot_marker_5_KO/meshes/Marker0.dae
-- Up-to-date: /home/newman/vrx_ws/src/mission_windwatch/install/share/aquabot_gz/models/aquabot_marker_5_KO/model.sdf
-- Up-to-date: /home/newman/vrx_ws/src/mission_windwatch/install/share/aquabot_gz/models/aquabot_marker_0_KO
-- Up-to-date: /home/newman/vrx_ws/src/mission_windwatch/install/share/aquabot_gz/models/aquabot_marker_0_KO/materials
-- Up-to-date: /home/newman/vrx_ws/src/mission_windwatch/install/share/aquabot_gz/models/aquabot_marker_0_KO/materials/textures
-- Up-to-date: /home/newman/vrx_ws/src/mission_windwatch/install/share/aquabot_gz/models/aquabot_marker_0_KO/materials/textures/aquabot_marker_0_KO.png
-- Up-to-date: /home/newman/vrx_ws/src/mission_windwatch/install/share/aquabot_gz/models/aquabot_marker_0_KO/materials/textures/Marker0.png
-- Up-to-date: /home/newman/vrx_ws/src/mission_windwatch/install/share/aquabot_gz/models/aquabot_marker_0_KO/model.config
-- Up-to-date: /home/newman/vrx_ws/src/mission_windwatch/install/share/aquabot_gz/models/aquabot_marker_0_KO/meshes
-- Up-to-date: /home/newman/vrx_ws/src/mission_windwatch/install/share/aquabot_gz/models/aquabot_marker_0_KO/meshes/Marker0.dae
-- Up-to-date: /home/newman/vrx_ws/src/mission_windwatch/install/share/aquabot_gz/models/aquabot_marker_0_KO/model.sdf
-- Up-to-date: /home/newman/vrx_ws/src/mission_windwatch/install/share/aquabot_gz/models/aquabot_redboat
-- Up-to-date: /home/newman/vrx_ws/src/mission_windwatch/install/share/aquabot_gz/models/aquabot_redboat/model.config
-- Up-to-date: /home/newman/vrx_ws/src/mission_windwatch/install/share/aquabot_gz/models/aquabot_redboat/model.sdf
-- Up-to-date: /home/newman/vrx_ws/src/mission_windwatch/install/share/aquabot_gz/models/aquabot_redboat/mesh
-- Up-to-date: /home/newman/vrx_ws/src/mission_windwatch/install/share/aquabot_gz/models/aquabot_redboat/mesh/redboat.dae
-- Up-to-date: /home/newman/vrx_ws/src/mission_windwatch/install/share/aquabot_gz/models/aquabot_marker_8_KO
-- Up-to-date: /home/newman/vrx_ws/src/mission_windwatch/install/share/aquabot_gz/models/aquabot_marker_8_KO/materials
-- Up-to-date: /home/newman/vrx_ws/src/mission_windwatch/install/share/aquabot_gz/models/aquabot_marker_8_KO/materials/textures
-- Up-to-date: /home/newman/vrx_ws/src/mission_windwatch/install/share/aquabot_gz/models/aquabot_marker_8_KO/materials/textures/aquabot_marker_8_KO.png
-- Up-to-date: /home/newman/vrx_ws/src/mission_windwatch/install/share/aquabot_gz/models/aquabot_marker_8_KO/materials/textures/Marker0.png
-- Up-to-date: /home/newman/vrx_ws/src/mission_windwatch/install/share/aquabot_gz/models/aquabot_marker_8_KO/model.config
-- Up-to-date: /home/newman/vrx_ws/src/mission_windwatch/install/share/aquabot_gz/models/aquabot_marker_8_KO/meshes
-- Up-to-date: /home/newman/vrx_ws/src/mission_windwatch/install/share/aquabot_gz/models/aquabot_marker_8_KO/meshes/Marker0.dae
-- Up-to-date: /home/newman/vrx_ws/src/mission_windwatch/install/share/aquabot_gz/models/aquabot_marker_8_KO/model.sdf
-- Up-to-date: /home/newman/vrx_ws/src/mission_windwatch/install/share/aquabot_gz/models/aquabot_marker_5_OK
-- Up-to-date: /home/newman/vrx_ws/src/mission_windwatch/install/share/aquabot_gz/models/aquabot_marker_5_OK/materials
-- Up-to-date: /home/newman/vrx_ws/src/mission_windwatch/install/share/aquabot_gz/models/aquabot_marker_5_OK/materials/textures
-- Up-to-date: /home/newman/vrx_ws/src/mission_windwatch/install/share/aquabot_gz/models/aquabot_marker_5_OK/materials/textures/Marker0.png
-- Up-to-date: /home/newman/vrx_ws/src/mission_windwatch/install/share/aquabot_gz/models/aquabot_marker_5_OK/materials/textures/aquabot_marker_5_OK.png
-- Up-to-date: /home/newman/vrx_ws/src/mission_windwatch/install/share/aquabot_gz/models/aquabot_marker_5_OK/model.config
-- Up-to-date: /home/newman/vrx_ws/src/mission_windwatch/install/share/aquabot_gz/models/aquabot_marker_5_OK/meshes
-- Up-to-date: /home/newman/vrx_ws/src/mission_windwatch/install/share/aquabot_gz/models/aquabot_marker_5_OK/meshes/Marker0.dae
-- Up-to-date: /home/newman/vrx_ws/src/mission_windwatch/install/share/aquabot_gz/models/aquabot_marker_5_OK/model.sdf
-- Up-to-date: /home/newman/vrx_ws/src/mission_windwatch/install/share/aquabot_gz/models/aquabot_marker_8_OK
-- Up-to-date: /home/newman/vrx_ws/src/mission_windwatch/install/share/aquabot_gz/models/aquabot_marker_8_OK/materials
-- Up-to-date: /home/newman/vrx_ws/src/mission_windwatch/install/share/aquabot_gz/models/aquabot_marker_8_OK/materials/textures
-- Up-to-date: /home/newman/vrx_ws/src/mission_windwatch/install/share/aquabot_gz/models/aquabot_marker_8_OK/materials/textures/Marker0.png
-- Up-to-date: /home/newman/vrx_ws/src/mission_windwatch/install/share/aquabot_gz/models/aquabot_marker_8_OK/materials/textures/aquabot_marker_8_OK.png
-- Up-to-date: /home/newman/vrx_ws/src/mission_windwatch/install/share/aquabot_gz/models/aquabot_marker_8_OK/model.config
-- Up-to-date: /home/newman/vrx_ws/src/mission_windwatch/install/share/aquabot_gz/models/aquabot_marker_8_OK/meshes
-- Up-to-date: /home/newman/vrx_ws/src/mission_windwatch/install/share/aquabot_gz/models/aquabot_marker_8_OK/meshes/Marker0.dae
-- Up-to-date: /home/newman/vrx_ws/src/mission_windwatch/install/share/aquabot_gz/models/aquabot_marker_8_OK/model.sdf
-- Up-to-date: /home/newman/vrx_ws/src/mission_windwatch/install/share/aquabot_gz/models/aquabot_marker_2_OK
-- Up-to-date: /home/newman/vrx_ws/src/mission_windwatch/install/share/aquabot_gz/models/aquabot_marker_2_OK/materials
-- Up-to-date: /home/newman/vrx_ws/src/mission_windwatch/install/share/aquabot_gz/models/aquabot_marker_2_OK/materials/textures
-- Up-to-date: /home/newman/vrx_ws/src/mission_windwatch/install/share/aquabot_gz/models/aquabot_marker_2_OK/materials/textures/Marker0.png
-- Up-to-date: /home/newman/vrx_ws/src/mission_windwatch/install/share/aquabot_gz/models/aquabot_marker_2_OK/materials/textures/aquabot_marker_2_OK.png
-- Up-to-date: /home/newman/vrx_ws/src/mission_windwatch/install/share/aquabot_gz/models/aquabot_marker_2_OK/model.config
-- Up-to-date: /home/newman/vrx_ws/src/mission_windwatch/install/share/aquabot_gz/models/aquabot_marker_2_OK/meshes
-- Up-to-date: /home/newman/vrx_ws/src/mission_windwatch/install/share/aquabot_gz/models/aquabot_marker_2_OK/meshes/Marker0.dae
-- Up-to-date: /home/newman/vrx_ws/src/mission_windwatch/install/share/aquabot_gz/models/aquabot_marker_2_OK/model.sdf
-- Up-to-date: /home/newman/vrx_ws/src/mission_windwatch/install/share/aquabot_gz/models/aquabot_marker_3_KO
-- Up-to-date: /home/newman/vrx_ws/src/mission_windwatch/install/share/aquabot_gz/models/aquabot_marker_3_KO/materials
-- Up-to-date: /home/newman/vrx_ws/src/mission_windwatch/install/share/aquabot_gz/models/aquabot_marker_3_KO/materials/textures
-- Up-to-date: /home/newman/vrx_ws/src/mission_windwatch/install/share/aquabot_gz/models/aquabot_marker_3_KO/materials/textures/aquabot_marker_3_KO.png
-- Up-to-date: /home/newman/vrx_ws/src/mission_windwatch/install/share/aquabot_gz/models/aquabot_marker_3_KO/materials/textures/Marker0.png
-- Up-to-date: /home/newman/vrx_ws/src/mission_windwatch/install/share/aquabot_gz/models/aquabot_marker_3_KO/model.config
-- Up-to-date: /home/newman/vrx_ws/src/mission_windwatch/install/share/aquabot_gz/models/aquabot_marker_3_KO/meshes
-- Up-to-date: /home/newman/vrx_ws/src/mission_windwatch/install/share/aquabot_gz/models/aquabot_marker_3_KO/meshes/Marker0.dae
-- Up-to-date: /home/newman/vrx_ws/src/mission_windwatch/install/share/aquabot_gz/models/aquabot_marker_3_KO/model.sdf
-- Up-to-date: /home/newman/vrx_ws/src/mission_windwatch/install/share/aquabot_gz/models/aquabot_marker_1_KO
-- Up-to-date: /home/newman/vrx_ws/src/mission_windwatch/install/share/aquabot_gz/models/aquabot_marker_1_KO/materials
-- Up-to-date: /home/newman/vrx_ws/src/mission_windwatch/install/share/aquabot_gz/models/aquabot_marker_1_KO/materials/textures
-- Up-to-date: /home/newman/vrx_ws/src/mission_windwatch/install/share/aquabot_gz/models/aquabot_marker_1_KO/materials/textures/Marker0.png
-- Up-to-date: /home/newman/vrx_ws/src/mission_windwatch/install/share/aquabot_gz/models/aquabot_marker_1_KO/materials/textures/aquabot_marker_1_KO.png
-- Up-to-date: /home/newman/vrx_ws/src/mission_windwatch/install/share/aquabot_gz/models/aquabot_marker_1_KO/model.config
-- Up-to-date: /home/newman/vrx_ws/src/mission_windwatch/install/share/aquabot_gz/models/aquabot_marker_1_KO/meshes
-- Up-to-date: /home/newman/vrx_ws/src/mission_windwatch/install/share/aquabot_gz/models/aquabot_marker_1_KO/meshes/Marker0.dae
-- Up-to-date: /home/newman/vrx_ws/src/mission_windwatch/install/share/aquabot_gz/models/aquabot_marker_1_KO/model.sdf
-- Up-to-date: /home/newman/vrx_ws/src/mission_windwatch/install/share/aquabot_gz/models/aquabot_regatta_world
-- Up-to-date: /home/newman/vrx_ws/src/mission_windwatch/install/share/aquabot_gz/models/aquabot_regatta_world/model.config
-- Up-to-date: /home/newman/vrx_ws/src/mission_windwatch/install/share/aquabot_gz/models/aquabot_regatta_world/model.sdf
-- Up-to-date: /home/newman/vrx_ws/src/mission_windwatch/install/share/aquabot_gz/models/aquabot_marker_3_OK
-- Up-to-date: /home/newman/vrx_ws/src/mission_windwatch/install/share/aquabot_gz/models/aquabot_marker_3_OK/materials
-- Up-to-date: /home/newman/vrx_ws/src/mission_windwatch/install/share/aquabot_gz/models/aquabot_marker_3_OK/materials/textures
-- Up-to-date: /home/newman/vrx_ws/src/mission_windwatch/install/share/aquabot_gz/models/aquabot_marker_3_OK/materials/textures/aquabot_marker_3_OK.png
-- Up-to-date: /home/newman/vrx_ws/src/mission_windwatch/install/share/aquabot_gz/models/aquabot_marker_3_OK/materials/textures/Marker0.png
-- Up-to-date: /home/newman/vrx_ws/src/mission_windwatch/install/share/aquabot_gz/models/aquabot_marker_3_OK/model.config
-- Up-to-date: /home/newman/vrx_ws/src/mission_windwatch/install/share/aquabot_gz/models/aquabot_marker_3_OK/meshes
-- Up-to-date: /home/newman/vrx_ws/src/mission_windwatch/install/share/aquabot_gz/models/aquabot_marker_3_OK/meshes/Marker0.dae
-- Up-to-date: /home/newman/vrx_ws/src/mission_windwatch/install/share/aquabot_gz/models/aquabot_marker_3_OK/model.sdf
-- Up-to-date: /home/newman/vrx_ws/src/mission_windwatch/install/share/aquabot_gz/models/aquabot_marker_1_OK
-- Up-to-date: /home/newman/vrx_ws/src/mission_windwatch/install/share/aquabot_gz/models/aquabot_marker_1_OK/materials
-- Up-to-date: /home/newman/vrx_ws/src/mission_windwatch/install/share/aquabot_gz/models/aquabot_marker_1_OK/materials/textures
-- Up-to-date: /home/newman/vrx_ws/src/mission_windwatch/install/share/aquabot_gz/models/aquabot_marker_1_OK/materials/textures/Marker0.png
-- Up-to-date: /home/newman/vrx_ws/src/mission_windwatch/install/share/aquabot_gz/models/aquabot_marker_1_OK/materials/textures/aquabot_marker_1_OK.png
-- Up-to-date: /home/newman/vrx_ws/src/mission_windwatch/install/share/aquabot_gz/models/aquabot_marker_1_OK/model.config
-- Up-to-date: /home/newman/vrx_ws/src/mission_windwatch/install/share/aquabot_gz/models/aquabot_marker_1_OK/meshes
-- Up-to-date: /home/newman/vrx_ws/src/mission_windwatch/install/share/aquabot_gz/models/aquabot_marker_1_OK/meshes/Marker0.dae
-- Up-to-date: /home/newman/vrx_ws/src/mission_windwatch/install/share/aquabot_gz/models/aquabot_marker_1_OK/model.sdf
-- Up-to-date: /home/newman/vrx_ws/src/mission_windwatch/install/share/aquabot_gz/models/aquabot_marker_6_KO
-- Up-to-date: /home/newman/vrx_ws/src/mission_windwatch/install/share/aquabot_gz/models/aquabot_marker_6_KO/materials
-- Up-to-date: /home/newman/vrx_ws/src/mission_windwatch/install/share/aquabot_gz/models/aquabot_marker_6_KO/materials/textures
-- Up-to-date: /home/newman/vrx_ws/src/mission_windwatch/install/share/aquabot_gz/models/aquabot_marker_6_KO/materials/textures/Marker0.png
-- Up-to-date: /home/newman/vrx_ws/src/mission_windwatch/install/share/aquabot_gz/models/aquabot_marker_6_KO/materials/textures/aquabot_marker_6_KO.png
-- Up-to-date: /home/newman/vrx_ws/src/mission_windwatch/install/share/aquabot_gz/models/aquabot_marker_6_KO/model.config
-- Up-to-date: /home/newman/vrx_ws/src/mission_windwatch/install/share/aquabot_gz/models/aquabot_marker_6_KO/meshes
-- Up-to-date: /home/newman/vrx_ws/src/mission_windwatch/install/share/aquabot_gz/models/aquabot_marker_6_KO/meshes/Marker0.dae
-- Up-to-date: /home/newman/vrx_ws/src/mission_windwatch/install/share/aquabot_gz/models/aquabot_marker_6_KO/model.sdf
-- Up-to-date: /home/newman/vrx_ws/src/mission_windwatch/install/share/aquabot_gz/models/aquabot_lighthouse
-- Up-to-date: /home/newman/vrx_ws/src/mission_windwatch/install/share/aquabot_gz/models/aquabot_lighthouse/model.config
-- Up-to-date: /home/newman/vrx_ws/src/mission_windwatch/install/share/aquabot_gz/models/aquabot_lighthouse/model.sdf
-- Up-to-date: /home/newman/vrx_ws/src/mission_windwatch/install/share/aquabot_gz/models/aquabot_lighthouse/mesh
-- Up-to-date: /home/newman/vrx_ws/src/mission_windwatch/install/share/aquabot_gz/models/aquabot_lighthouse/mesh/lighthouse.dae
-- Up-to-date: /home/newman/vrx_ws/src/mission_windwatch/install/share/aquabot_gz/models/aquabot_marker_7_KO
-- Up-to-date: /home/newman/vrx_ws/src/mission_windwatch/install/share/aquabot_gz/models/aquabot_marker_7_KO/materials
-- Up-to-date: /home/newman/vrx_ws/src/mission_windwatch/install/share/aquabot_gz/models/aquabot_marker_7_KO/materials/textures
-- Up-to-date: /home/newman/vrx_ws/src/mission_windwatch/install/share/aquabot_gz/models/aquabot_marker_7_KO/materials/textures/Marker0.png
-- Up-to-date: /home/newman/vrx_ws/src/mission_windwatch/install/share/aquabot_gz/models/aquabot_marker_7_KO/materials/textures/aquabot_marker_7_KO.png
-- Up-to-date: /home/newman/vrx_ws/src/mission_windwatch/install/share/aquabot_gz/models/aquabot_marker_7_KO/model.config
-- Up-to-date: /home/newman/vrx_ws/src/mission_windwatch/install/share/aquabot_gz/models/aquabot_marker_7_KO/meshes
-- Up-to-date: /home/newman/vrx_ws/src/mission_windwatch/install/share/aquabot_gz/models/aquabot_marker_7_KO/meshes/Marker0.dae
-- Up-to-date: /home/newman/vrx_ws/src/mission_windwatch/install/share/aquabot_gz/models/aquabot_marker_7_KO/model.sdf
-- Up-to-date: /home/newman/vrx_ws/src/mission_windwatch/install/share/aquabot_gz/worlds
-- Up-to-date: /home/newman/vrx_ws/src/mission_windwatch/install/share/aquabot_gz/worlds/aquabot_windturbines_medium.sdf
-- Up-to-date: /home/newman/vrx_ws/src/mission_windwatch/install/share/aquabot_gz/worlds/aquabot_patrolandfollow_easy.sdf
-- Up-to-date: /home/newman/vrx_ws/src/mission_windwatch/install/share/aquabot_gz/worlds/images
-- Up-to-date: /home/newman/vrx_ws/src/mission_windwatch/install/share/aquabot_gz/worlds/images/medium.png
-- Up-to-date: /home/newman/vrx_ws/src/mission_windwatch/install/share/aquabot_gz/worlds/images/easy.png
-- Up-to-date: /home/newman/vrx_ws/src/mission_windwatch/install/share/aquabot_gz/worlds/images/hard.png
-- Up-to-date: /home/newman/vrx_ws/src/mission_windwatch/install/share/aquabot_gz/worlds/aquabot_regatta.sdf
-- Up-to-date: /home/newman/vrx_ws/src/mission_windwatch/install/share/aquabot_gz/worlds/aquabot_windturbines_easy.sdf
-- Up-to-date: /home/newman/vrx_ws/src/mission_windwatch/install/share/aquabot_gz/worlds/aquabot_windturbines_hard.sdf
-- Up-to-date: /home/newman/vrx_ws/src/mission_windwatch/install/share/aquabot_gz/worlds/aquabot_patrolandfollow_medium.sdf
-- Up-to-date: /home/newman/vrx_ws/src/mission_windwatch/install/share/aquabot_gz/worlds/aquabot_patrolandfollow_hard.sdf
-- Up-to-date: /home/newman/vrx_ws/src/mission_windwatch/install/share/aquabot_gz/config
-- Up-to-date: /home/newman/vrx_ws/src/mission_windwatch/install/share/aquabot_gz/config/rviz_aquabot.rviz
-- Up-to-date: /home/newman/vrx_ws/src/mission_windwatch/install/share/ament_index/resource_index/package_run_dependencies/aquabot_gz
-- Up-to-date: /home/newman/vrx_ws/src/mission_windwatch/install/share/ament_index/resource_index/parent_prefix_path/aquabot_gz
-- Up-to-date: /home/newman/vrx_ws/src/mission_windwatch/install/share/aquabot_gz/environment/ament_prefix_path.sh
-- Up-to-date: /home/newman/vrx_ws/src/mission_windwatch/install/share/aquabot_gz/environment/ament_prefix_path.dsv
-- Up-to-date: /home/newman/vrx_ws/src/mission_windwatch/install/share/aquabot_gz/environment/path.sh
-- Up-to-date: /home/newman/vrx_ws/src/mission_windwatch/install/share/aquabot_gz/environment/path.dsv
-- Up-to-date: /home/newman/vrx_ws/src/mission_windwatch/install/share/aquabot_gz/local_setup.bash
-- Up-to-date: /home/newman/vrx_ws/src/mission_windwatch/install/share/aquabot_gz/local_setup.sh
-- Up-to-date: /home/newman/vrx_ws/src/mission_windwatch/install/share/aquabot_gz/local_setup.zsh
-- Up-to-date: /home/newman/vrx_ws/src/mission_windwatch/install/share/aquabot_gz/local_setup.dsv
-- Installing: /home/newman/vrx_ws/src/mission_windwatch/install/share/aquabot_gz/package.dsv
-- Up-to-date: /home/newman/vrx_ws/src/mission_windwatch/install/share/ament_index/resource_index/packages/aquabot_gz
-- Up-to-date: /home/newman/vrx_ws/src/mission_windwatch/install/share/aquabot_gz/cmake/aquabot_gzConfig.cmake
-- Up-to-date: /home/newman/vrx_ws/src/mission_windwatch/install/share/aquabot_gz/cmake/aquabot_gzConfig-version.cmake
-- Up-to-date: /home/newman/vrx_ws/src/mission_windwatch/install/share/aquabot_gz/package.xml
