[0.026s] Invoking command in '/home/newman/vrx_ws/src/mission_windwatch/build/vrx_gazebo': /usr/bin/cmake /home/newman/vrx_ws/src/mission_windwatch/src/vrx/vrx_urdf/vrx_gazebo -DCMAKE_INSTALL_PREFIX=/home/newman/vrx_ws/src/mission_windwatch/install
[0.378s] -- The C compiler identification is GNU 11.4.0
[0.657s] -- The CXX compiler identification is GNU 11.4.0
[0.687s] -- Detecting C compiler ABI info
[0.894s] -- Detecting C compiler ABI info - done
[0.903s] -- Check for working C compiler: /usr/bin/cc - skipped
[3.548s] -- Detecting C compile features
[3.575s] -- Detecting C compile features - done
[3.595s] -- Detecting CXX compiler ABI info
[3.695s] -- Detecting CXX compiler ABI info - done
[3.704s] -- Check for working CXX compiler: /usr/bin/c++ - skipped
[3.705s] -- Detecting CXX compile features
[3.705s] -- Detecting CXX compile features - done
[3.725s] -- Configuring incomplete, errors occurred!
[3.726s] See also "/home/newman/vrx_ws/src/mission_windwatch/build/vrx_gazebo/CMakeFiles/CMakeOutput.log".
[3.730s] [31mCMake Error at CMakeLists.txt:3 (find_package):
[3.730s]   By not providing "Findament_cmake.cmake" in CMAKE_MODULE_PATH this project
[3.730s]   has asked CMake to find a package configuration file provided by
[3.730s]   "ament_cmake", but CMake did not find one.
[3.730s] 
[3.730s]   Could not find a package configuration file provided by "ament_cmake" with
[3.730s]   any of the following names:
[3.730s] 
[3.730s]     ament_cmakeConfig.cmake
[3.730s]     ament_cmake-config.cmake
[3.730s] 
[3.730s]   Add the installation prefix of "ament_cmake" to CMAKE_PREFIX_PATH or set
[3.730s]   "ament_cmake_DIR" to a directory containing one of the above files.  If
[3.730s]   "ament_cmake" provides a separate development package or SDK, be sure it
[3.730s]   has been installed.
[3.731s] 
[3.731s] [0m
[3.747s] Invoked command in '/home/newman/vrx_ws/src/mission_windwatch/build/vrx_gazebo' returned '1': /usr/bin/cmake /home/newman/vrx_ws/src/mission_windwatch/src/vrx/vrx_urdf/vrx_gazebo -DCMAKE_INSTALL_PREFIX=/home/newman/vrx_ws/src/mission_windwatch/install
