[0.031s] Invoking command in '/home/newman/vrx_ws/src/mission_windwatch/build/navigation': CMAKE_PREFIX_PATH=${CMAKE_PREFIX_PATH}:/opt/ros/humble /usr/bin/cmake --build /home/newman/vrx_ws/src/mission_windwatch/build/navigation -- -j9 -l9
[0.072s] [ 25%] [32mBuilding CXX object CMakeFiles/navigation_node.dir/src/navigation_node.cpp.o[0m
[0.083s] [ 50%] [32mBuilding CXX object CMakeFiles/obstacle_avoidance_node.dir/src/obstacle_avoidance_node.cpp.o[0m
[0.092s] [01m[K/home/newman/vrx_ws/src/mission_windwatch/src/navigation/src/navigation_node.cpp:[m[K In function ‘[01m[Kint main(int, char**)[m[K’:
[0.093s] [01m[K/home/newman/vrx_ws/src/mission_windwatch/src/navigation/src/navigation_node.cpp:6:3:[m[K [01;31m[Kerror: [m[K‘[01m[Krclcpp[m[K’ has not been declared
[0.093s]     6 |   [01;31m[Krclcpp[m[K::init(argc, argv);
[0.093s]       |   [01;31m[K^~~~~~[m[K
[0.093s] [01m[K/home/newman/vrx_ws/src/mission_windwatch/src/navigation/src/navigation_node.cpp:7:20:[m[K [01;31m[Kerror: [m[K‘[01m[Kmake_shared[m[K’ is not a member of ‘[01m[Kstd[m[K’
[0.093s]     7 |   auto node = std::[01;31m[Kmake_shared[m[K<MyNode>();
[0.093s]       |                    [01;31m[K^~~~~~~~~~~[m[K
[0.093s] [01m[K/home/newman/vrx_ws/src/mission_windwatch/src/navigation/src/navigation_node.cpp:1:1:[m[K [01;36m[Knote: [m[K‘[01m[Kstd::make_shared[m[K’ is defined in header ‘[01m[K<memory>[m[K’; did you forget to ‘[01m[K#include <memory>[m[K’?
[0.093s]   +++ |+[32m[K#include <memory>[m[K
[0.093s]     1 | // navigation_node.cpp
[0.093s] [01m[K/home/newman/vrx_ws/src/mission_windwatch/src/navigation/src/navigation_node.cpp:7:32:[m[K [01;31m[Kerror: [m[K‘[01m[KMyNode[m[K’ was not declared in this scope; did you mean ‘[01m[Knode[m[K’?
[0.093s]     7 |   auto node = std::make_shared<[01;31m[KMyNode[m[K>();
[0.093s]       |                                [01;31m[K^~~~~~[m[K
[0.093s]       |                                [32m[Knode[m[K
[0.093s] [01m[K/home/newman/vrx_ws/src/mission_windwatch/src/navigation/src/navigation_node.cpp:7:40:[m[K [01;31m[Kerror: [m[Kexpected primary-expression before ‘[01m[K)[m[K’ token
[0.093s]     7 |   auto node = std::make_shared<MyNode>([01;31m[K)[m[K;
[0.093s]       |                                        [01;31m[K^[m[K
[0.093s] [01m[K/home/newman/vrx_ws/src/mission_windwatch/src/navigation/src/navigation_node.cpp:8:3:[m[K [01;31m[Kerror: [m[K‘[01m[Krclcpp[m[K’ has not been declared
[0.093s]     8 |   [01;31m[Krclcpp[m[K::spin(node);
[0.094s]       |   [01;31m[K^~~~~~[m[K
[0.094s] [01m[K/home/newman/vrx_ws/src/mission_windwatch/src/navigation/src/navigation_node.cpp:9:3:[m[K [01;31m[Kerror: [m[K‘[01m[Krclcpp[m[K’ has not been declared
[0.094s]     9 |   [01;31m[Krclcpp[m[K::shutdown();
[0.094s]       |   [01;31m[K^~~~~~[m[K
[0.096s] gmake[2]: *** [CMakeFiles/navigation_node.dir/build.make:76: CMakeFiles/navigation_node.dir/src/navigation_node.cpp.o] Error 1
[0.096s] gmake[1]: *** [CMakeFiles/Makefile2:139: CMakeFiles/navigation_node.dir/all] Error 2
[0.096s] gmake[1]: *** Waiting for unfinished jobs....
[0.108s] [01m[K/home/newman/vrx_ws/src/mission_windwatch/src/navigation/src/obstacle_avoidance_node.cpp:[m[K In function ‘[01m[Kint main(int, char**)[m[K’:
[0.108s] [01m[K/home/newman/vrx_ws/src/mission_windwatch/src/navigation/src/obstacle_avoidance_node.cpp:6:3:[m[K [01;31m[Kerror: [m[K‘[01m[Krclcpp[m[K’ has not been declared
[0.111s]     6 |   [01;31m[Krclcpp[m[K::init(argc, argv);
[0.111s]       |   [01;31m[K^~~~~~[m[K
[0.111s] [01m[K/home/newman/vrx_ws/src/mission_windwatch/src/navigation/src/obstacle_avoidance_node.cpp:7:20:[m[K [01;31m[Kerror: [m[K‘[01m[Kmake_shared[m[K’ is not a member of ‘[01m[Kstd[m[K’
[0.114s]     7 |   auto node = std::[01;31m[Kmake_shared[m[K<MyNode>();
[0.117s]       |                    [01;31m[K^~~~~~~~~~~[m[K
[0.117s] [01m[K/home/newman/vrx_ws/src/mission_windwatch/src/navigation/src/obstacle_avoidance_node.cpp:1:1:[m[K [01;36m[Knote: [m[K‘[01m[Kstd::make_shared[m[K’ is defined in header ‘[01m[K<memory>[m[K’; did you forget to ‘[01m[K#include <memory>[m[K’?
[0.118s]   +++ |+[32m[K#include <memory>[m[K
[0.118s]     1 | // obstacle_avoidance_node.cpp
[0.118s] [01m[K/home/newman/vrx_ws/src/mission_windwatch/src/navigation/src/obstacle_avoidance_node.cpp:7:32:[m[K [01;31m[Kerror: [m[K‘[01m[KMyNode[m[K’ was not declared in this scope; did you mean ‘[01m[Knode[m[K’?
[0.118s]     7 |   auto node = std::make_shared<[01;31m[KMyNode[m[K>();
[0.118s]       |                                [01;31m[K^~~~~~[m[K
[0.118s]       |                                [32m[Knode[m[K
[0.118s] [01m[K/home/newman/vrx_ws/src/mission_windwatch/src/navigation/src/obstacle_avoidance_node.cpp:7:40:[m[K [01;31m[Kerror: [m[Kexpected primary-expression before ‘[01m[K)[m[K’ token
[0.118s]     7 |   auto node = std::make_shared<MyNode>([01;31m[K)[m[K;
[0.118s]       |                                        [01;31m[K^[m[K
[0.118s] [01m[K/home/newman/vrx_ws/src/mission_windwatch/src/navigation/src/obstacle_avoidance_node.cpp:8:3:[m[K [01;31m[Kerror: [m[K‘[01m[Krclcpp[m[K’ has not been declared
[0.118s]     8 |   [01;31m[Krclcpp[m[K::spin(node);
[0.118s]       |   [01;31m[K^~~~~~[m[K
[0.119s] [01m[K/home/newman/vrx_ws/src/mission_windwatch/src/navigation/src/obstacle_avoidance_node.cpp:9:3:[m[K [01;31m[Kerror: [m[K‘[01m[Krclcpp[m[K’ has not been declared
[0.119s]     9 |   [01;31m[Krclcpp[m[K::shutdown();
[0.119s]       |   [01;31m[K^~~~~~[m[K
[0.119s] gmake[2]: *** [CMakeFiles/obstacle_avoidance_node.dir/build.make:76: CMakeFiles/obstacle_avoidance_node.dir/src/obstacle_avoidance_node.cpp.o] Error 1
[0.119s] gmake[1]: *** [CMakeFiles/Makefile2:165: CMakeFiles/obstacle_avoidance_node.dir/all] Error 2
[0.119s] gmake: *** [Makefile:146: all] Error 2
[0.123s] Invoked command in '/home/newman/vrx_ws/src/mission_windwatch/build/navigation' returned '2': CMAKE_PREFIX_PATH=${CMAKE_PREFIX_PATH}:/opt/ros/humble /usr/bin/cmake --build /home/newman/vrx_ws/src/mission_windwatch/build/navigation -- -j9 -l9
