[0.031s] Invoking command in '/home/newman/vrx_ws/src/mission_windwatch/build/visualization': CMAKE_PREFIX_PATH=${CMAKE_PREFIX_PATH}:/opt/ros/humble /usr/bin/cmake /home/newman/vrx_ws/src/mission_windwatch/src/visualization -DCMAKE_INSTALL_PREFIX=/home/newman/vrx_ws/src/mission_windwatch/install
[1.728s] -- The C compiler identification is GNU 11.4.0
[1.728s] -- The CXX compiler identification is GNU 11.4.0
[1.728s] -- Detecting C compiler ABI info
[1.728s] -- Detecting C compiler ABI info - done
[1.728s] -- Check for working C compiler: /usr/bin/cc - skipped
[1.728s] -- Detecting C compile features
[1.729s] -- Detecting C compile features - done
[1.729s] -- Detecting CXX compiler ABI info
[1.729s] -- Detecting CXX compiler ABI info - done
[1.729s] -- Check for working CXX compiler: /usr/bin/c++ - skipped
[1.730s] -- Detecting CXX compile features
[1.730s] -- Detecting CXX compile features - done
[1.730s] -- Found ament_cmake: 1.3.10 (/opt/ros/humble/share/ament_cmake/cmake)
[1.730s] -- Found Python3: /usr/bin/python3 (found version "3.10.12") found components: Interpreter 
[1.730s] -- Found rclcpp: 16.0.10 (/opt/ros/humble/share/rclcpp/cmake)
[1.730s] -- Found rosidl_generator_c: 3.1.5 (/opt/ros/humble/share/rosidl_generator_c/cmake)
[1.730s] -- Found rosidl_adapter: 3.1.5 (/opt/ros/humble/share/rosidl_adapter/cmake)
[1.730s] -- Found rosidl_generator_cpp: 3.1.5 (/opt/ros/humble/share/rosidl_generator_cpp/cmake)
[1.730s] -- Using all available rosidl_typesupport_c: rosidl_typesupport_fastrtps_c;rosidl_typesupport_introspection_c
[1.732s] -- Using all available rosidl_typesupport_cpp: rosidl_typesupport_fastrtps_cpp;rosidl_typesupport_introspection_cpp
[1.732s] -- Found rmw_implementation_cmake: 6.1.2 (/opt/ros/humble/share/rmw_implementation_cmake/cmake)
[1.733s] -- Found rmw_fastrtps_cpp: 6.2.7 (/opt/ros/humble/share/rmw_fastrtps_cpp/cmake)
[1.733s] -- Found OpenSSL: /usr/lib/x86_64-linux-gnu/libcrypto.so (found version "3.0.2")  
[1.733s] -- Found FastRTPS: /opt/ros/humble/include  
[1.733s] -- Using RMW implementation 'rmw_fastrtps_cpp' as default
[1.733s] -- Looking for pthread.h
[1.733s] -- Looking for pthread.h - found
[1.733s] -- Performing Test CMAKE_HAVE_LIBC_PTHREAD
[1.733s] -- Performing Test CMAKE_HAVE_LIBC_PTHREAD - Success
[1.733s] -- Found Threads: TRUE  
[1.733s] -- Found sensor_msgs: 4.2.4 (/opt/ros/humble/share/sensor_msgs/cmake)
[1.733s] -- Found visualization_msgs: 4.2.4 (/opt/ros/humble/share/visualization_msgs/cmake)
[1.784s] -- Configuring done
[1.802s] -- Generating done
[1.802s] -- Build files have been written to: /home/newman/vrx_ws/src/mission_windwatch/build/visualization
[1.827s] Invoked command in '/home/newman/vrx_ws/src/mission_windwatch/build/visualization' returned '0': CMAKE_PREFIX_PATH=${CMAKE_PREFIX_PATH}:/opt/ros/humble /usr/bin/cmake /home/newman/vrx_ws/src/mission_windwatch/src/visualization -DCMAKE_INSTALL_PREFIX=/home/newman/vrx_ws/src/mission_windwatch/install
[1.828s] Invoking command in '/home/newman/vrx_ws/src/mission_windwatch/build/visualization': CMAKE_PREFIX_PATH=${CMAKE_PREFIX_PATH}:/opt/ros/humble /usr/bin/cmake --build /home/newman/vrx_ws/src/mission_windwatch/build/visualization -- -j9 -l9
[3.286s] [ 50%] [32mBuilding CXX object CMakeFiles/visualization_node.dir/src/visualization_node.cpp.o[0m
[5.266s] [100%] [32m[1mLinking CXX executable visualization_node[0m
[5.388s] [100%] Built target visualization_node
[5.401s] Invoked command in '/home/newman/vrx_ws/src/mission_windwatch/build/visualization' returned '0': CMAKE_PREFIX_PATH=${CMAKE_PREFIX_PATH}:/opt/ros/humble /usr/bin/cmake --build /home/newman/vrx_ws/src/mission_windwatch/build/visualization -- -j9 -l9
[5.423s] Invoking command in '/home/newman/vrx_ws/src/mission_windwatch/build/visualization': CMAKE_PREFIX_PATH=${CMAKE_PREFIX_PATH}:/opt/ros/humble /usr/bin/cmake --install /home/newman/vrx_ws/src/mission_windwatch/build/visualization
[5.428s] -- Install configuration: ""
[5.429s] -- Installing: /home/newman/vrx_ws/src/mission_windwatch/install/lib/visualization/visualization_node
[5.429s] -- Set runtime path of "/home/newman/vrx_ws/src/mission_windwatch/install/lib/visualization/visualization_node" to ""
[5.429s] -- Installing: /home/newman/vrx_ws/src/mission_windwatch/install/share/visualization/launch
[5.429s] -- Installing: /home/newman/vrx_ws/src/mission_windwatch/install/share/visualization/launch/visualization_launch.py
[5.429s] -- Installing: /home/newman/vrx_ws/src/mission_windwatch/install/share/visualization/config
[5.429s] -- Installing: /home/newman/vrx_ws/src/mission_windwatch/install/share/ament_index/resource_index/package_run_dependencies/visualization
[5.429s] -- Installing: /home/newman/vrx_ws/src/mission_windwatch/install/share/ament_index/resource_index/parent_prefix_path/visualization
[5.429s] -- Installing: /home/newman/vrx_ws/src/mission_windwatch/install/share/visualization/environment/ament_prefix_path.sh
[5.429s] -- Installing: /home/newman/vrx_ws/src/mission_windwatch/install/share/visualization/environment/ament_prefix_path.dsv
[5.429s] -- Installing: /home/newman/vrx_ws/src/mission_windwatch/install/share/visualization/environment/path.sh
[5.429s] -- Installing: /home/newman/vrx_ws/src/mission_windwatch/install/share/visualization/environment/path.dsv
[5.430s] -- Installing: /home/newman/vrx_ws/src/mission_windwatch/install/share/visualization/local_setup.bash
[5.430s] -- Installing: /home/newman/vrx_ws/src/mission_windwatch/install/share/visualization/local_setup.sh
[5.430s] -- Installing: /home/newman/vrx_ws/src/mission_windwatch/install/share/visualization/local_setup.zsh
[5.430s] -- Installing: /home/newman/vrx_ws/src/mission_windwatch/install/share/visualization/local_setup.dsv
[5.430s] -- Installing: /home/newman/vrx_ws/src/mission_windwatch/install/share/visualization/package.dsv
[5.430s] -- Installing: /home/newman/vrx_ws/src/mission_windwatch/install/share/ament_index/resource_index/packages/visualization
[5.430s] -- Installing: /home/newman/vrx_ws/src/mission_windwatch/install/share/visualization/cmake/visualizationConfig.cmake
[5.430s] -- Installing: /home/newman/vrx_ws/src/mission_windwatch/install/share/visualization/cmake/visualizationConfig-version.cmake
[5.430s] -- Installing: /home/newman/vrx_ws/src/mission_windwatch/install/share/visualization/package.xml
[5.436s] Invoked command in '/home/newman/vrx_ws/src/mission_windwatch/build/visualization' returned '0': CMAKE_PREFIX_PATH=${CMAKE_PREFIX_PATH}:/opt/ros/humble /usr/bin/cmake --install /home/newman/vrx_ws/src/mission_windwatch/build/visualization
