[  4%] Built target ScoringPlugin
[  8%] Built target Waves
[  8%] Built target ament_cmake_python_copy_vrx_gz
[ 16%] Built target PolyhedraBuoyancyDrag
[ 22%] Built target AcousticPerceptionScoringPlugin
[ 27%] Built target AcousticPingerPlugin
[ 31%] Built target BallShooterPlugin
[ 35%] Built target LightBuoyPlugin
[ 41%] Built target WayfindingScoringPlugin
[ 50%] Built target AcousticTrackingScoringPlugin
[ 54%] Built target StationkeepingScoringPlugin
[ 58%] Built target NavigationScoringPlugin
[ 64%] Built target PublisherPlugin
[ 66%] Built target PerceptionScoringPlugin
[ 70%] Built target ScanDockScoringPlugin
[ 75%] Built target GymkhanaScoringPlugin
[ 79%] Built target Surface
[ 83%] Built target PlacardPlugin
[ 87%] Built target WaveVisual
[ 91%] Built target SimpleHydrodynamics
[ 95%] Built target USVWind
[100%] Built target WildlifeScoringPlugin
running egg_info
writing vrx_gz.egg-info/PKG-INFO
writing dependency_links to vrx_gz.egg-info/dependency_links.txt
writing top-level names to vrx_gz.egg-info/top_level.txt
reading manifest file 'vrx_gz.egg-info/SOURCES.txt'
writing manifest file 'vrx_gz.egg-info/SOURCES.txt'
[100%] Built target ament_cmake_python_build_vrx_gz_egg
