[0.029s] Invoking command in '/home/newman/vrx_ws/src/mission_windwatch/build/vrx_gazebo': CMAKE_PREFIX_PATH=${CMAKE_PREFIX_PATH}:/opt/ros/humble /usr/bin/cmake /home/newman/vrx_ws/src/mission_windwatch/src/vrx/vrx_urdf/vrx_gazebo -DCMAKE_INSTALL_PREFIX=/home/newman/vrx_ws/src/mission_windwatch/install
[0.081s] -- The C compiler identification is GNU 11.4.0
[0.142s] -- The CXX compiler identification is GNU 11.4.0
[0.148s] -- Detecting C compiler ABI info
[0.203s] -- Detecting C compiler ABI info - done
[0.211s] -- Check for working C compiler: /usr/bin/cc - skipped
[0.211s] -- Detecting C compile features
[0.211s] -- Detecting C compile features - done
[0.219s] -- Detecting CXX compiler ABI info
[0.287s] -- Detecting CXX compiler ABI info - done
[0.292s] -- Check for working CXX compiler: /usr/bin/c++ - skipped
[0.292s] -- Detecting CXX compile features
[0.292s] -- Detecting CXX compile features - done
[0.294s] -- Found ament_cmake: 1.3.10 (/opt/ros/humble/share/ament_cmake/cmake)
[0.422s] -- Found Python3: /usr/bin/python3 (found version "3.10.12") found components: Interpreter 
[0.692s] -- Configuring done
[0.698s] -- Generating done
[0.701s] -- Build files have been written to: /home/newman/vrx_ws/src/mission_windwatch/build/vrx_gazebo
[0.707s] Invoked command in '/home/newman/vrx_ws/src/mission_windwatch/build/vrx_gazebo' returned '0': CMAKE_PREFIX_PATH=${CMAKE_PREFIX_PATH}:/opt/ros/humble /usr/bin/cmake /home/newman/vrx_ws/src/mission_windwatch/src/vrx/vrx_urdf/vrx_gazebo -DCMAKE_INSTALL_PREFIX=/home/newman/vrx_ws/src/mission_windwatch/install
[0.711s] Invoking command in '/home/newman/vrx_ws/src/mission_windwatch/build/vrx_gazebo': CMAKE_PREFIX_PATH=${CMAKE_PREFIX_PATH}:/opt/ros/humble /usr/bin/cmake --build /home/newman/vrx_ws/src/mission_windwatch/build/vrx_gazebo -- -j9 -l9
[0.786s] Built target ament_cmake_python_copy_vrx_gazebo
[0.973s] running egg_info
[0.973s] creating vrx_gazebo.egg-info
[0.973s] writing vrx_gazebo.egg-info/PKG-INFO
[0.973s] writing dependency_links to vrx_gazebo.egg-info/dependency_links.txt
[0.974s] writing top-level names to vrx_gazebo.egg-info/top_level.txt
[0.974s] writing manifest file 'vrx_gazebo.egg-info/SOURCES.txt'
[0.974s] reading manifest file 'vrx_gazebo.egg-info/SOURCES.txt'
[0.974s] writing manifest file 'vrx_gazebo.egg-info/SOURCES.txt'
[1.006s] Built target ament_cmake_python_build_vrx_gazebo_egg
[1.018s] Invoked command in '/home/newman/vrx_ws/src/mission_windwatch/build/vrx_gazebo' returned '0': CMAKE_PREFIX_PATH=${CMAKE_PREFIX_PATH}:/opt/ros/humble /usr/bin/cmake --build /home/newman/vrx_ws/src/mission_windwatch/build/vrx_gazebo -- -j9 -l9
[1.046s] Invoking command in '/home/newman/vrx_ws/src/mission_windwatch/build/vrx_gazebo': CMAKE_PREFIX_PATH=${CMAKE_PREFIX_PATH}:/opt/ros/humble /usr/bin/cmake --install /home/newman/vrx_ws/src/mission_windwatch/build/vrx_gazebo
[1.058s] -- Install configuration: ""
[1.058s] -- Installing: /home/newman/vrx_ws/src/mission_windwatch/install/share/vrx_gazebo/environment/resource_paths.dsv
[1.059s] -- Installing: /home/newman/vrx_ws/src/mission_windwatch/install/share/vrx_gazebo/environment/resource_paths.sh
[1.059s] -- Installing: /home/newman/vrx_ws/src/mission_windwatch/install/share/vrx_gazebo/models
[1.059s] -- Installing: /home/newman/vrx_ws/src/mission_windwatch/install/share/vrx_gazebo/models/cpu_cases
[1.059s] -- Installing: /home/newman/vrx_ws/src/mission_windwatch/install/share/vrx_gazebo/models/cpu_cases/model.config
[1.059s] -- Installing: /home/newman/vrx_ws/src/mission_windwatch/install/share/vrx_gazebo/models/cpu_cases/model.sdf
[1.059s] -- Installing: /home/newman/vrx_ws/src/mission_windwatch/install/share/vrx_gazebo/models/cpu_cases/mesh
[1.059s] -- Installing: /home/newman/vrx_ws/src/mission_windwatch/install/share/vrx_gazebo/models/cpu_cases/mesh/cpu_cases.dae
[1.060s] -- Installing: /home/newman/vrx_ws/src/mission_windwatch/install/share/vrx_gazebo/models/cpu_cases/mesh/cpu_cases_Albedo.png
[1.062s] -- Installing: /home/newman/vrx_ws/src/mission_windwatch/install/share/vrx_gazebo/models/cpu_cases/mesh/cpu_cases_Normal.png
[1.067s] -- Installing: /home/newman/vrx_ws/src/mission_windwatch/install/share/vrx_gazebo/models/cpu_cases/mesh/cpu_cases.png
[1.071s] -- Installing: /home/newman/vrx_ws/src/mission_windwatch/install/share/vrx_gazebo/models/cpu_cases/mesh/cpu_cases_Roughness.png
[1.071s] -- Installing: /home/newman/vrx_ws/src/mission_windwatch/install/share/vrx_gazebo/models/cpu_cases/mesh/cpu_cases_Metalness.png
[1.071s] -- Installing: /home/newman/vrx_ws/src/mission_windwatch/install/share/vrx_gazebo/models/3d_lidar
[1.071s] -- Installing: /home/newman/vrx_ws/src/mission_windwatch/install/share/vrx_gazebo/models/3d_lidar/model.config
[1.072s] -- Installing: /home/newman/vrx_ws/src/mission_windwatch/install/share/vrx_gazebo/models/3d_lidar/model.sdf
[1.072s] -- Installing: /home/newman/vrx_ws/src/mission_windwatch/install/share/vrx_gazebo/models/3d_lidar/mesh
[1.072s] -- Installing: /home/newman/vrx_ws/src/mission_windwatch/install/share/vrx_gazebo/models/3d_lidar/mesh/3d_lidar.dae
[1.072s] -- Installing: /home/newman/vrx_ws/src/mission_windwatch/install/share/vrx_gazebo/models/3d_lidar/mesh/3d_Lidar_Roughness.png
[1.072s] -- Installing: /home/newman/vrx_ws/src/mission_windwatch/install/share/vrx_gazebo/models/3d_lidar/mesh/3d_Lidar_Albedo.png
[1.074s] -- Installing: /home/newman/vrx_ws/src/mission_windwatch/install/share/vrx_gazebo/models/3d_lidar/mesh/3d_Lidar_Normal.png
[1.074s] -- Installing: /home/newman/vrx_ws/src/mission_windwatch/install/share/vrx_gazebo/models/3d_lidar/mesh/3d_Lidar_Metalness.png
[1.074s] -- Installing: /home/newman/vrx_ws/src/mission_windwatch/install/share/vrx_gazebo/models/3d_lidar/mesh/3d_lidar.png
[1.074s] -- Installing: /home/newman/vrx_ws/src/mission_windwatch/install/share/vrx_gazebo/models/ball_shooter
[1.074s] -- Installing: /home/newman/vrx_ws/src/mission_windwatch/install/share/vrx_gazebo/models/ball_shooter/materials
[1.074s] -- Installing: /home/newman/vrx_ws/src/mission_windwatch/install/share/vrx_gazebo/models/ball_shooter/materials/Textures
[1.074s] -- Installing: /home/newman/vrx_ws/src/mission_windwatch/install/share/vrx_gazebo/models/ball_shooter/materials/Textures/Launcher_Metalness.png
[1.074s] -- Installing: /home/newman/vrx_ws/src/mission_windwatch/install/share/vrx_gazebo/models/ball_shooter/materials/Textures/Launcher_Albedo.png
[1.074s] -- Installing: /home/newman/vrx_ws/src/mission_windwatch/install/share/vrx_gazebo/models/ball_shooter/materials/Textures/Launcher_Roughness.png
[1.074s] -- Installing: /home/newman/vrx_ws/src/mission_windwatch/install/share/vrx_gazebo/models/ball_shooter/materials/Textures/Launcher_Normal.png
[1.074s] -- Installing: /home/newman/vrx_ws/src/mission_windwatch/install/share/vrx_gazebo/models/ball_shooter/model.config
[1.074s] -- Installing: /home/newman/vrx_ws/src/mission_windwatch/install/share/vrx_gazebo/models/ball_shooter/meshes
[1.074s] -- Installing: /home/newman/vrx_ws/src/mission_windwatch/install/share/vrx_gazebo/models/ball_shooter/meshes/ball_shooter_launcher.dae
[1.075s] -- Installing: /home/newman/vrx_ws/src/mission_windwatch/install/share/vrx_gazebo/models/ball_shooter/meshes/Launcher_BaseColor.png
[1.075s] -- Installing: /home/newman/vrx_ws/src/mission_windwatch/install/share/vrx_gazebo/models/ball_shooter/meshes/Glass_BaseColor.png
[1.075s] -- Installing: /home/newman/vrx_ws/src/mission_windwatch/install/share/vrx_gazebo/models/ball_shooter/meshes/ball_shooter_base.dae
[1.075s] -- Installing: /home/newman/vrx_ws/src/mission_windwatch/install/share/vrx_gazebo/models/ball_shooter/meshes/Launcher_Albedo.png
[1.075s] -- Installing: /home/newman/vrx_ws/src/mission_windwatch/install/share/vrx_gazebo/models/ball_shooter/model.sdf
[1.076s] -- Installing: /home/newman/vrx_ws/src/mission_windwatch/install/share/vrx_gazebo/models/sensor_post
[1.076s] -- Installing: /home/newman/vrx_ws/src/mission_windwatch/install/share/vrx_gazebo/models/sensor_post/model.config
[1.076s] -- Installing: /home/newman/vrx_ws/src/mission_windwatch/install/share/vrx_gazebo/models/sensor_post/model.sdf
[1.076s] -- Installing: /home/newman/vrx_ws/src/mission_windwatch/install/share/vrx_gazebo/models/sensor_post/mesh
[1.076s] -- Installing: /home/newman/vrx_ws/src/mission_windwatch/install/share/vrx_gazebo/models/sensor_post/mesh/sensor_post.dae
[1.076s] -- Installing: /home/newman/vrx_ws/src/mission_windwatch/install/share/vrx_gazebo/models/sensor_post/mesh/sensor_post.png
[1.076s] -- Installing: /home/newman/vrx_ws/src/mission_windwatch/install/share/vrx_gazebo/models/sensor_post/mesh/sensor_post_arm.dae
[1.076s] -- Installing: /home/newman/vrx_ws/src/mission_windwatch/install/share/vrx_gazebo/models/mono_camera
[1.076s] -- Installing: /home/newman/vrx_ws/src/mission_windwatch/install/share/vrx_gazebo/models/mono_camera/model.config
[1.076s] -- Installing: /home/newman/vrx_ws/src/mission_windwatch/install/share/vrx_gazebo/models/mono_camera/model.sdf
[1.076s] -- Installing: /home/newman/vrx_ws/src/mission_windwatch/install/share/vrx_gazebo/models/mono_camera/mesh
[1.076s] -- Installing: /home/newman/vrx_ws/src/mission_windwatch/install/share/vrx_gazebo/models/mono_camera/mesh/mono_camera_Metalness.png
[1.077s] -- Installing: /home/newman/vrx_ws/src/mission_windwatch/install/share/vrx_gazebo/models/mono_camera/mesh/mono_camera_Roughness.png
[1.077s] -- Installing: /home/newman/vrx_ws/src/mission_windwatch/install/share/vrx_gazebo/models/mono_camera/mesh/mono_camera_Albedo.png
[1.077s] -- Installing: /home/newman/vrx_ws/src/mission_windwatch/install/share/vrx_gazebo/models/mono_camera/mesh/mono_camera_Normal.png
[1.077s] -- Installing: /home/newman/vrx_ws/src/mission_windwatch/install/share/vrx_gazebo/models/mono_camera/mesh/mono_camera.dae
[1.077s] -- Installing: /home/newman/vrx_ws/src/mission_windwatch/install/share/vrx_gazebo/models/mono_camera/mesh/mono_camera.png
[1.078s] -- Installing: /home/newman/vrx_ws/src/mission_windwatch/install/share/vrx_gazebo/models/blue_projectile
[1.078s] -- Installing: /home/newman/vrx_ws/src/mission_windwatch/install/share/vrx_gazebo/models/blue_projectile/model.config
[1.078s] -- Installing: /home/newman/vrx_ws/src/mission_windwatch/install/share/vrx_gazebo/models/blue_projectile/model.sdf
[1.078s] -- Installing: /home/newman/vrx_ws/src/mission_windwatch/install/share/vrx_gazebo/models/battery
[1.079s] -- Installing: /home/newman/vrx_ws/src/mission_windwatch/install/share/vrx_gazebo/models/battery/model.config
[1.079s] -- Installing: /home/newman/vrx_ws/src/mission_windwatch/install/share/vrx_gazebo/models/battery/model.sdf
[1.082s] -- Installing: /home/newman/vrx_ws/src/mission_windwatch/install/share/vrx_gazebo/models/battery/mesh
[1.082s] -- Installing: /home/newman/vrx_ws/src/mission_windwatch/install/share/vrx_gazebo/models/battery/mesh/battery_Roughness.png
[1.082s] -- Installing: /home/newman/vrx_ws/src/mission_windwatch/install/share/vrx_gazebo/models/battery/mesh/battery.png
[1.083s] -- Installing: /home/newman/vrx_ws/src/mission_windwatch/install/share/vrx_gazebo/models/battery/mesh/battery_Metalness.png
[1.084s] -- Installing: /home/newman/vrx_ws/src/mission_windwatch/install/share/vrx_gazebo/models/battery/mesh/battery_Albedo.png
[1.087s] -- Installing: /home/newman/vrx_ws/src/mission_windwatch/install/share/vrx_gazebo/models/battery/mesh/battery_Normal.png
[1.089s] -- Installing: /home/newman/vrx_ws/src/mission_windwatch/install/share/vrx_gazebo/models/battery/mesh/battery.dae
[1.089s] -- Installing: /home/newman/vrx_ws/src/mission_windwatch/install/share/vrx_gazebo/launch
[1.090s] -- Installing: /home/newman/vrx_ws/src/mission_windwatch/install/share/vrx_gazebo/launch/generate_wamv.launch.py
[1.090s] -- Installing: /home/newman/vrx_ws/src/mission_windwatch/install/share/vrx_gazebo/launch/rviz.launch.py
[1.090s] -- Installing: /home/newman/vrx_ws/src/mission_windwatch/install/share/vrx_gazebo/config
[1.090s] -- Installing: /home/newman/vrx_ws/src/mission_windwatch/install/share/vrx_gazebo/config/wamv_config
[1.090s] -- Installing: /home/newman/vrx_ws/src/mission_windwatch/install/share/vrx_gazebo/config/wamv_config/example_component_config.yaml
[1.090s] -- Installing: /home/newman/vrx_ws/src/mission_windwatch/install/share/vrx_gazebo/config/wamv_config/example_thruster_config.yaml
[1.090s] -- Installing: /home/newman/vrx_ws/src/mission_windwatch/install/share/vrx_gazebo/config/wamv_config/component_compliance
[1.090s] -- Installing: /home/newman/vrx_ws/src/mission_windwatch/install/share/vrx_gazebo/config/wamv_config/component_compliance/bounding_boxes.yaml
[1.090s] -- Installing: /home/newman/vrx_ws/src/mission_windwatch/install/share/vrx_gazebo/config/wamv_config/component_compliance/numeric.yaml
[1.090s] -- Installing: /home/newman/vrx_ws/src/mission_windwatch/install/share/vrx_gazebo/config/wamv_config/thruster_compliance
[1.090s] -- Installing: /home/newman/vrx_ws/src/mission_windwatch/install/share/vrx_gazebo/config/wamv_config/thruster_compliance/bounding_boxes.yaml
[1.091s] -- Installing: /home/newman/vrx_ws/src/mission_windwatch/install/share/vrx_gazebo/config/wamv_config/thruster_compliance/numeric.yaml
[1.091s] -- Installing: /home/newman/vrx_ws/src/mission_windwatch/install/share/vrx_gazebo/config/rviz_vrx_final.rviz
[1.091s] -- Installing: /home/newman/vrx_ws/src/mission_windwatch/install/share/vrx_gazebo/config/rviz_vrx_rsp.rviz
[1.091s] -- Installing: /home/newman/vrx_ws/src/mission_windwatch/install/lib/vrx_gazebo/generate_wamv.py
[1.091s] -- Installing: /home/newman/vrx_ws/src/mission_windwatch/install/share/vrx_gazebo/environment/pythonpath.sh
[1.091s] -- Installing: /home/newman/vrx_ws/src/mission_windwatch/install/share/vrx_gazebo/environment/pythonpath.dsv
[1.091s] -- Installing: /home/newman/vrx_ws/src/mission_windwatch/install/local/lib/python3.10/dist-packages/vrx_gazebo-1.3.0-py3.10.egg-info
[1.091s] -- Installing: /home/newman/vrx_ws/src/mission_windwatch/install/local/lib/python3.10/dist-packages/vrx_gazebo-1.3.0-py3.10.egg-info/SOURCES.txt
[1.091s] -- Installing: /home/newman/vrx_ws/src/mission_windwatch/install/local/lib/python3.10/dist-packages/vrx_gazebo-1.3.0-py3.10.egg-info/dependency_links.txt
[1.091s] -- Installing: /home/newman/vrx_ws/src/mission_windwatch/install/local/lib/python3.10/dist-packages/vrx_gazebo-1.3.0-py3.10.egg-info/PKG-INFO
[1.091s] -- Installing: /home/newman/vrx_ws/src/mission_windwatch/install/local/lib/python3.10/dist-packages/vrx_gazebo-1.3.0-py3.10.egg-info/top_level.txt
[1.091s] -- Installing: /home/newman/vrx_ws/src/mission_windwatch/install/local/lib/python3.10/dist-packages/vrx_gazebo
[1.092s] -- Installing: /home/newman/vrx_ws/src/mission_windwatch/install/local/lib/python3.10/dist-packages/vrx_gazebo/utils.py
[1.092s] -- Installing: /home/newman/vrx_ws/src/mission_windwatch/install/local/lib/python3.10/dist-packages/vrx_gazebo/compliance.py
[1.092s] -- Installing: /home/newman/vrx_ws/src/mission_windwatch/install/local/lib/python3.10/dist-packages/vrx_gazebo/configure_wamv.py
[1.092s] -- Installing: /home/newman/vrx_ws/src/mission_windwatch/install/local/lib/python3.10/dist-packages/vrx_gazebo/__init__.py
[1.143s] Listing '/home/newman/vrx_ws/src/mission_windwatch/install/local/lib/python3.10/dist-packages/vrx_gazebo'...
[1.143s] Compiling '/home/newman/vrx_ws/src/mission_windwatch/install/local/lib/python3.10/dist-packages/vrx_gazebo/__init__.py'...
[1.143s] Compiling '/home/newman/vrx_ws/src/mission_windwatch/install/local/lib/python3.10/dist-packages/vrx_gazebo/compliance.py'...
[1.143s] Compiling '/home/newman/vrx_ws/src/mission_windwatch/install/local/lib/python3.10/dist-packages/vrx_gazebo/configure_wamv.py'...
[1.143s] Compiling '/home/newman/vrx_ws/src/mission_windwatch/install/local/lib/python3.10/dist-packages/vrx_gazebo/utils.py'...
[1.144s] -- Installing: /home/newman/vrx_ws/src/mission_windwatch/install/share/ament_index/resource_index/package_run_dependencies/vrx_gazebo
[1.144s] -- Installing: /home/newman/vrx_ws/src/mission_windwatch/install/share/ament_index/resource_index/parent_prefix_path/vrx_gazebo
[1.144s] -- Installing: /home/newman/vrx_ws/src/mission_windwatch/install/share/vrx_gazebo/environment/ament_prefix_path.sh
[1.145s] -- Installing: /home/newman/vrx_ws/src/mission_windwatch/install/share/vrx_gazebo/environment/ament_prefix_path.dsv
[1.145s] -- Installing: /home/newman/vrx_ws/src/mission_windwatch/install/share/vrx_gazebo/environment/path.sh
[1.145s] -- Installing: /home/newman/vrx_ws/src/mission_windwatch/install/share/vrx_gazebo/environment/path.dsv
[1.157s] -- Installing: /home/newman/vrx_ws/src/mission_windwatch/install/share/vrx_gazebo/local_setup.bash
[1.157s] -- Installing: /home/newman/vrx_ws/src/mission_windwatch/install/share/vrx_gazebo/local_setup.sh
[1.157s] -- Installing: /home/newman/vrx_ws/src/mission_windwatch/install/share/vrx_gazebo/local_setup.zsh
[1.157s] -- Installing: /home/newman/vrx_ws/src/mission_windwatch/install/share/vrx_gazebo/local_setup.dsv
[1.157s] -- Installing: /home/newman/vrx_ws/src/mission_windwatch/install/share/vrx_gazebo/package.dsv
[1.157s] -- Installing: /home/newman/vrx_ws/src/mission_windwatch/install/share/ament_index/resource_index/packages/vrx_gazebo
[1.157s] -- Installing: /home/newman/vrx_ws/src/mission_windwatch/install/share/vrx_gazebo/cmake/vrx_gazeboConfig.cmake
[1.157s] -- Installing: /home/newman/vrx_ws/src/mission_windwatch/install/share/vrx_gazebo/cmake/vrx_gazeboConfig-version.cmake
[1.157s] -- Installing: /home/newman/vrx_ws/src/mission_windwatch/install/share/vrx_gazebo/package.xml
[1.218s] Invoked command in '/home/newman/vrx_ws/src/mission_windwatch/build/vrx_gazebo' returned '0': CMAKE_PREFIX_PATH=${CMAKE_PREFIX_PATH}:/opt/ros/humble /usr/bin/cmake --install /home/newman/vrx_ws/src/mission_windwatch/build/vrx_gazebo
