[0.028s] Invoking command in '/home/newman/vrx_ws/src/mission_windwatch/build/sensors': CMAKE_PREFIX_PATH=/opt/ros/humble /usr/bin/cmake --build /home/newman/vrx_ws/src/mission_windwatch/build/sensors -- -j9 -l9
[0.095s] [ 33%] [32mBuilding CXX object CMakeFiles/camera_processing_node.dir/src/camera_processing_node.cpp.o[0m
[0.095s] [ 33%] [32mBuilding CXX object CMakeFiles/sensor_fusion_node.dir/src/sensor_fusion_node.cpp.o[0m
[0.097s] [ 50%] [32mBuilding CXX object CMakeFiles/tgt_pos_update_node.dir/src/tgt_pos_update_node.cpp.o[0m
[0.103s] [01m[K/home/newman/vrx_ws/src/mission_windwatch/src/sensors/src/camera_processing_node.cpp:2:10:[m[K [01;31m[Kfatal error: [m[Ksensors/camera_processing_node.hpp: No such file or directory
[0.103s]     2 | #include [01;31m[K"sensors/camera_processing_node.hpp"[m[K
[0.103s]       |          [01;31m[K^~~~~~~~~~~~~~~~~~~~~~~~~~~~~~~~~~~~[m[K
[0.103s] compilation terminated.
[0.104s] [01m[K/home/newman/vrx_ws/src/mission_windwatch/src/sensors/src/sensor_fusion_node.cpp:2:10:[m[K [01;31m[Kfatal error: [m[Ksensors/sensor_fusion_node.hpp: No such file or directory
[0.104s]     2 | #include [01;31m[K"sensors/sensor_fusion_node.hpp"[m[K
[0.104s]       |          [01;31m[K^~~~~~~~~~~~~~~~~~~~~~~~~~~~~~~~[m[K
[0.104s] compilation terminated.
[0.104s] gmake[2]: *** [CMakeFiles/sensor_fusion_node.dir/build.make:76: CMakeFiles/sensor_fusion_node.dir/src/sensor_fusion_node.cpp.o] Error 1
[0.104s] gmake[1]: *** [CMakeFiles/Makefile2:141: CMakeFiles/sensor_fusion_node.dir/all] Error 2
[0.104s] gmake[1]: *** Waiting for unfinished jobs....
[0.104s] gmake[2]: *** [CMakeFiles/camera_processing_node.dir/build.make:76: CMakeFiles/camera_processing_node.dir/src/camera_processing_node.cpp.o] Error 1
[0.107s] gmake[1]: *** [CMakeFiles/Makefile2:167: CMakeFiles/camera_processing_node.dir/all] Error 2
[0.108s] [01m[K/home/newman/vrx_ws/src/mission_windwatch/src/sensors/src/tgt_pos_update_node.cpp:2:10:[m[K [01;31m[Kfatal error: [m[Ksensors/tgt_pos_update_node.hpp: No such file or directory
[0.108s]     2 | #include [01;31m[K"sensors/tgt_pos_update_node.hpp"[m[K
[0.108s]       |          [01;31m[K^~~~~~~~~~~~~~~~~~~~~~~~~~~~~~~~~[m[K
[0.108s] compilation terminated.
[0.109s] gmake[2]: *** [CMakeFiles/tgt_pos_update_node.dir/build.make:76: CMakeFiles/tgt_pos_update_node.dir/src/tgt_pos_update_node.cpp.o] Error 1
[0.109s] gmake[1]: *** [CMakeFiles/Makefile2:193: CMakeFiles/tgt_pos_update_node.dir/all] Error 2
[0.109s] gmake: *** [Makefile:146: all] Error 2
[0.122s] Invoked command in '/home/newman/vrx_ws/src/mission_windwatch/build/sensors' returned '2': CMAKE_PREFIX_PATH=/opt/ros/humble /usr/bin/cmake --build /home/newman/vrx_ws/src/mission_windwatch/build/sensors -- -j9 -l9
