[100%] Built target visualization_node
-- Install configuration: ""
-- Up-to-date: /home/newman/vrx_ws/src/mission_windwatch/install/lib/visualization/visualization_node
-- Up-to-date: /home/newman/vrx_ws/src/mission_windwatch/install/share/visualization/launch
-- Up-to-date: /home/newman/vrx_ws/src/mission_windwatch/install/share/visualization/launch/visualization_launch.py
-- Up-to-date: /home/newman/vrx_ws/src/mission_windwatch/install/share/visualization/config
-- Up-to-date: /home/newman/vrx_ws/src/mission_windwatch/install/share/ament_index/resource_index/package_run_dependencies/visualization
-- Up-to-date: /home/newman/vrx_ws/src/mission_windwatch/install/share/ament_index/resource_index/parent_prefix_path/visualization
-- Up-to-date: /home/newman/vrx_ws/src/mission_windwatch/install/share/visualization/environment/ament_prefix_path.sh
-- Up-to-date: /home/newman/vrx_ws/src/mission_windwatch/install/share/visualization/environment/ament_prefix_path.dsv
-- Up-to-date: /home/newman/vrx_ws/src/mission_windwatch/install/share/visualization/environment/path.sh
-- Up-to-date: /home/newman/vrx_ws/src/mission_windwatch/install/share/visualization/environment/path.dsv
-- Up-to-date: /home/newman/vrx_ws/src/mission_windwatch/install/share/visualization/local_setup.bash
-- Up-to-date: /home/newman/vrx_ws/src/mission_windwatch/install/share/visualization/local_setup.sh
-- Up-to-date: /home/newman/vrx_ws/src/mission_windwatch/install/share/visualization/local_setup.zsh
-- Up-to-date: /home/newman/vrx_ws/src/mission_windwatch/install/share/visualization/local_setup.dsv
-- Installing: /home/newman/vrx_ws/src/mission_windwatch/install/share/visualization/package.dsv
-- Up-to-date: /home/newman/vrx_ws/src/mission_windwatch/install/share/ament_index/resource_index/packages/visualization
-- Up-to-date: /home/newman/vrx_ws/src/mission_windwatch/install/share/visualization/cmake/visualizationConfig.cmake
-- Up-to-date: /home/newman/vrx_ws/src/mission_windwatch/install/share/visualization/cmake/visualizationConfig-version.cmake
-- Up-to-date: /home/newman/vrx_ws/src/mission_windwatch/install/share/visualization/package.xml
