[0.027s] Invoking command in '/home/newman/vrx_ws/src/mission_windwatch/build/visualization': CMAKE_PREFIX_PATH=${CMAKE_PREFIX_PATH}:/opt/ros/humble /usr/bin/cmake --build /home/newman/vrx_ws/src/mission_windwatch/build/visualization -- -j9 -l9
[0.178s] [35m[1mConsolidate compiler generated dependencies of target visualization_node[0m
[0.178s] [ 50%] [32mBuilding CXX object CMakeFiles/visualization_node.dir/src/visualization_node.cpp.o[0m
[2.875s] [01m[K/home/newman/vrx_ws/src/mission_windwatch/src/visualization/src/visualization_node.cpp:[m[K In function ‘[01m[Kint main(int, char**)[m[K’:
[2.875s] [01m[K/home/newman/vrx_ws/src/mission_windwatch/src/visualization/src/visualization_node.cpp:9:32:[m[K [01;31m[Kerror: [m[K‘[01m[KMyNode[m[K’ was not declared in this scope; did you mean ‘[01m[Knode[m[K’?
[2.875s]     9 |   auto node = std::make_shared<[01;31m[KMyNode[m[K>();
[2.876s]       |                                [01;31m[K^~~~~~[m[K
[2.876s]       |                                [32m[Knode[m[K
[2.876s] [01m[K/home/newman/vrx_ws/src/mission_windwatch/src/visualization/src/visualization_node.cpp:9:39:[m[K [01;31m[Kerror: [m[Kno matching function for call to ‘[01m[Kmake_shared<<expression error> >()[m[K’
[2.876s]     9 |   auto node = [01;31m[Kstd::make_shared<MyNode>()[m[K;
[2.876s]       |               [01;31m[K~~~~~~~~~~~~~~~~~~~~~~~~^~[m[K
[2.876s] In file included from [01m[K/usr/include/c++/11/memory:77[m[K,
[2.876s]                  from [01m[K/opt/ros/humble/include/rclcpp/rclcpp/rclcpp.hpp:153[m[K,
[2.876s]                  from [01m[K/home/newman/vrx_ws/src/mission_windwatch/src/visualization/src/visualization_node.cpp:4[m[K:
[2.876s] [01m[K/usr/include/c++/11/bits/shared_ptr.h:875:5:[m[K [01;36m[Knote: [m[Kcandidate: ‘[01m[Ktemplate<class _Tp, class ... _Args> std::shared_ptr<_Tp> std::make_shared(_Args&& ...)[m[K’
[2.876s]   875 |     [01;36m[Kmake_shared[m[K(_Args&&... __args)
[2.876s]       |     [01;36m[K^~~~~~~~~~~[m[K
[2.876s] [01m[K/usr/include/c++/11/bits/shared_ptr.h:875:5:[m[K [01;36m[Knote: [m[K  template argument deduction/substitution failed:
[2.876s] [01m[K/home/newman/vrx_ws/src/mission_windwatch/src/visualization/src/visualization_node.cpp:9:39:[m[K [01;31m[Kerror: [m[Ktemplate argument 1 is invalid
[2.876s]     9 |   auto node = [01;31m[Kstd::make_shared<MyNode>()[m[K;
[2.876s]       |               [01;31m[K~~~~~~~~~~~~~~~~~~~~~~~~^~[m[K
[3.266s] gmake[2]: *** [CMakeFiles/visualization_node.dir/build.make:76: CMakeFiles/visualization_node.dir/src/visualization_node.cpp.o] Error 1
[3.267s] gmake[1]: *** [CMakeFiles/Makefile2:137: CMakeFiles/visualization_node.dir/all] Error 2
[3.267s] gmake: *** [Makefile:146: all] Error 2
[3.271s] Invoked command in '/home/newman/vrx_ws/src/mission_windwatch/build/visualization' returned '2': CMAKE_PREFIX_PATH=${CMAKE_PREFIX_PATH}:/opt/ros/humble /usr/bin/cmake --build /home/newman/vrx_ws/src/mission_windwatch/build/visualization -- -j9 -l9
