-- The C compiler identification is GNU 11.4.0
-- The CXX compiler identification is GNU 11.4.0
-- Detecting C compiler ABI info
-- Detecting C compiler ABI info - done
-- Check for working C compiler: /usr/bin/cc - skipped
-- Detecting C compile features
-- Detecting C compile features - done
-- Detecting CXX compiler ABI info
-- Detecting CXX compiler ABI info - done
-- Check for working CXX compiler: /usr/bin/c++ - skipped
-- Detecting CXX compile features
-- Detecting CXX compile features - done
-- Found ament_cmake: 1.3.10 (/opt/ros/humble/share/ament_cmake/cmake)
-- Found Python3: /usr/bin/python3 (found version "3.10.12") found components: Interpreter 
-- Found rclcpp: 16.0.10 (/opt/ros/humble/share/rclcpp/cmake)
-- Found rosidl_generator_c: 3.1.5 (/opt/ros/humble/share/rosidl_generator_c/cmake)
-- Found rosidl_adapter: 3.1.5 (/opt/ros/humble/share/rosidl_adapter/cmake)
-- Found rosidl_generator_cpp: 3.1.5 (/opt/ros/humble/share/rosidl_generator_cpp/cmake)
-- Using all available rosidl_typesupport_c: rosidl_typesupport_fastrtps_c;rosidl_typesupport_introspection_c
-- Using all available rosidl_typesupport_cpp: rosidl_typesupport_fastrtps_cpp;rosidl_typesupport_introspection_cpp
-- Found rmw_implementation_cmake: 6.1.2 (/opt/ros/humble/share/rmw_implementation_cmake/cmake)
-- Found rmw_fastrtps_cpp: 6.2.7 (/opt/ros/humble/share/rmw_fastrtps_cpp/cmake)
-- Found OpenSSL: /usr/lib/x86_64-linux-gnu/libcrypto.so (found version "3.0.2")  
-- Found FastRTPS: /opt/ros/humble/include  
-- Using RMW implementation 'rmw_fastrtps_cpp' as default
-- Looking for pthread.h
-- Looking for pthread.h - found
-- Performing Test CMAKE_HAVE_LIBC_PTHREAD
-- Performing Test CMAKE_HAVE_LIBC_PTHREAD - Success
-- Found Threads: TRUE  
-- Configuring done
-- Generating done
-- Build files have been written to: /home/newman/vrx_ws/src/mission_windwatch/build/package_example
[ 50%] [32mBuilding CXX object CMakeFiles/example_node_cpp.dir/src/example_node.cpp.o[0m
[ 50%] Built target ament_cmake_python_copy_package_example
running egg_info
creating package_example.egg-info
writing package_example.egg-info/PKG-INFO
writing dependency_links to package_example.egg-info/dependency_links.txt
writing top-level names to package_example.egg-info/top_level.txt
writing manifest file 'package_example.egg-info/SOURCES.txt'
reading manifest file 'package_example.egg-info/SOURCES.txt'
writing manifest file 'package_example.egg-info/SOURCES.txt'
[ 50%] Built target ament_cmake_python_build_package_example_egg
[100%] [32m[1mLinking CXX executable example_node_cpp[0m
[100%] Built target example_node_cpp
-- Install configuration: ""
-- Installing: /home/newman/vrx_ws/src/mission_windwatch/install/lib/package_example/example_node_cpp
-- Set runtime path of "/home/newman/vrx_ws/src/mission_windwatch/install/lib/package_example/example_node_cpp" to ""
-- Installing: /home/newman/vrx_ws/src/mission_windwatch/install/lib/package_example/example_node.py
-- Installing: /home/newman/vrx_ws/src/mission_windwatch/install/share/package_example/environment/pythonpath.sh
-- Installing: /home/newman/vrx_ws/src/mission_windwatch/install/share/package_example/environment/pythonpath.dsv
-- Installing: /home/newman/vrx_ws/src/mission_windwatch/install/local/lib/python3.10/dist-packages/package_example-0.3.0-py3.10.egg-info
-- Installing: /home/newman/vrx_ws/src/mission_windwatch/install/local/lib/python3.10/dist-packages/package_example-0.3.0-py3.10.egg-info/SOURCES.txt
-- Installing: /home/newman/vrx_ws/src/mission_windwatch/install/local/lib/python3.10/dist-packages/package_example-0.3.0-py3.10.egg-info/dependency_links.txt
-- Installing: /home/newman/vrx_ws/src/mission_windwatch/install/local/lib/python3.10/dist-packages/package_example-0.3.0-py3.10.egg-info/PKG-INFO
-- Installing: /home/newman/vrx_ws/src/mission_windwatch/install/local/lib/python3.10/dist-packages/package_example-0.3.0-py3.10.egg-info/top_level.txt
-- Installing: /home/newman/vrx_ws/src/mission_windwatch/install/local/lib/python3.10/dist-packages/package_example
-- Installing: /home/newman/vrx_ws/src/mission_windwatch/install/local/lib/python3.10/dist-packages/package_example/node.py
-- Installing: /home/newman/vrx_ws/src/mission_windwatch/install/local/lib/python3.10/dist-packages/package_example/__init__.py
Listing '/home/newman/vrx_ws/src/mission_windwatch/install/local/lib/python3.10/dist-packages/package_example'...
Compiling '/home/newman/vrx_ws/src/mission_windwatch/install/local/lib/python3.10/dist-packages/package_example/__init__.py'...
Compiling '/home/newman/vrx_ws/src/mission_windwatch/install/local/lib/python3.10/dist-packages/package_example/node.py'...
-- Installing: /home/newman/vrx_ws/src/mission_windwatch/install/share/ament_index/resource_index/package_run_dependencies/package_example
-- Installing: /home/newman/vrx_ws/src/mission_windwatch/install/share/ament_index/resource_index/parent_prefix_path/package_example
-- Installing: /home/newman/vrx_ws/src/mission_windwatch/install/share/package_example/environment/ament_prefix_path.sh
-- Installing: /home/newman/vrx_ws/src/mission_windwatch/install/share/package_example/environment/ament_prefix_path.dsv
-- Installing: /home/newman/vrx_ws/src/mission_windwatch/install/share/package_example/environment/path.sh
-- Installing: /home/newman/vrx_ws/src/mission_windwatch/install/share/package_example/environment/path.dsv
-- Installing: /home/newman/vrx_ws/src/mission_windwatch/install/share/package_example/local_setup.bash
-- Installing: /home/newman/vrx_ws/src/mission_windwatch/install/share/package_example/local_setup.sh
-- Installing: /home/newman/vrx_ws/src/mission_windwatch/install/share/package_example/local_setup.zsh
-- Installing: /home/newman/vrx_ws/src/mission_windwatch/install/share/package_example/local_setup.dsv
-- Installing: /home/newman/vrx_ws/src/mission_windwatch/install/share/package_example/package.dsv
-- Installing: /home/newman/vrx_ws/src/mission_windwatch/install/share/ament_index/resource_index/packages/package_example
-- Installing: /home/newman/vrx_ws/src/mission_windwatch/install/share/package_example/cmake/package_exampleConfig.cmake
-- Installing: /home/newman/vrx_ws/src/mission_windwatch/install/share/package_example/cmake/package_exampleConfig-version.cmake
-- Installing: /home/newman/vrx_ws/src/mission_windwatch/install/share/package_example/package.xml
