[0.045s] Invoking command in '/home/newman/vrx_ws/src/mission_windwatch/build/package_example': CMAKE_PREFIX_PATH=${CMAKE_PREFIX_PATH}:/opt/ros/humble /usr/bin/cmake /home/newman/vrx_ws/src/mission_windwatch/src/aquabot_competitor/aquabot_examples/package_example -DCMAKE_INSTALL_PREFIX=/home/newman/vrx_ws/src/mission_windwatch/install
[0.688s] -- The C compiler identification is GNU 11.4.0
[0.688s] -- The CXX compiler identification is GNU 11.4.0
[0.688s] -- Detecting C compiler ABI info
[0.688s] -- Detecting C compiler ABI info - done
[0.688s] -- Check for working C compiler: /usr/bin/cc - skipped
[0.688s] -- Detecting C compile features
[0.688s] -- Detecting C compile features - done
[0.688s] -- Detecting CXX compiler ABI info
[0.688s] -- Detecting CXX compiler ABI info - done
[0.688s] -- Check for working CXX compiler: /usr/bin/c++ - skipped
[0.688s] -- Detecting CXX compile features
[0.688s] -- Detecting CXX compile features - done
[0.689s] -- Found ament_cmake: 1.3.10 (/opt/ros/humble/share/ament_cmake/cmake)
[0.689s] -- Found Python3: /usr/bin/python3 (found version "3.10.12") found components: Interpreter 
[0.689s] -- Found rclcpp: 16.0.10 (/opt/ros/humble/share/rclcpp/cmake)
[0.689s] -- Found rosidl_generator_c: 3.1.5 (/opt/ros/humble/share/rosidl_generator_c/cmake)
[0.689s] -- Found rosidl_adapter: 3.1.5 (/opt/ros/humble/share/rosidl_adapter/cmake)
[0.689s] -- Found rosidl_generator_cpp: 3.1.5 (/opt/ros/humble/share/rosidl_generator_cpp/cmake)
[0.689s] -- Using all available rosidl_typesupport_c: rosidl_typesupport_fastrtps_c;rosidl_typesupport_introspection_c
[0.689s] -- Using all available rosidl_typesupport_cpp: rosidl_typesupport_fastrtps_cpp;rosidl_typesupport_introspection_cpp
[0.689s] -- Found rmw_implementation_cmake: 6.1.2 (/opt/ros/humble/share/rmw_implementation_cmake/cmake)
[0.689s] -- Found rmw_fastrtps_cpp: 6.2.7 (/opt/ros/humble/share/rmw_fastrtps_cpp/cmake)
[0.754s] -- Found OpenSSL: /usr/lib/x86_64-linux-gnu/libcrypto.so (found version "3.0.2")  
[0.771s] -- Found FastRTPS: /opt/ros/humble/include  
[0.803s] -- Using RMW implementation 'rmw_fastrtps_cpp' as default
[0.809s] -- Looking for pthread.h
[0.871s] -- Looking for pthread.h - found
[0.872s] -- Performing Test CMAKE_HAVE_LIBC_PTHREAD
[0.951s] -- Performing Test CMAKE_HAVE_LIBC_PTHREAD - Success
[0.951s] -- Found Threads: TRUE  
[1.199s] -- Configuring done
[1.205s] -- Generating done
[1.505s] -- Build files have been written to: /home/newman/vrx_ws/src/mission_windwatch/build/package_example
[1.551s] Invoked command in '/home/newman/vrx_ws/src/mission_windwatch/build/package_example' returned '0': CMAKE_PREFIX_PATH=${CMAKE_PREFIX_PATH}:/opt/ros/humble /usr/bin/cmake /home/newman/vrx_ws/src/mission_windwatch/src/aquabot_competitor/aquabot_examples/package_example -DCMAKE_INSTALL_PREFIX=/home/newman/vrx_ws/src/mission_windwatch/install
[1.551s] Invoking command in '/home/newman/vrx_ws/src/mission_windwatch/build/package_example': CMAKE_PREFIX_PATH=${CMAKE_PREFIX_PATH}:/opt/ros/humble /usr/bin/cmake --build /home/newman/vrx_ws/src/mission_windwatch/build/package_example -- -j9 -l9
[1.626s] [ 50%] [32mBuilding CXX object CMakeFiles/example_node_cpp.dir/src/example_node.cpp.o[0m
[1.653s] [ 50%] Built target ament_cmake_python_copy_package_example
[2.015s] running egg_info
[2.018s] creating package_example.egg-info
[2.018s] writing package_example.egg-info/PKG-INFO
[2.018s] writing dependency_links to package_example.egg-info/dependency_links.txt
[2.018s] writing top-level names to package_example.egg-info/top_level.txt
[2.018s] writing manifest file 'package_example.egg-info/SOURCES.txt'
[2.021s] reading manifest file 'package_example.egg-info/SOURCES.txt'
[2.021s] writing manifest file 'package_example.egg-info/SOURCES.txt'
[2.092s] [ 50%] Built target ament_cmake_python_build_package_example_egg
[6.286s] [100%] [32m[1mLinking CXX executable example_node_cpp[0m
[6.581s] [100%] Built target example_node_cpp
[6.602s] Invoked command in '/home/newman/vrx_ws/src/mission_windwatch/build/package_example' returned '0': CMAKE_PREFIX_PATH=${CMAKE_PREFIX_PATH}:/opt/ros/humble /usr/bin/cmake --build /home/newman/vrx_ws/src/mission_windwatch/build/package_example -- -j9 -l9
[6.635s] Invoking command in '/home/newman/vrx_ws/src/mission_windwatch/build/package_example': CMAKE_PREFIX_PATH=${CMAKE_PREFIX_PATH}:/opt/ros/humble /usr/bin/cmake --install /home/newman/vrx_ws/src/mission_windwatch/build/package_example
[6.640s] -- Install configuration: ""
[6.640s] -- Installing: /home/newman/vrx_ws/src/mission_windwatch/install/lib/package_example/example_node_cpp
[6.641s] -- Set runtime path of "/home/newman/vrx_ws/src/mission_windwatch/install/lib/package_example/example_node_cpp" to ""
[6.642s] -- Installing: /home/newman/vrx_ws/src/mission_windwatch/install/lib/package_example/example_node.py
[6.642s] -- Installing: /home/newman/vrx_ws/src/mission_windwatch/install/share/package_example/environment/pythonpath.sh
[6.642s] -- Installing: /home/newman/vrx_ws/src/mission_windwatch/install/share/package_example/environment/pythonpath.dsv
[6.642s] -- Installing: /home/newman/vrx_ws/src/mission_windwatch/install/local/lib/python3.10/dist-packages/package_example-0.3.0-py3.10.egg-info
[6.642s] -- Installing: /home/newman/vrx_ws/src/mission_windwatch/install/local/lib/python3.10/dist-packages/package_example-0.3.0-py3.10.egg-info/SOURCES.txt
[6.643s] -- Installing: /home/newman/vrx_ws/src/mission_windwatch/install/local/lib/python3.10/dist-packages/package_example-0.3.0-py3.10.egg-info/dependency_links.txt
[6.643s] -- Installing: /home/newman/vrx_ws/src/mission_windwatch/install/local/lib/python3.10/dist-packages/package_example-0.3.0-py3.10.egg-info/PKG-INFO
[6.643s] -- Installing: /home/newman/vrx_ws/src/mission_windwatch/install/local/lib/python3.10/dist-packages/package_example-0.3.0-py3.10.egg-info/top_level.txt
[6.643s] -- Installing: /home/newman/vrx_ws/src/mission_windwatch/install/local/lib/python3.10/dist-packages/package_example
[6.643s] -- Installing: /home/newman/vrx_ws/src/mission_windwatch/install/local/lib/python3.10/dist-packages/package_example/node.py
[6.644s] -- Installing: /home/newman/vrx_ws/src/mission_windwatch/install/local/lib/python3.10/dist-packages/package_example/__init__.py
[6.678s] Listing '/home/newman/vrx_ws/src/mission_windwatch/install/local/lib/python3.10/dist-packages/package_example'...
[6.679s] Compiling '/home/newman/vrx_ws/src/mission_windwatch/install/local/lib/python3.10/dist-packages/package_example/__init__.py'...
[6.679s] Compiling '/home/newman/vrx_ws/src/mission_windwatch/install/local/lib/python3.10/dist-packages/package_example/node.py'...
[6.687s] -- Installing: /home/newman/vrx_ws/src/mission_windwatch/install/share/ament_index/resource_index/package_run_dependencies/package_example
[6.687s] -- Installing: /home/newman/vrx_ws/src/mission_windwatch/install/share/ament_index/resource_index/parent_prefix_path/package_example
[6.687s] -- Installing: /home/newman/vrx_ws/src/mission_windwatch/install/share/package_example/environment/ament_prefix_path.sh
[6.687s] -- Installing: /home/newman/vrx_ws/src/mission_windwatch/install/share/package_example/environment/ament_prefix_path.dsv
[6.687s] -- Installing: /home/newman/vrx_ws/src/mission_windwatch/install/share/package_example/environment/path.sh
[6.688s] -- Installing: /home/newman/vrx_ws/src/mission_windwatch/install/share/package_example/environment/path.dsv
[6.688s] -- Installing: /home/newman/vrx_ws/src/mission_windwatch/install/share/package_example/local_setup.bash
[6.688s] -- Installing: /home/newman/vrx_ws/src/mission_windwatch/install/share/package_example/local_setup.sh
[6.688s] -- Installing: /home/newman/vrx_ws/src/mission_windwatch/install/share/package_example/local_setup.zsh
[6.688s] -- Installing: /home/newman/vrx_ws/src/mission_windwatch/install/share/package_example/local_setup.dsv
[6.688s] -- Installing: /home/newman/vrx_ws/src/mission_windwatch/install/share/package_example/package.dsv
[6.688s] -- Installing: /home/newman/vrx_ws/src/mission_windwatch/install/share/ament_index/resource_index/packages/package_example
[6.688s] -- Installing: /home/newman/vrx_ws/src/mission_windwatch/install/share/package_example/cmake/package_exampleConfig.cmake
[6.689s] -- Installing: /home/newman/vrx_ws/src/mission_windwatch/install/share/package_example/cmake/package_exampleConfig-version.cmake
[6.689s] -- Installing: /home/newman/vrx_ws/src/mission_windwatch/install/share/package_example/package.xml
[6.695s] Invoked command in '/home/newman/vrx_ws/src/mission_windwatch/build/package_example' returned '0': CMAKE_PREFIX_PATH=${CMAKE_PREFIX_PATH}:/opt/ros/humble /usr/bin/cmake --install /home/newman/vrx_ws/src/mission_windwatch/build/package_example
