[0.020s] Invoking command in '/home/newman/vrx_ws/src/mission_windwatch/build/navigation': /usr/bin/cmake /home/newman/vrx_ws/src/mission_windwatch/src/navigation -DCMAKE_INSTALL_PREFIX=/home/newman/vrx_ws/src/mission_windwatch/install
[0.047s] -- Configuring incomplete, errors occurred!
[0.047s] See also "/home/newman/vrx_ws/src/mission_windwatch/build/navigation/CMakeFiles/CMakeOutput.log".
[0.052s] [31mCMake Error at CMakeLists.txt:5 (find_package):
[0.052s]   By not providing "Findament_cmake.cmake" in CMAKE_MODULE_PATH this project
[0.052s]   has asked CMake to find a package configuration file provided by
[0.052s]   "ament_cmake", but CMake did not find one.
[0.052s] 
[0.052s]   Could not find a package configuration file provided by "ament_cmake" with
[0.052s]   any of the following names:
[0.052s] 
[0.052s]     ament_cmakeConfig.cmake
[0.053s]     ament_cmake-config.cmake
[0.053s] 
[0.053s]   Add the installation prefix of "ament_cmake" to CMAKE_PREFIX_PATH or set
[0.053s]   "ament_cmake_DIR" to a directory containing one of the above files.  If
[0.053s]   "ament_cmake" provides a separate development package or SDK, be sure it
[0.053s]   has been installed.
[0.054s] 
[0.054s] [0m
[0.060s] Invoked command in '/home/newman/vrx_ws/src/mission_windwatch/build/navigation' returned '1': /usr/bin/cmake /home/newman/vrx_ws/src/mission_windwatch/src/navigation -DCMAKE_INSTALL_PREFIX=/home/newman/vrx_ws/src/mission_windwatch/install
