[35m[1mConsolidate compiler generated dependencies of target navigation_node[0m
[35m[1mConsolidate compiler generated dependencies of target obstacle_avoidance_node[0m
[ 50%] Built target obstacle_avoidance_node
[100%] Built target navigation_node
-- Install configuration: ""
-- Up-to-date: /home/newman/vrx_ws/src/mission_windwatch/install/lib/navigation/navigation_node
-- Up-to-date: /home/newman/vrx_ws/src/mission_windwatch/install/lib/navigation/obstacle_avoidance_node
-- Up-to-date: /home/newman/vrx_ws/src/mission_windwatch/install/share/navigation/launch
-- Up-to-date: /home/newman/vrx_ws/src/mission_windwatch/install/share/navigation/launch/navigation_launch.py
-- Installing: /home/newman/vrx_ws/src/mission_windwatch/install/share/navigation/config
-- Installing: /home/newman/vrx_ws/src/mission_windwatch/install/share/ament_index/resource_index/package_run_dependencies/navigation
-- Installing: /home/newman/vrx_ws/src/mission_windwatch/install/share/ament_index/resource_index/parent_prefix_path/navigation
-- Installing: /home/newman/vrx_ws/src/mission_windwatch/install/share/navigation/environment/ament_prefix_path.sh
-- Installing: /home/newman/vrx_ws/src/mission_windwatch/install/share/navigation/environment/ament_prefix_path.dsv
-- Installing: /home/newman/vrx_ws/src/mission_windwatch/install/share/navigation/environment/path.sh
-- Installing: /home/newman/vrx_ws/src/mission_windwatch/install/share/navigation/environment/path.dsv
-- Installing: /home/newman/vrx_ws/src/mission_windwatch/install/share/navigation/local_setup.bash
-- Installing: /home/newman/vrx_ws/src/mission_windwatch/install/share/navigation/local_setup.sh
-- Installing: /home/newman/vrx_ws/src/mission_windwatch/install/share/navigation/local_setup.zsh
-- Installing: /home/newman/vrx_ws/src/mission_windwatch/install/share/navigation/local_setup.dsv
-- Installing: /home/newman/vrx_ws/src/mission_windwatch/install/share/navigation/package.dsv
-- Installing: /home/newman/vrx_ws/src/mission_windwatch/install/share/ament_index/resource_index/packages/navigation
-- Installing: /home/newman/vrx_ws/src/mission_windwatch/install/share/navigation/cmake/navigationConfig.cmake
-- Installing: /home/newman/vrx_ws/src/mission_windwatch/install/share/navigation/cmake/navigationConfig-version.cmake
-- Installing: /home/newman/vrx_ws/src/mission_windwatch/install/share/navigation/package.xml
