[0.007s] Invoking command in '/home/newman/vrx_ws/src/mission_windwatch/build/vrx_gz': CMAKE_PREFIX_PATH=${CMAKE_PREFIX_PATH}:/opt/ros/humble /usr/bin/cmake /home/newman/vrx_ws/src/mission_windwatch/src/vrx/vrx_gz -DCMAKE_INSTALL_PREFIX=/home/newman/vrx_ws/src/mission_windwatch/install
[0.044s] -- The C compiler identification is GNU 11.4.0
[0.083s] -- The CXX compiler identification is GNU 11.4.0
[0.094s] -- Detecting C compiler ABI info
[0.136s] -- Detecting C compiler ABI info - done
[0.143s] -- Check for working C compiler: /usr/bin/cc - skipped
[0.144s] -- Detecting C compile features
[0.144s] -- Detecting C compile features - done
[0.146s] -- Detecting CXX compiler ABI info
[0.199s] -- Detecting CXX compiler ABI info - done
[0.204s] -- Check for working CXX compiler: /usr/bin/c++ - skipped
[0.204s] -- Detecting CXX compile features
[0.205s] -- Detecting CXX compile features - done
[0.206s] -- Found ament_cmake: 1.3.10 (/opt/ros/humble/share/ament_cmake/cmake)
[0.316s] -- Found Python3: /usr/bin/python3 (found version "3.10.12") found components: Interpreter 
[0.385s] -- Looking for gz-sim7 -- found version 7.9.0
[0.390s] -- Searching for dependencies of gz-sim7
[0.391s] -- Looking for sdformat13 -- found version 13.8.0
[0.391s] -- Searching for dependencies of sdformat13
[0.394s] -- Checking for module 'tinyxml2'
[0.401s] --   Found tinyxml2, version 9.0.0
[0.425s] -- Looking for gz-math7 -- found version 7.5.1
[0.426s] -- Searching for dependencies of gz-math7
[0.426s] -- Looking for gz-utils2 -- found version 2.2.0
[0.426s] -- Searching for dependencies of gz-utils2
[0.426s] -- Looking for gz-utils2 -- found version 2.2.0
[0.427s] -- Searching for dependencies of gz-utils2
[0.427s] -- Searching for <gz-utils2> component [cli]
[0.428s] -- Looking for gz-utils2-cli -- found version 2.2.0
[0.429s] -- Searching for dependencies of gz-utils2-cli
[0.430s] -- Looking for gz-plugin2 -- found version 2.0.3
[0.431s] -- Searching for dependencies of gz-plugin2
[0.431s] -- Looking for gz-utils2 -- found version 2.2.0
[0.431s] -- Searching for <gz-plugin2> component [loader]
[0.433s] -- Looking for gz-plugin2-loader -- found version 2.0.3
[0.433s] -- Searching for dependencies of gz-plugin2-loader
[0.433s] -- Searching for <gz-plugin2> component [register]
[0.434s] -- Looking for gz-plugin2-register -- found version 2.0.3
[0.435s] -- Searching for dependencies of gz-plugin2-register
[0.436s] -- Looking for gz-transport12 -- found version 12.2.1
[0.437s] -- Searching for dependencies of gz-transport12
[0.560s] -- Found Protobuf: /usr/lib/x86_64-linux-gnu/libprotobuf.so (found version "3.12.4") 
[0.568s] -- Config-file not installed for ZeroMQ -- checking for pkg-config
[0.572s] -- Checking for module 'libzmq >= 4'
[0.579s] --   Found libzmq , version 4.3.4
[0.603s] -- Found ZeroMQ: TRUE (Required is at least version "4") 
[0.610s] -- Checking for module 'uuid'
[0.615s] --   Found uuid, version 2.37.2
[0.642s] -- Found UUID: TRUE  
[0.642s] -- Looking for gz-utils2 -- found version 2.2.0
[0.642s] -- Looking for gz-msgs9 -- found version 9.5.0
[0.642s] -- Searching for dependencies of gz-msgs9
[0.655s] -- Looking for gz-math7 -- found version 7.5.1
[0.661s] -- Searching for <gz-transport12> component [log]
[0.662s] -- Looking for gz-transport12-log -- found version 12.2.1
[0.663s] -- Searching for dependencies of gz-transport12-log
[0.663s] -- Searching for <gz-transport12> component [parameters]
[0.664s] -- Looking for gz-transport12-parameters -- found version 12.2.1
[0.665s] -- Searching for dependencies of gz-transport12-parameters
[0.665s] -- Looking for gz-msgs9 -- found version 9.5.0
[0.667s] -- Looking for gz-common5 -- found version 5.6.0
[0.667s] -- Searching for dependencies of gz-common5
[0.667s] -- Looking for gz-utils2 -- found version 2.2.0
[0.667s] -- Looking for dlfcn.h - found
[0.668s] -- Looking for libdl - found
[0.669s] -- Found DL: TRUE  
[0.678s] -- Searching for <gz-common5> component [profiler]
[0.678s] -- Looking for gz-common5-profiler -- found version 5.6.0
[0.678s] -- Searching for dependencies of gz-common5-profiler
[0.678s] -- Searching for <gz-common5> component [events]
[0.678s] -- Looking for gz-common5-events -- found version 5.6.0
[0.678s] -- Searching for dependencies of gz-common5-events
[0.678s] -- Looking for gz-math7 -- found version 7.5.1
[0.678s] -- Searching for <gz-common5> component [av]
[0.679s] -- Looking for gz-common5-av -- found version 5.6.0
[0.680s] -- Searching for dependencies of gz-common5-av
[0.685s] -- Checking for module 'libswscale'
[0.698s] --   Found libswscale, version 5.9.100
[0.723s] -- Found SWSCALE: TRUE  
[0.726s] -- Checking for module 'libavdevice >= 56.4.100'
[0.735s] --   Found libavdevice , version 58.13.100
[0.758s] -- Found AVDEVICE: TRUE (Required is at least version "56.4.100") 
[0.764s] -- Checking for module 'libavformat'
[0.771s] --   Found libavformat, version 58.76.100
[0.792s] -- Found AVFORMAT: TRUE  
[0.795s] -- Checking for module 'libavcodec'
[0.802s] --   Found libavcodec, version 58.134.100
[0.828s] -- Found AVCODEC: TRUE  
[0.831s] -- Checking for module 'libavutil'
[0.844s] --   Found libavutil, version 56.70.100
[0.863s] -- Found AVUTIL: TRUE  
[0.863s] -- Searching for <gz-common5> component [io]
[0.864s] -- Looking for gz-common5-io -- found version 5.6.0
[0.865s] -- Searching for dependencies of gz-common5-io
[0.866s] -- Looking for gz-fuel_tools8 -- found version 8.1.0
[0.867s] -- Searching for dependencies of gz-fuel_tools8
[0.914s] -- Found CURL: /usr/lib/x86_64-linux-gnu/libcurl.so (found version "7.81.0")  
[0.920s] -- Checking for module 'jsoncpp'
[0.932s] --   Found jsoncpp, version 1.9.5
[0.952s] -- Found JSONCPP: TRUE  
[0.956s] -- Checking for module 'libzip'
[0.963s] --   Found libzip, version 1.7.3
[0.982s] -- Found ZIP: TRUE  
[0.983s] -- Looking for gz-utils2 -- found version 2.2.0
[0.984s] -- Looking for gz-common5 -- found version 5.6.0
[0.984s] -- Searching for dependencies of gz-common5
[0.984s] -- Looking for gz-utils2 -- found version 2.2.0
[0.984s] -- Looking for dlfcn.h - found
[0.984s] -- Looking for libdl - found
[0.988s] -- Searching for <gz-common5> component [testing]
[0.990s] -- Looking for gz-common5-testing -- found version 5.6.0
[0.990s] -- Searching for dependencies of gz-common5-testing
[0.991s] -- Looking for gz-math7 -- found version 7.5.1
[0.991s] -- Looking for gz-msgs9 -- found version 9.5.0
[0.993s] -- Looking for gz-gui7 -- found version 7.2.2
[0.993s] -- Searching for dependencies of gz-gui7
[1.010s] -- Looking for gz-utils2 -- found version 2.2.0
[1.010s] -- Looking for gz-math7 -- found version 7.5.1
[1.010s] -- Looking for gz-common5 -- found version 5.6.0
[1.011s] -- Looking for gz-plugin2 -- found version 2.0.3
[1.011s] -- Looking for gz-transport12 -- found version 12.2.1
[1.012s] -- Looking for gz-rendering7 -- found version 7.4.2
[1.013s] -- Searching for dependencies of gz-rendering7
[1.013s] -- Looking for gz-math7 -- found version 7.5.1
[1.013s] -- Searching for dependencies of gz-math7
[1.013s] -- Looking for gz-utils2 -- found version 2.2.0
[1.014s] -- Searching for <gz-math7> component [eigen3]
[1.015s] -- Looking for gz-math7-eigen3 -- found version 7.5.1
[1.015s] -- Searching for dependencies of gz-math7-eigen3
[1.020s] -- Looking for gz-common5 -- found version 5.6.0
[1.020s] -- Searching for dependencies of gz-common5
[1.021s] -- Looking for gz-utils2 -- found version 2.2.0
[1.021s] -- Looking for dlfcn.h - found
[1.021s] -- Looking for libdl - found
[1.026s] -- Searching for <gz-common5> component [graphics]
[1.027s] -- Looking for gz-common5-graphics -- found version 5.6.0
[1.027s] -- Searching for dependencies of gz-common5-graphics
[1.028s] -- Looking for gz-math7 -- found version 7.5.1
[1.031s] -- Found GzAssimp: TRUE (found version "5.2.0") 
[1.032s] -- Searching for <gz-common5> component [events]
[1.032s] -- Searching for <gz-common5> component [geospatial]
[1.033s] -- Looking for gz-common5-geospatial -- found version 5.6.0
[1.033s] -- Searching for dependencies of gz-common5-geospatial
[1.034s] -- Looking for gz-math7 -- found version 7.5.1
[1.034s] -- Looking for gz-common5 -- found version 5.6.0
[1.035s] -- Looking for gz-plugin2 -- found version 2.0.3
[1.035s] -- Searching for dependencies of gz-plugin2
[1.035s] -- Looking for gz-utils2 -- found version 2.2.0
[1.035s] -- Searching for <gz-plugin2> component [all]
[1.037s] -- Looking for all libraries of gz-plugin2 -- found version 2.0.3
[1.037s] -- Looking for gz-plugin2 -- found version 2.0.3
[1.038s] -- Looking for gz-utils2 -- found version 2.2.0
[1.041s] -- Found OpenGL: /usr/lib/x86_64-linux-gnu/libOpenGL.so  found components: OpenGL 
[1.042s] -- Looking for gz-msgs9 -- found version 9.5.0
[1.056s] -- Looking for gz-physics6 -- found version 6.6.0
[1.056s] -- Searching for dependencies of gz-physics6
[1.057s] -- Looking for gz-common5 -- found version 5.6.0
[1.057s] -- Looking for gz-math7 -- found version 7.5.1
[1.057s] -- Looking for gz-plugin2 -- found version 2.0.3
[1.058s] -- Looking for gz-utils2 -- found version 2.2.0
[1.058s] -- Searching for <gz-physics6> component [heightmap]
[1.059s] -- Looking for gz-physics6-heightmap -- found version 6.6.0
[1.060s] -- Searching for dependencies of gz-physics6-heightmap
[1.060s] -- Looking for gz-common5 -- found version 5.6.0
[1.060s] -- Searching for <gz-physics6> component [mesh]
[1.062s] -- Looking for gz-physics6-mesh -- found version 6.6.0
[1.062s] -- Searching for dependencies of gz-physics6-mesh
[1.062s] -- Looking for gz-common5 -- found version 5.6.0
[1.062s] -- Searching for <gz-physics6> component [sdf]
[1.064s] -- Looking for gz-physics6-sdf -- found version 6.6.0
[1.064s] -- Searching for dependencies of gz-physics6-sdf
[1.064s] -- Looking for sdformat13 -- found version 13.8.0
[1.066s] -- Looking for gz-sensors7 -- found version 7.3.0
[1.066s] -- Searching for dependencies of gz-sensors7
[1.079s] -- Looking for gz-math7 -- found version 7.5.1
[1.079s] -- Looking for gz-common5 -- found version 5.6.0
[1.079s] -- Looking for gz-transport12 -- found version 12.2.1
[1.080s] -- Looking for gz-rendering7 -- found version 7.4.2
[1.080s] -- Looking for gz-msgs9 -- found version 9.5.0
[1.080s] -- Looking for sdformat13 -- found version 13.8.0
[1.081s] -- Searching for <gz-sensors7> component [air_pressure]
[1.082s] -- Looking for gz-sensors7-air_pressure -- found version 7.3.0
[1.082s] -- Searching for dependencies of gz-sensors7-air_pressure
[1.082s] -- Searching for <gz-sensors7> component [air_speed]
[1.083s] -- Looking for gz-sensors7-air_speed -- found version 7.3.0
[1.084s] -- Searching for dependencies of gz-sensors7-air_speed
[1.084s] -- Searching for <gz-sensors7> component [altimeter]
[1.085s] -- Looking for gz-sensors7-altimeter -- found version 7.3.0
[1.086s] -- Searching for dependencies of gz-sensors7-altimeter
[1.086s] -- Searching for <gz-sensors7> component [imu]
[1.087s] -- Looking for gz-sensors7-imu -- found version 7.3.0
[1.087s] -- Searching for dependencies of gz-sensors7-imu
[1.088s] -- Searching for <gz-sensors7> component [force_torque]
[1.089s] -- Looking for gz-sensors7-force_torque -- found version 7.3.0
[1.089s] -- Searching for dependencies of gz-sensors7-force_torque
[1.090s] -- Searching for <gz-sensors7> component [logical_camera]
[1.091s] -- Looking for gz-sensors7-logical_camera -- found version 7.3.0
[1.091s] -- Searching for dependencies of gz-sensors7-logical_camera
[1.091s] -- Searching for <gz-sensors7> component [magnetometer]
[1.093s] -- Looking for gz-sensors7-magnetometer -- found version 7.3.0
[1.093s] -- Searching for dependencies of gz-sensors7-magnetometer
[1.093s] -- Searching for <gz-sensors7> component [navsat]
[1.094s] -- Looking for gz-sensors7-navsat -- found version 7.3.0
[1.095s] -- Searching for dependencies of gz-sensors7-navsat
[1.095s] -- Searching for <gz-sensors7> component [rendering]
[1.096s] -- Looking for gz-sensors7-rendering -- found version 7.3.0
[1.097s] -- Searching for dependencies of gz-sensors7-rendering
[1.097s] -- Searching for <gz-sensors7> component [lidar]
[1.098s] -- Looking for gz-sensors7-lidar -- found version 7.3.0
[1.098s] -- Searching for dependencies of gz-sensors7-lidar
[1.099s] -- Looking for gz-sensors7 -- found version 7.3.0
[1.099s] -- Searching for <gz-sensors7> component [gpu_lidar]
[1.100s] -- Looking for gz-sensors7-gpu_lidar -- found version 7.3.0
[1.101s] -- Searching for dependencies of gz-sensors7-gpu_lidar
[1.101s] -- Looking for gz-sensors7 -- found version 7.3.0
[1.101s] -- Searching for <gz-sensors7> component [camera]
[1.102s] -- Looking for gz-sensors7-camera -- found version 7.3.0
[1.103s] -- Searching for dependencies of gz-sensors7-camera
[1.103s] -- Looking for gz-sensors7 -- found version 7.3.0
[1.103s] -- Searching for <gz-sensors7> component [boundingbox_camera]
[1.104s] -- Looking for gz-sensors7-boundingbox_camera -- found version 7.3.0
[1.105s] -- Searching for dependencies of gz-sensors7-boundingbox_camera
[1.105s] -- Searching for <gz-sensors7> component [segmentation_camera]
[1.106s] -- Looking for gz-sensors7-segmentation_camera -- found version 7.3.0
[1.107s] -- Searching for dependencies of gz-sensors7-segmentation_camera
[1.107s] -- Searching for <gz-sensors7> component [depth_camera]
[1.108s] -- Looking for gz-sensors7-depth_camera -- found version 7.3.0
[1.109s] -- Searching for dependencies of gz-sensors7-depth_camera
[1.109s] -- Looking for gz-sensors7 -- found version 7.3.0
[1.109s] -- Searching for <gz-sensors7> component [rgbd_camera]
[1.110s] -- Looking for gz-sensors7-rgbd_camera -- found version 7.3.0
[1.111s] -- Searching for dependencies of gz-sensors7-rgbd_camera
[1.111s] -- Looking for gz-sensors7 -- found version 7.3.0
[1.111s] -- Searching for <gz-sensors7> component [thermal_camera]
[1.113s] -- Looking for gz-sensors7-thermal_camera -- found version 7.3.0
[1.113s] -- Searching for dependencies of gz-sensors7-thermal_camera
[1.113s] -- Looking for gz-sensors7 -- found version 7.3.0
[1.114s] -- Searching for <gz-sensors7> component [wide_angle_camera]
[1.115s] -- Looking for gz-sensors7-wide_angle_camera -- found version 7.3.0
[1.115s] -- Searching for dependencies of gz-sensors7-wide_angle_camera
[1.116s] -- Looking for gz-rendering7 -- found version 7.4.2
[1.116s] -- Looking for gz-math7 -- found version 7.5.1
[1.116s] -- Looking for gz-utils2 -- found version 2.2.0
[1.130s] -- Looking for gz-common5 -- found version 5.6.0
[1.130s] -- Looking for gz-fuel_tools8 -- found version 8.1.0
[1.130s] -- Looking for gz-math7 -- found version 7.5.1
[1.130s] -- Looking for gz-msgs9 -- found version 9.5.0
[1.131s] -- Looking for gz-transport12 -- found version 12.2.1
[1.131s] -- Looking for gz-plugin2 -- found version 2.0.3
[1.131s] -- Looking for gz-rendering7 -- found version 7.4.2
[1.132s] -- Looking for gz-sensors7 -- found version 7.3.0
[1.132s] -- Looking for gz-utils2 -- found version 2.2.0
[1.132s] -- Looking for sdformat13 -- found version 13.8.0
[1.133s] -- Found std_msgs: 4.2.4 (/opt/ros/humble/share/std_msgs/cmake)
[1.153s] -- Found rosidl_generator_c: 3.1.5 (/opt/ros/humble/share/rosidl_generator_c/cmake)
[1.156s] -- Found rosidl_adapter: 3.1.5 (/opt/ros/humble/share/rosidl_adapter/cmake)
[1.162s] -- Found rosidl_generator_cpp: 3.1.5 (/opt/ros/humble/share/rosidl_generator_cpp/cmake)
[1.170s] -- Using all available rosidl_typesupport_c: rosidl_typesupport_fastrtps_c;rosidl_typesupport_introspection_c
[1.182s] -- Using all available rosidl_typesupport_cpp: rosidl_typesupport_fastrtps_cpp;rosidl_typesupport_introspection_cpp
[1.305s] -- Configuring done
[1.366s] -- Generating done
[1.368s] -- Build files have been written to: /home/newman/vrx_ws/src/mission_windwatch/build/vrx_gz
[1.377s] Invoked command in '/home/newman/vrx_ws/src/mission_windwatch/build/vrx_gz' returned '0': CMAKE_PREFIX_PATH=${CMAKE_PREFIX_PATH}:/opt/ros/humble /usr/bin/cmake /home/newman/vrx_ws/src/mission_windwatch/src/vrx/vrx_gz -DCMAKE_INSTALL_PREFIX=/home/newman/vrx_ws/src/mission_windwatch/install
[1.379s] Invoking command in '/home/newman/vrx_ws/src/mission_windwatch/build/vrx_gz': CMAKE_PREFIX_PATH=${CMAKE_PREFIX_PATH}:/opt/ros/humble /usr/bin/cmake --build /home/newman/vrx_ws/src/mission_windwatch/build/vrx_gz -- -j9 -l9
[1.413s] [  2%] [32mBuilding CXX object CMakeFiles/ScoringPlugin.dir/src/ScoringPlugin.cc.o[0m
[1.413s] [  4%] [32mBuilding CXX object CMakeFiles/Waves.dir/src/Wavefield.cc.o[0m
[1.419s] [  4%] Built target ament_cmake_python_copy_vrx_gz
[1.603s] running egg_info
[1.605s] creating vrx_gz.egg-info
[1.605s] writing vrx_gz.egg-info/PKG-INFO
[1.605s] writing dependency_links to vrx_gz.egg-info/dependency_links.txt
[1.605s] writing top-level names to vrx_gz.egg-info/top_level.txt
[1.605s] writing manifest file 'vrx_gz.egg-info/SOURCES.txt'
[1.609s] reading manifest file 'vrx_gz.egg-info/SOURCES.txt'
[1.609s] writing manifest file 'vrx_gz.egg-info/SOURCES.txt'
[1.628s] [  4%] Built target ament_cmake_python_build_vrx_gz_egg
[4.136s] [  6%] [32m[1mLinking CXX shared library libWaves.so[0m
[4.305s] [  6%] Built target Waves
[4.319s] [ 10%] [32mBuilding CXX object CMakeFiles/PolyhedraBuoyancyDrag.dir/src/PolyhedraBuoyancyDrag.cc.o[0m
[4.319s] [ 12%] [32mBuilding CXX object CMakeFiles/PolyhedraBuoyancyDrag.dir/src/PolyhedronVolume.cc.o[0m
[4.319s] [ 12%] [32mBuilding CXX object CMakeFiles/PolyhedraBuoyancyDrag.dir/src/ShapeVolume.cc.o[0m
[5.131s] [ 14%] [32m[1mLinking CXX shared library libScoringPlugin.so[0m
[5.343s] [ 14%] Built target ScoringPlugin
[5.359s] [ 20%] [32mBuilding CXX object CMakeFiles/WayfindingScoringPlugin.dir/src/WayfindingScoringPlugin.cc.o[0m
[5.359s] [ 20%] [32mBuilding CXX object CMakeFiles/AcousticPerceptionScoringPlugin.dir/src/AcousticPerceptionScoringPlugin.cc.o[0m
[5.359s] [ 20%] [32mBuilding CXX object CMakeFiles/AcousticPingerPlugin.dir/src/AcousticPingerPlugin.cc.o[0m
[5.365s] [ 22%] [32mBuilding CXX object CMakeFiles/StationkeepingScoringPlugin.dir/src/StationkeepingScoringPlugin.cc.o[0m
[5.365s] [ 25%] [32mBuilding CXX object CMakeFiles/BallShooterPlugin.dir/src/BallShooterPlugin.cc.o[0m
[5.369s] [ 27%] [32mBuilding CXX object CMakeFiles/LightBuoyPlugin.dir/src/LightBuoyPlugin.cc.o[0m
[5.370s] [ 29%] [32mBuilding CXX object CMakeFiles/AcousticTrackingScoringPlugin.dir/src/AcousticTrackingScoringPlugin.cc.o[0m
[5.993s] [ 31%] [32mBuilding CXX object CMakeFiles/AcousticPerceptionScoringPlugin.dir/src/WaypointMarkers.cc.o[0m
[9.059s] [ 33%] [32m[1mLinking CXX shared library libLightBuoyPlugin.so[0m
[9.311s] [ 33%] Built target LightBuoyPlugin
[9.343s] [ 35%] [32mBuilding CXX object CMakeFiles/NavigationScoringPlugin.dir/src/NavigationScoringPlugin.cc.o[0m
[10.063s] [ 37%] [32m[1mLinking CXX shared library libPolyhedraBuoyancyDrag.so[0m
[10.406s] [ 37%] Built target PolyhedraBuoyancyDrag
[10.439s] [ 39%] [32mBuilding CXX object CMakeFiles/GymkhanaScoringPlugin.dir/src/GymkhanaScoringPlugin.cc.o[0m
[10.536s] [ 41%] [32m[1mLinking CXX shared library libAcousticPingerPlugin.so[0m
[10.805s] [ 43%] [32mBuilding CXX object CMakeFiles/PerceptionScoringPlugin.dir/src/PerceptionScoringPlugin.cc.o[0m
[10.953s] [ 43%] Built target AcousticPingerPlugin
[10.968s] [ 45%] [32mBuilding CXX object CMakeFiles/PlacardPlugin.dir/src/PlacardPlugin.cc.o[0m
[11.668s] [ 47%] [32m[1mLinking CXX shared library libAcousticPerceptionScoringPlugin.so[0m
[11.848s] [ 50%] [32mBuilding CXX object CMakeFiles/AcousticTrackingScoringPlugin.dir/src/WaypointMarkers.cc.o[0m
[12.025s] [ 50%] Built target AcousticPerceptionScoringPlugin
[12.062s] [ 52%] [32mBuilding CXX object CMakeFiles/PublisherPlugin.dir/src/PublisherPlugin.cc.o[0m
[12.287s] [ 54%] [32mBuilding CXX object CMakeFiles/WayfindingScoringPlugin.dir/src/WaypointMarkers.cc.o[0m
[12.928s] [ 56%] [32mBuilding CXX object CMakeFiles/StationkeepingScoringPlugin.dir/src/WaypointMarkers.cc.o[0m
[13.271s] [ 58%] [32m[1mLinking CXX shared library libBallShooterPlugin.so[0m
[13.830s] [ 58%] Built target BallShooterPlugin
[13.868s] [ 60%] [32mBuilding CXX object CMakeFiles/ScanDockScoringPlugin.dir/src/ScanDockScoringPlugin.cc.o[0m
[14.875s] [ 62%] [32m[1mLinking CXX shared library libGymkhanaScoringPlugin.so[0m
[15.184s] [ 62%] Built target GymkhanaScoringPlugin
[15.198s] [ 64%] [32mBuilding CXX object CMakeFiles/SimpleHydrodynamics.dir/src/SimpleHydrodynamics.cc.o[0m
[15.510s] [ 66%] [32m[1mLinking CXX shared library libPublisherPlugin.so[0m
[15.760s] [ 68%] [32m[1mLinking CXX shared library libPlacardPlugin.so[0m
[15.787s] [ 68%] Built target PublisherPlugin
[15.804s] [ 70%] [32mBuilding CXX object CMakeFiles/Surface.dir/src/Surface.cc.o[0m
[15.820s] [ 72%] [32m[1mLinking CXX shared library libPerceptionScoringPlugin.so[0m
[16.026s] [ 72%] Built target PlacardPlugin
[16.045s] [ 75%] [32mBuilding CXX object CMakeFiles/USVWind.dir/src/USVWind.cc.o[0m
[16.190s] [ 77%] [32m[1mLinking CXX shared library libNavigationScoringPlugin.so[0m
[16.192s] [ 77%] Built target PerceptionScoringPlugin
[16.217s] [ 79%] [32mBuilding CXX object CMakeFiles/WaveVisual.dir/src/WaveVisual.cc.o[0m
[16.491s] [ 79%] Built target NavigationScoringPlugin
[16.510s] [ 81%] [32mBuilding CXX object CMakeFiles/WildlifeScoringPlugin.dir/src/WildlifeScoringPlugin.cc.o[0m
[17.023s] [ 83%] [32m[1mLinking CXX shared library libWayfindingScoringPlugin.so[0m
[17.042s] [ 85%] [32m[1mLinking CXX shared library libAcousticTrackingScoringPlugin.so[0m
[17.397s] [ 85%] Built target WayfindingScoringPlugin
[17.565s] [ 85%] Built target AcousticTrackingScoringPlugin
[17.950s] [ 87%] [32m[1mLinking CXX shared library libStationkeepingScoringPlugin.so[0m
[18.242s] [ 87%] Built target StationkeepingScoringPlugin
[19.247s] [ 89%] [32m[1mLinking CXX shared library libSimpleHydrodynamics.so[0m
[19.432s] [ 89%] Built target SimpleHydrodynamics
[19.878s] [ 91%] [32m[1mLinking CXX shared library libSurface.so[0m
[20.121s] [ 91%] Built target Surface
[20.487s] [ 93%] [32m[1mLinking CXX shared library libScanDockScoringPlugin.so[0m
[20.749s] [ 93%] Built target ScanDockScoringPlugin
[21.744s] [ 95%] [32m[1mLinking CXX shared library libUSVWind.so[0m
[21.868s] [ 97%] [32m[1mLinking CXX shared library libWaveVisual.so[0m
[21.948s] [100%] [32m[1mLinking CXX shared library libWildlifeScoringPlugin.so[0m
[21.957s] [100%] Built target USVWind
[22.105s] [100%] Built target WaveVisual
[22.190s] [100%] Built target WildlifeScoringPlugin
[22.199s] Invoked command in '/home/newman/vrx_ws/src/mission_windwatch/build/vrx_gz' returned '0': CMAKE_PREFIX_PATH=${CMAKE_PREFIX_PATH}:/opt/ros/humble /usr/bin/cmake --build /home/newman/vrx_ws/src/mission_windwatch/build/vrx_gz -- -j9 -l9
[22.261s] Invoking command in '/home/newman/vrx_ws/src/mission_windwatch/build/vrx_gz': CMAKE_PREFIX_PATH=${CMAKE_PREFIX_PATH}:/opt/ros/humble /usr/bin/cmake --install /home/newman/vrx_ws/src/mission_windwatch/build/vrx_gz
[22.266s] -- Install configuration: ""
[22.267s] -- Installing: /home/newman/vrx_ws/src/mission_windwatch/install/share/vrx_gz/environment/resource_paths.dsv
[22.267s] -- Installing: /home/newman/vrx_ws/src/mission_windwatch/install/share/vrx_gz/environment/resource_paths.sh
[22.267s] -- Installing: /home/newman/vrx_ws/src/mission_windwatch/install/lib/libWaves.so
[22.267s] -- Installing: /home/newman/vrx_ws/src/mission_windwatch/install/lib/libPolyhedraBuoyancyDrag.so
[22.268s] -- Set runtime path of "/home/newman/vrx_ws/src/mission_windwatch/install/lib/libPolyhedraBuoyancyDrag.so" to ""
[22.268s] -- Installing: /home/newman/vrx_ws/src/mission_windwatch/install/lib/libScoringPlugin.so
[22.269s] -- Installing: /home/newman/vrx_ws/src/mission_windwatch/install/lib/libStationkeepingScoringPlugin.so
[22.271s] -- Set runtime path of "/home/newman/vrx_ws/src/mission_windwatch/install/lib/libStationkeepingScoringPlugin.so" to ""
[22.271s] -- Installing: /home/newman/vrx_ws/src/mission_windwatch/install/lib/libWayfindingScoringPlugin.so
[22.272s] -- Set runtime path of "/home/newman/vrx_ws/src/mission_windwatch/install/lib/libWayfindingScoringPlugin.so" to ""
[22.272s] -- Installing: /home/newman/vrx_ws/src/mission_windwatch/install/lib/libAcousticPerceptionScoringPlugin.so
[22.274s] -- Set runtime path of "/home/newman/vrx_ws/src/mission_windwatch/install/lib/libAcousticPerceptionScoringPlugin.so" to ""
[22.274s] -- Installing: /home/newman/vrx_ws/src/mission_windwatch/install/lib/libAcousticTrackingScoringPlugin.so
[22.275s] -- Set runtime path of "/home/newman/vrx_ws/src/mission_windwatch/install/lib/libAcousticTrackingScoringPlugin.so" to ""
[22.275s] -- Installing: /home/newman/vrx_ws/src/mission_windwatch/install/lib/libAcousticPingerPlugin.so
[22.276s] -- Set runtime path of "/home/newman/vrx_ws/src/mission_windwatch/install/lib/libAcousticPingerPlugin.so" to ""
[22.276s] -- Installing: /home/newman/vrx_ws/src/mission_windwatch/install/lib/libBallShooterPlugin.so
[22.278s] -- Set runtime path of "/home/newman/vrx_ws/src/mission_windwatch/install/lib/libBallShooterPlugin.so" to ""
[22.278s] -- Installing: /home/newman/vrx_ws/src/mission_windwatch/install/lib/libLightBuoyPlugin.so
[22.279s] -- Set runtime path of "/home/newman/vrx_ws/src/mission_windwatch/install/lib/libLightBuoyPlugin.so" to ""
[22.279s] -- Installing: /home/newman/vrx_ws/src/mission_windwatch/install/lib/libNavigationScoringPlugin.so
[22.280s] -- Set runtime path of "/home/newman/vrx_ws/src/mission_windwatch/install/lib/libNavigationScoringPlugin.so" to ""
[22.280s] -- Installing: /home/newman/vrx_ws/src/mission_windwatch/install/lib/libGymkhanaScoringPlugin.so
[22.281s] -- Set runtime path of "/home/newman/vrx_ws/src/mission_windwatch/install/lib/libGymkhanaScoringPlugin.so" to ""
[22.281s] -- Installing: /home/newman/vrx_ws/src/mission_windwatch/install/lib/libPerceptionScoringPlugin.so
[22.283s] -- Set runtime path of "/home/newman/vrx_ws/src/mission_windwatch/install/lib/libPerceptionScoringPlugin.so" to ""
[22.283s] -- Installing: /home/newman/vrx_ws/src/mission_windwatch/install/lib/libPlacardPlugin.so
[22.284s] -- Set runtime path of "/home/newman/vrx_ws/src/mission_windwatch/install/lib/libPlacardPlugin.so" to ""
[22.284s] -- Installing: /home/newman/vrx_ws/src/mission_windwatch/install/lib/libPublisherPlugin.so
[22.285s] -- Set runtime path of "/home/newman/vrx_ws/src/mission_windwatch/install/lib/libPublisherPlugin.so" to ""
[22.285s] -- Installing: /home/newman/vrx_ws/src/mission_windwatch/install/lib/libScanDockScoringPlugin.so
[22.287s] -- Set runtime path of "/home/newman/vrx_ws/src/mission_windwatch/install/lib/libScanDockScoringPlugin.so" to ""
[22.287s] -- Installing: /home/newman/vrx_ws/src/mission_windwatch/install/lib/libSimpleHydrodynamics.so
[22.288s] -- Set runtime path of "/home/newman/vrx_ws/src/mission_windwatch/install/lib/libSimpleHydrodynamics.so" to ""
[22.288s] -- Installing: /home/newman/vrx_ws/src/mission_windwatch/install/lib/libSurface.so
[22.289s] -- Set runtime path of "/home/newman/vrx_ws/src/mission_windwatch/install/lib/libSurface.so" to ""
[22.290s] -- Installing: /home/newman/vrx_ws/src/mission_windwatch/install/lib/libUSVWind.so
[22.291s] -- Set runtime path of "/home/newman/vrx_ws/src/mission_windwatch/install/lib/libUSVWind.so" to ""
[22.291s] -- Installing: /home/newman/vrx_ws/src/mission_windwatch/install/lib/libWaveVisual.so
[22.292s] -- Set runtime path of "/home/newman/vrx_ws/src/mission_windwatch/install/lib/libWaveVisual.so" to ""
[22.292s] -- Installing: /home/newman/vrx_ws/src/mission_windwatch/install/lib/libWildlifeScoringPlugin.so
[22.293s] -- Set runtime path of "/home/newman/vrx_ws/src/mission_windwatch/install/lib/libWildlifeScoringPlugin.so" to ""
[22.293s] -- Installing: /home/newman/vrx_ws/src/mission_windwatch/install/share/vrx_gz/environment/pythonpath.sh
[22.293s] -- Installing: /home/newman/vrx_ws/src/mission_windwatch/install/share/vrx_gz/environment/pythonpath.dsv
[22.294s] -- Installing: /home/newman/vrx_ws/src/mission_windwatch/install/local/lib/python3.10/dist-packages/vrx_gz-0.0.0-py3.10.egg-info
[22.294s] -- Installing: /home/newman/vrx_ws/src/mission_windwatch/install/local/lib/python3.10/dist-packages/vrx_gz-0.0.0-py3.10.egg-info/SOURCES.txt
[22.295s] -- Installing: /home/newman/vrx_ws/src/mission_windwatch/install/local/lib/python3.10/dist-packages/vrx_gz-0.0.0-py3.10.egg-info/dependency_links.txt
[22.295s] -- Installing: /home/newman/vrx_ws/src/mission_windwatch/install/local/lib/python3.10/dist-packages/vrx_gz-0.0.0-py3.10.egg-info/PKG-INFO
[22.295s] -- Installing: /home/newman/vrx_ws/src/mission_windwatch/install/local/lib/python3.10/dist-packages/vrx_gz-0.0.0-py3.10.egg-info/top_level.txt
[22.295s] -- Installing: /home/newman/vrx_ws/src/mission_windwatch/install/local/lib/python3.10/dist-packages/vrx_gz
[22.295s] -- Installing: /home/newman/vrx_ws/src/mission_windwatch/install/local/lib/python3.10/dist-packages/vrx_gz/payload_bridges.py
[22.295s] -- Installing: /home/newman/vrx_ws/src/mission_windwatch/install/local/lib/python3.10/dist-packages/vrx_gz/model.py
[22.295s] -- Installing: /home/newman/vrx_ws/src/mission_windwatch/install/local/lib/python3.10/dist-packages/vrx_gz/bridges.py
[22.295s] -- Installing: /home/newman/vrx_ws/src/mission_windwatch/install/local/lib/python3.10/dist-packages/vrx_gz/bridge.py
[22.295s] -- Installing: /home/newman/vrx_ws/src/mission_windwatch/install/local/lib/python3.10/dist-packages/vrx_gz/launch.py
[22.295s] -- Installing: /home/newman/vrx_ws/src/mission_windwatch/install/local/lib/python3.10/dist-packages/vrx_gz/__init__.py
[22.322s] Listing '/home/newman/vrx_ws/src/mission_windwatch/install/local/lib/python3.10/dist-packages/vrx_gz'...
[22.322s] Compiling '/home/newman/vrx_ws/src/mission_windwatch/install/local/lib/python3.10/dist-packages/vrx_gz/__init__.py'...
[22.322s] Compiling '/home/newman/vrx_ws/src/mission_windwatch/install/local/lib/python3.10/dist-packages/vrx_gz/bridge.py'...
[22.322s] Compiling '/home/newman/vrx_ws/src/mission_windwatch/install/local/lib/python3.10/dist-packages/vrx_gz/bridges.py'...
[22.322s] Compiling '/home/newman/vrx_ws/src/mission_windwatch/install/local/lib/python3.10/dist-packages/vrx_gz/launch.py'...
[22.322s] Compiling '/home/newman/vrx_ws/src/mission_windwatch/install/local/lib/python3.10/dist-packages/vrx_gz/model.py'...
[22.322s] Compiling '/home/newman/vrx_ws/src/mission_windwatch/install/local/lib/python3.10/dist-packages/vrx_gz/payload_bridges.py'...
[22.325s] -- Installing: /home/newman/vrx_ws/src/mission_windwatch/install/share/vrx_gz/config
[22.325s] -- Installing: /home/newman/vrx_ws/src/mission_windwatch/install/share/vrx_gz/config/wamv.yaml
[22.325s] -- Installing: /home/newman/vrx_ws/src/mission_windwatch/install/share/vrx_gz/config/roboboat.yaml
[22.326s] -- Installing: /home/newman/vrx_ws/src/mission_windwatch/install/share/vrx_gz/launch
[22.326s] -- Installing: /home/newman/vrx_ws/src/mission_windwatch/install/share/vrx_gz/launch/competition.launch.py
[22.326s] -- Installing: /home/newman/vrx_ws/src/mission_windwatch/install/share/vrx_gz/launch/spawn.launch.py
[22.326s] -- Installing: /home/newman/vrx_ws/src/mission_windwatch/install/share/vrx_gz/launch/spawn_config.launch.py
[22.326s] -- Installing: /home/newman/vrx_ws/src/mission_windwatch/install/share/vrx_gz/launch/vrx_environment.launch.py
[22.326s] -- Installing: /home/newman/vrx_ws/src/mission_windwatch/install/share/vrx_gz/launch/usv_joy_teleop.py
[22.326s] -- Installing: /home/newman/vrx_ws/src/mission_windwatch/install/share/vrx_gz/models
[22.326s] -- Installing: /home/newman/vrx_ws/src/mission_windwatch/install/share/vrx_gz/models/robotx_light_buoy_rgb
[22.326s] -- Installing: /home/newman/vrx_ws/src/mission_windwatch/install/share/vrx_gz/models/robotx_light_buoy_rgb/model.config
[22.326s] -- Installing: /home/newman/vrx_ws/src/mission_windwatch/install/share/vrx_gz/models/robotx_light_buoy_rgb/model.sdf
[22.326s] -- Installing: /home/newman/vrx_ws/src/mission_windwatch/install/share/vrx_gz/models/robotx_light_buoy_rgb/mesh
[22.326s] -- Installing: /home/newman/vrx_ws/src/mission_windwatch/install/share/vrx_gz/models/robotx_light_buoy_rgb/mesh/LightTower_Normal.png
[22.328s] -- Installing: /home/newman/vrx_ws/src/mission_windwatch/install/share/vrx_gz/models/robotx_light_buoy_rgb/mesh/LightTower_Albedo.png
[22.329s] -- Installing: /home/newman/vrx_ws/src/mission_windwatch/install/share/vrx_gz/models/robotx_light_buoy_rgb/mesh/LightTower_Metalness.png
[22.329s] -- Installing: /home/newman/vrx_ws/src/mission_windwatch/install/share/vrx_gz/models/robotx_light_buoy_rgb/mesh/LightTower_Roughness.png
[22.330s] -- Installing: /home/newman/vrx_ws/src/mission_windwatch/install/share/vrx_gz/models/robotx_light_buoy_rgb/mesh/LightTower_Opacity.png
[22.330s] -- Installing: /home/newman/vrx_ws/src/mission_windwatch/install/share/vrx_gz/models/robotx_light_buoy_rgb/mesh/robotx_light_buoy.dae
[22.330s] -- Installing: /home/newman/vrx_ws/src/mission_windwatch/install/share/vrx_gz/models/robotx_light_buoy_ygb
[22.330s] -- Installing: /home/newman/vrx_ws/src/mission_windwatch/install/share/vrx_gz/models/robotx_light_buoy_ygb/model.config
[22.331s] -- Installing: /home/newman/vrx_ws/src/mission_windwatch/install/share/vrx_gz/models/robotx_light_buoy_ygb/model.sdf
[22.331s] -- Installing: /home/newman/vrx_ws/src/mission_windwatch/install/share/vrx_gz/models/short_navigation_course_2
[22.331s] -- Installing: /home/newman/vrx_ws/src/mission_windwatch/install/share/vrx_gz/models/short_navigation_course_2/model.config
[22.331s] -- Installing: /home/newman/vrx_ws/src/mission_windwatch/install/share/vrx_gz/models/short_navigation_course_2/model.sdf
[22.331s] -- Installing: /home/newman/vrx_ws/src/mission_windwatch/install/share/vrx_gz/models/roboboat01
[22.332s] -- Installing: /home/newman/vrx_ws/src/mission_windwatch/install/share/vrx_gz/models/roboboat01/materials
[22.332s] -- Installing: /home/newman/vrx_ws/src/mission_windwatch/install/share/vrx_gz/models/roboboat01/materials/textures
[22.332s] -- Installing: /home/newman/vrx_ws/src/mission_windwatch/install/share/vrx_gz/models/roboboat01/materials/textures/Boat01_Metallic.png
[22.332s] -- Installing: /home/newman/vrx_ws/src/mission_windwatch/install/share/vrx_gz/models/roboboat01/materials/textures/Thruster_Albedo.png
[22.332s] -- Installing: /home/newman/vrx_ws/src/mission_windwatch/install/share/vrx_gz/models/roboboat01/materials/textures/Boat01_Roughness.png
[22.334s] -- Installing: /home/newman/vrx_ws/src/mission_windwatch/install/share/vrx_gz/models/roboboat01/materials/textures/Boat01_Albedo.png
[22.337s] -- Installing: /home/newman/vrx_ws/src/mission_windwatch/install/share/vrx_gz/models/roboboat01/materials/textures/Boat01_Normal.png
[22.338s] -- Installing: /home/newman/vrx_ws/src/mission_windwatch/install/share/vrx_gz/models/roboboat01/materials/textures/Thruster_Roughness.png
[22.338s] -- Installing: /home/newman/vrx_ws/src/mission_windwatch/install/share/vrx_gz/models/roboboat01/materials/scripts
[22.338s] -- Installing: /home/newman/vrx_ws/src/mission_windwatch/install/share/vrx_gz/models/roboboat01/materials/scripts/model.material
[22.338s] -- Installing: /home/newman/vrx_ws/src/mission_windwatch/install/share/vrx_gz/models/roboboat01/model.config
[22.338s] -- Installing: /home/newman/vrx_ws/src/mission_windwatch/install/share/vrx_gz/models/roboboat01/meshes
[22.338s] -- Installing: /home/newman/vrx_ws/src/mission_windwatch/install/share/vrx_gz/models/roboboat01/meshes/roboboat01.dae
[22.339s] -- Installing: /home/newman/vrx_ws/src/mission_windwatch/install/share/vrx_gz/models/roboboat01/meshes/prop.dae
[22.339s] -- Installing: /home/newman/vrx_ws/src/mission_windwatch/install/share/vrx_gz/models/roboboat01/meshes/mount.dae
[22.339s] -- Installing: /home/newman/vrx_ws/src/mission_windwatch/install/share/vrx_gz/models/roboboat01/meshes/housing.dae
[22.339s] -- Installing: /home/newman/vrx_ws/src/mission_windwatch/install/share/vrx_gz/models/roboboat01/model.sdf
[22.340s] -- Installing: /home/newman/vrx_ws/src/mission_windwatch/install/share/vrx_gz/models/dock_2022_base
[22.340s] -- Installing: /home/newman/vrx_ws/src/mission_windwatch/install/share/vrx_gz/models/dock_2022_base/model.config
[22.340s] -- Installing: /home/newman/vrx_ws/src/mission_windwatch/install/share/vrx_gz/models/dock_2022_base/model.sdf
[22.340s] -- Installing: /home/newman/vrx_ws/src/mission_windwatch/install/share/vrx_gz/models/roboboat_cpubox
[22.340s] -- Installing: /home/newman/vrx_ws/src/mission_windwatch/install/share/vrx_gz/models/roboboat_cpubox/materials
[22.340s] -- Installing: /home/newman/vrx_ws/src/mission_windwatch/install/share/vrx_gz/models/roboboat_cpubox/materials/textures
[22.340s] -- Installing: /home/newman/vrx_ws/src/mission_windwatch/install/share/vrx_gz/models/roboboat_cpubox/materials/textures/DryBox_Roughness.png
[22.344s] -- Installing: /home/newman/vrx_ws/src/mission_windwatch/install/share/vrx_gz/models/roboboat_cpubox/materials/textures/DryBox_Albedo.png
[22.347s] -- Installing: /home/newman/vrx_ws/src/mission_windwatch/install/share/vrx_gz/models/roboboat_cpubox/model.config
[22.347s] -- Installing: /home/newman/vrx_ws/src/mission_windwatch/install/share/vrx_gz/models/roboboat_cpubox/meshes
[22.347s] -- Installing: /home/newman/vrx_ws/src/mission_windwatch/install/share/vrx_gz/models/roboboat_cpubox/meshes/drybox.dae
[22.348s] -- Installing: /home/newman/vrx_ws/src/mission_windwatch/install/share/vrx_gz/models/roboboat_cpubox/model.sdf
[22.348s] -- Installing: /home/newman/vrx_ws/src/mission_windwatch/install/share/vrx_gz/models/robotx_light_buoy_bgy
[22.348s] -- Installing: /home/newman/vrx_ws/src/mission_windwatch/install/share/vrx_gz/models/robotx_light_buoy_bgy/model.config
[22.348s] -- Installing: /home/newman/vrx_ws/src/mission_windwatch/install/share/vrx_gz/models/robotx_light_buoy_bgy/model.sdf
[22.348s] -- Installing: /home/newman/vrx_ws/src/mission_windwatch/install/share/vrx_gz/models/symbol_triangle
[22.348s] -- Installing: /home/newman/vrx_ws/src/mission_windwatch/install/share/vrx_gz/models/symbol_triangle/model.config
[22.348s] -- Installing: /home/newman/vrx_ws/src/mission_windwatch/install/share/vrx_gz/models/symbol_triangle/model.sdf
[22.348s] -- Installing: /home/newman/vrx_ws/src/mission_windwatch/install/share/vrx_gz/models/symbol_triangle/mesh
[22.348s] -- Installing: /home/newman/vrx_ws/src/mission_windwatch/install/share/vrx_gz/models/symbol_triangle/mesh/triangle.dae
[22.348s] -- Installing: /home/newman/vrx_ws/src/mission_windwatch/install/share/vrx_gz/models/short_course_2023_phase3_1
[22.349s] -- Installing: /home/newman/vrx_ws/src/mission_windwatch/install/share/vrx_gz/models/short_course_2023_phase3_1/model.config
[22.349s] -- Installing: /home/newman/vrx_ws/src/mission_windwatch/install/share/vrx_gz/models/short_course_2023_phase3_1/model.sdf
[22.349s] -- Installing: /home/newman/vrx_ws/src/mission_windwatch/install/share/vrx_gz/models/short_navigation_course_3
[22.349s] -- Installing: /home/newman/vrx_ws/src/mission_windwatch/install/share/vrx_gz/models/short_navigation_course_3/model.config
[22.349s] -- Installing: /home/newman/vrx_ws/src/mission_windwatch/install/share/vrx_gz/models/short_navigation_course_3/model.sdf
[22.349s] -- Installing: /home/newman/vrx_ws/src/mission_windwatch/install/share/vrx_gz/models/robotx_light_buoy_yrg
[22.349s] -- Installing: /home/newman/vrx_ws/src/mission_windwatch/install/share/vrx_gz/models/robotx_light_buoy_yrg/model.config
[22.349s] -- Installing: /home/newman/vrx_ws/src/mission_windwatch/install/share/vrx_gz/models/robotx_light_buoy_yrg/model.sdf
[22.349s] -- Installing: /home/newman/vrx_ws/src/mission_windwatch/install/share/vrx_gz/models/short_navigation_course_4
[22.349s] -- Installing: /home/newman/vrx_ws/src/mission_windwatch/install/share/vrx_gz/models/short_navigation_course_4/model.config
[22.349s] -- Installing: /home/newman/vrx_ws/src/mission_windwatch/install/share/vrx_gz/models/short_navigation_course_4/model.sdf
[22.350s] -- Installing: /home/newman/vrx_ws/src/mission_windwatch/install/share/vrx_gz/models/dock_2022
[22.350s] -- Installing: /home/newman/vrx_ws/src/mission_windwatch/install/share/vrx_gz/models/dock_2022/model.config
[22.350s] -- Installing: /home/newman/vrx_ws/src/mission_windwatch/install/share/vrx_gz/models/dock_2022/model.sdf
[22.350s] -- Installing: /home/newman/vrx_ws/src/mission_windwatch/install/share/vrx_gz/models/dock_block_4x4
[22.350s] -- Installing: /home/newman/vrx_ws/src/mission_windwatch/install/share/vrx_gz/models/dock_block_4x4/model.config
[22.350s] -- Installing: /home/newman/vrx_ws/src/mission_windwatch/install/share/vrx_gz/models/dock_block_4x4/model.sdf
[22.350s] -- Installing: /home/newman/vrx_ws/src/mission_windwatch/install/share/vrx_gz/models/dock_block_4x4/mesh
[22.350s] -- Installing: /home/newman/vrx_ws/src/mission_windwatch/install/share/vrx_gz/models/dock_block_4x4/mesh/DockCubes_Albedo.png
[22.350s] -- Installing: /home/newman/vrx_ws/src/mission_windwatch/install/share/vrx_gz/models/dock_block_4x4/mesh/dock_block_4x4.dae
[22.351s] -- Installing: /home/newman/vrx_ws/src/mission_windwatch/install/share/vrx_gz/models/dock_block_4x4/mesh/DockCubes_Normal.png
[22.366s] -- Installing: /home/newman/vrx_ws/src/mission_windwatch/install/share/vrx_gz/models/dock_block_4x4/mesh/DockCubes_Roughness.png
[22.366s] -- Installing: /home/newman/vrx_ws/src/mission_windwatch/install/share/vrx_gz/models/dock_block_4x4/mesh/DockCubes_Metalness.png
[22.367s] -- Installing: /home/newman/vrx_ws/src/mission_windwatch/install/share/vrx_gz/models/short_navigation_course_5
[22.367s] -- Installing: /home/newman/vrx_ws/src/mission_windwatch/install/share/vrx_gz/models/short_navigation_course_5/model.config
[22.367s] -- Installing: /home/newman/vrx_ws/src/mission_windwatch/install/share/vrx_gz/models/short_navigation_course_5/model.sdf
[22.367s] -- Installing: /home/newman/vrx_ws/src/mission_windwatch/install/share/vrx_gz/models/robotx_light_buoy_rgy
[22.367s] -- Installing: /home/newman/vrx_ws/src/mission_windwatch/install/share/vrx_gz/models/robotx_light_buoy_rgy/model.config
[22.367s] -- Installing: /home/newman/vrx_ws/src/mission_windwatch/install/share/vrx_gz/models/robotx_light_buoy_rgy/model.sdf
[22.367s] -- Installing: /home/newman/vrx_ws/src/mission_windwatch/install/share/vrx_gz/models/short_course_2023_phase3_2
[22.367s] -- Installing: /home/newman/vrx_ws/src/mission_windwatch/install/share/vrx_gz/models/short_course_2023_phase3_2/model.config
[22.367s] -- Installing: /home/newman/vrx_ws/src/mission_windwatch/install/share/vrx_gz/models/short_course_2023_phase3_2/model.sdf
[22.367s] -- Installing: /home/newman/vrx_ws/src/mission_windwatch/install/share/vrx_gz/models/articulated_platform
[22.367s] -- Installing: /home/newman/vrx_ws/src/mission_windwatch/install/share/vrx_gz/models/articulated_platform/model.config
[22.368s] -- Installing: /home/newman/vrx_ws/src/mission_windwatch/install/share/vrx_gz/models/articulated_platform/model.sdf
[22.368s] -- Installing: /home/newman/vrx_ws/src/mission_windwatch/install/share/vrx_gz/models/short_navigation_course_1
[22.368s] -- Installing: /home/newman/vrx_ws/src/mission_windwatch/install/share/vrx_gz/models/short_navigation_course_1/model.config
[22.368s] -- Installing: /home/newman/vrx_ws/src/mission_windwatch/install/share/vrx_gz/models/short_navigation_course_1/model.sdf
[22.368s] -- Installing: /home/newman/vrx_ws/src/mission_windwatch/install/share/vrx_gz/models/obstacle_course
[22.368s] -- Installing: /home/newman/vrx_ws/src/mission_windwatch/install/share/vrx_gz/models/obstacle_course/model.config
[22.368s] -- Installing: /home/newman/vrx_ws/src/mission_windwatch/install/share/vrx_gz/models/obstacle_course/model.sdf
[22.368s] -- Installing: /home/newman/vrx_ws/src/mission_windwatch/install/share/vrx_gz/models/robotx_light_buoy_gbr
[22.368s] -- Installing: /home/newman/vrx_ws/src/mission_windwatch/install/share/vrx_gz/models/robotx_light_buoy_gbr/model.config
[22.368s] -- Installing: /home/newman/vrx_ws/src/mission_windwatch/install/share/vrx_gz/models/robotx_light_buoy_gbr/model.sdf
[22.369s] -- Installing: /home/newman/vrx_ws/src/mission_windwatch/install/share/vrx_gz/models/coast_waves
[22.369s] -- Installing: /home/newman/vrx_ws/src/mission_windwatch/install/share/vrx_gz/models/coast_waves/materials
[22.369s] -- Installing: /home/newman/vrx_ws/src/mission_windwatch/install/share/vrx_gz/models/coast_waves/materials/programs
[22.369s] -- Installing: /home/newman/vrx_ws/src/mission_windwatch/install/share/vrx_gz/models/coast_waves/materials/programs/GerstnerWaves_fs_330.glsl
[22.369s] -- Installing: /home/newman/vrx_ws/src/mission_windwatch/install/share/vrx_gz/models/coast_waves/materials/programs/GerstnerWaves_vs_330.glsl
[22.369s] -- Installing: /home/newman/vrx_ws/src/mission_windwatch/install/share/vrx_gz/models/coast_waves/materials/textures
[22.369s] -- Installing: /home/newman/vrx_ws/src/mission_windwatch/install/share/vrx_gz/models/coast_waves/materials/textures/skybox_lowres.dds
[22.369s] -- Installing: /home/newman/vrx_ws/src/mission_windwatch/install/share/vrx_gz/models/coast_waves/materials/textures/wave_normals.dds
[22.369s] -- Installing: /home/newman/vrx_ws/src/mission_windwatch/install/share/vrx_gz/models/coast_waves/model.config
[22.369s] -- Installing: /home/newman/vrx_ws/src/mission_windwatch/install/share/vrx_gz/models/coast_waves/meshes
[22.370s] -- Installing: /home/newman/vrx_ws/src/mission_windwatch/install/share/vrx_gz/models/coast_waves/meshes/waterlow.dae
[22.377s] -- Installing: /home/newman/vrx_ws/src/mission_windwatch/install/share/vrx_gz/models/coast_waves/model.sdf
[22.377s] -- Installing: /home/newman/vrx_ws/src/mission_windwatch/install/share/vrx_gz/models/robotx_light_buoy_ybr
[22.377s] -- Installing: /home/newman/vrx_ws/src/mission_windwatch/install/share/vrx_gz/models/robotx_light_buoy_ybr/model.config
[22.378s] -- Installing: /home/newman/vrx_ws/src/mission_windwatch/install/share/vrx_gz/models/robotx_light_buoy_ybr/model.sdf
[22.378s] -- Installing: /home/newman/vrx_ws/src/mission_windwatch/install/share/vrx_gz/models/roboboat02
[22.378s] -- Installing: /home/newman/vrx_ws/src/mission_windwatch/install/share/vrx_gz/models/roboboat02/materials
[22.378s] -- Installing: /home/newman/vrx_ws/src/mission_windwatch/install/share/vrx_gz/models/roboboat02/materials/textures
[22.378s] -- Installing: /home/newman/vrx_ws/src/mission_windwatch/install/share/vrx_gz/models/roboboat02/materials/textures/Boat02_Roughness.png
[22.379s] -- Installing: /home/newman/vrx_ws/src/mission_windwatch/install/share/vrx_gz/models/roboboat02/materials/textures/Boat02_Normal.png
[22.380s] -- Installing: /home/newman/vrx_ws/src/mission_windwatch/install/share/vrx_gz/models/roboboat02/materials/textures/Boat02_Metallic.png
[22.380s] -- Installing: /home/newman/vrx_ws/src/mission_windwatch/install/share/vrx_gz/models/roboboat02/materials/textures/Boat02_Albedo.png
[22.383s] -- Installing: /home/newman/vrx_ws/src/mission_windwatch/install/share/vrx_gz/models/roboboat02/materials/scripts
[22.383s] -- Installing: /home/newman/vrx_ws/src/mission_windwatch/install/share/vrx_gz/models/roboboat02/materials/scripts/model.material
[22.383s] -- Installing: /home/newman/vrx_ws/src/mission_windwatch/install/share/vrx_gz/models/roboboat02/model.config
[22.383s] -- Installing: /home/newman/vrx_ws/src/mission_windwatch/install/share/vrx_gz/models/roboboat02/meshes
[22.383s] -- Installing: /home/newman/vrx_ws/src/mission_windwatch/install/share/vrx_gz/models/roboboat02/meshes/roboboat02.dae
[22.384s] -- Installing: /home/newman/vrx_ws/src/mission_windwatch/install/share/vrx_gz/models/roboboat02/model.sdf
[22.384s] -- Installing: /home/newman/vrx_ws/src/mission_windwatch/install/share/vrx_gz/models/robotx_light_buoy_rbg
[22.384s] -- Installing: /home/newman/vrx_ws/src/mission_windwatch/install/share/vrx_gz/models/robotx_light_buoy_rbg/model.config
[22.384s] -- Installing: /home/newman/vrx_ws/src/mission_windwatch/install/share/vrx_gz/models/robotx_light_buoy_rbg/model.sdf
[22.384s] -- Installing: /home/newman/vrx_ws/src/mission_windwatch/install/share/vrx_gz/models/short_navigation_course_0
[22.384s] -- Installing: /home/newman/vrx_ws/src/mission_windwatch/install/share/vrx_gz/models/short_navigation_course_0/model.config
[22.384s] -- Installing: /home/newman/vrx_ws/src/mission_windwatch/install/share/vrx_gz/models/short_navigation_course_0/model.sdf
[22.385s] -- Installing: /home/newman/vrx_ws/src/mission_windwatch/install/share/vrx_gz/models/entrance_exit
[22.385s] -- Installing: /home/newman/vrx_ws/src/mission_windwatch/install/share/vrx_gz/models/entrance_exit/model.config
[22.385s] -- Installing: /home/newman/vrx_ws/src/mission_windwatch/install/share/vrx_gz/models/entrance_exit/model.sdf
[22.385s] -- Installing: /home/newman/vrx_ws/src/mission_windwatch/install/share/vrx_gz/models/platform
[22.385s] -- Installing: /home/newman/vrx_ws/src/mission_windwatch/install/share/vrx_gz/models/platform/model.config
[22.385s] -- Installing: /home/newman/vrx_ws/src/mission_windwatch/install/share/vrx_gz/models/platform/model.sdf
[22.385s] -- Installing: /home/newman/vrx_ws/src/mission_windwatch/install/share/vrx_gz/models/placard_2022
[22.385s] -- Installing: /home/newman/vrx_ws/src/mission_windwatch/install/share/vrx_gz/models/placard_2022/materials
[22.385s] -- Installing: /home/newman/vrx_ws/src/mission_windwatch/install/share/vrx_gz/models/placard_2022/materials/textures
[22.386s] -- Installing: /home/newman/vrx_ws/src/mission_windwatch/install/share/vrx_gz/models/placard_2022/materials/textures/Placard.png
[22.386s] -- Installing: /home/newman/vrx_ws/src/mission_windwatch/install/share/vrx_gz/models/placard_2022/model.config
[22.386s] -- Installing: /home/newman/vrx_ws/src/mission_windwatch/install/share/vrx_gz/models/placard_2022/meshes
[22.386s] -- Installing: /home/newman/vrx_ws/src/mission_windwatch/install/share/vrx_gz/models/placard_2022/meshes/placard_2022.dae
[22.386s] -- Installing: /home/newman/vrx_ws/src/mission_windwatch/install/share/vrx_gz/models/placard_2022/model.sdf
[22.386s] -- Installing: /home/newman/vrx_ws/src/mission_windwatch/install/share/vrx_gz/models/robotx_light_buoy_bgr
[22.386s] -- Installing: /home/newman/vrx_ws/src/mission_windwatch/install/share/vrx_gz/models/robotx_light_buoy_bgr/model.config
[22.386s] -- Installing: /home/newman/vrx_ws/src/mission_windwatch/install/share/vrx_gz/models/robotx_light_buoy_bgr/model.sdf
[22.386s] -- Installing: /home/newman/vrx_ws/src/mission_windwatch/install/share/vrx_gz/worlds
[22.386s] -- Installing: /home/newman/vrx_ws/src/mission_windwatch/install/share/vrx_gz/worlds/follow_path_task.sdf
[22.386s] -- Installing: /home/newman/vrx_ws/src/mission_windwatch/install/share/vrx_gz/worlds/2023_practice
[22.386s] -- Installing: /home/newman/vrx_ws/src/mission_windwatch/install/share/vrx_gz/worlds/2023_practice/practice_2023_acoustic_perception1_task.sdf
[22.386s] -- Installing: /home/newman/vrx_ws/src/mission_windwatch/install/share/vrx_gz/worlds/2023_practice/practice_2023_wayfinding2_task.sdf
[22.387s] -- Installing: /home/newman/vrx_ws/src/mission_windwatch/install/share/vrx_gz/worlds/2023_practice/practice_2023_acoustic_perception2_task.sdf
[22.387s] -- Installing: /home/newman/vrx_ws/src/mission_windwatch/install/share/vrx_gz/worlds/2023_practice/practice_2023_wildlife2_task.sdf
[22.387s] -- Installing: /home/newman/vrx_ws/src/mission_windwatch/install/share/vrx_gz/worlds/2023_practice/practice_2023_follow_path2_task.sdf
[22.387s] -- Installing: /home/newman/vrx_ws/src/mission_windwatch/install/share/vrx_gz/worlds/2023_practice/practice_2023_acoustic_tracking0_task.sdf
[22.387s] -- Installing: /home/newman/vrx_ws/src/mission_windwatch/install/share/vrx_gz/worlds/2023_practice/practice_2023_stationkeeping2_task.sdf
[22.387s] -- Installing: /home/newman/vrx_ws/src/mission_windwatch/install/share/vrx_gz/worlds/2023_practice/practice_2023_wayfinding1_task.sdf
[22.387s] -- Installing: /home/newman/vrx_ws/src/mission_windwatch/install/share/vrx_gz/worlds/2023_practice/practice_2023_wayfinding0_task.sdf
[22.387s] -- Installing: /home/newman/vrx_ws/src/mission_windwatch/install/share/vrx_gz/worlds/2023_practice/practice_2023_perception1_task.sdf
[22.387s] -- Installing: /home/newman/vrx_ws/src/mission_windwatch/install/share/vrx_gz/worlds/2023_practice/practice_2023_follow_path1_task.sdf
[22.387s] -- Installing: /home/newman/vrx_ws/src/mission_windwatch/install/share/vrx_gz/worlds/2023_practice/practice_2023_follow_path0_task.sdf
[22.387s] -- Installing: /home/newman/vrx_ws/src/mission_windwatch/install/share/vrx_gz/worlds/2023_practice/practice_2023_scan_dock_deliver0_task.sdf
[22.388s] -- Installing: /home/newman/vrx_ws/src/mission_windwatch/install/share/vrx_gz/worlds/2023_practice/practice_2023_perception0_task.sdf
[22.388s] -- Installing: /home/newman/vrx_ws/src/mission_windwatch/install/share/vrx_gz/worlds/2023_practice/practice_2023_perception2_task.sdf
[22.388s] -- Installing: /home/newman/vrx_ws/src/mission_windwatch/install/share/vrx_gz/worlds/2023_practice/practice_2023_stationkeeping1_task.sdf
[22.388s] -- Installing: /home/newman/vrx_ws/src/mission_windwatch/install/share/vrx_gz/worlds/2023_practice/practice_2023_scan_dock_deliver1_task.sdf
[22.388s] -- Installing: /home/newman/vrx_ws/src/mission_windwatch/install/share/vrx_gz/worlds/2023_practice/practice_2023_acoustic_tracking2_task.sdf
[22.388s] -- Installing: /home/newman/vrx_ws/src/mission_windwatch/install/share/vrx_gz/worlds/2023_practice/practice_2023_stationkeeping0_task.sdf
[22.388s] -- Installing: /home/newman/vrx_ws/src/mission_windwatch/install/share/vrx_gz/worlds/2023_practice/practice_2023_wildlife0_task.sdf
[22.388s] -- Installing: /home/newman/vrx_ws/src/mission_windwatch/install/share/vrx_gz/worlds/2023_practice/practice_2023_scan_dock_deliver2_task.sdf
[22.388s] -- Installing: /home/newman/vrx_ws/src/mission_windwatch/install/share/vrx_gz/worlds/2023_practice/practice_2023_acoustic_tracking1_task.sdf
[22.388s] -- Installing: /home/newman/vrx_ws/src/mission_windwatch/install/share/vrx_gz/worlds/2023_practice/practice_2023_wildlife1_task.sdf
[22.389s] -- Installing: /home/newman/vrx_ws/src/mission_windwatch/install/share/vrx_gz/worlds/2023_practice/practice_2023_acoustic_perception0_task.sdf
[22.389s] -- Installing: /home/newman/vrx_ws/src/mission_windwatch/install/share/vrx_gz/worlds/stationkeeping_task.sdf
[22.389s] -- Installing: /home/newman/vrx_ws/src/mission_windwatch/install/share/vrx_gz/worlds/acoustic_tracking_task.sdf
[22.389s] -- Installing: /home/newman/vrx_ws/src/mission_windwatch/install/share/vrx_gz/worlds/perception_task.sdf
[22.389s] -- Installing: /home/newman/vrx_ws/src/mission_windwatch/install/share/vrx_gz/worlds/wildlife_task.sdf
[22.389s] -- Installing: /home/newman/vrx_ws/src/mission_windwatch/install/share/vrx_gz/worlds/acoustic_perception_task.sdf
[22.389s] -- Installing: /home/newman/vrx_ws/src/mission_windwatch/install/share/vrx_gz/worlds/sydney_regatta.sdf
[22.389s] -- Installing: /home/newman/vrx_ws/src/mission_windwatch/install/share/vrx_gz/worlds/scan_dock_deliver_task.sdf
[22.389s] -- Installing: /home/newman/vrx_ws/src/mission_windwatch/install/share/vrx_gz/worlds/wayfinding_task.sdf
[22.389s] -- Installing: /home/newman/vrx_ws/src/mission_windwatch/install/share/vrx_gz/worlds/gymkhana_task.sdf
[22.389s] -- Installing: /home/newman/vrx_ws/src/mission_windwatch/install/share/vrx_gz/worlds/nbpark.sdf
[22.389s] -- Installing: /home/newman/vrx_ws/src/mission_windwatch/install/share/vrx_gz/worlds/navigation_task.sdf
[22.390s] -- Installing: /home/newman/vrx_ws/src/mission_windwatch/install/share/ament_index/resource_index/package_run_dependencies/vrx_gz
[22.390s] -- Installing: /home/newman/vrx_ws/src/mission_windwatch/install/share/ament_index/resource_index/parent_prefix_path/vrx_gz
[22.390s] -- Installing: /home/newman/vrx_ws/src/mission_windwatch/install/share/vrx_gz/environment/ament_prefix_path.sh
[22.390s] -- Installing: /home/newman/vrx_ws/src/mission_windwatch/install/share/vrx_gz/environment/ament_prefix_path.dsv
[22.390s] -- Installing: /home/newman/vrx_ws/src/mission_windwatch/install/share/vrx_gz/environment/path.sh
[22.390s] -- Installing: /home/newman/vrx_ws/src/mission_windwatch/install/share/vrx_gz/environment/path.dsv
[22.390s] -- Installing: /home/newman/vrx_ws/src/mission_windwatch/install/share/vrx_gz/local_setup.bash
[22.391s] -- Installing: /home/newman/vrx_ws/src/mission_windwatch/install/share/vrx_gz/local_setup.sh
[22.391s] -- Installing: /home/newman/vrx_ws/src/mission_windwatch/install/share/vrx_gz/local_setup.zsh
[22.391s] -- Installing: /home/newman/vrx_ws/src/mission_windwatch/install/share/vrx_gz/local_setup.dsv
[22.391s] -- Installing: /home/newman/vrx_ws/src/mission_windwatch/install/share/vrx_gz/package.dsv
[22.391s] -- Installing: /home/newman/vrx_ws/src/mission_windwatch/install/share/ament_index/resource_index/packages/vrx_gz
[22.391s] -- Installing: /home/newman/vrx_ws/src/mission_windwatch/install/share/vrx_gz/cmake/vrx_gzConfig.cmake
[22.391s] -- Installing: /home/newman/vrx_ws/src/mission_windwatch/install/share/vrx_gz/cmake/vrx_gzConfig-version.cmake
[22.391s] -- Installing: /home/newman/vrx_ws/src/mission_windwatch/install/share/vrx_gz/package.xml
[22.394s] Invoked command in '/home/newman/vrx_ws/src/mission_windwatch/build/vrx_gz' returned '0': CMAKE_PREFIX_PATH=${CMAKE_PREFIX_PATH}:/opt/ros/humble /usr/bin/cmake --install /home/newman/vrx_ws/src/mission_windwatch/build/vrx_gz
