[0.019s] Invoking command in '/home/newman/vrx_ws/src/mission_windwatch/build/package_example': /usr/bin/cmake /home/newman/vrx_ws/src/mission_windwatch/src/aquabot_competitor/aquabot_examples/package_example -DCMAKE_INSTALL_PREFIX=/home/newman/vrx_ws/src/mission_windwatch/install
[3.717s] -- The C compiler identification is GNU 11.4.0
[3.717s] -- The CXX compiler identification is GNU 11.4.0
[3.717s] -- Detecting C compiler ABI info
[3.717s] -- Detecting C compiler ABI info - done
[3.717s] -- Check for working C compiler: /usr/bin/cc - skipped
[3.717s] -- Detecting C compile features
[3.717s] -- Detecting C compile features - done
[3.717s] -- Detecting CXX compiler ABI info
[3.717s] -- Detecting CXX compiler ABI info - done
[3.718s] -- Check for working CXX compiler: /usr/bin/c++ - skipped
[3.718s] -- Detecting CXX compile features
[3.718s] -- Detecting CXX compile features - done
[3.718s] -- Configuring incomplete, errors occurred!
[3.718s] See also "/home/newman/vrx_ws/src/mission_windwatch/build/package_example/CMakeFiles/CMakeOutput.log".
[3.719s] [31mCMake Error at CMakeLists.txt:9 (find_package):
[3.719s]   By not providing "Findament_cmake.cmake" in CMAKE_MODULE_PATH this project
[3.719s]   has asked CMake to find a package configuration file provided by
[3.719s]   "ament_cmake", but CMake did not find one.
[3.719s] 
[3.719s]   Could not find a package configuration file provided by "ament_cmake" with
[3.719s]   any of the following names:
[3.719s] 
[3.719s]     ament_cmakeConfig.cmake
[3.720s]     ament_cmake-config.cmake
[3.720s] 
[3.720s]   Add the installation prefix of "ament_cmake" to CMAKE_PREFIX_PATH or set
[3.720s]   "ament_cmake_DIR" to a directory containing one of the above files.  If
[3.720s]   "ament_cmake" provides a separate development package or SDK, be sure it
[3.720s]   has been installed.
[3.720s] 
[3.720s] [0m
[3.724s] Invoked command in '/home/newman/vrx_ws/src/mission_windwatch/build/package_example' returned '1': /usr/bin/cmake /home/newman/vrx_ws/src/mission_windwatch/src/aquabot_competitor/aquabot_examples/package_example -DCMAKE_INSTALL_PREFIX=/home/newman/vrx_ws/src/mission_windwatch/install
