[0.038s] Invoking command in '/home/newman/vrx_ws/src/mission_windwatch/build/mission_manager': CMAKE_PREFIX_PATH=${CMAKE_PREFIX_PATH}:/opt/ros/humble /usr/bin/cmake /home/newman/vrx_ws/src/mission_windwatch/src/mission_manager -DCMAKE_INSTALL_PREFIX=/home/newman/vrx_ws/src/mission_windwatch/install
[0.078s] -- The C compiler identification is GNU 11.4.0
[0.138s] -- The CXX compiler identification is GNU 11.4.0
[0.144s] -- Detecting C compiler ABI info
[0.201s] -- Detecting C compiler ABI info - done
[0.213s] -- Check for working C compiler: /usr/bin/cc - skipped
[0.213s] -- Detecting C compile features
[0.213s] -- Detecting C compile features - done
[0.215s] -- Detecting CXX compiler ABI info
[0.291s] -- Detecting CXX compiler ABI info - done
[0.292s] -- Check for working CXX compiler: /usr/bin/c++ - skipped
[0.292s] -- Detecting CXX compile features
[0.293s] -- Detecting CXX compile features - done
[0.300s] -- Found ament_cmake: 1.3.10 (/opt/ros/humble/share/ament_cmake/cmake)
[0.447s] -- Found Python3: /usr/bin/python3 (found version "3.10.12") found components: Interpreter 
[0.573s] -- Found rclcpp: 16.0.10 (/opt/ros/humble/share/rclcpp/cmake)
[0.609s] -- Found rosidl_generator_c: 3.1.5 (/opt/ros/humble/share/rosidl_generator_c/cmake)
[0.612s] -- Found rosidl_adapter: 3.1.5 (/opt/ros/humble/share/rosidl_adapter/cmake)
[0.622s] -- Found rosidl_generator_cpp: 3.1.5 (/opt/ros/humble/share/rosidl_generator_cpp/cmake)
[0.627s] -- Using all available rosidl_typesupport_c: rosidl_typesupport_fastrtps_c;rosidl_typesupport_introspection_c
[0.640s] -- Using all available rosidl_typesupport_cpp: rosidl_typesupport_fastrtps_cpp;rosidl_typesupport_introspection_cpp
[0.679s] -- Found rmw_implementation_cmake: 6.1.2 (/opt/ros/humble/share/rmw_implementation_cmake/cmake)
[0.681s] -- Found rmw_fastrtps_cpp: 6.2.7 (/opt/ros/humble/share/rmw_fastrtps_cpp/cmake)
[0.756s] -- Found OpenSSL: /usr/lib/x86_64-linux-gnu/libcrypto.so (found version "3.0.2")  
[0.782s] -- Found FastRTPS: /opt/ros/humble/include  
[0.816s] -- Using RMW implementation 'rmw_fastrtps_cpp' as default
[0.822s] -- Looking for pthread.h
[0.877s] -- Looking for pthread.h - found
[0.878s] -- Performing Test CMAKE_HAVE_LIBC_PTHREAD
[0.936s] -- Performing Test CMAKE_HAVE_LIBC_PTHREAD - Success
[0.937s] -- Found Threads: TRUE  
[0.980s] -- Found geometry_msgs: 4.2.4 (/opt/ros/humble/share/geometry_msgs/cmake)
[1.071s] -- Configuring done
[1.079s] -- Generating done
[1.080s] -- Build files have been written to: /home/newman/vrx_ws/src/mission_windwatch/build/mission_manager
[1.087s] Invoked command in '/home/newman/vrx_ws/src/mission_windwatch/build/mission_manager' returned '0': CMAKE_PREFIX_PATH=${CMAKE_PREFIX_PATH}:/opt/ros/humble /usr/bin/cmake /home/newman/vrx_ws/src/mission_windwatch/src/mission_manager -DCMAKE_INSTALL_PREFIX=/home/newman/vrx_ws/src/mission_windwatch/install
[1.090s] Invoking command in '/home/newman/vrx_ws/src/mission_windwatch/build/mission_manager': CMAKE_PREFIX_PATH=${CMAKE_PREFIX_PATH}:/opt/ros/humble /usr/bin/cmake --build /home/newman/vrx_ws/src/mission_windwatch/build/mission_manager -- -j9 -l9
[1.147s] [ 25%] [32mBuilding CXX object CMakeFiles/target_manager_node.dir/src/target_manager_node.cpp.o[0m
[1.147s] [ 50%] [32mBuilding CXX object CMakeFiles/mission_coordinator_node.dir/src/mission_coordinator_node.cpp.o[0m
[4.154s] [ 75%] [32m[1mLinking CXX executable target_manager_node[0m
[4.374s] [ 75%] Built target target_manager_node
[4.836s] [100%] [32m[1mLinking CXX executable mission_coordinator_node[0m
[5.056s] [100%] Built target mission_coordinator_node
[5.094s] Invoked command in '/home/newman/vrx_ws/src/mission_windwatch/build/mission_manager' returned '0': CMAKE_PREFIX_PATH=${CMAKE_PREFIX_PATH}:/opt/ros/humble /usr/bin/cmake --build /home/newman/vrx_ws/src/mission_windwatch/build/mission_manager -- -j9 -l9
[5.150s] Invoking command in '/home/newman/vrx_ws/src/mission_windwatch/build/mission_manager': CMAKE_PREFIX_PATH=${CMAKE_PREFIX_PATH}:/opt/ros/humble /usr/bin/cmake --install /home/newman/vrx_ws/src/mission_windwatch/build/mission_manager
[5.208s] -- Install configuration: ""
[5.208s] -- Installing: /home/newman/vrx_ws/src/mission_windwatch/install/lib/mission_manager/target_manager_node
[5.208s] -- Set runtime path of "/home/newman/vrx_ws/src/mission_windwatch/install/lib/mission_manager/target_manager_node" to ""
[5.208s] -- Installing: /home/newman/vrx_ws/src/mission_windwatch/install/lib/mission_manager/mission_coordinator_node
[5.209s] -- Set runtime path of "/home/newman/vrx_ws/src/mission_windwatch/install/lib/mission_manager/mission_coordinator_node" to ""
[5.209s] -- Installing: /home/newman/vrx_ws/src/mission_windwatch/install/share/mission_manager/launch
[5.209s] -- Installing: /home/newman/vrx_ws/src/mission_windwatch/install/share/mission_manager/launch/mission_launch.py
[5.209s] -- Installing: /home/newman/vrx_ws/src/mission_windwatch/install/share/mission_manager/launch/mission_manager_launch.py
[5.209s] -- Installing: /home/newman/vrx_ws/src/mission_windwatch/install/share/mission_manager/config
[5.209s] -- Installing: /home/newman/vrx_ws/src/mission_windwatch/install/share/ament_index/resource_index/package_run_dependencies/mission_manager
[5.209s] -- Installing: /home/newman/vrx_ws/src/mission_windwatch/install/share/ament_index/resource_index/parent_prefix_path/mission_manager
[5.209s] -- Installing: /home/newman/vrx_ws/src/mission_windwatch/install/share/mission_manager/environment/ament_prefix_path.sh
[5.209s] -- Installing: /home/newman/vrx_ws/src/mission_windwatch/install/share/mission_manager/environment/ament_prefix_path.dsv
[5.209s] -- Installing: /home/newman/vrx_ws/src/mission_windwatch/install/share/mission_manager/environment/path.sh
[5.210s] -- Installing: /home/newman/vrx_ws/src/mission_windwatch/install/share/mission_manager/environment/path.dsv
[5.210s] -- Installing: /home/newman/vrx_ws/src/mission_windwatch/install/share/mission_manager/local_setup.bash
[5.210s] -- Installing: /home/newman/vrx_ws/src/mission_windwatch/install/share/mission_manager/local_setup.sh
[5.210s] -- Installing: /home/newman/vrx_ws/src/mission_windwatch/install/share/mission_manager/local_setup.zsh
[5.210s] -- Installing: /home/newman/vrx_ws/src/mission_windwatch/install/share/mission_manager/local_setup.dsv
[5.210s] -- Installing: /home/newman/vrx_ws/src/mission_windwatch/install/share/mission_manager/package.dsv
[5.210s] -- Installing: /home/newman/vrx_ws/src/mission_windwatch/install/share/ament_index/resource_index/packages/mission_manager
[5.210s] -- Installing: /home/newman/vrx_ws/src/mission_windwatch/install/share/mission_manager/cmake/mission_managerConfig.cmake
[5.210s] -- Installing: /home/newman/vrx_ws/src/mission_windwatch/install/share/mission_manager/cmake/mission_managerConfig-version.cmake
[5.210s] -- Installing: /home/newman/vrx_ws/src/mission_windwatch/install/share/mission_manager/package.xml
[5.231s] Invoked command in '/home/newman/vrx_ws/src/mission_windwatch/build/mission_manager' returned '0': CMAKE_PREFIX_PATH=${CMAKE_PREFIX_PATH}:/opt/ros/humble /usr/bin/cmake --install /home/newman/vrx_ws/src/mission_windwatch/build/mission_manager
