[ 16%] [32mBuilding CXX object CMakeFiles/PatrolAndFollowScoringPlugin.dir/src/PatrolAndFollowScoringPlugin.cc.o[0m
[ 33%] [32mBuilding CXX object CMakeFiles/PatrolAndFollowScoringPlugin.dir/home/newman/vrx_ws/src/mission_windwatch/src/vrx/vrx_gz/src/WaypointMarkers.cc.o[0m
[ 50%] [32mBuilding CXX object CMakeFiles/WindturbinesInspectionScoringPlugin.dir/src/WindturbinesInspectionScoringPlugin.cc.o[0m
[ 66%] [32mBuilding CXX object CMakeFiles/WindturbinesInspectionScoringPlugin.dir/home/newman/vrx_ws/src/mission_windwatch/src/vrx/vrx_gz/src/WaypointMarkers.cc.o[0m
[ 66%] Built target ament_cmake_python_copy_aquabot_gz
running egg_info
creating aquabot_gz.egg-info
writing aquabot_gz.egg-info/PKG-INFO
writing dependency_links to aquabot_gz.egg-info/dependency_links.txt
writing top-level names to aquabot_gz.egg-info/top_level.txt
writing manifest file 'aquabot_gz.egg-info/SOURCES.txt'
reading manifest file 'aquabot_gz.egg-info/SOURCES.txt'
writing manifest file 'aquabot_gz.egg-info/SOURCES.txt'
[ 66%] Built target ament_cmake_python_build_aquabot_gz_egg
[ 83%] [32m[1mLinking CXX shared library libPatrolAndFollowScoringPlugin.so[0m
[ 83%] Built target PatrolAndFollowScoringPlugin
[100%] [32m[1mLinking CXX shared library libWindturbinesInspectionScoringPlugin.so[0m
[100%] Built target WindturbinesInspectionScoringPlugin
-- Install configuration: ""
-- Installing: /home/newman/vrx_ws/src/mission_windwatch/install/share/aquabot_gz/environment/resource_paths.dsv
-- Installing: /home/newman/vrx_ws/src/mission_windwatch/install/share/aquabot_gz/environment/resource_paths.sh
-- Installing: /home/newman/vrx_ws/src/mission_windwatch/install/lib/libPatrolAndFollowScoringPlugin.so
-- Set runtime path of "/home/newman/vrx_ws/src/mission_windwatch/install/lib/libPatrolAndFollowScoringPlugin.so" to ""
-- Installing: /home/newman/vrx_ws/src/mission_windwatch/install/lib/libWindturbinesInspectionScoringPlugin.so
-- Set runtime path of "/home/newman/vrx_ws/src/mission_windwatch/install/lib/libWindturbinesInspectionScoringPlugin.so" to ""
-- Installing: /home/newman/vrx_ws/src/mission_windwatch/install/share/aquabot_gz/environment/pythonpath.sh
-- Installing: /home/newman/vrx_ws/src/mission_windwatch/install/share/aquabot_gz/environment/pythonpath.dsv
-- Installing: /home/newman/vrx_ws/src/mission_windwatch/install/local/lib/python3.10/dist-packages/aquabot_gz-0.6.0-py3.10.egg-info
-- Installing: /home/newman/vrx_ws/src/mission_windwatch/install/local/lib/python3.10/dist-packages/aquabot_gz-0.6.0-py3.10.egg-info/SOURCES.txt
-- Installing: /home/newman/vrx_ws/src/mission_windwatch/install/local/lib/python3.10/dist-packages/aquabot_gz-0.6.0-py3.10.egg-info/dependency_links.txt
-- Installing: /home/newman/vrx_ws/src/mission_windwatch/install/local/lib/python3.10/dist-packages/aquabot_gz-0.6.0-py3.10.egg-info/PKG-INFO
-- Installing: /home/newman/vrx_ws/src/mission_windwatch/install/local/lib/python3.10/dist-packages/aquabot_gz-0.6.0-py3.10.egg-info/top_level.txt
-- Installing: /home/newman/vrx_ws/src/mission_windwatch/install/local/lib/python3.10/dist-packages/aquabot_gz
-- Installing: /home/newman/vrx_ws/src/mission_windwatch/install/local/lib/python3.10/dist-packages/aquabot_gz/bridges.py
-- Installing: /home/newman/vrx_ws/src/mission_windwatch/install/local/lib/python3.10/dist-packages/aquabot_gz/launch.py
-- Installing: /home/newman/vrx_ws/src/mission_windwatch/install/local/lib/python3.10/dist-packages/aquabot_gz/__init__.py
Listing '/home/newman/vrx_ws/src/mission_windwatch/install/local/lib/python3.10/dist-packages/aquabot_gz'...
Compiling '/home/newman/vrx_ws/src/mission_windwatch/install/local/lib/python3.10/dist-packages/aquabot_gz/__init__.py'...
Compiling '/home/newman/vrx_ws/src/mission_windwatch/install/local/lib/python3.10/dist-packages/aquabot_gz/bridges.py'...
Compiling '/home/newman/vrx_ws/src/mission_windwatch/install/local/lib/python3.10/dist-packages/aquabot_gz/launch.py'...
-- Installing: /home/newman/vrx_ws/src/mission_windwatch/install/share/aquabot_gz/launch
-- Installing: /home/newman/vrx_ws/src/mission_windwatch/install/share/aquabot_gz/launch/competition.launch.py
-- Installing: /home/newman/vrx_ws/src/mission_windwatch/install/share/aquabot_gz/launch/rviz.launch.py
-- Installing: /home/newman/vrx_ws/src/mission_windwatch/install/share/aquabot_gz/models
-- Installing: /home/newman/vrx_ws/src/mission_windwatch/install/share/aquabot_gz/models/aquabot_tree
-- Installing: /home/newman/vrx_ws/src/mission_windwatch/install/share/aquabot_gz/models/aquabot_tree/model.config
-- Installing: /home/newman/vrx_ws/src/mission_windwatch/install/share/aquabot_gz/models/aquabot_tree/model.sdf
-- Installing: /home/newman/vrx_ws/src/mission_windwatch/install/share/aquabot_gz/models/aquabot_tree/mesh
-- Installing: /home/newman/vrx_ws/src/mission_windwatch/install/share/aquabot_gz/models/aquabot_tree/mesh/tree.dae
-- Installing: /home/newman/vrx_ws/src/mission_windwatch/install/share/aquabot_gz/models/aquabot_greenboat
-- Installing: /home/newman/vrx_ws/src/mission_windwatch/install/share/aquabot_gz/models/aquabot_greenboat/model.config
-- Installing: /home/newman/vrx_ws/src/mission_windwatch/install/share/aquabot_gz/models/aquabot_greenboat/model.sdf
-- Installing: /home/newman/vrx_ws/src/mission_windwatch/install/share/aquabot_gz/models/aquabot_greenboat/mesh
-- Installing: /home/newman/vrx_ws/src/mission_windwatch/install/share/aquabot_gz/models/aquabot_greenboat/mesh/greenboat.dae
-- Installing: /home/newman/vrx_ws/src/mission_windwatch/install/share/aquabot_gz/models/aquabot_sapling
-- Installing: /home/newman/vrx_ws/src/mission_windwatch/install/share/aquabot_gz/models/aquabot_sapling/model.config
-- Installing: /home/newman/vrx_ws/src/mission_windwatch/install/share/aquabot_gz/models/aquabot_sapling/model.sdf
-- Installing: /home/newman/vrx_ws/src/mission_windwatch/install/share/aquabot_gz/models/aquabot_sapling/mesh
-- Installing: /home/newman/vrx_ws/src/mission_windwatch/install/share/aquabot_gz/models/aquabot_sapling/mesh/sapling.dae
-- Installing: /home/newman/vrx_ws/src/mission_windwatch/install/share/aquabot_gz/models/aquabot_marker_9_KO
-- Installing: /home/newman/vrx_ws/src/mission_windwatch/install/share/aquabot_gz/models/aquabot_marker_9_KO/materials
-- Installing: /home/newman/vrx_ws/src/mission_windwatch/install/share/aquabot_gz/models/aquabot_marker_9_KO/materials/textures
-- Installing: /home/newman/vrx_ws/src/mission_windwatch/install/share/aquabot_gz/models/aquabot_marker_9_KO/materials/textures/Marker0.png
-- Installing: /home/newman/vrx_ws/src/mission_windwatch/install/share/aquabot_gz/models/aquabot_marker_9_KO/materials/textures/aquabot_marker_9_KO.png
-- Installing: /home/newman/vrx_ws/src/mission_windwatch/install/share/aquabot_gz/models/aquabot_marker_9_KO/model.config
-- Installing: /home/newman/vrx_ws/src/mission_windwatch/install/share/aquabot_gz/models/aquabot_marker_9_KO/meshes
-- Installing: /home/newman/vrx_ws/src/mission_windwatch/install/share/aquabot_gz/models/aquabot_marker_9_KO/meshes/Marker0.dae
-- Installing: /home/newman/vrx_ws/src/mission_windwatch/install/share/aquabot_gz/models/aquabot_marker_9_KO/model.sdf
-- Installing: /home/newman/vrx_ws/src/mission_windwatch/install/share/aquabot_gz/models/aquabot_lighthouse_island
-- Installing: /home/newman/vrx_ws/src/mission_windwatch/install/share/aquabot_gz/models/aquabot_lighthouse_island/model.config
-- Installing: /home/newman/vrx_ws/src/mission_windwatch/install/share/aquabot_gz/models/aquabot_lighthouse_island/model.sdf
-- Installing: /home/newman/vrx_ws/src/mission_windwatch/install/share/aquabot_gz/models/aquabot_marker_0_OK
-- Installing: /home/newman/vrx_ws/src/mission_windwatch/install/share/aquabot_gz/models/aquabot_marker_0_OK/materials
-- Installing: /home/newman/vrx_ws/src/mission_windwatch/install/share/aquabot_gz/models/aquabot_marker_0_OK/materials/textures
-- Installing: /home/newman/vrx_ws/src/mission_windwatch/install/share/aquabot_gz/models/aquabot_marker_0_OK/materials/textures/Marker0.png
-- Installing: /home/newman/vrx_ws/src/mission_windwatch/install/share/aquabot_gz/models/aquabot_marker_0_OK/materials/textures/aquabot_marker_0_OK.png
-- Installing: /home/newman/vrx_ws/src/mission_windwatch/install/share/aquabot_gz/models/aquabot_marker_0_OK/model.config
-- Installing: /home/newman/vrx_ws/src/mission_windwatch/install/share/aquabot_gz/models/aquabot_marker_0_OK/meshes
-- Installing: /home/newman/vrx_ws/src/mission_windwatch/install/share/aquabot_gz/models/aquabot_marker_0_OK/meshes/Marker0.dae
-- Installing: /home/newman/vrx_ws/src/mission_windwatch/install/share/aquabot_gz/models/aquabot_marker_0_OK/model.sdf
-- Installing: /home/newman/vrx_ws/src/mission_windwatch/install/share/aquabot_gz/models/aquabot_windturbine_main
-- Installing: /home/newman/vrx_ws/src/mission_windwatch/install/share/aquabot_gz/models/aquabot_windturbine_main/model.config
-- Installing: /home/newman/vrx_ws/src/mission_windwatch/install/share/aquabot_gz/models/aquabot_windturbine_main/model.sdf
-- Installing: /home/newman/vrx_ws/src/mission_windwatch/install/share/aquabot_gz/models/aquabot_windturbine_main/mesh
-- Installing: /home/newman/vrx_ws/src/mission_windwatch/install/share/aquabot_gz/models/aquabot_windturbine_main/mesh/main.dae
-- Installing: /home/newman/vrx_ws/src/mission_windwatch/install/share/aquabot_gz/models/aquabot_marker_4_OK
-- Installing: /home/newman/vrx_ws/src/mission_windwatch/install/share/aquabot_gz/models/aquabot_marker_4_OK/materials
-- Installing: /home/newman/vrx_ws/src/mission_windwatch/install/share/aquabot_gz/models/aquabot_marker_4_OK/materials/textures
-- Installing: /home/newman/vrx_ws/src/mission_windwatch/install/share/aquabot_gz/models/aquabot_marker_4_OK/materials/textures/Marker0.png
-- Installing: /home/newman/vrx_ws/src/mission_windwatch/install/share/aquabot_gz/models/aquabot_marker_4_OK/materials/textures/aquabot_marker_4_OK.png
-- Installing: /home/newman/vrx_ws/src/mission_windwatch/install/share/aquabot_gz/models/aquabot_marker_4_OK/model.config
-- Installing: /home/newman/vrx_ws/src/mission_windwatch/install/share/aquabot_gz/models/aquabot_marker_4_OK/meshes
-- Installing: /home/newman/vrx_ws/src/mission_windwatch/install/share/aquabot_gz/models/aquabot_marker_4_OK/meshes/Marker0.dae
-- Installing: /home/newman/vrx_ws/src/mission_windwatch/install/share/aquabot_gz/models/aquabot_marker_4_OK/model.sdf
-- Installing: /home/newman/vrx_ws/src/mission_windwatch/install/share/aquabot_gz/models/aquabot_sonar_buoy
-- Installing: /home/newman/vrx_ws/src/mission_windwatch/install/share/aquabot_gz/models/aquabot_sonar_buoy/model.config
-- Installing: /home/newman/vrx_ws/src/mission_windwatch/install/share/aquabot_gz/models/aquabot_sonar_buoy/model.sdf
-- Installing: /home/newman/vrx_ws/src/mission_windwatch/install/share/aquabot_gz/models/aquabot_sonar_buoy/mesh
-- Installing: /home/newman/vrx_ws/src/mission_windwatch/install/share/aquabot_gz/models/aquabot_sonar_buoy/mesh/sonar_buoy.dae
-- Installing: /home/newman/vrx_ws/src/mission_windwatch/install/share/aquabot_gz/models/aquabot_rock_island_1
-- Installing: /home/newman/vrx_ws/src/mission_windwatch/install/share/aquabot_gz/models/aquabot_rock_island_1/model.config
-- Installing: /home/newman/vrx_ws/src/mission_windwatch/install/share/aquabot_gz/models/aquabot_rock_island_1/model.sdf
-- Installing: /home/newman/vrx_ws/src/mission_windwatch/install/share/aquabot_gz/models/aquabot_marker_2_KO
-- Installing: /home/newman/vrx_ws/src/mission_windwatch/install/share/aquabot_gz/models/aquabot_marker_2_KO/materials
-- Installing: /home/newman/vrx_ws/src/mission_windwatch/install/share/aquabot_gz/models/aquabot_marker_2_KO/materials/textures
-- Installing: /home/newman/vrx_ws/src/mission_windwatch/install/share/aquabot_gz/models/aquabot_marker_2_KO/materials/textures/Marker0.png
-- Installing: /home/newman/vrx_ws/src/mission_windwatch/install/share/aquabot_gz/models/aquabot_marker_2_KO/materials/textures/aquabot_marker_2_KO.png
-- Installing: /home/newman/vrx_ws/src/mission_windwatch/install/share/aquabot_gz/models/aquabot_marker_2_KO/model.config
-- Installing: /home/newman/vrx_ws/src/mission_windwatch/install/share/aquabot_gz/models/aquabot_marker_2_KO/meshes
-- Installing: /home/newman/vrx_ws/src/mission_windwatch/install/share/aquabot_gz/models/aquabot_marker_2_KO/meshes/Marker0.dae
-- Installing: /home/newman/vrx_ws/src/mission_windwatch/install/share/aquabot_gz/models/aquabot_marker_2_KO/model.sdf
-- Installing: /home/newman/vrx_ws/src/mission_windwatch/install/share/aquabot_gz/models/aquabot_marker_4_KO
-- Installing: /home/newman/vrx_ws/src/mission_windwatch/install/share/aquabot_gz/models/aquabot_marker_4_KO/materials
-- Installing: /home/newman/vrx_ws/src/mission_windwatch/install/share/aquabot_gz/models/aquabot_marker_4_KO/materials/textures
-- Installing: /home/newman/vrx_ws/src/mission_windwatch/install/share/aquabot_gz/models/aquabot_marker_4_KO/materials/textures/aquabot_marker_4_KO.png
-- Installing: /home/newman/vrx_ws/src/mission_windwatch/install/share/aquabot_gz/models/aquabot_marker_4_KO/materials/textures/Marker0.png
-- Installing: /home/newman/vrx_ws/src/mission_windwatch/install/share/aquabot_gz/models/aquabot_marker_4_KO/model.config
-- Installing: /home/newman/vrx_ws/src/mission_windwatch/install/share/aquabot_gz/models/aquabot_marker_4_KO/meshes
-- Installing: /home/newman/vrx_ws/src/mission_windwatch/install/share/aquabot_gz/models/aquabot_marker_4_KO/meshes/Marker0.dae
-- Installing: /home/newman/vrx_ws/src/mission_windwatch/install/share/aquabot_gz/models/aquabot_marker_4_KO/model.sdf
-- Installing: /home/newman/vrx_ws/src/mission_windwatch/install/share/aquabot_gz/models/aquabot_marker_7_OK
-- Installing: /home/newman/vrx_ws/src/mission_windwatch/install/share/aquabot_gz/models/aquabot_marker_7_OK/materials
-- Installing: /home/newman/vrx_ws/src/mission_windwatch/install/share/aquabot_gz/models/aquabot_marker_7_OK/materials/textures
-- Installing: /home/newman/vrx_ws/src/mission_windwatch/install/share/aquabot_gz/models/aquabot_marker_7_OK/materials/textures/aquabot_marker_7_OK.png
-- Installing: /home/newman/vrx_ws/src/mission_windwatch/install/share/aquabot_gz/models/aquabot_marker_7_OK/materials/textures/Marker0.png
-- Installing: /home/newman/vrx_ws/src/mission_windwatch/install/share/aquabot_gz/models/aquabot_marker_7_OK/model.config
-- Installing: /home/newman/vrx_ws/src/mission_windwatch/install/share/aquabot_gz/models/aquabot_marker_7_OK/meshes
-- Installing: /home/newman/vrx_ws/src/mission_windwatch/install/share/aquabot_gz/models/aquabot_marker_7_OK/meshes/Marker0.dae
-- Installing: /home/newman/vrx_ws/src/mission_windwatch/install/share/aquabot_gz/models/aquabot_marker_7_OK/model.sdf
-- Installing: /home/newman/vrx_ws/src/mission_windwatch/install/share/aquabot_gz/models/aquabot_regatta_no_obstacles_world
-- Installing: /home/newman/vrx_ws/src/mission_windwatch/install/share/aquabot_gz/models/aquabot_regatta_no_obstacles_world/model.config
-- Installing: /home/newman/vrx_ws/src/mission_windwatch/install/share/aquabot_gz/models/aquabot_regatta_no_obstacles_world/model.sdf
-- Installing: /home/newman/vrx_ws/src/mission_windwatch/install/share/aquabot_gz/models/aquabot_marker_9_OK
-- Installing: /home/newman/vrx_ws/src/mission_windwatch/install/share/aquabot_gz/models/aquabot_marker_9_OK/materials
-- Installing: /home/newman/vrx_ws/src/mission_windwatch/install/share/aquabot_gz/models/aquabot_marker_9_OK/materials/textures
-- Installing: /home/newman/vrx_ws/src/mission_windwatch/install/share/aquabot_gz/models/aquabot_marker_9_OK/materials/textures/aquabot_marker_9_OK.png
-- Installing: /home/newman/vrx_ws/src/mission_windwatch/install/share/aquabot_gz/models/aquabot_marker_9_OK/materials/textures/Marker0.png
-- Installing: /home/newman/vrx_ws/src/mission_windwatch/install/share/aquabot_gz/models/aquabot_marker_9_OK/model.config
-- Installing: /home/newman/vrx_ws/src/mission_windwatch/install/share/aquabot_gz/models/aquabot_marker_9_OK/meshes
-- Installing: /home/newman/vrx_ws/src/mission_windwatch/install/share/aquabot_gz/models/aquabot_marker_9_OK/meshes/Marker0.dae
-- Installing: /home/newman/vrx_ws/src/mission_windwatch/install/share/aquabot_gz/models/aquabot_marker_9_OK/model.sdf
-- Installing: /home/newman/vrx_ws/src/mission_windwatch/install/share/aquabot_gz/models/aquabot_rock
-- Installing: /home/newman/vrx_ws/src/mission_windwatch/install/share/aquabot_gz/models/aquabot_rock/model.config
-- Installing: /home/newman/vrx_ws/src/mission_windwatch/install/share/aquabot_gz/models/aquabot_rock/model.sdf
-- Installing: /home/newman/vrx_ws/src/mission_windwatch/install/share/aquabot_gz/models/aquabot_rock/mesh
-- Installing: /home/newman/vrx_ws/src/mission_windwatch/install/share/aquabot_gz/models/aquabot_rock/mesh/rock.dae
-- Installing: /home/newman/vrx_ws/src/mission_windwatch/install/share/aquabot_gz/models/aquabot_island
-- Installing: /home/newman/vrx_ws/src/mission_windwatch/install/share/aquabot_gz/models/aquabot_island/model.config
-- Installing: /home/newman/vrx_ws/src/mission_windwatch/install/share/aquabot_gz/models/aquabot_island/model.sdf
-- Installing: /home/newman/vrx_ws/src/mission_windwatch/install/share/aquabot_gz/models/aquabot_marker_6_OK
-- Installing: /home/newman/vrx_ws/src/mission_windwatch/install/share/aquabot_gz/models/aquabot_marker_6_OK/materials
-- Installing: /home/newman/vrx_ws/src/mission_windwatch/install/share/aquabot_gz/models/aquabot_marker_6_OK/materials/textures
-- Installing: /home/newman/vrx_ws/src/mission_windwatch/install/share/aquabot_gz/models/aquabot_marker_6_OK/materials/textures/aquabot_marker_6_OK.png
-- Installing: /home/newman/vrx_ws/src/mission_windwatch/install/share/aquabot_gz/models/aquabot_marker_6_OK/materials/textures/Marker0.png
-- Installing: /home/newman/vrx_ws/src/mission_windwatch/install/share/aquabot_gz/models/aquabot_marker_6_OK/model.config
-- Installing: /home/newman/vrx_ws/src/mission_windwatch/install/share/aquabot_gz/models/aquabot_marker_6_OK/meshes
-- Installing: /home/newman/vrx_ws/src/mission_windwatch/install/share/aquabot_gz/models/aquabot_marker_6_OK/meshes/Marker0.dae
-- Installing: /home/newman/vrx_ws/src/mission_windwatch/install/share/aquabot_gz/models/aquabot_marker_6_OK/model.sdf
-- Installing: /home/newman/vrx_ws/src/mission_windwatch/install/share/aquabot_gz/models/aquabot_grass
-- Installing: /home/newman/vrx_ws/src/mission_windwatch/install/share/aquabot_gz/models/aquabot_grass/model.config
-- Installing: /home/newman/vrx_ws/src/mission_windwatch/install/share/aquabot_gz/models/aquabot_grass/model.sdf
-- Installing: /home/newman/vrx_ws/src/mission_windwatch/install/share/aquabot_gz/models/aquabot_grass/mesh
-- Installing: /home/newman/vrx_ws/src/mission_windwatch/install/share/aquabot_gz/models/aquabot_grass/mesh/grass.dae
-- Installing: /home/newman/vrx_ws/src/mission_windwatch/install/share/aquabot_gz/models/aquabot_windturbine_rotor
-- Installing: /home/newman/vrx_ws/src/mission_windwatch/install/share/aquabot_gz/models/aquabot_windturbine_rotor/model.config
-- Installing: /home/newman/vrx_ws/src/mission_windwatch/install/share/aquabot_gz/models/aquabot_windturbine_rotor/model.sdf
-- Installing: /home/newman/vrx_ws/src/mission_windwatch/install/share/aquabot_gz/models/aquabot_windturbine_rotor/mesh
-- Installing: /home/newman/vrx_ws/src/mission_windwatch/install/share/aquabot_gz/models/aquabot_windturbine_rotor/mesh/rotor.dae
-- Installing: /home/newman/vrx_ws/src/mission_windwatch/install/share/aquabot_gz/models/aquabot_marker_5_KO
-- Installing: /home/newman/vrx_ws/src/mission_windwatch/install/share/aquabot_gz/models/aquabot_marker_5_KO/materials
-- Installing: /home/newman/vrx_ws/src/mission_windwatch/install/share/aquabot_gz/models/aquabot_marker_5_KO/materials/textures
-- Installing: /home/newman/vrx_ws/src/mission_windwatch/install/share/aquabot_gz/models/aquabot_marker_5_KO/materials/textures/Marker0.png
-- Installing: /home/newman/vrx_ws/src/mission_windwatch/install/share/aquabot_gz/models/aquabot_marker_5_KO/materials/textures/aquabot_marker_5_KO.png
-- Installing: /home/newman/vrx_ws/src/mission_windwatch/install/share/aquabot_gz/models/aquabot_marker_5_KO/model.config
-- Installing: /home/newman/vrx_ws/src/mission_windwatch/install/share/aquabot_gz/models/aquabot_marker_5_KO/meshes
-- Installing: /home/newman/vrx_ws/src/mission_windwatch/install/share/aquabot_gz/models/aquabot_marker_5_KO/meshes/Marker0.dae
-- Installing: /home/newman/vrx_ws/src/mission_windwatch/install/share/aquabot_gz/models/aquabot_marker_5_KO/model.sdf
-- Installing: /home/newman/vrx_ws/src/mission_windwatch/install/share/aquabot_gz/models/aquabot_marker_0_KO
-- Installing: /home/newman/vrx_ws/src/mission_windwatch/install/share/aquabot_gz/models/aquabot_marker_0_KO/materials
-- Installing: /home/newman/vrx_ws/src/mission_windwatch/install/share/aquabot_gz/models/aquabot_marker_0_KO/materials/textures
-- Installing: /home/newman/vrx_ws/src/mission_windwatch/install/share/aquabot_gz/models/aquabot_marker_0_KO/materials/textures/aquabot_marker_0_KO.png
-- Installing: /home/newman/vrx_ws/src/mission_windwatch/install/share/aquabot_gz/models/aquabot_marker_0_KO/materials/textures/Marker0.png
-- Installing: /home/newman/vrx_ws/src/mission_windwatch/install/share/aquabot_gz/models/aquabot_marker_0_KO/model.config
-- Installing: /home/newman/vrx_ws/src/mission_windwatch/install/share/aquabot_gz/models/aquabot_marker_0_KO/meshes
-- Installing: /home/newman/vrx_ws/src/mission_windwatch/install/share/aquabot_gz/models/aquabot_marker_0_KO/meshes/Marker0.dae
-- Installing: /home/newman/vrx_ws/src/mission_windwatch/install/share/aquabot_gz/models/aquabot_marker_0_KO/model.sdf
-- Installing: /home/newman/vrx_ws/src/mission_windwatch/install/share/aquabot_gz/models/aquabot_redboat
-- Installing: /home/newman/vrx_ws/src/mission_windwatch/install/share/aquabot_gz/models/aquabot_redboat/model.config
-- Installing: /home/newman/vrx_ws/src/mission_windwatch/install/share/aquabot_gz/models/aquabot_redboat/model.sdf
-- Installing: /home/newman/vrx_ws/src/mission_windwatch/install/share/aquabot_gz/models/aquabot_redboat/mesh
-- Installing: /home/newman/vrx_ws/src/mission_windwatch/install/share/aquabot_gz/models/aquabot_redboat/mesh/redboat.dae
-- Installing: /home/newman/vrx_ws/src/mission_windwatch/install/share/aquabot_gz/models/aquabot_marker_8_KO
-- Installing: /home/newman/vrx_ws/src/mission_windwatch/install/share/aquabot_gz/models/aquabot_marker_8_KO/materials
-- Installing: /home/newman/vrx_ws/src/mission_windwatch/install/share/aquabot_gz/models/aquabot_marker_8_KO/materials/textures
-- Installing: /home/newman/vrx_ws/src/mission_windwatch/install/share/aquabot_gz/models/aquabot_marker_8_KO/materials/textures/aquabot_marker_8_KO.png
-- Installing: /home/newman/vrx_ws/src/mission_windwatch/install/share/aquabot_gz/models/aquabot_marker_8_KO/materials/textures/Marker0.png
-- Installing: /home/newman/vrx_ws/src/mission_windwatch/install/share/aquabot_gz/models/aquabot_marker_8_KO/model.config
-- Installing: /home/newman/vrx_ws/src/mission_windwatch/install/share/aquabot_gz/models/aquabot_marker_8_KO/meshes
-- Installing: /home/newman/vrx_ws/src/mission_windwatch/install/share/aquabot_gz/models/aquabot_marker_8_KO/meshes/Marker0.dae
-- Installing: /home/newman/vrx_ws/src/mission_windwatch/install/share/aquabot_gz/models/aquabot_marker_8_KO/model.sdf
-- Installing: /home/newman/vrx_ws/src/mission_windwatch/install/share/aquabot_gz/models/aquabot_marker_5_OK
-- Installing: /home/newman/vrx_ws/src/mission_windwatch/install/share/aquabot_gz/models/aquabot_marker_5_OK/materials
-- Installing: /home/newman/vrx_ws/src/mission_windwatch/install/share/aquabot_gz/models/aquabot_marker_5_OK/materials/textures
-- Installing: /home/newman/vrx_ws/src/mission_windwatch/install/share/aquabot_gz/models/aquabot_marker_5_OK/materials/textures/Marker0.png
-- Installing: /home/newman/vrx_ws/src/mission_windwatch/install/share/aquabot_gz/models/aquabot_marker_5_OK/materials/textures/aquabot_marker_5_OK.png
-- Installing: /home/newman/vrx_ws/src/mission_windwatch/install/share/aquabot_gz/models/aquabot_marker_5_OK/model.config
-- Installing: /home/newman/vrx_ws/src/mission_windwatch/install/share/aquabot_gz/models/aquabot_marker_5_OK/meshes
-- Installing: /home/newman/vrx_ws/src/mission_windwatch/install/share/aquabot_gz/models/aquabot_marker_5_OK/meshes/Marker0.dae
-- Installing: /home/newman/vrx_ws/src/mission_windwatch/install/share/aquabot_gz/models/aquabot_marker_5_OK/model.sdf
-- Installing: /home/newman/vrx_ws/src/mission_windwatch/install/share/aquabot_gz/models/aquabot_marker_8_OK
-- Installing: /home/newman/vrx_ws/src/mission_windwatch/install/share/aquabot_gz/models/aquabot_marker_8_OK/materials
-- Installing: /home/newman/vrx_ws/src/mission_windwatch/install/share/aquabot_gz/models/aquabot_marker_8_OK/materials/textures
-- Installing: /home/newman/vrx_ws/src/mission_windwatch/install/share/aquabot_gz/models/aquabot_marker_8_OK/materials/textures/Marker0.png
-- Installing: /home/newman/vrx_ws/src/mission_windwatch/install/share/aquabot_gz/models/aquabot_marker_8_OK/materials/textures/aquabot_marker_8_OK.png
-- Installing: /home/newman/vrx_ws/src/mission_windwatch/install/share/aquabot_gz/models/aquabot_marker_8_OK/model.config
-- Installing: /home/newman/vrx_ws/src/mission_windwatch/install/share/aquabot_gz/models/aquabot_marker_8_OK/meshes
-- Installing: /home/newman/vrx_ws/src/mission_windwatch/install/share/aquabot_gz/models/aquabot_marker_8_OK/meshes/Marker0.dae
-- Installing: /home/newman/vrx_ws/src/mission_windwatch/install/share/aquabot_gz/models/aquabot_marker_8_OK/model.sdf
-- Installing: /home/newman/vrx_ws/src/mission_windwatch/install/share/aquabot_gz/models/aquabot_marker_2_OK
-- Installing: /home/newman/vrx_ws/src/mission_windwatch/install/share/aquabot_gz/models/aquabot_marker_2_OK/materials
-- Installing: /home/newman/vrx_ws/src/mission_windwatch/install/share/aquabot_gz/models/aquabot_marker_2_OK/materials/textures
-- Installing: /home/newman/vrx_ws/src/mission_windwatch/install/share/aquabot_gz/models/aquabot_marker_2_OK/materials/textures/Marker0.png
-- Installing: /home/newman/vrx_ws/src/mission_windwatch/install/share/aquabot_gz/models/aquabot_marker_2_OK/materials/textures/aquabot_marker_2_OK.png
-- Installing: /home/newman/vrx_ws/src/mission_windwatch/install/share/aquabot_gz/models/aquabot_marker_2_OK/model.config
-- Installing: /home/newman/vrx_ws/src/mission_windwatch/install/share/aquabot_gz/models/aquabot_marker_2_OK/meshes
-- Installing: /home/newman/vrx_ws/src/mission_windwatch/install/share/aquabot_gz/models/aquabot_marker_2_OK/meshes/Marker0.dae
-- Installing: /home/newman/vrx_ws/src/mission_windwatch/install/share/aquabot_gz/models/aquabot_marker_2_OK/model.sdf
-- Installing: /home/newman/vrx_ws/src/mission_windwatch/install/share/aquabot_gz/models/aquabot_marker_3_KO
-- Installing: /home/newman/vrx_ws/src/mission_windwatch/install/share/aquabot_gz/models/aquabot_marker_3_KO/materials
-- Installing: /home/newman/vrx_ws/src/mission_windwatch/install/share/aquabot_gz/models/aquabot_marker_3_KO/materials/textures
-- Installing: /home/newman/vrx_ws/src/mission_windwatch/install/share/aquabot_gz/models/aquabot_marker_3_KO/materials/textures/aquabot_marker_3_KO.png
-- Installing: /home/newman/vrx_ws/src/mission_windwatch/install/share/aquabot_gz/models/aquabot_marker_3_KO/materials/textures/Marker0.png
-- Installing: /home/newman/vrx_ws/src/mission_windwatch/install/share/aquabot_gz/models/aquabot_marker_3_KO/model.config
-- Installing: /home/newman/vrx_ws/src/mission_windwatch/install/share/aquabot_gz/models/aquabot_marker_3_KO/meshes
-- Installing: /home/newman/vrx_ws/src/mission_windwatch/install/share/aquabot_gz/models/aquabot_marker_3_KO/meshes/Marker0.dae
-- Installing: /home/newman/vrx_ws/src/mission_windwatch/install/share/aquabot_gz/models/aquabot_marker_3_KO/model.sdf
-- Installing: /home/newman/vrx_ws/src/mission_windwatch/install/share/aquabot_gz/models/aquabot_marker_1_KO
-- Installing: /home/newman/vrx_ws/src/mission_windwatch/install/share/aquabot_gz/models/aquabot_marker_1_KO/materials
-- Installing: /home/newman/vrx_ws/src/mission_windwatch/install/share/aquabot_gz/models/aquabot_marker_1_KO/materials/textures
-- Installing: /home/newman/vrx_ws/src/mission_windwatch/install/share/aquabot_gz/models/aquabot_marker_1_KO/materials/textures/Marker0.png
-- Installing: /home/newman/vrx_ws/src/mission_windwatch/install/share/aquabot_gz/models/aquabot_marker_1_KO/materials/textures/aquabot_marker_1_KO.png
-- Installing: /home/newman/vrx_ws/src/mission_windwatch/install/share/aquabot_gz/models/aquabot_marker_1_KO/model.config
-- Installing: /home/newman/vrx_ws/src/mission_windwatch/install/share/aquabot_gz/models/aquabot_marker_1_KO/meshes
-- Installing: /home/newman/vrx_ws/src/mission_windwatch/install/share/aquabot_gz/models/aquabot_marker_1_KO/meshes/Marker0.dae
-- Installing: /home/newman/vrx_ws/src/mission_windwatch/install/share/aquabot_gz/models/aquabot_marker_1_KO/model.sdf
-- Installing: /home/newman/vrx_ws/src/mission_windwatch/install/share/aquabot_gz/models/aquabot_regatta_world
-- Installing: /home/newman/vrx_ws/src/mission_windwatch/install/share/aquabot_gz/models/aquabot_regatta_world/model.config
-- Installing: /home/newman/vrx_ws/src/mission_windwatch/install/share/aquabot_gz/models/aquabot_regatta_world/model.sdf
-- Installing: /home/newman/vrx_ws/src/mission_windwatch/install/share/aquabot_gz/models/aquabot_marker_3_OK
-- Installing: /home/newman/vrx_ws/src/mission_windwatch/install/share/aquabot_gz/models/aquabot_marker_3_OK/materials
-- Installing: /home/newman/vrx_ws/src/mission_windwatch/install/share/aquabot_gz/models/aquabot_marker_3_OK/materials/textures
-- Installing: /home/newman/vrx_ws/src/mission_windwatch/install/share/aquabot_gz/models/aquabot_marker_3_OK/materials/textures/aquabot_marker_3_OK.png
-- Installing: /home/newman/vrx_ws/src/mission_windwatch/install/share/aquabot_gz/models/aquabot_marker_3_OK/materials/textures/Marker0.png
-- Installing: /home/newman/vrx_ws/src/mission_windwatch/install/share/aquabot_gz/models/aquabot_marker_3_OK/model.config
-- Installing: /home/newman/vrx_ws/src/mission_windwatch/install/share/aquabot_gz/models/aquabot_marker_3_OK/meshes
-- Installing: /home/newman/vrx_ws/src/mission_windwatch/install/share/aquabot_gz/models/aquabot_marker_3_OK/meshes/Marker0.dae
-- Installing: /home/newman/vrx_ws/src/mission_windwatch/install/share/aquabot_gz/models/aquabot_marker_3_OK/model.sdf
-- Installing: /home/newman/vrx_ws/src/mission_windwatch/install/share/aquabot_gz/models/aquabot_marker_1_OK
-- Installing: /home/newman/vrx_ws/src/mission_windwatch/install/share/aquabot_gz/models/aquabot_marker_1_OK/materials
-- Installing: /home/newman/vrx_ws/src/mission_windwatch/install/share/aquabot_gz/models/aquabot_marker_1_OK/materials/textures
-- Installing: /home/newman/vrx_ws/src/mission_windwatch/install/share/aquabot_gz/models/aquabot_marker_1_OK/materials/textures/Marker0.png
-- Installing: /home/newman/vrx_ws/src/mission_windwatch/install/share/aquabot_gz/models/aquabot_marker_1_OK/materials/textures/aquabot_marker_1_OK.png
-- Installing: /home/newman/vrx_ws/src/mission_windwatch/install/share/aquabot_gz/models/aquabot_marker_1_OK/model.config
-- Installing: /home/newman/vrx_ws/src/mission_windwatch/install/share/aquabot_gz/models/aquabot_marker_1_OK/meshes
-- Installing: /home/newman/vrx_ws/src/mission_windwatch/install/share/aquabot_gz/models/aquabot_marker_1_OK/meshes/Marker0.dae
-- Installing: /home/newman/vrx_ws/src/mission_windwatch/install/share/aquabot_gz/models/aquabot_marker_1_OK/model.sdf
-- Installing: /home/newman/vrx_ws/src/mission_windwatch/install/share/aquabot_gz/models/aquabot_marker_6_KO
-- Installing: /home/newman/vrx_ws/src/mission_windwatch/install/share/aquabot_gz/models/aquabot_marker_6_KO/materials
-- Installing: /home/newman/vrx_ws/src/mission_windwatch/install/share/aquabot_gz/models/aquabot_marker_6_KO/materials/textures
-- Installing: /home/newman/vrx_ws/src/mission_windwatch/install/share/aquabot_gz/models/aquabot_marker_6_KO/materials/textures/Marker0.png
-- Installing: /home/newman/vrx_ws/src/mission_windwatch/install/share/aquabot_gz/models/aquabot_marker_6_KO/materials/textures/aquabot_marker_6_KO.png
-- Installing: /home/newman/vrx_ws/src/mission_windwatch/install/share/aquabot_gz/models/aquabot_marker_6_KO/model.config
-- Installing: /home/newman/vrx_ws/src/mission_windwatch/install/share/aquabot_gz/models/aquabot_marker_6_KO/meshes
-- Installing: /home/newman/vrx_ws/src/mission_windwatch/install/share/aquabot_gz/models/aquabot_marker_6_KO/meshes/Marker0.dae
-- Installing: /home/newman/vrx_ws/src/mission_windwatch/install/share/aquabot_gz/models/aquabot_marker_6_KO/model.sdf
-- Installing: /home/newman/vrx_ws/src/mission_windwatch/install/share/aquabot_gz/models/aquabot_lighthouse
-- Installing: /home/newman/vrx_ws/src/mission_windwatch/install/share/aquabot_gz/models/aquabot_lighthouse/model.config
-- Installing: /home/newman/vrx_ws/src/mission_windwatch/install/share/aquabot_gz/models/aquabot_lighthouse/model.sdf
-- Installing: /home/newman/vrx_ws/src/mission_windwatch/install/share/aquabot_gz/models/aquabot_lighthouse/mesh
-- Installing: /home/newman/vrx_ws/src/mission_windwatch/install/share/aquabot_gz/models/aquabot_lighthouse/mesh/lighthouse.dae
-- Installing: /home/newman/vrx_ws/src/mission_windwatch/install/share/aquabot_gz/models/aquabot_marker_7_KO
-- Installing: /home/newman/vrx_ws/src/mission_windwatch/install/share/aquabot_gz/models/aquabot_marker_7_KO/materials
-- Installing: /home/newman/vrx_ws/src/mission_windwatch/install/share/aquabot_gz/models/aquabot_marker_7_KO/materials/textures
-- Installing: /home/newman/vrx_ws/src/mission_windwatch/install/share/aquabot_gz/models/aquabot_marker_7_KO/materials/textures/Marker0.png
-- Installing: /home/newman/vrx_ws/src/mission_windwatch/install/share/aquabot_gz/models/aquabot_marker_7_KO/materials/textures/aquabot_marker_7_KO.png
-- Installing: /home/newman/vrx_ws/src/mission_windwatch/install/share/aquabot_gz/models/aquabot_marker_7_KO/model.config
-- Installing: /home/newman/vrx_ws/src/mission_windwatch/install/share/aquabot_gz/models/aquabot_marker_7_KO/meshes
-- Installing: /home/newman/vrx_ws/src/mission_windwatch/install/share/aquabot_gz/models/aquabot_marker_7_KO/meshes/Marker0.dae
-- Installing: /home/newman/vrx_ws/src/mission_windwatch/install/share/aquabot_gz/models/aquabot_marker_7_KO/model.sdf
-- Installing: /home/newman/vrx_ws/src/mission_windwatch/install/share/aquabot_gz/worlds
-- Installing: /home/newman/vrx_ws/src/mission_windwatch/install/share/aquabot_gz/worlds/aquabot_windturbines_medium.sdf
-- Installing: /home/newman/vrx_ws/src/mission_windwatch/install/share/aquabot_gz/worlds/aquabot_patrolandfollow_easy.sdf
-- Installing: /home/newman/vrx_ws/src/mission_windwatch/install/share/aquabot_gz/worlds/images
-- Installing: /home/newman/vrx_ws/src/mission_windwatch/install/share/aquabot_gz/worlds/images/medium.png
-- Installing: /home/newman/vrx_ws/src/mission_windwatch/install/share/aquabot_gz/worlds/images/easy.png
-- Installing: /home/newman/vrx_ws/src/mission_windwatch/install/share/aquabot_gz/worlds/images/hard.png
-- Installing: /home/newman/vrx_ws/src/mission_windwatch/install/share/aquabot_gz/worlds/aquabot_regatta.sdf
-- Installing: /home/newman/vrx_ws/src/mission_windwatch/install/share/aquabot_gz/worlds/aquabot_windturbines_easy.sdf
-- Installing: /home/newman/vrx_ws/src/mission_windwatch/install/share/aquabot_gz/worlds/aquabot_windturbines_hard.sdf
-- Installing: /home/newman/vrx_ws/src/mission_windwatch/install/share/aquabot_gz/worlds/aquabot_patrolandfollow_medium.sdf
-- Installing: /home/newman/vrx_ws/src/mission_windwatch/install/share/aquabot_gz/worlds/aquabot_patrolandfollow_hard.sdf
-- Installing: /home/newman/vrx_ws/src/mission_windwatch/install/share/aquabot_gz/config
-- Installing: /home/newman/vrx_ws/src/mission_windwatch/install/share/aquabot_gz/config/rviz_aquabot.rviz
-- Installing: /home/newman/vrx_ws/src/mission_windwatch/install/share/ament_index/resource_index/package_run_dependencies/aquabot_gz
-- Installing: /home/newman/vrx_ws/src/mission_windwatch/install/share/ament_index/resource_index/parent_prefix_path/aquabot_gz
-- Installing: /home/newman/vrx_ws/src/mission_windwatch/install/share/aquabot_gz/environment/ament_prefix_path.sh
-- Installing: /home/newman/vrx_ws/src/mission_windwatch/install/share/aquabot_gz/environment/ament_prefix_path.dsv
-- Installing: /home/newman/vrx_ws/src/mission_windwatch/install/share/aquabot_gz/environment/path.sh
-- Installing: /home/newman/vrx_ws/src/mission_windwatch/install/share/aquabot_gz/environment/path.dsv
-- Installing: /home/newman/vrx_ws/src/mission_windwatch/install/share/aquabot_gz/local_setup.bash
-- Installing: /home/newman/vrx_ws/src/mission_windwatch/install/share/aquabot_gz/local_setup.sh
-- Installing: /home/newman/vrx_ws/src/mission_windwatch/install/share/aquabot_gz/local_setup.zsh
-- Installing: /home/newman/vrx_ws/src/mission_windwatch/install/share/aquabot_gz/local_setup.dsv
-- Installing: /home/newman/vrx_ws/src/mission_windwatch/install/share/aquabot_gz/package.dsv
-- Installing: /home/newman/vrx_ws/src/mission_windwatch/install/share/ament_index/resource_index/packages/aquabot_gz
-- Installing: /home/newman/vrx_ws/src/mission_windwatch/install/share/aquabot_gz/cmake/aquabot_gzConfig.cmake
-- Installing: /home/newman/vrx_ws/src/mission_windwatch/install/share/aquabot_gz/cmake/aquabot_gzConfig-version.cmake
-- Installing: /home/newman/vrx_ws/src/mission_windwatch/install/share/aquabot_gz/package.xml
