[0.008s] Invoking command in '/home/newman/vrx_ws/src/mission_windwatch/build/aquabot_gz': AMENT_PREFIX_PATH=/home/newman/vrx_ws/src/mission_windwatch/install:${AMENT_PREFIX_PATH} CMAKE_PREFIX_PATH=/home/newman/vrx_ws/src/mission_windwatch/install:/opt/ros/humble GZ_SIM_RESOURCE_PATH=/home/newman/vrx_ws/src/mission_windwatch/install/share/vrx_gz/models/tmp:/home/newman/vrx_ws/src/mission_windwatch/install/share/vrx_gz/models:/home/newman/vrx_ws/src/mission_windwatch/install/share/vrx_gz/worlds/2023_practice:/home/newman/vrx_ws/src/mission_windwatch/install/share/vrx_gz/worlds GZ_SIM_SYSTEM_PLUGIN_PATH=/home/newman/vrx_ws/src/mission_windwatch/install/lib LD_LIBRARY_PATH=/home/newman/vrx_ws/src/mission_windwatch/install/lib:${LD_LIBRARY_PATH} PYTHONPATH=/home/newman/vrx_ws/src/mission_windwatch/install/local/lib/python3.10/dist-packages:${PYTHONPATH} /usr/bin/cmake --build /home/newman/vrx_ws/src/mission_windwatch/build/aquabot_gz -- -j9 -l9
[0.049s] [ 16%] [32mBuilding CXX object CMakeFiles/PatrolAndFollowScoringPlugin.dir/src/PatrolAndFollowScoringPlugin.cc.o[0m
[0.049s] [ 33%] [32mBuilding CXX object CMakeFiles/PatrolAndFollowScoringPlugin.dir/home/newman/vrx_ws/src/mission_windwatch/src/vrx/vrx_gz/src/WaypointMarkers.cc.o[0m
[0.049s] [ 50%] [32mBuilding CXX object CMakeFiles/WindturbinesInspectionScoringPlugin.dir/src/WindturbinesInspectionScoringPlugin.cc.o[0m
[0.050s] [ 66%] [32mBuilding CXX object CMakeFiles/WindturbinesInspectionScoringPlugin.dir/home/newman/vrx_ws/src/mission_windwatch/src/vrx/vrx_gz/src/WaypointMarkers.cc.o[0m
[0.059s] [ 66%] Built target ament_cmake_python_copy_aquabot_gz
[0.265s] running egg_info
[0.266s] creating aquabot_gz.egg-info
[0.266s] writing aquabot_gz.egg-info/PKG-INFO
[0.266s] writing dependency_links to aquabot_gz.egg-info/dependency_links.txt
[0.266s] writing top-level names to aquabot_gz.egg-info/top_level.txt
[0.266s] writing manifest file 'aquabot_gz.egg-info/SOURCES.txt'
[0.268s] reading manifest file 'aquabot_gz.egg-info/SOURCES.txt'
[0.268s] writing manifest file 'aquabot_gz.egg-info/SOURCES.txt'
[0.313s] [ 66%] Built target ament_cmake_python_build_aquabot_gz_egg
[6.243s] [ 83%] [32m[1mLinking CXX shared library libPatrolAndFollowScoringPlugin.so[0m
[6.532s] [ 83%] Built target PatrolAndFollowScoringPlugin
[9.189s] [100%] [32m[1mLinking CXX shared library libWindturbinesInspectionScoringPlugin.so[0m
[9.482s] [100%] Built target WindturbinesInspectionScoringPlugin
[9.494s] Invoked command in '/home/newman/vrx_ws/src/mission_windwatch/build/aquabot_gz' returned '0': AMENT_PREFIX_PATH=/home/newman/vrx_ws/src/mission_windwatch/install:${AMENT_PREFIX_PATH} CMAKE_PREFIX_PATH=/home/newman/vrx_ws/src/mission_windwatch/install:/opt/ros/humble GZ_SIM_RESOURCE_PATH=/home/newman/vrx_ws/src/mission_windwatch/install/share/vrx_gz/models/tmp:/home/newman/vrx_ws/src/mission_windwatch/install/share/vrx_gz/models:/home/newman/vrx_ws/src/mission_windwatch/install/share/vrx_gz/worlds/2023_practice:/home/newman/vrx_ws/src/mission_windwatch/install/share/vrx_gz/worlds GZ_SIM_SYSTEM_PLUGIN_PATH=/home/newman/vrx_ws/src/mission_windwatch/install/lib LD_LIBRARY_PATH=/home/newman/vrx_ws/src/mission_windwatch/install/lib:${LD_LIBRARY_PATH} PYTHONPATH=/home/newman/vrx_ws/src/mission_windwatch/install/local/lib/python3.10/dist-packages:${PYTHONPATH} /usr/bin/cmake --build /home/newman/vrx_ws/src/mission_windwatch/build/aquabot_gz -- -j9 -l9
[9.516s] Invoking command in '/home/newman/vrx_ws/src/mission_windwatch/build/aquabot_gz': AMENT_PREFIX_PATH=/home/newman/vrx_ws/src/mission_windwatch/install:${AMENT_PREFIX_PATH} CMAKE_PREFIX_PATH=/home/newman/vrx_ws/src/mission_windwatch/install:/opt/ros/humble GZ_SIM_RESOURCE_PATH=/home/newman/vrx_ws/src/mission_windwatch/install/share/vrx_gz/models/tmp:/home/newman/vrx_ws/src/mission_windwatch/install/share/vrx_gz/models:/home/newman/vrx_ws/src/mission_windwatch/install/share/vrx_gz/worlds/2023_practice:/home/newman/vrx_ws/src/mission_windwatch/install/share/vrx_gz/worlds GZ_SIM_SYSTEM_PLUGIN_PATH=/home/newman/vrx_ws/src/mission_windwatch/install/lib LD_LIBRARY_PATH=/home/newman/vrx_ws/src/mission_windwatch/install/lib:${LD_LIBRARY_PATH} PYTHONPATH=/home/newman/vrx_ws/src/mission_windwatch/install/local/lib/python3.10/dist-packages:${PYTHONPATH} /usr/bin/cmake --install /home/newman/vrx_ws/src/mission_windwatch/build/aquabot_gz
[9.522s] -- Install configuration: ""
[9.523s] -- Installing: /home/newman/vrx_ws/src/mission_windwatch/install/share/aquabot_gz/environment/resource_paths.dsv
[9.523s] -- Installing: /home/newman/vrx_ws/src/mission_windwatch/install/share/aquabot_gz/environment/resource_paths.sh
[9.523s] -- Installing: /home/newman/vrx_ws/src/mission_windwatch/install/lib/libPatrolAndFollowScoringPlugin.so
[9.523s] -- Set runtime path of "/home/newman/vrx_ws/src/mission_windwatch/install/lib/libPatrolAndFollowScoringPlugin.so" to ""
[9.523s] -- Installing: /home/newman/vrx_ws/src/mission_windwatch/install/lib/libWindturbinesInspectionScoringPlugin.so
[9.526s] -- Set runtime path of "/home/newman/vrx_ws/src/mission_windwatch/install/lib/libWindturbinesInspectionScoringPlugin.so" to ""
[9.526s] -- Installing: /home/newman/vrx_ws/src/mission_windwatch/install/share/aquabot_gz/environment/pythonpath.sh
[9.526s] -- Installing: /home/newman/vrx_ws/src/mission_windwatch/install/share/aquabot_gz/environment/pythonpath.dsv
[9.526s] -- Installing: /home/newman/vrx_ws/src/mission_windwatch/install/local/lib/python3.10/dist-packages/aquabot_gz-0.6.0-py3.10.egg-info
[9.526s] -- Installing: /home/newman/vrx_ws/src/mission_windwatch/install/local/lib/python3.10/dist-packages/aquabot_gz-0.6.0-py3.10.egg-info/SOURCES.txt
[9.526s] -- Installing: /home/newman/vrx_ws/src/mission_windwatch/install/local/lib/python3.10/dist-packages/aquabot_gz-0.6.0-py3.10.egg-info/dependency_links.txt
[9.526s] -- Installing: /home/newman/vrx_ws/src/mission_windwatch/install/local/lib/python3.10/dist-packages/aquabot_gz-0.6.0-py3.10.egg-info/PKG-INFO
[9.526s] -- Installing: /home/newman/vrx_ws/src/mission_windwatch/install/local/lib/python3.10/dist-packages/aquabot_gz-0.6.0-py3.10.egg-info/top_level.txt
[9.527s] -- Installing: /home/newman/vrx_ws/src/mission_windwatch/install/local/lib/python3.10/dist-packages/aquabot_gz
[9.527s] -- Installing: /home/newman/vrx_ws/src/mission_windwatch/install/local/lib/python3.10/dist-packages/aquabot_gz/bridges.py
[9.527s] -- Installing: /home/newman/vrx_ws/src/mission_windwatch/install/local/lib/python3.10/dist-packages/aquabot_gz/launch.py
[9.527s] -- Installing: /home/newman/vrx_ws/src/mission_windwatch/install/local/lib/python3.10/dist-packages/aquabot_gz/__init__.py
[9.553s] Listing '/home/newman/vrx_ws/src/mission_windwatch/install/local/lib/python3.10/dist-packages/aquabot_gz'...
[9.553s] Compiling '/home/newman/vrx_ws/src/mission_windwatch/install/local/lib/python3.10/dist-packages/aquabot_gz/__init__.py'...
[9.553s] Compiling '/home/newman/vrx_ws/src/mission_windwatch/install/local/lib/python3.10/dist-packages/aquabot_gz/bridges.py'...
[9.553s] Compiling '/home/newman/vrx_ws/src/mission_windwatch/install/local/lib/python3.10/dist-packages/aquabot_gz/launch.py'...
[9.558s] -- Installing: /home/newman/vrx_ws/src/mission_windwatch/install/share/aquabot_gz/launch
[9.559s] -- Installing: /home/newman/vrx_ws/src/mission_windwatch/install/share/aquabot_gz/launch/competition.launch.py
[9.559s] -- Installing: /home/newman/vrx_ws/src/mission_windwatch/install/share/aquabot_gz/launch/rviz.launch.py
[9.559s] -- Installing: /home/newman/vrx_ws/src/mission_windwatch/install/share/aquabot_gz/models
[9.559s] -- Installing: /home/newman/vrx_ws/src/mission_windwatch/install/share/aquabot_gz/models/aquabot_tree
[9.559s] -- Installing: /home/newman/vrx_ws/src/mission_windwatch/install/share/aquabot_gz/models/aquabot_tree/model.config
[9.559s] -- Installing: /home/newman/vrx_ws/src/mission_windwatch/install/share/aquabot_gz/models/aquabot_tree/model.sdf
[9.559s] -- Installing: /home/newman/vrx_ws/src/mission_windwatch/install/share/aquabot_gz/models/aquabot_tree/mesh
[9.559s] -- Installing: /home/newman/vrx_ws/src/mission_windwatch/install/share/aquabot_gz/models/aquabot_tree/mesh/tree.dae
[9.559s] -- Installing: /home/newman/vrx_ws/src/mission_windwatch/install/share/aquabot_gz/models/aquabot_greenboat
[9.559s] -- Installing: /home/newman/vrx_ws/src/mission_windwatch/install/share/aquabot_gz/models/aquabot_greenboat/model.config
[9.559s] -- Installing: /home/newman/vrx_ws/src/mission_windwatch/install/share/aquabot_gz/models/aquabot_greenboat/model.sdf
[9.560s] -- Installing: /home/newman/vrx_ws/src/mission_windwatch/install/share/aquabot_gz/models/aquabot_greenboat/mesh
[9.560s] -- Installing: /home/newman/vrx_ws/src/mission_windwatch/install/share/aquabot_gz/models/aquabot_greenboat/mesh/greenboat.dae
[9.560s] -- Installing: /home/newman/vrx_ws/src/mission_windwatch/install/share/aquabot_gz/models/aquabot_sapling
[9.560s] -- Installing: /home/newman/vrx_ws/src/mission_windwatch/install/share/aquabot_gz/models/aquabot_sapling/model.config
[9.560s] -- Installing: /home/newman/vrx_ws/src/mission_windwatch/install/share/aquabot_gz/models/aquabot_sapling/model.sdf
[9.560s] -- Installing: /home/newman/vrx_ws/src/mission_windwatch/install/share/aquabot_gz/models/aquabot_sapling/mesh
[9.560s] -- Installing: /home/newman/vrx_ws/src/mission_windwatch/install/share/aquabot_gz/models/aquabot_sapling/mesh/sapling.dae
[9.561s] -- Installing: /home/newman/vrx_ws/src/mission_windwatch/install/share/aquabot_gz/models/aquabot_marker_9_KO
[9.561s] -- Installing: /home/newman/vrx_ws/src/mission_windwatch/install/share/aquabot_gz/models/aquabot_marker_9_KO/materials
[9.561s] -- Installing: /home/newman/vrx_ws/src/mission_windwatch/install/share/aquabot_gz/models/aquabot_marker_9_KO/materials/textures
[9.561s] -- Installing: /home/newman/vrx_ws/src/mission_windwatch/install/share/aquabot_gz/models/aquabot_marker_9_KO/materials/textures/Marker0.png
[9.561s] -- Installing: /home/newman/vrx_ws/src/mission_windwatch/install/share/aquabot_gz/models/aquabot_marker_9_KO/materials/textures/aquabot_marker_9_KO.png
[9.561s] -- Installing: /home/newman/vrx_ws/src/mission_windwatch/install/share/aquabot_gz/models/aquabot_marker_9_KO/model.config
[9.561s] -- Installing: /home/newman/vrx_ws/src/mission_windwatch/install/share/aquabot_gz/models/aquabot_marker_9_KO/meshes
[9.561s] -- Installing: /home/newman/vrx_ws/src/mission_windwatch/install/share/aquabot_gz/models/aquabot_marker_9_KO/meshes/Marker0.dae
[9.561s] -- Installing: /home/newman/vrx_ws/src/mission_windwatch/install/share/aquabot_gz/models/aquabot_marker_9_KO/model.sdf
[9.561s] -- Installing: /home/newman/vrx_ws/src/mission_windwatch/install/share/aquabot_gz/models/aquabot_lighthouse_island
[9.561s] -- Installing: /home/newman/vrx_ws/src/mission_windwatch/install/share/aquabot_gz/models/aquabot_lighthouse_island/model.config
[9.561s] -- Installing: /home/newman/vrx_ws/src/mission_windwatch/install/share/aquabot_gz/models/aquabot_lighthouse_island/model.sdf
[9.561s] -- Installing: /home/newman/vrx_ws/src/mission_windwatch/install/share/aquabot_gz/models/aquabot_marker_0_OK
[9.562s] -- Installing: /home/newman/vrx_ws/src/mission_windwatch/install/share/aquabot_gz/models/aquabot_marker_0_OK/materials
[9.562s] -- Installing: /home/newman/vrx_ws/src/mission_windwatch/install/share/aquabot_gz/models/aquabot_marker_0_OK/materials/textures
[9.562s] -- Installing: /home/newman/vrx_ws/src/mission_windwatch/install/share/aquabot_gz/models/aquabot_marker_0_OK/materials/textures/Marker0.png
[9.562s] -- Installing: /home/newman/vrx_ws/src/mission_windwatch/install/share/aquabot_gz/models/aquabot_marker_0_OK/materials/textures/aquabot_marker_0_OK.png
[9.562s] -- Installing: /home/newman/vrx_ws/src/mission_windwatch/install/share/aquabot_gz/models/aquabot_marker_0_OK/model.config
[9.562s] -- Installing: /home/newman/vrx_ws/src/mission_windwatch/install/share/aquabot_gz/models/aquabot_marker_0_OK/meshes
[9.562s] -- Installing: /home/newman/vrx_ws/src/mission_windwatch/install/share/aquabot_gz/models/aquabot_marker_0_OK/meshes/Marker0.dae
[9.562s] -- Installing: /home/newman/vrx_ws/src/mission_windwatch/install/share/aquabot_gz/models/aquabot_marker_0_OK/model.sdf
[9.562s] -- Installing: /home/newman/vrx_ws/src/mission_windwatch/install/share/aquabot_gz/models/aquabot_windturbine_main
[9.562s] -- Installing: /home/newman/vrx_ws/src/mission_windwatch/install/share/aquabot_gz/models/aquabot_windturbine_main/model.config
[9.562s] -- Installing: /home/newman/vrx_ws/src/mission_windwatch/install/share/aquabot_gz/models/aquabot_windturbine_main/model.sdf
[9.562s] -- Installing: /home/newman/vrx_ws/src/mission_windwatch/install/share/aquabot_gz/models/aquabot_windturbine_main/mesh
[9.562s] -- Installing: /home/newman/vrx_ws/src/mission_windwatch/install/share/aquabot_gz/models/aquabot_windturbine_main/mesh/main.dae
[9.563s] -- Installing: /home/newman/vrx_ws/src/mission_windwatch/install/share/aquabot_gz/models/aquabot_marker_4_OK
[9.563s] -- Installing: /home/newman/vrx_ws/src/mission_windwatch/install/share/aquabot_gz/models/aquabot_marker_4_OK/materials
[9.563s] -- Installing: /home/newman/vrx_ws/src/mission_windwatch/install/share/aquabot_gz/models/aquabot_marker_4_OK/materials/textures
[9.563s] -- Installing: /home/newman/vrx_ws/src/mission_windwatch/install/share/aquabot_gz/models/aquabot_marker_4_OK/materials/textures/Marker0.png
[9.563s] -- Installing: /home/newman/vrx_ws/src/mission_windwatch/install/share/aquabot_gz/models/aquabot_marker_4_OK/materials/textures/aquabot_marker_4_OK.png
[9.563s] -- Installing: /home/newman/vrx_ws/src/mission_windwatch/install/share/aquabot_gz/models/aquabot_marker_4_OK/model.config
[9.563s] -- Installing: /home/newman/vrx_ws/src/mission_windwatch/install/share/aquabot_gz/models/aquabot_marker_4_OK/meshes
[9.563s] -- Installing: /home/newman/vrx_ws/src/mission_windwatch/install/share/aquabot_gz/models/aquabot_marker_4_OK/meshes/Marker0.dae
[9.563s] -- Installing: /home/newman/vrx_ws/src/mission_windwatch/install/share/aquabot_gz/models/aquabot_marker_4_OK/model.sdf
[9.563s] -- Installing: /home/newman/vrx_ws/src/mission_windwatch/install/share/aquabot_gz/models/aquabot_sonar_buoy
[9.563s] -- Installing: /home/newman/vrx_ws/src/mission_windwatch/install/share/aquabot_gz/models/aquabot_sonar_buoy/model.config
[9.563s] -- Installing: /home/newman/vrx_ws/src/mission_windwatch/install/share/aquabot_gz/models/aquabot_sonar_buoy/model.sdf
[9.563s] -- Installing: /home/newman/vrx_ws/src/mission_windwatch/install/share/aquabot_gz/models/aquabot_sonar_buoy/mesh
[9.563s] -- Installing: /home/newman/vrx_ws/src/mission_windwatch/install/share/aquabot_gz/models/aquabot_sonar_buoy/mesh/sonar_buoy.dae
[9.564s] -- Installing: /home/newman/vrx_ws/src/mission_windwatch/install/share/aquabot_gz/models/aquabot_rock_island_1
[9.564s] -- Installing: /home/newman/vrx_ws/src/mission_windwatch/install/share/aquabot_gz/models/aquabot_rock_island_1/model.config
[9.564s] -- Installing: /home/newman/vrx_ws/src/mission_windwatch/install/share/aquabot_gz/models/aquabot_rock_island_1/model.sdf
[9.565s] -- Installing: /home/newman/vrx_ws/src/mission_windwatch/install/share/aquabot_gz/models/aquabot_marker_2_KO
[9.565s] -- Installing: /home/newman/vrx_ws/src/mission_windwatch/install/share/aquabot_gz/models/aquabot_marker_2_KO/materials
[9.565s] -- Installing: /home/newman/vrx_ws/src/mission_windwatch/install/share/aquabot_gz/models/aquabot_marker_2_KO/materials/textures
[9.565s] -- Installing: /home/newman/vrx_ws/src/mission_windwatch/install/share/aquabot_gz/models/aquabot_marker_2_KO/materials/textures/Marker0.png
[9.565s] -- Installing: /home/newman/vrx_ws/src/mission_windwatch/install/share/aquabot_gz/models/aquabot_marker_2_KO/materials/textures/aquabot_marker_2_KO.png
[9.565s] -- Installing: /home/newman/vrx_ws/src/mission_windwatch/install/share/aquabot_gz/models/aquabot_marker_2_KO/model.config
[9.565s] -- Installing: /home/newman/vrx_ws/src/mission_windwatch/install/share/aquabot_gz/models/aquabot_marker_2_KO/meshes
[9.565s] -- Installing: /home/newman/vrx_ws/src/mission_windwatch/install/share/aquabot_gz/models/aquabot_marker_2_KO/meshes/Marker0.dae
[9.565s] -- Installing: /home/newman/vrx_ws/src/mission_windwatch/install/share/aquabot_gz/models/aquabot_marker_2_KO/model.sdf
[9.565s] -- Installing: /home/newman/vrx_ws/src/mission_windwatch/install/share/aquabot_gz/models/aquabot_marker_4_KO
[9.565s] -- Installing: /home/newman/vrx_ws/src/mission_windwatch/install/share/aquabot_gz/models/aquabot_marker_4_KO/materials
[9.566s] -- Installing: /home/newman/vrx_ws/src/mission_windwatch/install/share/aquabot_gz/models/aquabot_marker_4_KO/materials/textures
[9.566s] -- Installing: /home/newman/vrx_ws/src/mission_windwatch/install/share/aquabot_gz/models/aquabot_marker_4_KO/materials/textures/aquabot_marker_4_KO.png
[9.566s] -- Installing: /home/newman/vrx_ws/src/mission_windwatch/install/share/aquabot_gz/models/aquabot_marker_4_KO/materials/textures/Marker0.png
[9.566s] -- Installing: /home/newman/vrx_ws/src/mission_windwatch/install/share/aquabot_gz/models/aquabot_marker_4_KO/model.config
[9.566s] -- Installing: /home/newman/vrx_ws/src/mission_windwatch/install/share/aquabot_gz/models/aquabot_marker_4_KO/meshes
[9.566s] -- Installing: /home/newman/vrx_ws/src/mission_windwatch/install/share/aquabot_gz/models/aquabot_marker_4_KO/meshes/Marker0.dae
[9.567s] -- Installing: /home/newman/vrx_ws/src/mission_windwatch/install/share/aquabot_gz/models/aquabot_marker_4_KO/model.sdf
[9.567s] -- Installing: /home/newman/vrx_ws/src/mission_windwatch/install/share/aquabot_gz/models/aquabot_marker_7_OK
[9.567s] -- Installing: /home/newman/vrx_ws/src/mission_windwatch/install/share/aquabot_gz/models/aquabot_marker_7_OK/materials
[9.567s] -- Installing: /home/newman/vrx_ws/src/mission_windwatch/install/share/aquabot_gz/models/aquabot_marker_7_OK/materials/textures
[9.567s] -- Installing: /home/newman/vrx_ws/src/mission_windwatch/install/share/aquabot_gz/models/aquabot_marker_7_OK/materials/textures/aquabot_marker_7_OK.png
[9.567s] -- Installing: /home/newman/vrx_ws/src/mission_windwatch/install/share/aquabot_gz/models/aquabot_marker_7_OK/materials/textures/Marker0.png
[9.567s] -- Installing: /home/newman/vrx_ws/src/mission_windwatch/install/share/aquabot_gz/models/aquabot_marker_7_OK/model.config
[9.567s] -- Installing: /home/newman/vrx_ws/src/mission_windwatch/install/share/aquabot_gz/models/aquabot_marker_7_OK/meshes
[9.567s] -- Installing: /home/newman/vrx_ws/src/mission_windwatch/install/share/aquabot_gz/models/aquabot_marker_7_OK/meshes/Marker0.dae
[9.567s] -- Installing: /home/newman/vrx_ws/src/mission_windwatch/install/share/aquabot_gz/models/aquabot_marker_7_OK/model.sdf
[9.567s] -- Installing: /home/newman/vrx_ws/src/mission_windwatch/install/share/aquabot_gz/models/aquabot_regatta_no_obstacles_world
[9.567s] -- Installing: /home/newman/vrx_ws/src/mission_windwatch/install/share/aquabot_gz/models/aquabot_regatta_no_obstacles_world/model.config
[9.567s] -- Installing: /home/newman/vrx_ws/src/mission_windwatch/install/share/aquabot_gz/models/aquabot_regatta_no_obstacles_world/model.sdf
[9.567s] -- Installing: /home/newman/vrx_ws/src/mission_windwatch/install/share/aquabot_gz/models/aquabot_marker_9_OK
[9.568s] -- Installing: /home/newman/vrx_ws/src/mission_windwatch/install/share/aquabot_gz/models/aquabot_marker_9_OK/materials
[9.568s] -- Installing: /home/newman/vrx_ws/src/mission_windwatch/install/share/aquabot_gz/models/aquabot_marker_9_OK/materials/textures
[9.568s] -- Installing: /home/newman/vrx_ws/src/mission_windwatch/install/share/aquabot_gz/models/aquabot_marker_9_OK/materials/textures/aquabot_marker_9_OK.png
[9.568s] -- Installing: /home/newman/vrx_ws/src/mission_windwatch/install/share/aquabot_gz/models/aquabot_marker_9_OK/materials/textures/Marker0.png
[9.568s] -- Installing: /home/newman/vrx_ws/src/mission_windwatch/install/share/aquabot_gz/models/aquabot_marker_9_OK/model.config
[9.568s] -- Installing: /home/newman/vrx_ws/src/mission_windwatch/install/share/aquabot_gz/models/aquabot_marker_9_OK/meshes
[9.568s] -- Installing: /home/newman/vrx_ws/src/mission_windwatch/install/share/aquabot_gz/models/aquabot_marker_9_OK/meshes/Marker0.dae
[9.568s] -- Installing: /home/newman/vrx_ws/src/mission_windwatch/install/share/aquabot_gz/models/aquabot_marker_9_OK/model.sdf
[9.568s] -- Installing: /home/newman/vrx_ws/src/mission_windwatch/install/share/aquabot_gz/models/aquabot_rock
[9.568s] -- Installing: /home/newman/vrx_ws/src/mission_windwatch/install/share/aquabot_gz/models/aquabot_rock/model.config
[9.568s] -- Installing: /home/newman/vrx_ws/src/mission_windwatch/install/share/aquabot_gz/models/aquabot_rock/model.sdf
[9.568s] -- Installing: /home/newman/vrx_ws/src/mission_windwatch/install/share/aquabot_gz/models/aquabot_rock/mesh
[9.568s] -- Installing: /home/newman/vrx_ws/src/mission_windwatch/install/share/aquabot_gz/models/aquabot_rock/mesh/rock.dae
[9.568s] -- Installing: /home/newman/vrx_ws/src/mission_windwatch/install/share/aquabot_gz/models/aquabot_island
[9.568s] -- Installing: /home/newman/vrx_ws/src/mission_windwatch/install/share/aquabot_gz/models/aquabot_island/model.config
[9.569s] -- Installing: /home/newman/vrx_ws/src/mission_windwatch/install/share/aquabot_gz/models/aquabot_island/model.sdf
[9.569s] -- Installing: /home/newman/vrx_ws/src/mission_windwatch/install/share/aquabot_gz/models/aquabot_marker_6_OK
[9.569s] -- Installing: /home/newman/vrx_ws/src/mission_windwatch/install/share/aquabot_gz/models/aquabot_marker_6_OK/materials
[9.569s] -- Installing: /home/newman/vrx_ws/src/mission_windwatch/install/share/aquabot_gz/models/aquabot_marker_6_OK/materials/textures
[9.569s] -- Installing: /home/newman/vrx_ws/src/mission_windwatch/install/share/aquabot_gz/models/aquabot_marker_6_OK/materials/textures/aquabot_marker_6_OK.png
[9.569s] -- Installing: /home/newman/vrx_ws/src/mission_windwatch/install/share/aquabot_gz/models/aquabot_marker_6_OK/materials/textures/Marker0.png
[9.569s] -- Installing: /home/newman/vrx_ws/src/mission_windwatch/install/share/aquabot_gz/models/aquabot_marker_6_OK/model.config
[9.569s] -- Installing: /home/newman/vrx_ws/src/mission_windwatch/install/share/aquabot_gz/models/aquabot_marker_6_OK/meshes
[9.569s] -- Installing: /home/newman/vrx_ws/src/mission_windwatch/install/share/aquabot_gz/models/aquabot_marker_6_OK/meshes/Marker0.dae
[9.569s] -- Installing: /home/newman/vrx_ws/src/mission_windwatch/install/share/aquabot_gz/models/aquabot_marker_6_OK/model.sdf
[9.569s] -- Installing: /home/newman/vrx_ws/src/mission_windwatch/install/share/aquabot_gz/models/aquabot_grass
[9.569s] -- Installing: /home/newman/vrx_ws/src/mission_windwatch/install/share/aquabot_gz/models/aquabot_grass/model.config
[9.570s] -- Installing: /home/newman/vrx_ws/src/mission_windwatch/install/share/aquabot_gz/models/aquabot_grass/model.sdf
[9.570s] -- Installing: /home/newman/vrx_ws/src/mission_windwatch/install/share/aquabot_gz/models/aquabot_grass/mesh
[9.570s] -- Installing: /home/newman/vrx_ws/src/mission_windwatch/install/share/aquabot_gz/models/aquabot_grass/mesh/grass.dae
[9.570s] -- Installing: /home/newman/vrx_ws/src/mission_windwatch/install/share/aquabot_gz/models/aquabot_windturbine_rotor
[9.570s] -- Installing: /home/newman/vrx_ws/src/mission_windwatch/install/share/aquabot_gz/models/aquabot_windturbine_rotor/model.config
[9.570s] -- Installing: /home/newman/vrx_ws/src/mission_windwatch/install/share/aquabot_gz/models/aquabot_windturbine_rotor/model.sdf
[9.570s] -- Installing: /home/newman/vrx_ws/src/mission_windwatch/install/share/aquabot_gz/models/aquabot_windturbine_rotor/mesh
[9.570s] -- Installing: /home/newman/vrx_ws/src/mission_windwatch/install/share/aquabot_gz/models/aquabot_windturbine_rotor/mesh/rotor.dae
[9.570s] -- Installing: /home/newman/vrx_ws/src/mission_windwatch/install/share/aquabot_gz/models/aquabot_marker_5_KO
[9.570s] -- Installing: /home/newman/vrx_ws/src/mission_windwatch/install/share/aquabot_gz/models/aquabot_marker_5_KO/materials
[9.570s] -- Installing: /home/newman/vrx_ws/src/mission_windwatch/install/share/aquabot_gz/models/aquabot_marker_5_KO/materials/textures
[9.570s] -- Installing: /home/newman/vrx_ws/src/mission_windwatch/install/share/aquabot_gz/models/aquabot_marker_5_KO/materials/textures/Marker0.png
[9.570s] -- Installing: /home/newman/vrx_ws/src/mission_windwatch/install/share/aquabot_gz/models/aquabot_marker_5_KO/materials/textures/aquabot_marker_5_KO.png
[9.570s] -- Installing: /home/newman/vrx_ws/src/mission_windwatch/install/share/aquabot_gz/models/aquabot_marker_5_KO/model.config
[9.570s] -- Installing: /home/newman/vrx_ws/src/mission_windwatch/install/share/aquabot_gz/models/aquabot_marker_5_KO/meshes
[9.571s] -- Installing: /home/newman/vrx_ws/src/mission_windwatch/install/share/aquabot_gz/models/aquabot_marker_5_KO/meshes/Marker0.dae
[9.571s] -- Installing: /home/newman/vrx_ws/src/mission_windwatch/install/share/aquabot_gz/models/aquabot_marker_5_KO/model.sdf
[9.571s] -- Installing: /home/newman/vrx_ws/src/mission_windwatch/install/share/aquabot_gz/models/aquabot_marker_0_KO
[9.571s] -- Installing: /home/newman/vrx_ws/src/mission_windwatch/install/share/aquabot_gz/models/aquabot_marker_0_KO/materials
[9.571s] -- Installing: /home/newman/vrx_ws/src/mission_windwatch/install/share/aquabot_gz/models/aquabot_marker_0_KO/materials/textures
[9.571s] -- Installing: /home/newman/vrx_ws/src/mission_windwatch/install/share/aquabot_gz/models/aquabot_marker_0_KO/materials/textures/aquabot_marker_0_KO.png
[9.571s] -- Installing: /home/newman/vrx_ws/src/mission_windwatch/install/share/aquabot_gz/models/aquabot_marker_0_KO/materials/textures/Marker0.png
[9.571s] -- Installing: /home/newman/vrx_ws/src/mission_windwatch/install/share/aquabot_gz/models/aquabot_marker_0_KO/model.config
[9.571s] -- Installing: /home/newman/vrx_ws/src/mission_windwatch/install/share/aquabot_gz/models/aquabot_marker_0_KO/meshes
[9.571s] -- Installing: /home/newman/vrx_ws/src/mission_windwatch/install/share/aquabot_gz/models/aquabot_marker_0_KO/meshes/Marker0.dae
[9.571s] -- Installing: /home/newman/vrx_ws/src/mission_windwatch/install/share/aquabot_gz/models/aquabot_marker_0_KO/model.sdf
[9.571s] -- Installing: /home/newman/vrx_ws/src/mission_windwatch/install/share/aquabot_gz/models/aquabot_redboat
[9.571s] -- Installing: /home/newman/vrx_ws/src/mission_windwatch/install/share/aquabot_gz/models/aquabot_redboat/model.config
[9.571s] -- Installing: /home/newman/vrx_ws/src/mission_windwatch/install/share/aquabot_gz/models/aquabot_redboat/model.sdf
[9.571s] -- Installing: /home/newman/vrx_ws/src/mission_windwatch/install/share/aquabot_gz/models/aquabot_redboat/mesh
[9.571s] -- Installing: /home/newman/vrx_ws/src/mission_windwatch/install/share/aquabot_gz/models/aquabot_redboat/mesh/redboat.dae
[9.571s] -- Installing: /home/newman/vrx_ws/src/mission_windwatch/install/share/aquabot_gz/models/aquabot_marker_8_KO
[9.572s] -- Installing: /home/newman/vrx_ws/src/mission_windwatch/install/share/aquabot_gz/models/aquabot_marker_8_KO/materials
[9.572s] -- Installing: /home/newman/vrx_ws/src/mission_windwatch/install/share/aquabot_gz/models/aquabot_marker_8_KO/materials/textures
[9.572s] -- Installing: /home/newman/vrx_ws/src/mission_windwatch/install/share/aquabot_gz/models/aquabot_marker_8_KO/materials/textures/aquabot_marker_8_KO.png
[9.572s] -- Installing: /home/newman/vrx_ws/src/mission_windwatch/install/share/aquabot_gz/models/aquabot_marker_8_KO/materials/textures/Marker0.png
[9.572s] -- Installing: /home/newman/vrx_ws/src/mission_windwatch/install/share/aquabot_gz/models/aquabot_marker_8_KO/model.config
[9.572s] -- Installing: /home/newman/vrx_ws/src/mission_windwatch/install/share/aquabot_gz/models/aquabot_marker_8_KO/meshes
[9.572s] -- Installing: /home/newman/vrx_ws/src/mission_windwatch/install/share/aquabot_gz/models/aquabot_marker_8_KO/meshes/Marker0.dae
[9.572s] -- Installing: /home/newman/vrx_ws/src/mission_windwatch/install/share/aquabot_gz/models/aquabot_marker_8_KO/model.sdf
[9.572s] -- Installing: /home/newman/vrx_ws/src/mission_windwatch/install/share/aquabot_gz/models/aquabot_marker_5_OK
[9.572s] -- Installing: /home/newman/vrx_ws/src/mission_windwatch/install/share/aquabot_gz/models/aquabot_marker_5_OK/materials
[9.572s] -- Installing: /home/newman/vrx_ws/src/mission_windwatch/install/share/aquabot_gz/models/aquabot_marker_5_OK/materials/textures
[9.572s] -- Installing: /home/newman/vrx_ws/src/mission_windwatch/install/share/aquabot_gz/models/aquabot_marker_5_OK/materials/textures/Marker0.png
[9.572s] -- Installing: /home/newman/vrx_ws/src/mission_windwatch/install/share/aquabot_gz/models/aquabot_marker_5_OK/materials/textures/aquabot_marker_5_OK.png
[9.572s] -- Installing: /home/newman/vrx_ws/src/mission_windwatch/install/share/aquabot_gz/models/aquabot_marker_5_OK/model.config
[9.572s] -- Installing: /home/newman/vrx_ws/src/mission_windwatch/install/share/aquabot_gz/models/aquabot_marker_5_OK/meshes
[9.573s] -- Installing: /home/newman/vrx_ws/src/mission_windwatch/install/share/aquabot_gz/models/aquabot_marker_5_OK/meshes/Marker0.dae
[9.573s] -- Installing: /home/newman/vrx_ws/src/mission_windwatch/install/share/aquabot_gz/models/aquabot_marker_5_OK/model.sdf
[9.573s] -- Installing: /home/newman/vrx_ws/src/mission_windwatch/install/share/aquabot_gz/models/aquabot_marker_8_OK
[9.573s] -- Installing: /home/newman/vrx_ws/src/mission_windwatch/install/share/aquabot_gz/models/aquabot_marker_8_OK/materials
[9.573s] -- Installing: /home/newman/vrx_ws/src/mission_windwatch/install/share/aquabot_gz/models/aquabot_marker_8_OK/materials/textures
[9.573s] -- Installing: /home/newman/vrx_ws/src/mission_windwatch/install/share/aquabot_gz/models/aquabot_marker_8_OK/materials/textures/Marker0.png
[9.573s] -- Installing: /home/newman/vrx_ws/src/mission_windwatch/install/share/aquabot_gz/models/aquabot_marker_8_OK/materials/textures/aquabot_marker_8_OK.png
[9.573s] -- Installing: /home/newman/vrx_ws/src/mission_windwatch/install/share/aquabot_gz/models/aquabot_marker_8_OK/model.config
[9.573s] -- Installing: /home/newman/vrx_ws/src/mission_windwatch/install/share/aquabot_gz/models/aquabot_marker_8_OK/meshes
[9.573s] -- Installing: /home/newman/vrx_ws/src/mission_windwatch/install/share/aquabot_gz/models/aquabot_marker_8_OK/meshes/Marker0.dae
[9.573s] -- Installing: /home/newman/vrx_ws/src/mission_windwatch/install/share/aquabot_gz/models/aquabot_marker_8_OK/model.sdf
[9.573s] -- Installing: /home/newman/vrx_ws/src/mission_windwatch/install/share/aquabot_gz/models/aquabot_marker_2_OK
[9.573s] -- Installing: /home/newman/vrx_ws/src/mission_windwatch/install/share/aquabot_gz/models/aquabot_marker_2_OK/materials
[9.573s] -- Installing: /home/newman/vrx_ws/src/mission_windwatch/install/share/aquabot_gz/models/aquabot_marker_2_OK/materials/textures
[9.574s] -- Installing: /home/newman/vrx_ws/src/mission_windwatch/install/share/aquabot_gz/models/aquabot_marker_2_OK/materials/textures/Marker0.png
[9.574s] -- Installing: /home/newman/vrx_ws/src/mission_windwatch/install/share/aquabot_gz/models/aquabot_marker_2_OK/materials/textures/aquabot_marker_2_OK.png
[9.574s] -- Installing: /home/newman/vrx_ws/src/mission_windwatch/install/share/aquabot_gz/models/aquabot_marker_2_OK/model.config
[9.574s] -- Installing: /home/newman/vrx_ws/src/mission_windwatch/install/share/aquabot_gz/models/aquabot_marker_2_OK/meshes
[9.574s] -- Installing: /home/newman/vrx_ws/src/mission_windwatch/install/share/aquabot_gz/models/aquabot_marker_2_OK/meshes/Marker0.dae
[9.574s] -- Installing: /home/newman/vrx_ws/src/mission_windwatch/install/share/aquabot_gz/models/aquabot_marker_2_OK/model.sdf
[9.574s] -- Installing: /home/newman/vrx_ws/src/mission_windwatch/install/share/aquabot_gz/models/aquabot_marker_3_KO
[9.574s] -- Installing: /home/newman/vrx_ws/src/mission_windwatch/install/share/aquabot_gz/models/aquabot_marker_3_KO/materials
[9.574s] -- Installing: /home/newman/vrx_ws/src/mission_windwatch/install/share/aquabot_gz/models/aquabot_marker_3_KO/materials/textures
[9.574s] -- Installing: /home/newman/vrx_ws/src/mission_windwatch/install/share/aquabot_gz/models/aquabot_marker_3_KO/materials/textures/aquabot_marker_3_KO.png
[9.574s] -- Installing: /home/newman/vrx_ws/src/mission_windwatch/install/share/aquabot_gz/models/aquabot_marker_3_KO/materials/textures/Marker0.png
[9.574s] -- Installing: /home/newman/vrx_ws/src/mission_windwatch/install/share/aquabot_gz/models/aquabot_marker_3_KO/model.config
[9.574s] -- Installing: /home/newman/vrx_ws/src/mission_windwatch/install/share/aquabot_gz/models/aquabot_marker_3_KO/meshes
[9.574s] -- Installing: /home/newman/vrx_ws/src/mission_windwatch/install/share/aquabot_gz/models/aquabot_marker_3_KO/meshes/Marker0.dae
[9.575s] -- Installing: /home/newman/vrx_ws/src/mission_windwatch/install/share/aquabot_gz/models/aquabot_marker_3_KO/model.sdf
[9.575s] -- Installing: /home/newman/vrx_ws/src/mission_windwatch/install/share/aquabot_gz/models/aquabot_marker_1_KO
[9.575s] -- Installing: /home/newman/vrx_ws/src/mission_windwatch/install/share/aquabot_gz/models/aquabot_marker_1_KO/materials
[9.575s] -- Installing: /home/newman/vrx_ws/src/mission_windwatch/install/share/aquabot_gz/models/aquabot_marker_1_KO/materials/textures
[9.575s] -- Installing: /home/newman/vrx_ws/src/mission_windwatch/install/share/aquabot_gz/models/aquabot_marker_1_KO/materials/textures/Marker0.png
[9.575s] -- Installing: /home/newman/vrx_ws/src/mission_windwatch/install/share/aquabot_gz/models/aquabot_marker_1_KO/materials/textures/aquabot_marker_1_KO.png
[9.575s] -- Installing: /home/newman/vrx_ws/src/mission_windwatch/install/share/aquabot_gz/models/aquabot_marker_1_KO/model.config
[9.575s] -- Installing: /home/newman/vrx_ws/src/mission_windwatch/install/share/aquabot_gz/models/aquabot_marker_1_KO/meshes
[9.575s] -- Installing: /home/newman/vrx_ws/src/mission_windwatch/install/share/aquabot_gz/models/aquabot_marker_1_KO/meshes/Marker0.dae
[9.575s] -- Installing: /home/newman/vrx_ws/src/mission_windwatch/install/share/aquabot_gz/models/aquabot_marker_1_KO/model.sdf
[9.575s] -- Installing: /home/newman/vrx_ws/src/mission_windwatch/install/share/aquabot_gz/models/aquabot_regatta_world
[9.575s] -- Installing: /home/newman/vrx_ws/src/mission_windwatch/install/share/aquabot_gz/models/aquabot_regatta_world/model.config
[9.575s] -- Installing: /home/newman/vrx_ws/src/mission_windwatch/install/share/aquabot_gz/models/aquabot_regatta_world/model.sdf
[9.575s] -- Installing: /home/newman/vrx_ws/src/mission_windwatch/install/share/aquabot_gz/models/aquabot_marker_3_OK
[9.576s] -- Installing: /home/newman/vrx_ws/src/mission_windwatch/install/share/aquabot_gz/models/aquabot_marker_3_OK/materials
[9.576s] -- Installing: /home/newman/vrx_ws/src/mission_windwatch/install/share/aquabot_gz/models/aquabot_marker_3_OK/materials/textures
[9.576s] -- Installing: /home/newman/vrx_ws/src/mission_windwatch/install/share/aquabot_gz/models/aquabot_marker_3_OK/materials/textures/aquabot_marker_3_OK.png
[9.576s] -- Installing: /home/newman/vrx_ws/src/mission_windwatch/install/share/aquabot_gz/models/aquabot_marker_3_OK/materials/textures/Marker0.png
[9.576s] -- Installing: /home/newman/vrx_ws/src/mission_windwatch/install/share/aquabot_gz/models/aquabot_marker_3_OK/model.config
[9.576s] -- Installing: /home/newman/vrx_ws/src/mission_windwatch/install/share/aquabot_gz/models/aquabot_marker_3_OK/meshes
[9.576s] -- Installing: /home/newman/vrx_ws/src/mission_windwatch/install/share/aquabot_gz/models/aquabot_marker_3_OK/meshes/Marker0.dae
[9.576s] -- Installing: /home/newman/vrx_ws/src/mission_windwatch/install/share/aquabot_gz/models/aquabot_marker_3_OK/model.sdf
[9.576s] -- Installing: /home/newman/vrx_ws/src/mission_windwatch/install/share/aquabot_gz/models/aquabot_marker_1_OK
[9.576s] -- Installing: /home/newman/vrx_ws/src/mission_windwatch/install/share/aquabot_gz/models/aquabot_marker_1_OK/materials
[9.576s] -- Installing: /home/newman/vrx_ws/src/mission_windwatch/install/share/aquabot_gz/models/aquabot_marker_1_OK/materials/textures
[9.576s] -- Installing: /home/newman/vrx_ws/src/mission_windwatch/install/share/aquabot_gz/models/aquabot_marker_1_OK/materials/textures/Marker0.png
[9.576s] -- Installing: /home/newman/vrx_ws/src/mission_windwatch/install/share/aquabot_gz/models/aquabot_marker_1_OK/materials/textures/aquabot_marker_1_OK.png
[9.576s] -- Installing: /home/newman/vrx_ws/src/mission_windwatch/install/share/aquabot_gz/models/aquabot_marker_1_OK/model.config
[9.577s] -- Installing: /home/newman/vrx_ws/src/mission_windwatch/install/share/aquabot_gz/models/aquabot_marker_1_OK/meshes
[9.577s] -- Installing: /home/newman/vrx_ws/src/mission_windwatch/install/share/aquabot_gz/models/aquabot_marker_1_OK/meshes/Marker0.dae
[9.577s] -- Installing: /home/newman/vrx_ws/src/mission_windwatch/install/share/aquabot_gz/models/aquabot_marker_1_OK/model.sdf
[9.577s] -- Installing: /home/newman/vrx_ws/src/mission_windwatch/install/share/aquabot_gz/models/aquabot_marker_6_KO
[9.577s] -- Installing: /home/newman/vrx_ws/src/mission_windwatch/install/share/aquabot_gz/models/aquabot_marker_6_KO/materials
[9.577s] -- Installing: /home/newman/vrx_ws/src/mission_windwatch/install/share/aquabot_gz/models/aquabot_marker_6_KO/materials/textures
[9.577s] -- Installing: /home/newman/vrx_ws/src/mission_windwatch/install/share/aquabot_gz/models/aquabot_marker_6_KO/materials/textures/Marker0.png
[9.577s] -- Installing: /home/newman/vrx_ws/src/mission_windwatch/install/share/aquabot_gz/models/aquabot_marker_6_KO/materials/textures/aquabot_marker_6_KO.png
[9.577s] -- Installing: /home/newman/vrx_ws/src/mission_windwatch/install/share/aquabot_gz/models/aquabot_marker_6_KO/model.config
[9.577s] -- Installing: /home/newman/vrx_ws/src/mission_windwatch/install/share/aquabot_gz/models/aquabot_marker_6_KO/meshes
[9.577s] -- Installing: /home/newman/vrx_ws/src/mission_windwatch/install/share/aquabot_gz/models/aquabot_marker_6_KO/meshes/Marker0.dae
[9.577s] -- Installing: /home/newman/vrx_ws/src/mission_windwatch/install/share/aquabot_gz/models/aquabot_marker_6_KO/model.sdf
[9.577s] -- Installing: /home/newman/vrx_ws/src/mission_windwatch/install/share/aquabot_gz/models/aquabot_lighthouse
[9.577s] -- Installing: /home/newman/vrx_ws/src/mission_windwatch/install/share/aquabot_gz/models/aquabot_lighthouse/model.config
[9.577s] -- Installing: /home/newman/vrx_ws/src/mission_windwatch/install/share/aquabot_gz/models/aquabot_lighthouse/model.sdf
[9.577s] -- Installing: /home/newman/vrx_ws/src/mission_windwatch/install/share/aquabot_gz/models/aquabot_lighthouse/mesh
[9.578s] -- Installing: /home/newman/vrx_ws/src/mission_windwatch/install/share/aquabot_gz/models/aquabot_lighthouse/mesh/lighthouse.dae
[9.578s] -- Installing: /home/newman/vrx_ws/src/mission_windwatch/install/share/aquabot_gz/models/aquabot_marker_7_KO
[9.578s] -- Installing: /home/newman/vrx_ws/src/mission_windwatch/install/share/aquabot_gz/models/aquabot_marker_7_KO/materials
[9.578s] -- Installing: /home/newman/vrx_ws/src/mission_windwatch/install/share/aquabot_gz/models/aquabot_marker_7_KO/materials/textures
[9.578s] -- Installing: /home/newman/vrx_ws/src/mission_windwatch/install/share/aquabot_gz/models/aquabot_marker_7_KO/materials/textures/Marker0.png
[9.578s] -- Installing: /home/newman/vrx_ws/src/mission_windwatch/install/share/aquabot_gz/models/aquabot_marker_7_KO/materials/textures/aquabot_marker_7_KO.png
[9.578s] -- Installing: /home/newman/vrx_ws/src/mission_windwatch/install/share/aquabot_gz/models/aquabot_marker_7_KO/model.config
[9.578s] -- Installing: /home/newman/vrx_ws/src/mission_windwatch/install/share/aquabot_gz/models/aquabot_marker_7_KO/meshes
[9.578s] -- Installing: /home/newman/vrx_ws/src/mission_windwatch/install/share/aquabot_gz/models/aquabot_marker_7_KO/meshes/Marker0.dae
[9.578s] -- Installing: /home/newman/vrx_ws/src/mission_windwatch/install/share/aquabot_gz/models/aquabot_marker_7_KO/model.sdf
[9.578s] -- Installing: /home/newman/vrx_ws/src/mission_windwatch/install/share/aquabot_gz/worlds
[9.578s] -- Installing: /home/newman/vrx_ws/src/mission_windwatch/install/share/aquabot_gz/worlds/aquabot_windturbines_medium.sdf
[9.578s] -- Installing: /home/newman/vrx_ws/src/mission_windwatch/install/share/aquabot_gz/worlds/aquabot_patrolandfollow_easy.sdf
[9.579s] -- Installing: /home/newman/vrx_ws/src/mission_windwatch/install/share/aquabot_gz/worlds/images
[9.579s] -- Installing: /home/newman/vrx_ws/src/mission_windwatch/install/share/aquabot_gz/worlds/images/medium.png
[9.579s] -- Installing: /home/newman/vrx_ws/src/mission_windwatch/install/share/aquabot_gz/worlds/images/easy.png
[9.579s] -- Installing: /home/newman/vrx_ws/src/mission_windwatch/install/share/aquabot_gz/worlds/images/hard.png
[9.579s] -- Installing: /home/newman/vrx_ws/src/mission_windwatch/install/share/aquabot_gz/worlds/aquabot_regatta.sdf
[9.579s] -- Installing: /home/newman/vrx_ws/src/mission_windwatch/install/share/aquabot_gz/worlds/aquabot_windturbines_easy.sdf
[9.579s] -- Installing: /home/newman/vrx_ws/src/mission_windwatch/install/share/aquabot_gz/worlds/aquabot_windturbines_hard.sdf
[9.579s] -- Installing: /home/newman/vrx_ws/src/mission_windwatch/install/share/aquabot_gz/worlds/aquabot_patrolandfollow_medium.sdf
[9.579s] -- Installing: /home/newman/vrx_ws/src/mission_windwatch/install/share/aquabot_gz/worlds/aquabot_patrolandfollow_hard.sdf
[9.579s] -- Installing: /home/newman/vrx_ws/src/mission_windwatch/install/share/aquabot_gz/config
[9.580s] -- Installing: /home/newman/vrx_ws/src/mission_windwatch/install/share/aquabot_gz/config/rviz_aquabot.rviz
[9.580s] -- Installing: /home/newman/vrx_ws/src/mission_windwatch/install/share/ament_index/resource_index/package_run_dependencies/aquabot_gz
[9.580s] -- Installing: /home/newman/vrx_ws/src/mission_windwatch/install/share/ament_index/resource_index/parent_prefix_path/aquabot_gz
[9.580s] -- Installing: /home/newman/vrx_ws/src/mission_windwatch/install/share/aquabot_gz/environment/ament_prefix_path.sh
[9.580s] -- Installing: /home/newman/vrx_ws/src/mission_windwatch/install/share/aquabot_gz/environment/ament_prefix_path.dsv
[9.581s] -- Installing: /home/newman/vrx_ws/src/mission_windwatch/install/share/aquabot_gz/environment/path.sh
[9.581s] -- Installing: /home/newman/vrx_ws/src/mission_windwatch/install/share/aquabot_gz/environment/path.dsv
[9.581s] -- Installing: /home/newman/vrx_ws/src/mission_windwatch/install/share/aquabot_gz/local_setup.bash
[9.581s] -- Installing: /home/newman/vrx_ws/src/mission_windwatch/install/share/aquabot_gz/local_setup.sh
[9.581s] -- Installing: /home/newman/vrx_ws/src/mission_windwatch/install/share/aquabot_gz/local_setup.zsh
[9.582s] -- Installing: /home/newman/vrx_ws/src/mission_windwatch/install/share/aquabot_gz/local_setup.dsv
[9.582s] -- Installing: /home/newman/vrx_ws/src/mission_windwatch/install/share/aquabot_gz/package.dsv
[9.582s] -- Installing: /home/newman/vrx_ws/src/mission_windwatch/install/share/ament_index/resource_index/packages/aquabot_gz
[9.582s] -- Installing: /home/newman/vrx_ws/src/mission_windwatch/install/share/aquabot_gz/cmake/aquabot_gzConfig.cmake
[9.582s] -- Installing: /home/newman/vrx_ws/src/mission_windwatch/install/share/aquabot_gz/cmake/aquabot_gzConfig-version.cmake
[9.582s] -- Installing: /home/newman/vrx_ws/src/mission_windwatch/install/share/aquabot_gz/package.xml
[9.584s] Invoked command in '/home/newman/vrx_ws/src/mission_windwatch/build/aquabot_gz' returned '0': AMENT_PREFIX_PATH=/home/newman/vrx_ws/src/mission_windwatch/install:${AMENT_PREFIX_PATH} CMAKE_PREFIX_PATH=/home/newman/vrx_ws/src/mission_windwatch/install:/opt/ros/humble GZ_SIM_RESOURCE_PATH=/home/newman/vrx_ws/src/mission_windwatch/install/share/vrx_gz/models/tmp:/home/newman/vrx_ws/src/mission_windwatch/install/share/vrx_gz/models:/home/newman/vrx_ws/src/mission_windwatch/install/share/vrx_gz/worlds/2023_practice:/home/newman/vrx_ws/src/mission_windwatch/install/share/vrx_gz/worlds GZ_SIM_SYSTEM_PLUGIN_PATH=/home/newman/vrx_ws/src/mission_windwatch/install/lib LD_LIBRARY_PATH=/home/newman/vrx_ws/src/mission_windwatch/install/lib:${LD_LIBRARY_PATH} PYTHONPATH=/home/newman/vrx_ws/src/mission_windwatch/install/local/lib/python3.10/dist-packages:${PYTHONPATH} /usr/bin/cmake --install /home/newman/vrx_ws/src/mission_windwatch/build/aquabot_gz
