[0.029s] Invoking command in '/home/newman/vrx_ws/src/mission_windwatch/build/my_team_package': CMAKE_PREFIX_PATH=/opt/ros/humble /usr/bin/cmake /home/newman/vrx_ws/src/mission_windwatch/src/aquabot_competitor/my_team_package -DCMAKE_INSTALL_PREFIX=/home/newman/vrx_ws/src/mission_windwatch/install
[0.081s] -- Found ament_cmake: 1.3.10 (/opt/ros/humble/share/ament_cmake/cmake)
[0.280s] -- Found Python3: /usr/bin/python3 (found version "3.10.12") found components: Interpreter 
[0.449s] -- Found ament_lint_auto: 0.12.11 (/opt/ros/humble/share/ament_lint_auto/cmake)
[0.673s] -- Added test 'cppcheck' to perform static code analysis on C / C++ code
[0.673s] -- Configured cppcheck include dirs: $<BUILD_INTERFACE:/home/newman/vrx_ws/src/mission_windwatch/src/aquabot_competitor/my_team_package/include>
[0.673s] -- Configured cppcheck exclude dirs and/or files: 
[0.675s] -- Added test 'lint_cmake' to check CMake code style
[0.682s] -- Added test 'uncrustify' to check C / C++ code style
[0.682s] -- Configured uncrustify additional arguments: 
[0.686s] -- Added test 'xmllint' to check XML markup files
[0.692s] -- Configuring done
[0.699s] -- Generating done
[0.700s] -- Build files have been written to: /home/newman/vrx_ws/src/mission_windwatch/build/my_team_package
[0.705s] Invoked command in '/home/newman/vrx_ws/src/mission_windwatch/build/my_team_package' returned '0': CMAKE_PREFIX_PATH=/opt/ros/humble /usr/bin/cmake /home/newman/vrx_ws/src/mission_windwatch/src/aquabot_competitor/my_team_package -DCMAKE_INSTALL_PREFIX=/home/newman/vrx_ws/src/mission_windwatch/install
[0.706s] Invoking command in '/home/newman/vrx_ws/src/mission_windwatch/build/my_team_package': CMAKE_PREFIX_PATH=/opt/ros/humble /usr/bin/cmake --build /home/newman/vrx_ws/src/mission_windwatch/build/my_team_package -- -j9 -l9
[0.886s] [ 50%] [32mBuilding CXX object CMakeFiles/my_team_node.dir/src/my_team_node.cpp.o[0m
[0.886s] [100%] [32m[1mLinking CXX executable my_team_node[0m
[0.887s] [100%] Built target my_team_node
[0.889s] Invoked command in '/home/newman/vrx_ws/src/mission_windwatch/build/my_team_package' returned '0': CMAKE_PREFIX_PATH=/opt/ros/humble /usr/bin/cmake --build /home/newman/vrx_ws/src/mission_windwatch/build/my_team_package -- -j9 -l9
[0.907s] Invoking command in '/home/newman/vrx_ws/src/mission_windwatch/build/my_team_package': CMAKE_PREFIX_PATH=/opt/ros/humble /usr/bin/cmake --install /home/newman/vrx_ws/src/mission_windwatch/build/my_team_package
[0.977s] -- Install configuration: ""
[0.977s] -- Installing: /home/newman/vrx_ws/src/mission_windwatch/install/lib/my_team_package/my_team_node
[0.977s] -- Installing: /home/newman/vrx_ws/src/mission_windwatch/install/share/ament_index/resource_index/package_run_dependencies/my_team_package
[0.978s] -- Installing: /home/newman/vrx_ws/src/mission_windwatch/install/share/ament_index/resource_index/parent_prefix_path/my_team_package
[0.978s] -- Installing: /home/newman/vrx_ws/src/mission_windwatch/install/share/my_team_package/environment/ament_prefix_path.sh
[0.978s] -- Installing: /home/newman/vrx_ws/src/mission_windwatch/install/share/my_team_package/environment/ament_prefix_path.dsv
[0.978s] -- Installing: /home/newman/vrx_ws/src/mission_windwatch/install/share/my_team_package/environment/path.sh
[0.978s] -- Installing: /home/newman/vrx_ws/src/mission_windwatch/install/share/my_team_package/environment/path.dsv
[0.978s] -- Installing: /home/newman/vrx_ws/src/mission_windwatch/install/share/my_team_package/local_setup.bash
[0.978s] -- Installing: /home/newman/vrx_ws/src/mission_windwatch/install/share/my_team_package/local_setup.sh
[0.978s] -- Installing: /home/newman/vrx_ws/src/mission_windwatch/install/share/my_team_package/local_setup.zsh
[0.978s] -- Installing: /home/newman/vrx_ws/src/mission_windwatch/install/share/my_team_package/local_setup.dsv
[0.978s] -- Installing: /home/newman/vrx_ws/src/mission_windwatch/install/share/my_team_package/package.dsv
[0.978s] -- Installing: /home/newman/vrx_ws/src/mission_windwatch/install/share/ament_index/resource_index/packages/my_team_package
[0.978s] -- Installing: /home/newman/vrx_ws/src/mission_windwatch/install/share/my_team_package/cmake/my_team_packageConfig.cmake
[0.978s] -- Installing: /home/newman/vrx_ws/src/mission_windwatch/install/share/my_team_package/cmake/my_team_packageConfig-version.cmake
[0.978s] -- Installing: /home/newman/vrx_ws/src/mission_windwatch/install/share/my_team_package/package.xml
[1.279s] Invoked command in '/home/newman/vrx_ws/src/mission_windwatch/build/my_team_package' returned '0': CMAKE_PREFIX_PATH=/opt/ros/humble /usr/bin/cmake --install /home/newman/vrx_ws/src/mission_windwatch/build/my_team_package
