[35m[1mConsolidate compiler generated dependencies of target ScoringPlugin[0m
[35m[1mConsolidate compiler generated dependencies of target Waves[0m
[  4%] Built target ScoringPlugin
[  4%] Built target ament_cmake_python_copy_vrx_gz
[  8%] Built target Waves
[35m[1mConsolidate compiler generated dependencies of target AcousticPerceptionScoringPlugin[0m
[35m[1mConsolidate compiler generated dependencies of target StationkeepingScoringPlugin[0m
[35m[1mConsolidate compiler generated dependencies of target WayfindingScoringPlugin[0m
[35m[1mConsolidate compiler generated dependencies of target AcousticTrackingScoringPlugin[0m
[35m[1mConsolidate compiler generated dependencies of target AcousticPingerPlugin[0m
[35m[1mConsolidate compiler generated dependencies of target PolyhedraBuoyancyDrag[0m
[35m[1mConsolidate compiler generated dependencies of target LightBuoyPlugin[0m
[35m[1mConsolidate compiler generated dependencies of target BallShooterPlugin[0m
[ 14%] Built target AcousticPerceptionScoringPlugin
[ 20%] Built target StationkeepingScoringPlugin
[ 27%] Built target AcousticTrackingScoringPlugin
[ 31%] Built target LightBuoyPlugin
[ 37%] Built target WayfindingScoringPlugin
[ 45%] Built target PolyhedraBuoyancyDrag
[ 50%] Built target AcousticPingerPlugin
[ 54%] Built target BallShooterPlugin
[35m[1mConsolidate compiler generated dependencies of target NavigationScoringPlugin[0m
[35m[1mConsolidate compiler generated dependencies of target PerceptionScoringPlugin[0m
[35m[1mConsolidate compiler generated dependencies of target SimpleHydrodynamics[0m
[35m[1mConsolidate compiler generated dependencies of target PlacardPlugin[0m
[35m[1mConsolidate compiler generated dependencies of target GymkhanaScoringPlugin[0m
[35m[1mConsolidate compiler generated dependencies of target PublisherPlugin[0m
[35m[1mConsolidate compiler generated dependencies of target ScanDockScoringPlugin[0m
[35m[1mConsolidate compiler generated dependencies of target Surface[0m
[ 58%] Built target PerceptionScoringPlugin
[ 62%] Built target SimpleHydrodynamics
[ 66%] Built target NavigationScoringPlugin
[ 70%] Built target PlacardPlugin
[ 75%] Built target PublisherPlugin
[ 79%] Built target GymkhanaScoringPlugin
[ 83%] Built target Surface
[35m[1mConsolidate compiler generated dependencies of target USVWind[0m
[ 87%] Built target ScanDockScoringPlugin
[35m[1mConsolidate compiler generated dependencies of target WildlifeScoringPlugin[0m
[35m[1mConsolidate compiler generated dependencies of target WaveVisual[0m
[ 91%] Built target WildlifeScoringPlugin
[ 95%] Built target USVWind
[100%] Built target WaveVisual
running egg_info
writing vrx_gz.egg-info/PKG-INFO
writing dependency_links to vrx_gz.egg-info/dependency_links.txt
writing top-level names to vrx_gz.egg-info/top_level.txt
reading manifest file 'vrx_gz.egg-info/SOURCES.txt'
writing manifest file 'vrx_gz.egg-info/SOURCES.txt'
[100%] Built target ament_cmake_python_build_vrx_gz_egg
