[0.032s] Invoking command in '/home/newman/vrx_ws/src/mission_windwatch/build/vrx_gz': AMENT_PREFIX_PATH=/home/newman/vrx_ws/src/mission_windwatch/install:${AMENT_PREFIX_PATH} CMAKE_PREFIX_PATH=/home/newman/vrx_ws/src/mission_windwatch/install:/opt/ros/humble /usr/bin/cmake --build /home/newman/vrx_ws/src/mission_windwatch/build/vrx_gz -- -j9 -l9
[0.089s] [35m[1mConsolidate compiler generated dependencies of target ScoringPlugin[0m
[0.091s] [35m[1mConsolidate compiler generated dependencies of target Waves[0m
[0.114s] [  4%] Built target ScoringPlugin
[0.115s] [  4%] Built target ament_cmake_python_copy_vrx_gz
[0.122s] [  8%] Built target Waves
[0.122s] [35m[1mConsolidate compiler generated dependencies of target AcousticPerceptionScoringPlugin[0m
[0.129s] [35m[1mConsolidate compiler generated dependencies of target StationkeepingScoringPlugin[0m
[0.132s] [35m[1mConsolidate compiler generated dependencies of target WayfindingScoringPlugin[0m
[0.141s] [35m[1mConsolidate compiler generated dependencies of target AcousticTrackingScoringPlugin[0m
[0.141s] [35m[1mConsolidate compiler generated dependencies of target AcousticPingerPlugin[0m
[0.143s] [35m[1mConsolidate compiler generated dependencies of target PolyhedraBuoyancyDrag[0m
[0.144s] [35m[1mConsolidate compiler generated dependencies of target LightBuoyPlugin[0m
[0.151s] [35m[1mConsolidate compiler generated dependencies of target BallShooterPlugin[0m
[0.163s] [ 14%] Built target AcousticPerceptionScoringPlugin
[0.174s] [ 20%] Built target StationkeepingScoringPlugin
[0.177s] [ 27%] Built target AcousticTrackingScoringPlugin
[0.180s] [ 31%] Built target LightBuoyPlugin
[0.180s] [ 37%] Built target WayfindingScoringPlugin
[0.180s] [ 45%] Built target PolyhedraBuoyancyDrag
[0.180s] [ 50%] Built target AcousticPingerPlugin
[0.181s] [ 54%] Built target BallShooterPlugin
[0.219s] [35m[1mConsolidate compiler generated dependencies of target NavigationScoringPlugin[0m
[0.224s] [35m[1mConsolidate compiler generated dependencies of target PerceptionScoringPlugin[0m
[0.224s] [35m[1mConsolidate compiler generated dependencies of target SimpleHydrodynamics[0m
[0.241s] [35m[1mConsolidate compiler generated dependencies of target PlacardPlugin[0m
[0.242s] [35m[1mConsolidate compiler generated dependencies of target GymkhanaScoringPlugin[0m
[0.242s] [35m[1mConsolidate compiler generated dependencies of target PublisherPlugin[0m
[0.242s] [35m[1mConsolidate compiler generated dependencies of target ScanDockScoringPlugin[0m
[0.242s] [35m[1mConsolidate compiler generated dependencies of target Surface[0m
[0.243s] [ 58%] Built target PerceptionScoringPlugin
[0.243s] [ 62%] Built target SimpleHydrodynamics
[0.247s] [ 66%] Built target NavigationScoringPlugin
[0.247s] [ 70%] Built target PlacardPlugin
[0.248s] [ 75%] Built target PublisherPlugin
[0.248s] [ 79%] Built target GymkhanaScoringPlugin
[0.248s] [ 83%] Built target Surface
[0.248s] [35m[1mConsolidate compiler generated dependencies of target USVWind[0m
[0.249s] [ 87%] Built target ScanDockScoringPlugin
[0.249s] [35m[1mConsolidate compiler generated dependencies of target WildlifeScoringPlugin[0m
[0.272s] [35m[1mConsolidate compiler generated dependencies of target WaveVisual[0m
[0.294s] [ 91%] Built target WildlifeScoringPlugin
[0.294s] [ 95%] Built target USVWind
[0.294s] [100%] Built target WaveVisual
[0.407s] running egg_info
[0.411s] writing vrx_gz.egg-info/PKG-INFO
[0.411s] writing dependency_links to vrx_gz.egg-info/dependency_links.txt
[0.419s] writing top-level names to vrx_gz.egg-info/top_level.txt
[0.422s] reading manifest file 'vrx_gz.egg-info/SOURCES.txt'
[0.422s] writing manifest file 'vrx_gz.egg-info/SOURCES.txt'
[0.449s] [100%] Built target ament_cmake_python_build_vrx_gz_egg
[0.463s] Invoked command in '/home/newman/vrx_ws/src/mission_windwatch/build/vrx_gz' returned '0': AMENT_PREFIX_PATH=/home/newman/vrx_ws/src/mission_windwatch/install:${AMENT_PREFIX_PATH} CMAKE_PREFIX_PATH=/home/newman/vrx_ws/src/mission_windwatch/install:/opt/ros/humble /usr/bin/cmake --build /home/newman/vrx_ws/src/mission_windwatch/build/vrx_gz -- -j9 -l9
