[0.035s] Invoking command in '/home/newman/vrx_ws/src/mission_windwatch/build/opencv_example': CMAKE_PREFIX_PATH=${CMAKE_PREFIX_PATH}:/opt/ros/humble /usr/bin/cmake --build /home/newman/vrx_ws/src/mission_windwatch/build/opencv_example -- -j9 -l9
[0.092s] [100%] Built target minimal_opencv_ros2_node
[0.101s] [100%] Built target ament_cmake_python_copy_opencv_example
[0.335s] running egg_info
[0.335s] writing opencv_example.egg-info/PKG-INFO
[0.335s] writing dependency_links to opencv_example.egg-info/dependency_links.txt
[0.340s] writing top-level names to opencv_example.egg-info/top_level.txt
[0.340s] reading manifest file 'opencv_example.egg-info/SOURCES.txt'
[0.342s] writing manifest file 'opencv_example.egg-info/SOURCES.txt'
[0.419s] [100%] Built target ament_cmake_python_build_opencv_example_egg
[0.452s] Invoked command in '/home/newman/vrx_ws/src/mission_windwatch/build/opencv_example' returned '0': CMAKE_PREFIX_PATH=${CMAKE_PREFIX_PATH}:/opt/ros/humble /usr/bin/cmake --build /home/newman/vrx_ws/src/mission_windwatch/build/opencv_example -- -j9 -l9
[0.519s] Invoking command in '/home/newman/vrx_ws/src/mission_windwatch/build/opencv_example': CMAKE_PREFIX_PATH=${CMAKE_PREFIX_PATH}:/opt/ros/humble /usr/bin/cmake --install /home/newman/vrx_ws/src/mission_windwatch/build/opencv_example
[0.534s] -- Install configuration: ""
[0.534s] -- Up-to-date: /home/newman/vrx_ws/src/mission_windwatch/install/lib/opencv_example/minimal_opencv_ros2_node
[0.534s] -- Up-to-date: /home/newman/vrx_ws/src/mission_windwatch/install/lib/opencv_example/minimal_opencv_subscriber.py
[0.544s] -- Up-to-date: /home/newman/vrx_ws/src/mission_windwatch/install/lib/opencv_example/opencv_decoder.py
[0.544s] -- Up-to-date: /home/newman/vrx_ws/src/mission_windwatch/install/share/opencv_example/environment/pythonpath.sh
[0.544s] -- Up-to-date: /home/newman/vrx_ws/src/mission_windwatch/install/share/opencv_example/environment/pythonpath.dsv
[0.544s] -- Up-to-date: /home/newman/vrx_ws/src/mission_windwatch/install/local/lib/python3.10/dist-packages/opencv_example-0.3.0-py3.10.egg-info
[0.544s] -- Installing: /home/newman/vrx_ws/src/mission_windwatch/install/local/lib/python3.10/dist-packages/opencv_example-0.3.0-py3.10.egg-info/SOURCES.txt
[0.544s] -- Installing: /home/newman/vrx_ws/src/mission_windwatch/install/local/lib/python3.10/dist-packages/opencv_example-0.3.0-py3.10.egg-info/dependency_links.txt
[0.544s] -- Installing: /home/newman/vrx_ws/src/mission_windwatch/install/local/lib/python3.10/dist-packages/opencv_example-0.3.0-py3.10.egg-info/PKG-INFO
[0.545s] -- Installing: /home/newman/vrx_ws/src/mission_windwatch/install/local/lib/python3.10/dist-packages/opencv_example-0.3.0-py3.10.egg-info/top_level.txt
[0.545s] -- Up-to-date: /home/newman/vrx_ws/src/mission_windwatch/install/local/lib/python3.10/dist-packages/opencv_example
[0.545s] -- Up-to-date: /home/newman/vrx_ws/src/mission_windwatch/install/local/lib/python3.10/dist-packages/opencv_example/minimal_image_subscriber_node.py
[0.545s] -- Up-to-date: /home/newman/vrx_ws/src/mission_windwatch/install/local/lib/python3.10/dist-packages/opencv_example/opencv_decoder_node.py
[0.545s] -- Up-to-date: /home/newman/vrx_ws/src/mission_windwatch/install/local/lib/python3.10/dist-packages/opencv_example/__init__.py
[0.563s] Listing '/home/newman/vrx_ws/src/mission_windwatch/install/local/lib/python3.10/dist-packages/opencv_example'...
[0.568s] -- Up-to-date: /home/newman/vrx_ws/src/mission_windwatch/install/share/ament_index/resource_index/package_run_dependencies/opencv_example
[0.568s] -- Up-to-date: /home/newman/vrx_ws/src/mission_windwatch/install/share/ament_index/resource_index/parent_prefix_path/opencv_example
[0.568s] -- Up-to-date: /home/newman/vrx_ws/src/mission_windwatch/install/share/opencv_example/environment/ament_prefix_path.sh
[0.568s] -- Up-to-date: /home/newman/vrx_ws/src/mission_windwatch/install/share/opencv_example/environment/ament_prefix_path.dsv
[0.568s] -- Up-to-date: /home/newman/vrx_ws/src/mission_windwatch/install/share/opencv_example/environment/path.sh
[0.568s] -- Up-to-date: /home/newman/vrx_ws/src/mission_windwatch/install/share/opencv_example/environment/path.dsv
[0.569s] -- Up-to-date: /home/newman/vrx_ws/src/mission_windwatch/install/share/opencv_example/local_setup.bash
[0.569s] -- Up-to-date: /home/newman/vrx_ws/src/mission_windwatch/install/share/opencv_example/local_setup.sh
[0.569s] -- Up-to-date: /home/newman/vrx_ws/src/mission_windwatch/install/share/opencv_example/local_setup.zsh
[0.577s] -- Up-to-date: /home/newman/vrx_ws/src/mission_windwatch/install/share/opencv_example/local_setup.dsv
[0.577s] -- Installing: /home/newman/vrx_ws/src/mission_windwatch/install/share/opencv_example/package.dsv
[0.577s] -- Up-to-date: /home/newman/vrx_ws/src/mission_windwatch/install/share/ament_index/resource_index/packages/opencv_example
[0.577s] -- Up-to-date: /home/newman/vrx_ws/src/mission_windwatch/install/share/opencv_example/cmake/opencv_exampleConfig.cmake
[0.577s] -- Up-to-date: /home/newman/vrx_ws/src/mission_windwatch/install/share/opencv_example/cmake/opencv_exampleConfig-version.cmake
[0.577s] -- Up-to-date: /home/newman/vrx_ws/src/mission_windwatch/install/share/opencv_example/package.xml
[0.609s] Invoked command in '/home/newman/vrx_ws/src/mission_windwatch/build/opencv_example' returned '0': CMAKE_PREFIX_PATH=${CMAKE_PREFIX_PATH}:/opt/ros/humble /usr/bin/cmake --install /home/newman/vrx_ws/src/mission_windwatch/build/opencv_example
