[0.030s] Invoking command in '/home/newman/vrx_ws/src/mission_windwatch/build/wamv_gazebo': CMAKE_PREFIX_PATH=${CMAKE_PREFIX_PATH}:/opt/ros/humble GZ_SIM_RESOURCE_PATH=/home/newman/vrx_ws/src/mission_windwatch/install/share:${GZ_SIM_RESOURCE_PATH} /usr/bin/cmake /home/newman/vrx_ws/src/mission_windwatch/src/vrx/vrx_urdf/wamv_gazebo -DCMAKE_INSTALL_PREFIX=/home/newman/vrx_ws/src/mission_windwatch/install
[0.865s] -- The C compiler identification is GNU 11.4.0
[0.866s] -- The CXX compiler identification is GNU 11.4.0
[0.866s] -- Detecting C compiler ABI info
[0.866s] -- Detecting C compiler ABI info - done
[0.870s] -- Check for working C compiler: /usr/bin/cc - skipped
[0.870s] -- Detecting C compile features
[0.870s] -- Detecting C compile features - done
[0.870s] -- Detecting CXX compiler ABI info
[0.870s] -- Detecting CXX compiler ABI info - done
[0.870s] -- Check for working CXX compiler: /usr/bin/c++ - skipped
[0.870s] -- Detecting CXX compile features
[0.870s] -- Detecting CXX compile features - done
[0.870s] -- Found ament_cmake: 1.3.10 (/opt/ros/humble/share/ament_cmake/cmake)
[0.870s] -- Found Python3: /usr/bin/python3 (found version "3.10.12") found components: Interpreter 
[0.968s] -- Found xacro: 2.0.8 (/opt/ros/humble/share/xacro/cmake)
[0.969s] -- Found wamv_description: 1.3.0 (/home/newman/vrx_ws/src/mission_windwatch/install/share/wamv_description/cmake)
[1.060s] -- Configuring done
[1.063s] -- Generating done
[1.067s] -- Build files have been written to: /home/newman/vrx_ws/src/mission_windwatch/build/wamv_gazebo
[1.069s] Invoked command in '/home/newman/vrx_ws/src/mission_windwatch/build/wamv_gazebo' returned '0': CMAKE_PREFIX_PATH=${CMAKE_PREFIX_PATH}:/opt/ros/humble GZ_SIM_RESOURCE_PATH=/home/newman/vrx_ws/src/mission_windwatch/install/share:${GZ_SIM_RESOURCE_PATH} /usr/bin/cmake /home/newman/vrx_ws/src/mission_windwatch/src/vrx/vrx_urdf/wamv_gazebo -DCMAKE_INSTALL_PREFIX=/home/newman/vrx_ws/src/mission_windwatch/install
[1.073s] Invoking command in '/home/newman/vrx_ws/src/mission_windwatch/build/wamv_gazebo': CMAKE_PREFIX_PATH=${CMAKE_PREFIX_PATH}:/opt/ros/humble GZ_SIM_RESOURCE_PATH=/home/newman/vrx_ws/src/mission_windwatch/install/share:${GZ_SIM_RESOURCE_PATH} /usr/bin/cmake --build /home/newman/vrx_ws/src/mission_windwatch/build/wamv_gazebo -- -j9 -l9
[1.146s] Invoked command in '/home/newman/vrx_ws/src/mission_windwatch/build/wamv_gazebo' returned '0': CMAKE_PREFIX_PATH=${CMAKE_PREFIX_PATH}:/opt/ros/humble GZ_SIM_RESOURCE_PATH=/home/newman/vrx_ws/src/mission_windwatch/install/share:${GZ_SIM_RESOURCE_PATH} /usr/bin/cmake --build /home/newman/vrx_ws/src/mission_windwatch/build/wamv_gazebo -- -j9 -l9
[1.188s] Invoking command in '/home/newman/vrx_ws/src/mission_windwatch/build/wamv_gazebo': CMAKE_PREFIX_PATH=${CMAKE_PREFIX_PATH}:/opt/ros/humble GZ_SIM_RESOURCE_PATH=/home/newman/vrx_ws/src/mission_windwatch/install/share:${GZ_SIM_RESOURCE_PATH} /usr/bin/cmake --install /home/newman/vrx_ws/src/mission_windwatch/build/wamv_gazebo
[1.204s] -- Install configuration: ""
[1.206s] -- Installing: /home/newman/vrx_ws/src/mission_windwatch/install/share/wamv_gazebo/models
[1.206s] -- Installing: /home/newman/vrx_ws/src/mission_windwatch/install/share/wamv_gazebo/models/gps
[1.206s] -- Installing: /home/newman/vrx_ws/src/mission_windwatch/install/share/wamv_gazebo/models/gps/model.config
[1.206s] -- Installing: /home/newman/vrx_ws/src/mission_windwatch/install/share/wamv_gazebo/models/gps/mesh
[1.206s] -- Installing: /home/newman/vrx_ws/src/mission_windwatch/install/share/wamv_gazebo/models/gps/mesh/gps.png
[1.206s] -- Installing: /home/newman/vrx_ws/src/mission_windwatch/install/share/wamv_gazebo/models/gps/mesh/gps.dae
[1.206s] -- Installing: /home/newman/vrx_ws/src/mission_windwatch/install/share/wamv_gazebo/urdf
[1.206s] -- Installing: /home/newman/vrx_ws/src/mission_windwatch/install/share/wamv_gazebo/urdf/dynamics
[1.206s] -- Installing: /home/newman/vrx_ws/src/mission_windwatch/install/share/wamv_gazebo/urdf/dynamics/wamv_gazebo_dynamics_plugin.xacro
[1.206s] -- Installing: /home/newman/vrx_ws/src/mission_windwatch/install/share/wamv_gazebo/urdf/wamv_gazebo.xacro
[1.207s] -- Installing: /home/newman/vrx_ws/src/mission_windwatch/install/share/wamv_gazebo/urdf/macros.xacro
[1.207s] -- Installing: /home/newman/vrx_ws/src/mission_windwatch/install/share/wamv_gazebo/urdf/thruster_layouts
[1.207s] -- Installing: /home/newman/vrx_ws/src/mission_windwatch/install/share/wamv_gazebo/urdf/thruster_layouts/wamv_gazebo_thruster_config.xacro
[1.207s] -- Installing: /home/newman/vrx_ws/src/mission_windwatch/install/share/wamv_gazebo/urdf/thruster_layouts/wamv_t_thrusters.xacro
[1.207s] -- Installing: /home/newman/vrx_ws/src/mission_windwatch/install/share/wamv_gazebo/urdf/thruster_layouts/wamv_x_thrusters.xacro
[1.207s] -- Installing: /home/newman/vrx_ws/src/mission_windwatch/install/share/wamv_gazebo/urdf/thruster_layouts/wamv_aft_thrusters.xacro
[1.207s] -- Installing: /home/newman/vrx_ws/src/mission_windwatch/install/share/wamv_gazebo/urdf/components
[1.207s] -- Installing: /home/newman/vrx_ws/src/mission_windwatch/install/share/wamv_gazebo/urdf/components/lidar.xacro
[1.207s] -- Installing: /home/newman/vrx_ws/src/mission_windwatch/install/share/wamv_gazebo/urdf/components/wamv_camera.xacro
[1.207s] -- Installing: /home/newman/vrx_ws/src/mission_windwatch/install/share/wamv_gazebo/urdf/components/wamv_p3d.xacro
[1.207s] -- Installing: /home/newman/vrx_ws/src/mission_windwatch/install/share/wamv_gazebo/urdf/components/wamv_3d_lidar.xacro
[1.207s] -- Installing: /home/newman/vrx_ws/src/mission_windwatch/install/share/wamv_gazebo/urdf/components/wamv_gps.xacro
[1.208s] -- Installing: /home/newman/vrx_ws/src/mission_windwatch/install/share/wamv_gazebo/urdf/components/ball_shooter.xacro
[1.208s] -- Installing: /home/newman/vrx_ws/src/mission_windwatch/install/share/wamv_gazebo/urdf/components/wamv_imu.xacro
[1.208s] -- Installing: /home/newman/vrx_ws/src/mission_windwatch/install/share/wamv_gazebo/urdf/components/wamv_pinger.xacro
[1.208s] -- Installing: /home/newman/vrx_ws/src/mission_windwatch/install/share/wamv_gazebo/urdf/components/wamv_planar_lidar.xacro
[1.209s] -- Installing: /home/newman/vrx_ws/src/mission_windwatch/install/share/wamv_gazebo/urdf/wamv_gazebo.urdf.xacro
[1.209s] -- Installing: /home/newman/vrx_ws/src/mission_windwatch/install/share/ament_index/resource_index/package_run_dependencies/wamv_gazebo
[1.209s] -- Installing: /home/newman/vrx_ws/src/mission_windwatch/install/share/ament_index/resource_index/parent_prefix_path/wamv_gazebo
[1.209s] -- Installing: /home/newman/vrx_ws/src/mission_windwatch/install/share/wamv_gazebo/environment/ament_prefix_path.sh
[1.209s] -- Installing: /home/newman/vrx_ws/src/mission_windwatch/install/share/wamv_gazebo/environment/ament_prefix_path.dsv
[1.209s] -- Installing: /home/newman/vrx_ws/src/mission_windwatch/install/share/wamv_gazebo/environment/path.sh
[1.210s] -- Installing: /home/newman/vrx_ws/src/mission_windwatch/install/share/wamv_gazebo/environment/path.dsv
[1.210s] -- Installing: /home/newman/vrx_ws/src/mission_windwatch/install/share/wamv_gazebo/local_setup.bash
[1.210s] -- Installing: /home/newman/vrx_ws/src/mission_windwatch/install/share/wamv_gazebo/local_setup.sh
[1.210s] -- Installing: /home/newman/vrx_ws/src/mission_windwatch/install/share/wamv_gazebo/local_setup.zsh
[1.210s] -- Installing: /home/newman/vrx_ws/src/mission_windwatch/install/share/wamv_gazebo/local_setup.dsv
[1.210s] -- Installing: /home/newman/vrx_ws/src/mission_windwatch/install/share/wamv_gazebo/package.dsv
[1.210s] -- Installing: /home/newman/vrx_ws/src/mission_windwatch/install/share/ament_index/resource_index/packages/wamv_gazebo
[1.227s] -- Installing: /home/newman/vrx_ws/src/mission_windwatch/install/share/wamv_gazebo/cmake/wamv_gazeboConfig.cmake
[1.227s] -- Installing: /home/newman/vrx_ws/src/mission_windwatch/install/share/wamv_gazebo/cmake/wamv_gazeboConfig-version.cmake
[1.227s] -- Installing: /home/newman/vrx_ws/src/mission_windwatch/install/share/wamv_gazebo/package.xml
[1.227s] Invoked command in '/home/newman/vrx_ws/src/mission_windwatch/build/wamv_gazebo' returned '0': CMAKE_PREFIX_PATH=${CMAKE_PREFIX_PATH}:/opt/ros/humble GZ_SIM_RESOURCE_PATH=/home/newman/vrx_ws/src/mission_windwatch/install/share:${GZ_SIM_RESOURCE_PATH} /usr/bin/cmake --install /home/newman/vrx_ws/src/mission_windwatch/build/wamv_gazebo
