[0.036s] Invoking command in '/home/newman/vrx_ws/src/mission_windwatch/build/navigation': CMAKE_PREFIX_PATH=${CMAKE_PREFIX_PATH}:/opt/ros/humble /usr/bin/cmake --build /home/newman/vrx_ws/src/mission_windwatch/build/navigation -- -j9 -l9
[0.087s] [ 25%] [32mBuilding CXX object CMakeFiles/obstacle_avoidance_node.dir/src/obstacle_avoidance_node.cpp.o[0m
[0.092s] [ 50%] [32mBuilding CXX object CMakeFiles/navigation_node.dir/src/navigation_node.cpp.o[0m
[2.978s] [01m[K/home/newman/vrx_ws/src/mission_windwatch/src/navigation/src/obstacle_avoidance_node.cpp:[m[K In function ‘[01m[Kint main(int, char**)[m[K’:
[2.978s] [01m[K/home/newman/vrx_ws/src/mission_windwatch/src/navigation/src/obstacle_avoidance_node.cpp:12:34:[m[K [01;31m[Kerror: [m[K‘[01m[KNavigationNode[m[K’ was not declared in this scope
[2.978s]    12 |     auto node = std::make_shared<[01;31m[KNavigationNode[m[K>();
[2.978s]       |                                  [01;31m[K^~~~~~~~~~~~~~[m[K
[2.978s] [01m[K/home/newman/vrx_ws/src/mission_windwatch/src/navigation/src/obstacle_avoidance_node.cpp:12:49:[m[K [01;31m[Kerror: [m[Kno matching function for call to ‘[01m[Kmake_shared<<expression error> >()[m[K’
[2.978s]    12 |     auto node = [01;31m[Kstd::make_shared<NavigationNode>()[m[K;
[2.978s]       |                 [01;31m[K~~~~~~~~~~~~~~~~~~~~~~~~~~~~~~~~^~[m[K
[2.978s] In file included from [01m[K/usr/include/c++/11/memory:77[m[K,
[2.978s]                  from [01m[K/opt/ros/humble/include/rclcpp/rclcpp/rclcpp.hpp:153[m[K,
[2.978s]                  from [01m[K/home/newman/vrx_ws/src/mission_windwatch/src/navigation/include/navigation/obstacle_avoidance_node.hpp:4[m[K,
[2.978s]                  from [01m[K/home/newman/vrx_ws/src/mission_windwatch/src/navigation/src/obstacle_avoidance_node.cpp:2[m[K:
[2.979s] [01m[K/usr/include/c++/11/bits/shared_ptr.h:875:5:[m[K [01;36m[Knote: [m[Kcandidate: ‘[01m[Ktemplate<class _Tp, class ... _Args> std::shared_ptr<_Tp> std::make_shared(_Args&& ...)[m[K’
[2.979s]   875 |     [01;36m[Kmake_shared[m[K(_Args&&... __args)
[2.979s]       |     [01;36m[K^~~~~~~~~~~[m[K
[2.979s] [01m[K/usr/include/c++/11/bits/shared_ptr.h:875:5:[m[K [01;36m[Knote: [m[K  template argument deduction/substitution failed:
[2.979s] [01m[K/home/newman/vrx_ws/src/mission_windwatch/src/navigation/src/obstacle_avoidance_node.cpp:12:49:[m[K [01;31m[Kerror: [m[Ktemplate argument 1 is invalid
[2.979s]    12 |     auto node = [01;31m[Kstd::make_shared<NavigationNode>()[m[K;
[2.979s]       |                 [01;31m[K~~~~~~~~~~~~~~~~~~~~~~~~~~~~~~~~^~[m[K
[3.534s] gmake[2]: *** [CMakeFiles/obstacle_avoidance_node.dir/build.make:76: CMakeFiles/obstacle_avoidance_node.dir/src/obstacle_avoidance_node.cpp.o] Error 1
[3.534s] gmake[1]: *** [CMakeFiles/Makefile2:165: CMakeFiles/obstacle_avoidance_node.dir/all] Error 2
[3.535s] gmake[1]: *** Waiting for unfinished jobs....
[3.564s] [ 75%] [32m[1mLinking CXX executable navigation_node[0m
[3.684s] [ 75%] Built target navigation_node
[3.687s] gmake: *** [Makefile:146: all] Error 2
[3.697s] Invoked command in '/home/newman/vrx_ws/src/mission_windwatch/build/navigation' returned '2': CMAKE_PREFIX_PATH=${CMAKE_PREFIX_PATH}:/opt/ros/humble /usr/bin/cmake --build /home/newman/vrx_ws/src/mission_windwatch/build/navigation -- -j9 -l9
