[0.048s] Invoking command in '/home/newman/vrx_ws/src/mission_windwatch/build/aquabot_description': CMAKE_PREFIX_PATH=${CMAKE_PREFIX_PATH}:/opt/ros/humble GZ_SIM_RESOURCE_PATH=/home/newman/vrx_ws/src/mission_windwatch/install/share:${GZ_SIM_RESOURCE_PATH} /usr/bin/cmake --build /home/newman/vrx_ws/src/mission_windwatch/build/aquabot_description -- -j9 -l9
[0.107s] Invoked command in '/home/newman/vrx_ws/src/mission_windwatch/build/aquabot_description' returned '0': CMAKE_PREFIX_PATH=${CMAKE_PREFIX_PATH}:/opt/ros/humble GZ_SIM_RESOURCE_PATH=/home/newman/vrx_ws/src/mission_windwatch/install/share:${GZ_SIM_RESOURCE_PATH} /usr/bin/cmake --build /home/newman/vrx_ws/src/mission_windwatch/build/aquabot_description -- -j9 -l9
[0.147s] Invoking command in '/home/newman/vrx_ws/src/mission_windwatch/build/aquabot_description': CMAKE_PREFIX_PATH=${CMAKE_PREFIX_PATH}:/opt/ros/humble GZ_SIM_RESOURCE_PATH=/home/newman/vrx_ws/src/mission_windwatch/install/share:${GZ_SIM_RESOURCE_PATH} /usr/bin/cmake --install /home/newman/vrx_ws/src/mission_windwatch/build/aquabot_description
[0.162s] -- Install configuration: ""
[0.162s] -- Up-to-date: /home/newman/vrx_ws/src/mission_windwatch/install/share/aquabot_description/environment/resource_paths.dsv
[0.162s] -- Up-to-date: /home/newman/vrx_ws/src/mission_windwatch/install/share/aquabot_description/environment/resource_paths.sh
[0.162s] -- Up-to-date: /home/newman/vrx_ws/src/mission_windwatch/install/share/aquabot_description/models
[0.163s] -- Up-to-date: /home/newman/vrx_ws/src/mission_windwatch/install/share/aquabot_description/models/aquabot_blue_boat
[0.163s] -- Up-to-date: /home/newman/vrx_ws/src/mission_windwatch/install/share/aquabot_description/models/aquabot_blue_boat/model.config
[0.165s] -- Up-to-date: /home/newman/vrx_ws/src/mission_windwatch/install/share/aquabot_description/models/aquabot_blue_boat/model.sdf
[0.165s] -- Up-to-date: /home/newman/vrx_ws/src/mission_windwatch/install/share/aquabot_description/models/aquabot_blue_boat/mesh
[0.167s] -- Up-to-date: /home/newman/vrx_ws/src/mission_windwatch/install/share/aquabot_description/models/aquabot_blue_boat/mesh/blue_boat.dae
[0.167s] -- Up-to-date: /home/newman/vrx_ws/src/mission_windwatch/install/share/aquabot_description/urdf
[0.167s] -- Up-to-date: /home/newman/vrx_ws/src/mission_windwatch/install/share/aquabot_description/urdf/aquabot.urdf
[0.167s] -- Up-to-date: /home/newman/vrx_ws/src/mission_windwatch/install/share/ament_index/resource_index/package_run_dependencies/aquabot_description
[0.167s] -- Up-to-date: /home/newman/vrx_ws/src/mission_windwatch/install/share/ament_index/resource_index/parent_prefix_path/aquabot_description
[0.167s] -- Up-to-date: /home/newman/vrx_ws/src/mission_windwatch/install/share/aquabot_description/environment/ament_prefix_path.sh
[0.167s] -- Up-to-date: /home/newman/vrx_ws/src/mission_windwatch/install/share/aquabot_description/environment/ament_prefix_path.dsv
[0.168s] -- Up-to-date: /home/newman/vrx_ws/src/mission_windwatch/install/share/aquabot_description/environment/path.sh
[0.168s] -- Up-to-date: /home/newman/vrx_ws/src/mission_windwatch/install/share/aquabot_description/environment/path.dsv
[0.168s] -- Up-to-date: /home/newman/vrx_ws/src/mission_windwatch/install/share/aquabot_description/local_setup.bash
[0.168s] -- Up-to-date: /home/newman/vrx_ws/src/mission_windwatch/install/share/aquabot_description/local_setup.sh
[0.168s] -- Up-to-date: /home/newman/vrx_ws/src/mission_windwatch/install/share/aquabot_description/local_setup.zsh
[0.168s] -- Up-to-date: /home/newman/vrx_ws/src/mission_windwatch/install/share/aquabot_description/local_setup.dsv
[0.168s] -- Installing: /home/newman/vrx_ws/src/mission_windwatch/install/share/aquabot_description/package.dsv
[0.169s] -- Up-to-date: /home/newman/vrx_ws/src/mission_windwatch/install/share/ament_index/resource_index/packages/aquabot_description
[0.169s] -- Up-to-date: /home/newman/vrx_ws/src/mission_windwatch/install/share/aquabot_description/cmake/aquabot_descriptionConfig.cmake
[0.169s] -- Up-to-date: /home/newman/vrx_ws/src/mission_windwatch/install/share/aquabot_description/cmake/aquabot_descriptionConfig-version.cmake
[0.169s] -- Up-to-date: /home/newman/vrx_ws/src/mission_windwatch/install/share/aquabot_description/package.xml
[0.169s] Invoked command in '/home/newman/vrx_ws/src/mission_windwatch/build/aquabot_description' returned '0': CMAKE_PREFIX_PATH=${CMAKE_PREFIX_PATH}:/opt/ros/humble GZ_SIM_RESOURCE_PATH=/home/newman/vrx_ws/src/mission_windwatch/install/share:${GZ_SIM_RESOURCE_PATH} /usr/bin/cmake --install /home/newman/vrx_ws/src/mission_windwatch/build/aquabot_description
