[0.039s] Invoking command in '/home/newman/vrx_ws/src/mission_windwatch/build/sensors': CMAKE_PREFIX_PATH=${CMAKE_PREFIX_PATH}:/opt/ros/humble /usr/bin/cmake --build /home/newman/vrx_ws/src/mission_windwatch/build/sensors -- -j9 -l9
[0.110s] [35m[1mConsolidate compiler generated dependencies of target camera_processing_node[0m
[0.115s] [35m[1mConsolidate compiler generated dependencies of target sensor_fusion_node[0m
[0.118s] [35m[1mConsolidate compiler generated dependencies of target tgt_pos_update_node[0m
[0.136s] [ 16%] [32mBuilding CXX object CMakeFiles/tgt_pos_update_node.dir/src/tgt_pos_update_node.cpp.o[0m
[0.139s] [ 33%] [32mBuilding CXX object CMakeFiles/camera_processing_node.dir/src/camera_processing_node.cpp.o[0m
[0.155s] [ 50%] [32mBuilding CXX object CMakeFiles/sensor_fusion_node.dir/src/sensor_fusion_node.cpp.o[0m
[2.389s] [01m[K/home/newman/vrx_ws/src/mission_windwatch/src/sensors/src/sensor_fusion_node.cpp:[m[K In function ‘[01m[Kint main(int, char**)[m[K’:
[2.389s] [01m[K/home/newman/vrx_ws/src/mission_windwatch/src/sensors/src/sensor_fusion_node.cpp:8:32:[m[K [01;31m[Kerror: [m[K‘[01m[KMyNode[m[K’ was not declared in this scope; did you mean ‘[01m[Knode[m[K’?
[2.389s]     8 |   auto node = std::make_shared<[01;31m[KMyNode[m[K>();
[2.389s]       |                                [01;31m[K^~~~~~[m[K
[2.389s]       |                                [32m[Knode[m[K
[2.389s] [01m[K/home/newman/vrx_ws/src/mission_windwatch/src/sensors/src/sensor_fusion_node.cpp:8:39:[m[K [01;31m[Kerror: [m[Kno matching function for call to ‘[01m[Kmake_shared<<expression error> >()[m[K’
[2.389s]     8 |   auto node = [01;31m[Kstd::make_shared<MyNode>()[m[K;
[2.389s]       |               [01;31m[K~~~~~~~~~~~~~~~~~~~~~~~~^~[m[K
[2.389s] In file included from [01m[K/usr/include/c++/11/memory:77[m[K,
[2.389s]                  from [01m[K/opt/ros/humble/include/rclcpp/rclcpp/rclcpp.hpp:153[m[K,
[2.390s]                  from [01m[K/home/newman/vrx_ws/src/mission_windwatch/src/sensors/src/sensor_fusion_node.cpp:4[m[K:
[2.390s] [01m[K/usr/include/c++/11/bits/shared_ptr.h:875:5:[m[K [01;36m[Knote: [m[Kcandidate: ‘[01m[Ktemplate<class _Tp, class ... _Args> std::shared_ptr<_Tp> std::make_shared(_Args&& ...)[m[K’
[2.390s]   875 |     [01;36m[Kmake_shared[m[K(_Args&&... __args)
[2.390s]       |     [01;36m[K^~~~~~~~~~~[m[K
[2.390s] [01m[K/usr/include/c++/11/bits/shared_ptr.h:875:5:[m[K [01;36m[Knote: [m[K  template argument deduction/substitution failed:
[2.390s] [01m[K/home/newman/vrx_ws/src/mission_windwatch/src/sensors/src/sensor_fusion_node.cpp:8:39:[m[K [01;31m[Kerror: [m[Ktemplate argument 1 is invalid
[2.390s]     8 |   auto node = [01;31m[Kstd::make_shared<MyNode>()[m[K;
[2.390s]       |               [01;31m[K~~~~~~~~~~~~~~~~~~~~~~~~^~[m[K
[2.409s] [01m[K/home/newman/vrx_ws/src/mission_windwatch/src/sensors/src/camera_processing_node.cpp:[m[K In function ‘[01m[Kint main(int, char**)[m[K’:
[2.409s] [01m[K/home/newman/vrx_ws/src/mission_windwatch/src/sensors/src/camera_processing_node.cpp:8:32:[m[K [01;31m[Kerror: [m[K‘[01m[KMyNode[m[K’ was not declared in this scope; did you mean ‘[01m[Knode[m[K’?
[2.409s]     8 |   auto node = std::make_shared<[01;31m[KMyNode[m[K>();
[2.409s]       |                                [01;31m[K^~~~~~[m[K
[2.409s]       |                                [32m[Knode[m[K
[2.409s] [01m[K/home/newman/vrx_ws/src/mission_windwatch/src/sensors/src/camera_processing_node.cpp:8:39:[m[K [01;31m[Kerror: [m[Kno matching function for call to ‘[01m[Kmake_shared<<expression error> >()[m[K’
[2.409s]     8 |   auto node = [01;31m[Kstd::make_shared<MyNode>()[m[K;
[2.409s]       |               [01;31m[K~~~~~~~~~~~~~~~~~~~~~~~~^~[m[K
[2.409s] In file included from [01m[K/usr/include/c++/11/memory:77[m[K,
[2.409s]                  from [01m[K/opt/ros/humble/include/rclcpp/rclcpp/rclcpp.hpp:153[m[K,
[2.409s]                  from [01m[K/home/newman/vrx_ws/src/mission_windwatch/src/sensors/src/camera_processing_node.cpp:4[m[K:
[2.409s] [01m[K/usr/include/c++/11/bits/shared_ptr.h:875:5:[m[K [01;36m[Knote: [m[Kcandidate: ‘[01m[Ktemplate<class _Tp, class ... _Args> std::shared_ptr<_Tp> std::make_shared(_Args&& ...)[m[K’
[2.409s]   875 |     [01;36m[Kmake_shared[m[K(_Args&&... __args)
[2.409s]       |     [01;36m[K^~~~~~~~~~~[m[K
[2.409s] [01m[K/usr/include/c++/11/bits/shared_ptr.h:875:5:[m[K [01;36m[Knote: [m[K  template argument deduction/substitution failed:
[2.409s] [01m[K/home/newman/vrx_ws/src/mission_windwatch/src/sensors/src/camera_processing_node.cpp:8:39:[m[K [01;31m[Kerror: [m[Ktemplate argument 1 is invalid
[2.409s]     8 |   auto node = [01;31m[Kstd::make_shared<MyNode>()[m[K;
[2.409s]       |               [01;31m[K~~~~~~~~~~~~~~~~~~~~~~~~^~[m[K
[2.479s] [01m[K/home/newman/vrx_ws/src/mission_windwatch/src/sensors/src/tgt_pos_update_node.cpp:[m[K In function ‘[01m[Kint main(int, char**)[m[K’:
[2.480s] [01m[K/home/newman/vrx_ws/src/mission_windwatch/src/sensors/src/tgt_pos_update_node.cpp:8:32:[m[K [01;31m[Kerror: [m[K‘[01m[KMyNode[m[K’ was not declared in this scope; did you mean ‘[01m[Knode[m[K’?
[2.480s]     8 |   auto node = std::make_shared<[01;31m[KMyNode[m[K>();
[2.480s]       |                                [01;31m[K^~~~~~[m[K
[2.480s]       |                                [32m[Knode[m[K
[2.480s] [01m[K/home/newman/vrx_ws/src/mission_windwatch/src/sensors/src/tgt_pos_update_node.cpp:8:39:[m[K [01;31m[Kerror: [m[Kno matching function for call to ‘[01m[Kmake_shared<<expression error> >()[m[K’
[2.480s]     8 |   auto node = [01;31m[Kstd::make_shared<MyNode>()[m[K;
[2.480s]       |               [01;31m[K~~~~~~~~~~~~~~~~~~~~~~~~^~[m[K
[2.480s] In file included from [01m[K/usr/include/c++/11/memory:77[m[K,
[2.480s]                  from [01m[K/opt/ros/humble/include/rclcpp/rclcpp/rclcpp.hpp:153[m[K,
[2.480s]                  from [01m[K/home/newman/vrx_ws/src/mission_windwatch/src/sensors/src/tgt_pos_update_node.cpp:4[m[K:
[2.480s] [01m[K/usr/include/c++/11/bits/shared_ptr.h:875:5:[m[K [01;36m[Knote: [m[Kcandidate: ‘[01m[Ktemplate<class _Tp, class ... _Args> std::shared_ptr<_Tp> std::make_shared(_Args&& ...)[m[K’
[2.480s]   875 |     [01;36m[Kmake_shared[m[K(_Args&&... __args)
[2.480s]       |     [01;36m[K^~~~~~~~~~~[m[K
[2.480s] [01m[K/usr/include/c++/11/bits/shared_ptr.h:875:5:[m[K [01;36m[Knote: [m[K  template argument deduction/substitution failed:
[2.480s] [01m[K/home/newman/vrx_ws/src/mission_windwatch/src/sensors/src/tgt_pos_update_node.cpp:8:39:[m[K [01;31m[Kerror: [m[Ktemplate argument 1 is invalid
[2.480s]     8 |   auto node = [01;31m[Kstd::make_shared<MyNode>()[m[K;
[2.480s]       |               [01;31m[K~~~~~~~~~~~~~~~~~~~~~~~~^~[m[K
[2.738s] gmake[2]: *** [CMakeFiles/sensor_fusion_node.dir/build.make:76: CMakeFiles/sensor_fusion_node.dir/src/sensor_fusion_node.cpp.o] Error 1
[2.738s] gmake[1]: *** [CMakeFiles/Makefile2:141: CMakeFiles/sensor_fusion_node.dir/all] Error 2
[2.738s] gmake[1]: *** Waiting for unfinished jobs....
[2.757s] gmake[2]: *** [CMakeFiles/camera_processing_node.dir/build.make:76: CMakeFiles/camera_processing_node.dir/src/camera_processing_node.cpp.o] Error 1
[2.757s] gmake[1]: *** [CMakeFiles/Makefile2:167: CMakeFiles/camera_processing_node.dir/all] Error 2
[2.827s] gmake[2]: *** [CMakeFiles/tgt_pos_update_node.dir/build.make:76: CMakeFiles/tgt_pos_update_node.dir/src/tgt_pos_update_node.cpp.o] Error 1
[2.828s] gmake[1]: *** [CMakeFiles/Makefile2:193: CMakeFiles/tgt_pos_update_node.dir/all] Error 2
[2.828s] gmake: *** [Makefile:146: all] Error 2
