[0.061s] Invoking command in '/home/newman/vrx_ws/src/mission_windwatch/build/package_example': CMAKE_PREFIX_PATH=/opt/ros/humble /usr/bin/cmake --build /home/newman/vrx_ws/src/mission_windwatch/build/package_example -- -j9 -l9
[0.127s] [100%] Built target example_node_cpp
[0.127s] [100%] Built target ament_cmake_python_copy_package_example
[0.339s] running egg_info
[0.339s] writing package_example.egg-info/PKG-INFO
[0.339s] writing dependency_links to package_example.egg-info/dependency_links.txt
[0.340s] writing top-level names to package_example.egg-info/top_level.txt
[0.342s] reading manifest file 'package_example.egg-info/SOURCES.txt'
[0.342s] writing manifest file 'package_example.egg-info/SOURCES.txt'
[0.382s] [100%] Built target ament_cmake_python_build_package_example_egg
[0.407s] Invoked command in '/home/newman/vrx_ws/src/mission_windwatch/build/package_example' returned '0': CMAKE_PREFIX_PATH=/opt/ros/humble /usr/bin/cmake --build /home/newman/vrx_ws/src/mission_windwatch/build/package_example -- -j9 -l9
[0.512s] Invoking command in '/home/newman/vrx_ws/src/mission_windwatch/build/package_example': CMAKE_PREFIX_PATH=/opt/ros/humble /usr/bin/cmake --install /home/newman/vrx_ws/src/mission_windwatch/build/package_example
[0.515s] -- Install configuration: ""
[0.515s] -- Up-to-date: /home/newman/vrx_ws/src/mission_windwatch/install/lib/package_example/example_node_cpp
[0.515s] -- Up-to-date: /home/newman/vrx_ws/src/mission_windwatch/install/lib/package_example/example_node.py
[0.515s] -- Up-to-date: /home/newman/vrx_ws/src/mission_windwatch/install/share/package_example/environment/pythonpath.sh
[0.515s] -- Up-to-date: /home/newman/vrx_ws/src/mission_windwatch/install/share/package_example/environment/pythonpath.dsv
[0.515s] -- Up-to-date: /home/newman/vrx_ws/src/mission_windwatch/install/local/lib/python3.10/dist-packages/package_example-0.3.0-py3.10.egg-info
[0.515s] -- Installing: /home/newman/vrx_ws/src/mission_windwatch/install/local/lib/python3.10/dist-packages/package_example-0.3.0-py3.10.egg-info/SOURCES.txt
[0.515s] -- Installing: /home/newman/vrx_ws/src/mission_windwatch/install/local/lib/python3.10/dist-packages/package_example-0.3.0-py3.10.egg-info/dependency_links.txt
[0.515s] -- Installing: /home/newman/vrx_ws/src/mission_windwatch/install/local/lib/python3.10/dist-packages/package_example-0.3.0-py3.10.egg-info/PKG-INFO
[0.515s] -- Installing: /home/newman/vrx_ws/src/mission_windwatch/install/local/lib/python3.10/dist-packages/package_example-0.3.0-py3.10.egg-info/top_level.txt
[0.515s] -- Up-to-date: /home/newman/vrx_ws/src/mission_windwatch/install/local/lib/python3.10/dist-packages/package_example
[0.515s] -- Up-to-date: /home/newman/vrx_ws/src/mission_windwatch/install/local/lib/python3.10/dist-packages/package_example/node.py
[0.516s] -- Up-to-date: /home/newman/vrx_ws/src/mission_windwatch/install/local/lib/python3.10/dist-packages/package_example/__init__.py
[0.546s] Listing '/home/newman/vrx_ws/src/mission_windwatch/install/local/lib/python3.10/dist-packages/package_example'...
[0.552s] -- Up-to-date: /home/newman/vrx_ws/src/mission_windwatch/install/share/ament_index/resource_index/package_run_dependencies/package_example
[0.553s] -- Up-to-date: /home/newman/vrx_ws/src/mission_windwatch/install/share/ament_index/resource_index/parent_prefix_path/package_example
[0.553s] -- Up-to-date: /home/newman/vrx_ws/src/mission_windwatch/install/share/package_example/environment/ament_prefix_path.sh
[0.553s] -- Up-to-date: /home/newman/vrx_ws/src/mission_windwatch/install/share/package_example/environment/ament_prefix_path.dsv
[0.553s] -- Up-to-date: /home/newman/vrx_ws/src/mission_windwatch/install/share/package_example/environment/path.sh
[0.553s] -- Up-to-date: /home/newman/vrx_ws/src/mission_windwatch/install/share/package_example/environment/path.dsv
[0.553s] -- Up-to-date: /home/newman/vrx_ws/src/mission_windwatch/install/share/package_example/local_setup.bash
[0.556s] -- Up-to-date: /home/newman/vrx_ws/src/mission_windwatch/install/share/package_example/local_setup.sh
[0.556s] -- Up-to-date: /home/newman/vrx_ws/src/mission_windwatch/install/share/package_example/local_setup.zsh
[0.556s] -- Up-to-date: /home/newman/vrx_ws/src/mission_windwatch/install/share/package_example/local_setup.dsv
[0.557s] -- Installing: /home/newman/vrx_ws/src/mission_windwatch/install/share/package_example/package.dsv
[0.560s] -- Up-to-date: /home/newman/vrx_ws/src/mission_windwatch/install/share/ament_index/resource_index/packages/package_example
[0.560s] -- Up-to-date: /home/newman/vrx_ws/src/mission_windwatch/install/share/package_example/cmake/package_exampleConfig.cmake
[0.562s] -- Up-to-date: /home/newman/vrx_ws/src/mission_windwatch/install/share/package_example/cmake/package_exampleConfig-version.cmake
[0.562s] -- Up-to-date: /home/newman/vrx_ws/src/mission_windwatch/install/share/package_example/package.xml
[0.574s] Invoked command in '/home/newman/vrx_ws/src/mission_windwatch/build/package_example' returned '0': CMAKE_PREFIX_PATH=/opt/ros/humble /usr/bin/cmake --install /home/newman/vrx_ws/src/mission_windwatch/build/package_example
