[ 50%] Built target target_manager_node
[100%] Built target mission_coordinator_node
-- Install configuration: ""
-- Up-to-date: /home/newman/vrx_ws/src/mission_windwatch/install/lib/mission_manager/target_manager_node
-- Up-to-date: /home/newman/vrx_ws/src/mission_windwatch/install/lib/mission_manager/mission_coordinator_node
-- Up-to-date: /home/newman/vrx_ws/src/mission_windwatch/install/share/mission_manager/launch
-- Up-to-date: /home/newman/vrx_ws/src/mission_windwatch/install/share/mission_manager/launch/mission.launch.py
-- Up-to-date: /home/newman/vrx_ws/src/mission_windwatch/install/share/mission_manager/launch/mission_manager_launch.py
-- Installing: /home/newman/vrx_ws/src/mission_windwatch/install/share/mission_manager/config
-- Installing: /home/newman/vrx_ws/src/mission_windwatch/install/share/ament_index/resource_index/package_run_dependencies/mission_manager
-- Installing: /home/newman/vrx_ws/src/mission_windwatch/install/share/ament_index/resource_index/parent_prefix_path/mission_manager
-- Installing: /home/newman/vrx_ws/src/mission_windwatch/install/share/mission_manager/environment/ament_prefix_path.sh
-- Installing: /home/newman/vrx_ws/src/mission_windwatch/install/share/mission_manager/environment/ament_prefix_path.dsv
-- Installing: /home/newman/vrx_ws/src/mission_windwatch/install/share/mission_manager/environment/path.sh
-- Installing: /home/newman/vrx_ws/src/mission_windwatch/install/share/mission_manager/environment/path.dsv
-- Installing: /home/newman/vrx_ws/src/mission_windwatch/install/share/mission_manager/local_setup.bash
-- Installing: /home/newman/vrx_ws/src/mission_windwatch/install/share/mission_manager/local_setup.sh
-- Installing: /home/newman/vrx_ws/src/mission_windwatch/install/share/mission_manager/local_setup.zsh
-- Installing: /home/newman/vrx_ws/src/mission_windwatch/install/share/mission_manager/local_setup.dsv
-- Installing: /home/newman/vrx_ws/src/mission_windwatch/install/share/mission_manager/package.dsv
-- Installing: /home/newman/vrx_ws/src/mission_windwatch/install/share/ament_index/resource_index/packages/mission_manager
-- Installing: /home/newman/vrx_ws/src/mission_windwatch/install/share/mission_manager/cmake/mission_managerConfig.cmake
-- Installing: /home/newman/vrx_ws/src/mission_windwatch/install/share/mission_manager/cmake/mission_managerConfig-version.cmake
-- Installing: /home/newman/vrx_ws/src/mission_windwatch/install/share/mission_manager/package.xml
