[0.060s] Invoking command in '/home/newman/vrx_ws/src/mission_windwatch/build/navigation': CMAKE_PREFIX_PATH=/opt/ros/humble /usr/bin/cmake --build /home/newman/vrx_ws/src/mission_windwatch/build/navigation -- -j9 -l9
[0.122s] [100%] Built target navigation_node
[0.122s] [100%] Built target obstacle_avoidance_node
[0.134s] Invoked command in '/home/newman/vrx_ws/src/mission_windwatch/build/navigation' returned '0': CMAKE_PREFIX_PATH=/opt/ros/humble /usr/bin/cmake --build /home/newman/vrx_ws/src/mission_windwatch/build/navigation -- -j9 -l9
[0.174s] Invoking command in '/home/newman/vrx_ws/src/mission_windwatch/build/navigation': CMAKE_PREFIX_PATH=/opt/ros/humble /usr/bin/cmake --install /home/newman/vrx_ws/src/mission_windwatch/build/navigation
[0.179s] -- Install configuration: ""
[0.179s] -- Up-to-date: /home/newman/vrx_ws/src/mission_windwatch/install/lib/navigation/navigation_node
[0.179s] -- Up-to-date: /home/newman/vrx_ws/src/mission_windwatch/install/lib/navigation/obstacle_avoidance_node
[0.179s] -- Up-to-date: /home/newman/vrx_ws/src/mission_windwatch/install/share/navigation/launch
[0.179s] -- Up-to-date: /home/newman/vrx_ws/src/mission_windwatch/install/share/navigation/launch/navigation_launch.py
[0.180s] -- Up-to-date: /home/newman/vrx_ws/src/mission_windwatch/install/share/navigation/config
[0.180s] -- Up-to-date: /home/newman/vrx_ws/src/mission_windwatch/install/share/ament_index/resource_index/package_run_dependencies/navigation
[0.180s] -- Up-to-date: /home/newman/vrx_ws/src/mission_windwatch/install/share/ament_index/resource_index/parent_prefix_path/navigation
[0.180s] -- Up-to-date: /home/newman/vrx_ws/src/mission_windwatch/install/share/navigation/environment/ament_prefix_path.sh
[0.180s] -- Up-to-date: /home/newman/vrx_ws/src/mission_windwatch/install/share/navigation/environment/ament_prefix_path.dsv
[0.180s] -- Up-to-date: /home/newman/vrx_ws/src/mission_windwatch/install/share/navigation/environment/path.sh
[0.180s] -- Up-to-date: /home/newman/vrx_ws/src/mission_windwatch/install/share/navigation/environment/path.dsv
[0.180s] -- Up-to-date: /home/newman/vrx_ws/src/mission_windwatch/install/share/navigation/local_setup.bash
[0.180s] -- Up-to-date: /home/newman/vrx_ws/src/mission_windwatch/install/share/navigation/local_setup.sh
[0.180s] -- Up-to-date: /home/newman/vrx_ws/src/mission_windwatch/install/share/navigation/local_setup.zsh
[0.180s] -- Up-to-date: /home/newman/vrx_ws/src/mission_windwatch/install/share/navigation/local_setup.dsv
[0.180s] -- Installing: /home/newman/vrx_ws/src/mission_windwatch/install/share/navigation/package.dsv
[0.180s] -- Up-to-date: /home/newman/vrx_ws/src/mission_windwatch/install/share/ament_index/resource_index/packages/navigation
[0.180s] -- Up-to-date: /home/newman/vrx_ws/src/mission_windwatch/install/share/navigation/cmake/navigationConfig.cmake
[0.180s] -- Up-to-date: /home/newman/vrx_ws/src/mission_windwatch/install/share/navigation/cmake/navigationConfig-version.cmake
[0.180s] -- Up-to-date: /home/newman/vrx_ws/src/mission_windwatch/install/share/navigation/package.xml
[0.192s] Invoked command in '/home/newman/vrx_ws/src/mission_windwatch/build/navigation' returned '0': CMAKE_PREFIX_PATH=/opt/ros/humble /usr/bin/cmake --install /home/newman/vrx_ws/src/mission_windwatch/build/navigation
