[0.027s] Invoking command in '/home/newman/vrx_ws/src/mission_windwatch/build/navigation': CMAKE_PREFIX_PATH=/opt/ros/humble /usr/bin/cmake --build /home/newman/vrx_ws/src/mission_windwatch/build/navigation -- -j9 -l9
[0.078s] [35m[1mConsolidate compiler generated dependencies of target navigation_node[0m
[0.080s] [35m[1mConsolidate compiler generated dependencies of target obstacle_avoidance_node[0m
[0.085s] [ 25%] [32mBuilding CXX object CMakeFiles/navigation_node.dir/src/navigation_node.cpp.o[0m
[0.102s] [ 50%] [32mBuilding CXX object CMakeFiles/obstacle_avoidance_node.dir/src/obstacle_avoidance_node.cpp.o[0m
[0.114s] [ 75%] [32m[1mLinking CXX executable navigation_node[0m
[0.128s] [100%] [32m[1mLinking CXX executable obstacle_avoidance_node[0m
[0.210s] [100%] Built target navigation_node
[0.223s] [100%] Built target obstacle_avoidance_node
[0.244s] Invoked command in '/home/newman/vrx_ws/src/mission_windwatch/build/navigation' returned '0': CMAKE_PREFIX_PATH=/opt/ros/humble /usr/bin/cmake --build /home/newman/vrx_ws/src/mission_windwatch/build/navigation -- -j9 -l9
[0.270s] Invoking command in '/home/newman/vrx_ws/src/mission_windwatch/build/navigation': CMAKE_PREFIX_PATH=/opt/ros/humble /usr/bin/cmake --install /home/newman/vrx_ws/src/mission_windwatch/build/navigation
[0.278s] -- Install configuration: ""
[0.278s] -- Installing: /home/newman/vrx_ws/src/mission_windwatch/install/lib/navigation/navigation_node
[0.278s] -- Set runtime path of "/home/newman/vrx_ws/src/mission_windwatch/install/lib/navigation/navigation_node" to ""
[0.282s] -- Installing: /home/newman/vrx_ws/src/mission_windwatch/install/lib/navigation/obstacle_avoidance_node
[0.282s] -- Set runtime path of "/home/newman/vrx_ws/src/mission_windwatch/install/lib/navigation/obstacle_avoidance_node" to ""
[0.282s] -- Installing: /home/newman/vrx_ws/src/mission_windwatch/install/share/navigation/launch
[0.282s] -- Installing: /home/newman/vrx_ws/src/mission_windwatch/install/share/navigation/launch/navigation_launch.py
[0.286s] [31mCMake Error at cmake_install.cmake:86 (file):
[0.286s]   file INSTALL cannot find
[0.287s]   "/home/newman/vrx_ws/src/mission_windwatch/src/navigation/config": No such
[0.287s]   file or directory.
[0.287s] 
[0.287s] [0m
[0.299s] Invoked command in '/home/newman/vrx_ws/src/mission_windwatch/build/navigation' returned '1': CMAKE_PREFIX_PATH=/opt/ros/humble /usr/bin/cmake --install /home/newman/vrx_ws/src/mission_windwatch/build/navigation
