[0.039s] Invoking command in '/home/newman/vrx_ws/src/mission_windwatch/build/visualization': CMAKE_PREFIX_PATH=${CMAKE_PREFIX_PATH}:/opt/ros/humble /usr/bin/cmake --build /home/newman/vrx_ws/src/mission_windwatch/build/visualization -- -j9 -l9
[0.109s] [100%] Built target visualization_node
[0.126s] Invoked command in '/home/newman/vrx_ws/src/mission_windwatch/build/visualization' returned '0': CMAKE_PREFIX_PATH=${CMAKE_PREFIX_PATH}:/opt/ros/humble /usr/bin/cmake --build /home/newman/vrx_ws/src/mission_windwatch/build/visualization -- -j9 -l9
[0.189s] Invoking command in '/home/newman/vrx_ws/src/mission_windwatch/build/visualization': CMAKE_PREFIX_PATH=${CMAKE_PREFIX_PATH}:/opt/ros/humble /usr/bin/cmake --install /home/newman/vrx_ws/src/mission_windwatch/build/visualization
[0.227s] -- Install configuration: ""
[0.228s] -- Up-to-date: /home/newman/vrx_ws/src/mission_windwatch/install/lib/visualization/visualization_node
[0.228s] -- Up-to-date: /home/newman/vrx_ws/src/mission_windwatch/install/share/visualization/launch
[0.228s] -- Up-to-date: /home/newman/vrx_ws/src/mission_windwatch/install/share/visualization/launch/visualization_launch.py
[0.228s] -- Up-to-date: /home/newman/vrx_ws/src/mission_windwatch/install/share/visualization/config
[0.228s] -- Up-to-date: /home/newman/vrx_ws/src/mission_windwatch/install/share/ament_index/resource_index/package_run_dependencies/visualization
[0.228s] -- Up-to-date: /home/newman/vrx_ws/src/mission_windwatch/install/share/ament_index/resource_index/parent_prefix_path/visualization
[0.228s] -- Up-to-date: /home/newman/vrx_ws/src/mission_windwatch/install/share/visualization/environment/ament_prefix_path.sh
[0.229s] -- Up-to-date: /home/newman/vrx_ws/src/mission_windwatch/install/share/visualization/environment/ament_prefix_path.dsv
[0.234s] -- Up-to-date: /home/newman/vrx_ws/src/mission_windwatch/install/share/visualization/environment/path.sh
[0.234s] -- Up-to-date: /home/newman/vrx_ws/src/mission_windwatch/install/share/visualization/environment/path.dsv
[0.234s] -- Up-to-date: /home/newman/vrx_ws/src/mission_windwatch/install/share/visualization/local_setup.bash
[0.235s] -- Up-to-date: /home/newman/vrx_ws/src/mission_windwatch/install/share/visualization/local_setup.sh
[0.235s] -- Up-to-date: /home/newman/vrx_ws/src/mission_windwatch/install/share/visualization/local_setup.zsh
[0.235s] -- Up-to-date: /home/newman/vrx_ws/src/mission_windwatch/install/share/visualization/local_setup.dsv
[0.235s] -- Installing: /home/newman/vrx_ws/src/mission_windwatch/install/share/visualization/package.dsv
[0.235s] -- Up-to-date: /home/newman/vrx_ws/src/mission_windwatch/install/share/ament_index/resource_index/packages/visualization
[0.237s] -- Up-to-date: /home/newman/vrx_ws/src/mission_windwatch/install/share/visualization/cmake/visualizationConfig.cmake
[0.237s] -- Up-to-date: /home/newman/vrx_ws/src/mission_windwatch/install/share/visualization/cmake/visualizationConfig-version.cmake
[0.238s] -- Up-to-date: /home/newman/vrx_ws/src/mission_windwatch/install/share/visualization/package.xml
[0.271s] Invoked command in '/home/newman/vrx_ws/src/mission_windwatch/build/visualization' returned '0': CMAKE_PREFIX_PATH=${CMAKE_PREFIX_PATH}:/opt/ros/humble /usr/bin/cmake --install /home/newman/vrx_ws/src/mission_windwatch/build/visualization
