[ 16%] [32mBuilding CXX object CMakeFiles/sensor_fusion_node.dir/src/sensor_fusion_node.cpp.o[0m
[ 33%] [32mBuilding CXX object CMakeFiles/camera_processing_node.dir/src/camera_processing_node.cpp.o[0m
[ 50%] [32mBuilding CXX object CMakeFiles/tgt_pos_update_node.dir/src/tgt_pos_update_node.cpp.o[0m
[ 66%] [32m[1mLinking CXX executable camera_processing_node[0m
[ 83%] [32m[1mLinking CXX executable sensor_fusion_node[0m
[100%] [32m[1mLinking CXX executable tgt_pos_update_node[0m
[100%] Built target sensor_fusion_node
[100%] Built target tgt_pos_update_node
[100%] Built target camera_processing_node
-- Install configuration: ""
-- Installing: /home/newman/vrx_ws/src/mission_windwatch/install/lib/sensors/sensor_fusion_node
-- Set runtime path of "/home/newman/vrx_ws/src/mission_windwatch/install/lib/sensors/sensor_fusion_node" to ""
-- Installing: /home/newman/vrx_ws/src/mission_windwatch/install/lib/sensors/camera_processing_node
-- Set runtime path of "/home/newman/vrx_ws/src/mission_windwatch/install/lib/sensors/camera_processing_node" to ""
-- Installing: /home/newman/vrx_ws/src/mission_windwatch/install/lib/sensors/tgt_pos_update_node
-- Set runtime path of "/home/newman/vrx_ws/src/mission_windwatch/install/lib/sensors/tgt_pos_update_node" to ""
-- Installing: /home/newman/vrx_ws/src/mission_windwatch/install/share/sensors/launch
-- Installing: /home/newman/vrx_ws/src/mission_windwatch/install/share/sensors/launch/sensors_launch.py
[31mCMake Error at cmake_install.cmake:106 (file):
  file INSTALL cannot find
  "/home/newman/vrx_ws/src/mission_windwatch/src/sensors/config": No such
  file or directory.

[0m
