[0.038s] Invoking command in '/home/newman/vrx_ws/src/mission_windwatch/build/sensors': CMAKE_PREFIX_PATH=/opt/ros/humble /usr/bin/cmake --build /home/newman/vrx_ws/src/mission_windwatch/build/sensors -- -j9 -l9
[0.087s] [ 16%] [32mBuilding CXX object CMakeFiles/sensor_fusion_node.dir/src/sensor_fusion_node.cpp.o[0m
[0.088s] [ 33%] [32mBuilding CXX object CMakeFiles/camera_processing_node.dir/src/camera_processing_node.cpp.o[0m
[0.093s] [ 50%] [32mBuilding CXX object CMakeFiles/tgt_pos_update_node.dir/src/tgt_pos_update_node.cpp.o[0m
[0.111s] [ 66%] [32m[1mLinking CXX executable camera_processing_node[0m
[0.116s] [ 83%] [32m[1mLinking CXX executable sensor_fusion_node[0m
[0.128s] [100%] [32m[1mLinking CXX executable tgt_pos_update_node[0m
[0.252s] [100%] Built target sensor_fusion_node
[0.328s] [100%] Built target tgt_pos_update_node
[0.423s] [100%] Built target camera_processing_node
[0.461s] Invoked command in '/home/newman/vrx_ws/src/mission_windwatch/build/sensors' returned '0': CMAKE_PREFIX_PATH=/opt/ros/humble /usr/bin/cmake --build /home/newman/vrx_ws/src/mission_windwatch/build/sensors -- -j9 -l9
[0.498s] Invoking command in '/home/newman/vrx_ws/src/mission_windwatch/build/sensors': CMAKE_PREFIX_PATH=/opt/ros/humble /usr/bin/cmake --install /home/newman/vrx_ws/src/mission_windwatch/build/sensors
[0.505s] -- Install configuration: ""
[0.506s] -- Installing: /home/newman/vrx_ws/src/mission_windwatch/install/lib/sensors/sensor_fusion_node
[0.506s] -- Set runtime path of "/home/newman/vrx_ws/src/mission_windwatch/install/lib/sensors/sensor_fusion_node" to ""
[0.506s] -- Installing: /home/newman/vrx_ws/src/mission_windwatch/install/lib/sensors/camera_processing_node
[0.507s] -- Set runtime path of "/home/newman/vrx_ws/src/mission_windwatch/install/lib/sensors/camera_processing_node" to ""
[0.507s] -- Installing: /home/newman/vrx_ws/src/mission_windwatch/install/lib/sensors/tgt_pos_update_node
[0.507s] -- Set runtime path of "/home/newman/vrx_ws/src/mission_windwatch/install/lib/sensors/tgt_pos_update_node" to ""
[0.507s] -- Installing: /home/newman/vrx_ws/src/mission_windwatch/install/share/sensors/launch
[0.507s] -- Installing: /home/newman/vrx_ws/src/mission_windwatch/install/share/sensors/launch/sensors_launch.py
[0.508s] [31mCMake Error at cmake_install.cmake:106 (file):
[0.508s]   file INSTALL cannot find
[0.508s]   "/home/newman/vrx_ws/src/mission_windwatch/src/sensors/config": No such
[0.508s]   file or directory.
[0.508s] 
[0.508s] [0m
[0.512s] Invoked command in '/home/newman/vrx_ws/src/mission_windwatch/build/sensors' returned '1': CMAKE_PREFIX_PATH=/opt/ros/humble /usr/bin/cmake --install /home/newman/vrx_ws/src/mission_windwatch/build/sensors
