[35m[1mConsolidate compiler generated dependencies of target optical_frame_publisher[0m
[35m[1mConsolidate compiler generated dependencies of target pose_tf_broadcaster[0m
[ 50%] Built target optical_frame_publisher
[100%] Built target pose_tf_broadcaster
-- Install configuration: ""
-- Installing: /home/newman/vrx_ws/src/mission_windwatch/install/lib/vrx_ros/optical_frame_publisher
-- Set runtime path of "/home/newman/vrx_ws/src/mission_windwatch/install/lib/vrx_ros/optical_frame_publisher" to ""
-- Installing: /home/newman/vrx_ws/src/mission_windwatch/install/lib/vrx_ros/pose_tf_broadcaster
-- Set runtime path of "/home/newman/vrx_ws/src/mission_windwatch/install/lib/vrx_ros/pose_tf_broadcaster" to ""
-- Installing: /home/newman/vrx_ws/src/mission_windwatch/install/share/vrx_ros/launch
-- Installing: /home/newman/vrx_ws/src/mission_windwatch/install/share/vrx_ros/launch/monitor_sim.py
-- Installing: /home/newman/vrx_ws/src/mission_windwatch/install/share/ament_index/resource_index/package_run_dependencies/vrx_ros
-- Installing: /home/newman/vrx_ws/src/mission_windwatch/install/share/ament_index/resource_index/parent_prefix_path/vrx_ros
-- Installing: /home/newman/vrx_ws/src/mission_windwatch/install/share/vrx_ros/environment/ament_prefix_path.sh
-- Installing: /home/newman/vrx_ws/src/mission_windwatch/install/share/vrx_ros/environment/ament_prefix_path.dsv
-- Installing: /home/newman/vrx_ws/src/mission_windwatch/install/share/vrx_ros/environment/path.sh
-- Installing: /home/newman/vrx_ws/src/mission_windwatch/install/share/vrx_ros/environment/path.dsv
-- Installing: /home/newman/vrx_ws/src/mission_windwatch/install/share/vrx_ros/local_setup.bash
-- Installing: /home/newman/vrx_ws/src/mission_windwatch/install/share/vrx_ros/local_setup.sh
-- Installing: /home/newman/vrx_ws/src/mission_windwatch/install/share/vrx_ros/local_setup.zsh
-- Installing: /home/newman/vrx_ws/src/mission_windwatch/install/share/vrx_ros/local_setup.dsv
-- Installing: /home/newman/vrx_ws/src/mission_windwatch/install/share/vrx_ros/package.dsv
-- Installing: /home/newman/vrx_ws/src/mission_windwatch/install/share/ament_index/resource_index/packages/vrx_ros
-- Installing: /home/newman/vrx_ws/src/mission_windwatch/install/share/vrx_ros/cmake/vrx_rosConfig.cmake
-- Installing: /home/newman/vrx_ws/src/mission_windwatch/install/share/vrx_ros/cmake/vrx_rosConfig-version.cmake
-- Installing: /home/newman/vrx_ws/src/mission_windwatch/install/share/vrx_ros/package.xml
