[0.030s] Invoking command in '/home/newman/vrx_ws/src/mission_windwatch/build/vrx_ros': CMAKE_PREFIX_PATH=/opt/ros/humble /usr/bin/cmake --build /home/newman/vrx_ws/src/mission_windwatch/build/vrx_ros -- -j9 -l9
[0.072s] [35m[1mConsolidate compiler generated dependencies of target optical_frame_publisher[0m
[0.073s] [35m[1mConsolidate compiler generated dependencies of target pose_tf_broadcaster[0m
[0.091s] [ 50%] Built target optical_frame_publisher
[0.102s] [100%] Built target pose_tf_broadcaster
[0.130s] Invoked command in '/home/newman/vrx_ws/src/mission_windwatch/build/vrx_ros' returned '0': CMAKE_PREFIX_PATH=/opt/ros/humble /usr/bin/cmake --build /home/newman/vrx_ws/src/mission_windwatch/build/vrx_ros -- -j9 -l9
[0.179s] Invoking command in '/home/newman/vrx_ws/src/mission_windwatch/build/vrx_ros': CMAKE_PREFIX_PATH=/opt/ros/humble /usr/bin/cmake --install /home/newman/vrx_ws/src/mission_windwatch/build/vrx_ros
[0.194s] -- Install configuration: ""
[0.194s] -- Installing: /home/newman/vrx_ws/src/mission_windwatch/install/lib/vrx_ros/optical_frame_publisher
[0.210s] -- Set runtime path of "/home/newman/vrx_ws/src/mission_windwatch/install/lib/vrx_ros/optical_frame_publisher" to ""
[0.210s] -- Installing: /home/newman/vrx_ws/src/mission_windwatch/install/lib/vrx_ros/pose_tf_broadcaster
[0.210s] -- Set runtime path of "/home/newman/vrx_ws/src/mission_windwatch/install/lib/vrx_ros/pose_tf_broadcaster" to ""
[0.210s] -- Installing: /home/newman/vrx_ws/src/mission_windwatch/install/share/vrx_ros/launch
[0.211s] -- Installing: /home/newman/vrx_ws/src/mission_windwatch/install/share/vrx_ros/launch/monitor_sim.py
[0.211s] -- Installing: /home/newman/vrx_ws/src/mission_windwatch/install/share/ament_index/resource_index/package_run_dependencies/vrx_ros
[0.211s] -- Installing: /home/newman/vrx_ws/src/mission_windwatch/install/share/ament_index/resource_index/parent_prefix_path/vrx_ros
[0.211s] -- Installing: /home/newman/vrx_ws/src/mission_windwatch/install/share/vrx_ros/environment/ament_prefix_path.sh
[0.211s] -- Installing: /home/newman/vrx_ws/src/mission_windwatch/install/share/vrx_ros/environment/ament_prefix_path.dsv
[0.212s] -- Installing: /home/newman/vrx_ws/src/mission_windwatch/install/share/vrx_ros/environment/path.sh
[0.213s] -- Installing: /home/newman/vrx_ws/src/mission_windwatch/install/share/vrx_ros/environment/path.dsv
[0.213s] -- Installing: /home/newman/vrx_ws/src/mission_windwatch/install/share/vrx_ros/local_setup.bash
[0.213s] -- Installing: /home/newman/vrx_ws/src/mission_windwatch/install/share/vrx_ros/local_setup.sh
[0.213s] -- Installing: /home/newman/vrx_ws/src/mission_windwatch/install/share/vrx_ros/local_setup.zsh
[0.213s] -- Installing: /home/newman/vrx_ws/src/mission_windwatch/install/share/vrx_ros/local_setup.dsv
[0.214s] -- Installing: /home/newman/vrx_ws/src/mission_windwatch/install/share/vrx_ros/package.dsv
[0.214s] -- Installing: /home/newman/vrx_ws/src/mission_windwatch/install/share/ament_index/resource_index/packages/vrx_ros
[0.214s] -- Installing: /home/newman/vrx_ws/src/mission_windwatch/install/share/vrx_ros/cmake/vrx_rosConfig.cmake
[0.214s] -- Installing: /home/newman/vrx_ws/src/mission_windwatch/install/share/vrx_ros/cmake/vrx_rosConfig-version.cmake
[0.214s] -- Installing: /home/newman/vrx_ws/src/mission_windwatch/install/share/vrx_ros/package.xml
[0.247s] Invoked command in '/home/newman/vrx_ws/src/mission_windwatch/build/vrx_ros' returned '0': CMAKE_PREFIX_PATH=/opt/ros/humble /usr/bin/cmake --install /home/newman/vrx_ws/src/mission_windwatch/build/vrx_ros
