[0.030s] Invoking command in '/home/newman/vrx_ws/src/mission_windwatch/build/aquabot_python': CMAKE_PREFIX_PATH=${CMAKE_PREFIX_PATH}:/opt/ros/humble /usr/bin/cmake /home/newman/vrx_ws/src/mission_windwatch/src/aquabot/aquabot_python -DCMAKE_INSTALL_PREFIX=/home/newman/vrx_ws/src/mission_windwatch/install
[0.087s] -- The C compiler identification is GNU 11.4.0
[0.146s] -- The CXX compiler identification is GNU 11.4.0
[0.151s] -- Detecting C compiler ABI info
[0.221s] -- Detecting C compiler ABI info - done
[0.225s] -- Check for working C compiler: /usr/bin/cc - skipped
[0.227s] -- Detecting C compile features
[0.228s] -- Detecting C compile features - done
[0.229s] -- Detecting CXX compiler ABI info
[0.300s] -- Detecting CXX compiler ABI info - done
[0.309s] -- Check for working CXX compiler: /usr/bin/c++ - skipped
[0.310s] -- Detecting CXX compile features
[0.310s] -- Detecting CXX compile features - done
[0.314s] -- Found ament_cmake: 1.3.10 (/opt/ros/humble/share/ament_cmake/cmake)
[0.460s] -- Found Python3: /usr/bin/python3 (found version "3.10.12") found components: Interpreter 
[0.710s] -- Configuring done
[0.718s] -- Generating done
[0.720s] -- Build files have been written to: /home/newman/vrx_ws/src/mission_windwatch/build/aquabot_python
[0.730s] Invoked command in '/home/newman/vrx_ws/src/mission_windwatch/build/aquabot_python' returned '0': CMAKE_PREFIX_PATH=${CMAKE_PREFIX_PATH}:/opt/ros/humble /usr/bin/cmake /home/newman/vrx_ws/src/mission_windwatch/src/aquabot/aquabot_python -DCMAKE_INSTALL_PREFIX=/home/newman/vrx_ws/src/mission_windwatch/install
[0.734s] Invoking command in '/home/newman/vrx_ws/src/mission_windwatch/build/aquabot_python': CMAKE_PREFIX_PATH=${CMAKE_PREFIX_PATH}:/opt/ros/humble /usr/bin/cmake --build /home/newman/vrx_ws/src/mission_windwatch/build/aquabot_python -- -j9 -l9
[1.009s] Built target ament_cmake_python_copy_aquabot_python
[1.009s] Built target ament_cmake_python_copy_aquabot_python_setup
[1.010s] running egg_info
[1.010s] creating aquabot_python.egg-info
[1.010s] writing aquabot_python.egg-info/PKG-INFO
[1.010s] writing dependency_links to aquabot_python.egg-info/dependency_links.txt
[1.010s] writing top-level names to aquabot_python.egg-info/top_level.txt
[1.010s] writing manifest file 'aquabot_python.egg-info/SOURCES.txt'
[1.010s] reading manifest file 'aquabot_python.egg-info/SOURCES.txt'
[1.010s] writing manifest file 'aquabot_python.egg-info/SOURCES.txt'
[1.033s] Built target ament_cmake_python_build_aquabot_python_egg
[1.044s] Invoked command in '/home/newman/vrx_ws/src/mission_windwatch/build/aquabot_python' returned '0': CMAKE_PREFIX_PATH=${CMAKE_PREFIX_PATH}:/opt/ros/humble /usr/bin/cmake --build /home/newman/vrx_ws/src/mission_windwatch/build/aquabot_python -- -j9 -l9
[1.079s] Invoking command in '/home/newman/vrx_ws/src/mission_windwatch/build/aquabot_python': CMAKE_PREFIX_PATH=${CMAKE_PREFIX_PATH}:/opt/ros/humble /usr/bin/cmake --install /home/newman/vrx_ws/src/mission_windwatch/build/aquabot_python
[1.091s] -- Install configuration: ""
[1.091s] -- Installing: /home/newman/vrx_ws/src/mission_windwatch/install/lib/aquabot_python/teleop_keyboard.py
[1.091s] -- Installing: /home/newman/vrx_ws/src/mission_windwatch/install/lib/aquabot_python/generate_scenario.py
[1.091s] -- Installing: /home/newman/vrx_ws/src/mission_windwatch/install/lib/aquabot_python/reopen_scenario.py
[1.091s] -- Installing: /home/newman/vrx_ws/src/mission_windwatch/install/lib/aquabot_python/regenerate_scenario_file.py
[1.091s] -- Installing: /home/newman/vrx_ws/src/mission_windwatch/install/lib/aquabot_python/plot_log_file.py
[1.091s] -- Installing: /home/newman/vrx_ws/src/mission_windwatch/install/lib/aquabot_python/qrcode_generator.py
[1.091s] -- Installing: /home/newman/vrx_ws/src/mission_windwatch/install/lib/aquabot_python/generate_competition_worlds.py
[1.091s] -- Installing: /home/newman/vrx_ws/src/mission_windwatch/install/share/aquabot_python/environment/pythonpath.sh
[1.091s] -- Installing: /home/newman/vrx_ws/src/mission_windwatch/install/share/aquabot_python/environment/pythonpath.dsv
[1.091s] -- Installing: /home/newman/vrx_ws/src/mission_windwatch/install/local/lib/python3.10/dist-packages/aquabot_python-0.6.0-py3.10.egg-info
[1.091s] -- Installing: /home/newman/vrx_ws/src/mission_windwatch/install/local/lib/python3.10/dist-packages/aquabot_python-0.6.0-py3.10.egg-info/SOURCES.txt
[1.091s] -- Installing: /home/newman/vrx_ws/src/mission_windwatch/install/local/lib/python3.10/dist-packages/aquabot_python-0.6.0-py3.10.egg-info/dependency_links.txt
[1.091s] -- Installing: /home/newman/vrx_ws/src/mission_windwatch/install/local/lib/python3.10/dist-packages/aquabot_python-0.6.0-py3.10.egg-info/PKG-INFO
[1.091s] -- Installing: /home/newman/vrx_ws/src/mission_windwatch/install/local/lib/python3.10/dist-packages/aquabot_python-0.6.0-py3.10.egg-info/top_level.txt
[1.091s] -- Installing: /home/newman/vrx_ws/src/mission_windwatch/install/local/lib/python3.10/dist-packages/aquabot_python
[1.091s] -- Installing: /home/newman/vrx_ws/src/mission_windwatch/install/local/lib/python3.10/dist-packages/aquabot_python/environnement_container.py
[1.092s] -- Installing: /home/newman/vrx_ws/src/mission_windwatch/install/local/lib/python3.10/dist-packages/aquabot_python/log_parser.py
[1.092s] -- Installing: /home/newman/vrx_ws/src/mission_windwatch/install/local/lib/python3.10/dist-packages/aquabot_python/scenario_parser.py
[1.092s] -- Installing: /home/newman/vrx_ws/src/mission_windwatch/install/local/lib/python3.10/dist-packages/aquabot_python/replay_container.py
[1.092s] -- Installing: /home/newman/vrx_ws/src/mission_windwatch/install/local/lib/python3.10/dist-packages/aquabot_python/scenario_generator.py
[1.092s] -- Installing: /home/newman/vrx_ws/src/mission_windwatch/install/local/lib/python3.10/dist-packages/aquabot_python/generator_methods.py
[1.092s] -- Installing: /home/newman/vrx_ws/src/mission_windwatch/install/local/lib/python3.10/dist-packages/aquabot_python/scenario_container.py
[1.092s] -- Installing: /home/newman/vrx_ws/src/mission_windwatch/install/local/lib/python3.10/dist-packages/aquabot_python/scenario_pyplot.py
[1.092s] -- Installing: /home/newman/vrx_ws/src/mission_windwatch/install/local/lib/python3.10/dist-packages/aquabot_python/__init__.py
[1.121s] Listing '/home/newman/vrx_ws/src/mission_windwatch/install/local/lib/python3.10/dist-packages/aquabot_python'...
[1.121s] Compiling '/home/newman/vrx_ws/src/mission_windwatch/install/local/lib/python3.10/dist-packages/aquabot_python/__init__.py'...
[1.121s] Compiling '/home/newman/vrx_ws/src/mission_windwatch/install/local/lib/python3.10/dist-packages/aquabot_python/environnement_container.py'...
[1.121s] Compiling '/home/newman/vrx_ws/src/mission_windwatch/install/local/lib/python3.10/dist-packages/aquabot_python/generator_methods.py'...
[1.121s] Compiling '/home/newman/vrx_ws/src/mission_windwatch/install/local/lib/python3.10/dist-packages/aquabot_python/log_parser.py'...
[1.121s] Compiling '/home/newman/vrx_ws/src/mission_windwatch/install/local/lib/python3.10/dist-packages/aquabot_python/replay_container.py'...
[1.121s] Compiling '/home/newman/vrx_ws/src/mission_windwatch/install/local/lib/python3.10/dist-packages/aquabot_python/scenario_container.py'...
[1.121s] Compiling '/home/newman/vrx_ws/src/mission_windwatch/install/local/lib/python3.10/dist-packages/aquabot_python/scenario_generator.py'...
[1.126s] Compiling '/home/newman/vrx_ws/src/mission_windwatch/install/local/lib/python3.10/dist-packages/aquabot_python/scenario_parser.py'...
[1.127s] Compiling '/home/newman/vrx_ws/src/mission_windwatch/install/local/lib/python3.10/dist-packages/aquabot_python/scenario_pyplot.py'...
[1.135s] -- Installing: /home/newman/vrx_ws/src/mission_windwatch/install/share/aquabot_python/images
[1.137s] -- Installing: /home/newman/vrx_ws/src/mission_windwatch/install/share/aquabot_python/images/map_no_obstacles_400.png
[1.137s] -- Installing: /home/newman/vrx_ws/src/mission_windwatch/install/share/aquabot_python/images/map_400.png
[1.138s] -- Installing: /home/newman/vrx_ws/src/mission_windwatch/install/share/aquabot_python/images/map_300.png
[1.144s] -- Installing: /home/newman/vrx_ws/src/mission_windwatch/install/share/aquabot_python/images/map_no_obstacles_300.png
[1.144s] -- Installing: /home/newman/vrx_ws/src/mission_windwatch/install/share/ament_index/resource_index/package_run_dependencies/aquabot_python
[1.144s] -- Installing: /home/newman/vrx_ws/src/mission_windwatch/install/share/ament_index/resource_index/parent_prefix_path/aquabot_python
[1.144s] -- Installing: /home/newman/vrx_ws/src/mission_windwatch/install/share/aquabot_python/environment/ament_prefix_path.sh
[1.144s] -- Installing: /home/newman/vrx_ws/src/mission_windwatch/install/share/aquabot_python/environment/ament_prefix_path.dsv
[1.145s] -- Installing: /home/newman/vrx_ws/src/mission_windwatch/install/share/aquabot_python/environment/path.sh
[1.145s] -- Installing: /home/newman/vrx_ws/src/mission_windwatch/install/share/aquabot_python/environment/path.dsv
[1.145s] -- Installing: /home/newman/vrx_ws/src/mission_windwatch/install/share/aquabot_python/local_setup.bash
[1.146s] -- Installing: /home/newman/vrx_ws/src/mission_windwatch/install/share/aquabot_python/local_setup.sh
[1.148s] -- Installing: /home/newman/vrx_ws/src/mission_windwatch/install/share/aquabot_python/local_setup.zsh
[1.148s] -- Installing: /home/newman/vrx_ws/src/mission_windwatch/install/share/aquabot_python/local_setup.dsv
[1.148s] -- Installing: /home/newman/vrx_ws/src/mission_windwatch/install/share/aquabot_python/package.dsv
[1.148s] -- Installing: /home/newman/vrx_ws/src/mission_windwatch/install/share/ament_index/resource_index/packages/aquabot_python
[1.148s] -- Installing: /home/newman/vrx_ws/src/mission_windwatch/install/share/aquabot_python/cmake/aquabot_pythonConfig.cmake
[1.148s] -- Installing: /home/newman/vrx_ws/src/mission_windwatch/install/share/aquabot_python/cmake/aquabot_pythonConfig-version.cmake
[1.148s] -- Installing: /home/newman/vrx_ws/src/mission_windwatch/install/share/aquabot_python/package.xml
[1.149s] Invoked command in '/home/newman/vrx_ws/src/mission_windwatch/build/aquabot_python' returned '0': CMAKE_PREFIX_PATH=${CMAKE_PREFIX_PATH}:/opt/ros/humble /usr/bin/cmake --install /home/newman/vrx_ws/src/mission_windwatch/build/aquabot_python
