[0.009s] Invoking command in '/home/newman/vrx_ws/src/mission_windwatch/build/aquabot_gz': AMENT_PREFIX_PATH=/home/newman/vrx_ws/src/mission_windwatch/install:${AMENT_PREFIX_PATH} CMAKE_PREFIX_PATH=/home/newman/vrx_ws/src/mission_windwatch/install:/opt/ros/humble GZ_SIM_RESOURCE_PATH=/home/newman/vrx_ws/src/mission_windwatch/install/share/vrx_gz/models/tmp:/home/newman/vrx_ws/src/mission_windwatch/install/share/vrx_gz/models:/home/newman/vrx_ws/src/mission_windwatch/install/share/vrx_gz/worlds/2023_practice:/home/newman/vrx_ws/src/mission_windwatch/install/share/vrx_gz/worlds GZ_SIM_SYSTEM_PLUGIN_PATH=/home/newman/vrx_ws/src/mission_windwatch/install/lib LD_LIBRARY_PATH=/home/newman/vrx_ws/src/mission_windwatch/install/lib:${LD_LIBRARY_PATH} PYTHONPATH=/home/newman/vrx_ws/src/mission_windwatch/install/local/lib/python3.10/dist-packages:${PYTHONPATH} /usr/bin/cmake /home/newman/vrx_ws/src/mission_windwatch/src/aquabot/aquabot_gz -DCMAKE_INSTALL_PREFIX=/home/newman/vrx_ws/src/mission_windwatch/install
[0.052s] -- The C compiler identification is GNU 11.4.0
[0.101s] -- The CXX compiler identification is GNU 11.4.0
[0.107s] -- Detecting C compiler ABI info
[0.174s] -- Detecting C compiler ABI info - done
[0.180s] -- Check for working C compiler: /usr/bin/cc - skipped
[0.180s] -- Detecting C compile features
[0.181s] -- Detecting C compile features - done
[0.184s] -- Detecting CXX compiler ABI info
[0.269s] -- Detecting CXX compiler ABI info - done
[0.276s] -- Check for working CXX compiler: /usr/bin/c++ - skipped
[0.276s] -- Detecting CXX compile features
[0.276s] -- Detecting CXX compile features - done
[0.277s] -- Found ament_cmake: 1.3.10 (/opt/ros/humble/share/ament_cmake/cmake)
[0.398s] -- Found Python3: /usr/bin/python3 (found version "3.10.12") found components: Interpreter 
[0.469s] -- Looking for gz-sim7 -- found version 7.9.0
[0.479s] -- Searching for dependencies of gz-sim7
[0.479s] -- Looking for sdformat13 -- found version 13.8.0
[0.480s] -- Searching for dependencies of sdformat13
[0.480s] -- Checking for module 'tinyxml2'
[0.490s] --   Found tinyxml2, version 9.0.0
[0.516s] -- Looking for gz-math7 -- found version 7.5.1
[0.516s] -- Searching for dependencies of gz-math7
[0.517s] -- Looking for gz-utils2 -- found version 2.2.0
[0.518s] -- Searching for dependencies of gz-utils2
[0.518s] -- Looking for gz-utils2 -- found version 2.2.0
[0.519s] -- Searching for dependencies of gz-utils2
[0.519s] -- Searching for <gz-utils2> component [cli]
[0.520s] -- Looking for gz-utils2-cli -- found version 2.2.0
[0.520s] -- Searching for dependencies of gz-utils2-cli
[0.523s] -- Looking for gz-plugin2 -- found version 2.0.3
[0.523s] -- Searching for dependencies of gz-plugin2
[0.523s] -- Looking for gz-utils2 -- found version 2.2.0
[0.524s] -- Searching for <gz-plugin2> component [loader]
[0.525s] -- Looking for gz-plugin2-loader -- found version 2.0.3
[0.525s] -- Searching for dependencies of gz-plugin2-loader
[0.525s] -- Searching for <gz-plugin2> component [register]
[0.527s] -- Looking for gz-plugin2-register -- found version 2.0.3
[0.527s] -- Searching for dependencies of gz-plugin2-register
[0.529s] -- Looking for gz-transport12 -- found version 12.2.1
[0.529s] -- Searching for dependencies of gz-transport12
[0.692s] -- Found Protobuf: /usr/lib/x86_64-linux-gnu/libprotobuf.so (found version "3.12.4") 
[0.698s] -- Config-file not installed for ZeroMQ -- checking for pkg-config
[0.702s] -- Checking for module 'libzmq >= 4'
[0.713s] --   Found libzmq , version 4.3.4
[0.741s] -- Found ZeroMQ: TRUE (Required is at least version "4") 
[0.746s] -- Checking for module 'uuid'
[0.758s] --   Found uuid, version 2.37.2
[0.780s] -- Found UUID: TRUE  
[0.781s] -- Looking for gz-utils2 -- found version 2.2.0
[0.781s] -- Looking for gz-msgs9 -- found version 9.5.0
[0.782s] -- Searching for dependencies of gz-msgs9
[0.798s] -- Looking for gz-math7 -- found version 7.5.1
[0.804s] -- Searching for <gz-transport12> component [log]
[0.804s] -- Looking for gz-transport12-log -- found version 12.2.1
[0.805s] -- Searching for dependencies of gz-transport12-log
[0.805s] -- Searching for <gz-transport12> component [parameters]
[0.808s] -- Looking for gz-transport12-parameters -- found version 12.2.1
[0.808s] -- Searching for dependencies of gz-transport12-parameters
[0.808s] -- Looking for gz-msgs9 -- found version 9.5.0
[0.809s] -- Looking for gz-common5 -- found version 5.6.0
[0.810s] -- Searching for dependencies of gz-common5
[0.810s] -- Looking for gz-utils2 -- found version 2.2.0
[0.810s] -- Looking for dlfcn.h - found
[0.811s] -- Looking for libdl - found
[0.812s] -- Found DL: TRUE  
[0.820s] -- Searching for <gz-common5> component [profiler]
[0.821s] -- Looking for gz-common5-profiler -- found version 5.6.0
[0.821s] -- Searching for dependencies of gz-common5-profiler
[0.822s] -- Searching for <gz-common5> component [events]
[0.823s] -- Looking for gz-common5-events -- found version 5.6.0
[0.823s] -- Searching for dependencies of gz-common5-events
[0.823s] -- Looking for gz-math7 -- found version 7.5.1
[0.824s] -- Searching for <gz-common5> component [av]
[0.825s] -- Looking for gz-common5-av -- found version 5.6.0
[0.825s] -- Searching for dependencies of gz-common5-av
[0.831s] -- Checking for module 'libswscale'
[0.840s] --   Found libswscale, version 5.9.100
[0.867s] -- Found SWSCALE: TRUE  
[0.870s] -- Checking for module 'libavdevice >= 56.4.100'
[0.881s] --   Found libavdevice , version 58.13.100
[0.906s] -- Found AVDEVICE: TRUE (Required is at least version "56.4.100") 
[0.910s] -- Checking for module 'libavformat'
[0.921s] --   Found libavformat, version 58.76.100
[0.946s] -- Found AVFORMAT: TRUE  
[0.949s] -- Checking for module 'libavcodec'
[0.959s] --   Found libavcodec, version 58.134.100
[0.987s] -- Found AVCODEC: TRUE  
[0.989s] -- Checking for module 'libavutil'
[0.999s] --   Found libavutil, version 56.70.100
[1.020s] -- Found AVUTIL: TRUE  
[1.021s] -- Searching for <gz-common5> component [io]
[1.022s] -- Looking for gz-common5-io -- found version 5.6.0
[1.022s] -- Searching for dependencies of gz-common5-io
[1.024s] -- Looking for gz-fuel_tools8 -- found version 8.1.0
[1.024s] -- Searching for dependencies of gz-fuel_tools8
[1.078s] -- Found CURL: /usr/lib/x86_64-linux-gnu/libcurl.so (found version "7.81.0")  
[1.084s] -- Checking for module 'jsoncpp'
[1.092s] --   Found jsoncpp, version 1.9.5
[1.115s] -- Found JSONCPP: TRUE  
[1.119s] -- Checking for module 'libzip'
[1.127s] --   Found libzip, version 1.7.3
[1.149s] -- Found ZIP: TRUE  
[1.149s] -- Looking for gz-utils2 -- found version 2.2.0
[1.149s] -- Looking for gz-common5 -- found version 5.6.0
[1.150s] -- Searching for dependencies of gz-common5
[1.150s] -- Looking for gz-utils2 -- found version 2.2.0
[1.150s] -- Looking for dlfcn.h - found
[1.150s] -- Looking for libdl - found
[1.157s] -- Searching for <gz-common5> component [testing]
[1.158s] -- Looking for gz-common5-testing -- found version 5.6.0
[1.159s] -- Searching for dependencies of gz-common5-testing
[1.160s] -- Looking for gz-math7 -- found version 7.5.1
[1.160s] -- Looking for gz-msgs9 -- found version 9.5.0
[1.162s] -- Looking for gz-gui7 -- found version 7.2.2
[1.162s] -- Searching for dependencies of gz-gui7
[1.180s] -- Looking for gz-utils2 -- found version 2.2.0
[1.180s] -- Looking for gz-math7 -- found version 7.5.1
[1.181s] -- Looking for gz-common5 -- found version 5.6.0
[1.181s] -- Looking for gz-plugin2 -- found version 2.0.3
[1.181s] -- Looking for gz-transport12 -- found version 12.2.1
[1.183s] -- Looking for gz-rendering7 -- found version 7.4.2
[1.183s] -- Searching for dependencies of gz-rendering7
[1.183s] -- Looking for gz-math7 -- found version 7.5.1
[1.184s] -- Searching for dependencies of gz-math7
[1.184s] -- Looking for gz-utils2 -- found version 2.2.0
[1.184s] -- Searching for <gz-math7> component [eigen3]
[1.185s] -- Looking for gz-math7-eigen3 -- found version 7.5.1
[1.185s] -- Searching for dependencies of gz-math7-eigen3
[1.190s] -- Looking for gz-common5 -- found version 5.6.0
[1.191s] -- Searching for dependencies of gz-common5
[1.191s] -- Looking for gz-utils2 -- found version 2.2.0
[1.191s] -- Looking for dlfcn.h - found
[1.191s] -- Looking for libdl - found
[1.197s] -- Searching for <gz-common5> component [graphics]
[1.200s] -- Looking for gz-common5-graphics -- found version 5.6.0
[1.200s] -- Searching for dependencies of gz-common5-graphics
[1.201s] -- Looking for gz-math7 -- found version 7.5.1
[1.208s] -- Found GzAssimp: TRUE (found version "5.2.0") 
[1.208s] -- Searching for <gz-common5> component [events]
[1.209s] -- Searching for <gz-common5> component [geospatial]
[1.210s] -- Looking for gz-common5-geospatial -- found version 5.6.0
[1.210s] -- Searching for dependencies of gz-common5-geospatial
[1.211s] -- Looking for gz-math7 -- found version 7.5.1
[1.211s] -- Looking for gz-common5 -- found version 5.6.0
[1.212s] -- Looking for gz-plugin2 -- found version 2.0.3
[1.212s] -- Searching for dependencies of gz-plugin2
[1.213s] -- Looking for gz-utils2 -- found version 2.2.0
[1.213s] -- Searching for <gz-plugin2> component [all]
[1.214s] -- Looking for all libraries of gz-plugin2 -- found version 2.0.3
[1.215s] -- Looking for gz-plugin2 -- found version 2.0.3
[1.216s] -- Looking for gz-utils2 -- found version 2.2.0
[1.221s] -- Found OpenGL: /usr/lib/x86_64-linux-gnu/libOpenGL.so  found components: OpenGL 
[1.221s] -- Looking for gz-msgs9 -- found version 9.5.0
[1.237s] -- Looking for gz-physics6 -- found version 6.6.0
[1.237s] -- Searching for dependencies of gz-physics6
[1.237s] -- Looking for gz-common5 -- found version 5.6.0
[1.237s] -- Looking for gz-math7 -- found version 7.5.1
[1.238s] -- Looking for gz-plugin2 -- found version 2.0.3
[1.240s] -- Looking for gz-utils2 -- found version 2.2.0
[1.240s] -- Searching for <gz-physics6> component [heightmap]
[1.241s] -- Looking for gz-physics6-heightmap -- found version 6.6.0
[1.241s] -- Searching for dependencies of gz-physics6-heightmap
[1.242s] -- Looking for gz-common5 -- found version 5.6.0
[1.242s] -- Searching for <gz-physics6> component [mesh]
[1.244s] -- Looking for gz-physics6-mesh -- found version 6.6.0
[1.244s] -- Searching for dependencies of gz-physics6-mesh
[1.244s] -- Looking for gz-common5 -- found version 5.6.0
[1.245s] -- Searching for <gz-physics6> component [sdf]
[1.246s] -- Looking for gz-physics6-sdf -- found version 6.6.0
[1.246s] -- Searching for dependencies of gz-physics6-sdf
[1.246s] -- Looking for sdformat13 -- found version 13.8.0
[1.251s] -- Looking for gz-sensors7 -- found version 7.3.0
[1.251s] -- Searching for dependencies of gz-sensors7
[1.262s] -- Looking for gz-math7 -- found version 7.5.1
[1.263s] -- Looking for gz-common5 -- found version 5.6.0
[1.263s] -- Looking for gz-transport12 -- found version 12.2.1
[1.263s] -- Looking for gz-rendering7 -- found version 7.4.2
[1.264s] -- Looking for gz-msgs9 -- found version 9.5.0
[1.264s] -- Looking for sdformat13 -- found version 13.8.0
[1.264s] -- Searching for <gz-sensors7> component [air_pressure]
[1.266s] -- Looking for gz-sensors7-air_pressure -- found version 7.3.0
[1.266s] -- Searching for dependencies of gz-sensors7-air_pressure
[1.266s] -- Searching for <gz-sensors7> component [air_speed]
[1.268s] -- Looking for gz-sensors7-air_speed -- found version 7.3.0
[1.268s] -- Searching for dependencies of gz-sensors7-air_speed
[1.268s] -- Searching for <gz-sensors7> component [altimeter]
[1.269s] -- Looking for gz-sensors7-altimeter -- found version 7.3.0
[1.270s] -- Searching for dependencies of gz-sensors7-altimeter
[1.270s] -- Searching for <gz-sensors7> component [imu]
[1.271s] -- Looking for gz-sensors7-imu -- found version 7.3.0
[1.272s] -- Searching for dependencies of gz-sensors7-imu
[1.272s] -- Searching for <gz-sensors7> component [force_torque]
[1.273s] -- Looking for gz-sensors7-force_torque -- found version 7.3.0
[1.273s] -- Searching for dependencies of gz-sensors7-force_torque
[1.274s] -- Searching for <gz-sensors7> component [logical_camera]
[1.275s] -- Looking for gz-sensors7-logical_camera -- found version 7.3.0
[1.275s] -- Searching for dependencies of gz-sensors7-logical_camera
[1.276s] -- Searching for <gz-sensors7> component [magnetometer]
[1.277s] -- Looking for gz-sensors7-magnetometer -- found version 7.3.0
[1.277s] -- Searching for dependencies of gz-sensors7-magnetometer
[1.278s] -- Searching for <gz-sensors7> component [navsat]
[1.279s] -- Looking for gz-sensors7-navsat -- found version 7.3.0
[1.279s] -- Searching for dependencies of gz-sensors7-navsat
[1.279s] -- Searching for <gz-sensors7> component [rendering]
[1.281s] -- Looking for gz-sensors7-rendering -- found version 7.3.0
[1.281s] -- Searching for dependencies of gz-sensors7-rendering
[1.281s] -- Searching for <gz-sensors7> component [lidar]
[1.282s] -- Looking for gz-sensors7-lidar -- found version 7.3.0
[1.283s] -- Searching for dependencies of gz-sensors7-lidar
[1.283s] -- Looking for gz-sensors7 -- found version 7.3.0
[1.283s] -- Searching for <gz-sensors7> component [gpu_lidar]
[1.286s] -- Looking for gz-sensors7-gpu_lidar -- found version 7.3.0
[1.286s] -- Searching for dependencies of gz-sensors7-gpu_lidar
[1.286s] -- Looking for gz-sensors7 -- found version 7.3.0
[1.286s] -- Searching for <gz-sensors7> component [camera]
[1.287s] -- Looking for gz-sensors7-camera -- found version 7.3.0
[1.287s] -- Searching for dependencies of gz-sensors7-camera
[1.288s] -- Looking for gz-sensors7 -- found version 7.3.0
[1.288s] -- Searching for <gz-sensors7> component [boundingbox_camera]
[1.289s] -- Looking for gz-sensors7-boundingbox_camera -- found version 7.3.0
[1.289s] -- Searching for dependencies of gz-sensors7-boundingbox_camera
[1.290s] -- Searching for <gz-sensors7> component [segmentation_camera]
[1.291s] -- Looking for gz-sensors7-segmentation_camera -- found version 7.3.0
[1.291s] -- Searching for dependencies of gz-sensors7-segmentation_camera
[1.292s] -- Searching for <gz-sensors7> component [depth_camera]
[1.293s] -- Looking for gz-sensors7-depth_camera -- found version 7.3.0
[1.293s] -- Searching for dependencies of gz-sensors7-depth_camera
[1.294s] -- Looking for gz-sensors7 -- found version 7.3.0
[1.294s] -- Searching for <gz-sensors7> component [rgbd_camera]
[1.295s] -- Looking for gz-sensors7-rgbd_camera -- found version 7.3.0
[1.296s] -- Searching for dependencies of gz-sensors7-rgbd_camera
[1.296s] -- Looking for gz-sensors7 -- found version 7.3.0
[1.296s] -- Searching for <gz-sensors7> component [thermal_camera]
[1.297s] -- Looking for gz-sensors7-thermal_camera -- found version 7.3.0
[1.298s] -- Searching for dependencies of gz-sensors7-thermal_camera
[1.298s] -- Looking for gz-sensors7 -- found version 7.3.0
[1.299s] -- Searching for <gz-sensors7> component [wide_angle_camera]
[1.300s] -- Looking for gz-sensors7-wide_angle_camera -- found version 7.3.0
[1.300s] -- Searching for dependencies of gz-sensors7-wide_angle_camera
[1.302s] -- Looking for gz-rendering7 -- found version 7.4.2
[1.302s] -- Looking for gz-math7 -- found version 7.5.1
[1.302s] -- Looking for gz-utils2 -- found version 2.2.0
[1.315s] -- Looking for gz-common5 -- found version 5.6.0
[1.315s] -- Looking for gz-fuel_tools8 -- found version 8.1.0
[1.316s] -- Looking for gz-math7 -- found version 7.5.1
[1.316s] -- Looking for gz-msgs9 -- found version 9.5.0
[1.316s] -- Looking for gz-transport12 -- found version 12.2.1
[1.317s] -- Looking for gz-plugin2 -- found version 2.0.3
[1.317s] -- Looking for gz-rendering7 -- found version 7.4.2
[1.319s] -- Looking for gz-sensors7 -- found version 7.3.0
[1.319s] -- Looking for gz-utils2 -- found version 2.2.0
[1.319s] -- Looking for sdformat13 -- found version 13.8.0
[1.319s] -- Found std_msgs: 4.2.4 (/opt/ros/humble/share/std_msgs/cmake)
[1.338s] -- Found rosidl_generator_c: 3.1.5 (/opt/ros/humble/share/rosidl_generator_c/cmake)
[1.342s] -- Found rosidl_adapter: 3.1.5 (/opt/ros/humble/share/rosidl_adapter/cmake)
[1.348s] -- Found rosidl_generator_cpp: 3.1.5 (/opt/ros/humble/share/rosidl_generator_cpp/cmake)
[1.356s] -- Using all available rosidl_typesupport_c: rosidl_typesupport_fastrtps_c;rosidl_typesupport_introspection_c
[1.367s] -- Using all available rosidl_typesupport_cpp: rosidl_typesupport_fastrtps_cpp;rosidl_typesupport_introspection_cpp
[1.387s] -- Found vrx_gz: 0.0.0 (/home/newman/vrx_ws/src/mission_windwatch/install/share/vrx_gz/cmake)
[1.506s] -- Configuring done
[1.518s] -- Generating done
[1.520s] -- Build files have been written to: /home/newman/vrx_ws/src/mission_windwatch/build/aquabot_gz
