[100%] Built target minimal_opencv_ros2_node
[100%] Built target ament_cmake_python_copy_opencv_example
running egg_info
writing opencv_example.egg-info/PKG-INFO
writing dependency_links to opencv_example.egg-info/dependency_links.txt
writing top-level names to opencv_example.egg-info/top_level.txt
reading manifest file 'opencv_example.egg-info/SOURCES.txt'
writing manifest file 'opencv_example.egg-info/SOURCES.txt'
[100%] Built target ament_cmake_python_build_opencv_example_egg
-- Install configuration: ""
-- Up-to-date: /home/newman/vrx_ws/src/mission_windwatch/install/lib/opencv_example/minimal_opencv_ros2_node
-- Up-to-date: /home/newman/vrx_ws/src/mission_windwatch/install/lib/opencv_example/minimal_opencv_subscriber.py
-- Up-to-date: /home/newman/vrx_ws/src/mission_windwatch/install/lib/opencv_example/opencv_decoder.py
-- Up-to-date: /home/newman/vrx_ws/src/mission_windwatch/install/share/opencv_example/environment/pythonpath.sh
-- Up-to-date: /home/newman/vrx_ws/src/mission_windwatch/install/share/opencv_example/environment/pythonpath.dsv
-- Up-to-date: /home/newman/vrx_ws/src/mission_windwatch/install/local/lib/python3.10/dist-packages/opencv_example-0.3.0-py3.10.egg-info
-- Installing: /home/newman/vrx_ws/src/mission_windwatch/install/local/lib/python3.10/dist-packages/opencv_example-0.3.0-py3.10.egg-info/SOURCES.txt
-- Installing: /home/newman/vrx_ws/src/mission_windwatch/install/local/lib/python3.10/dist-packages/opencv_example-0.3.0-py3.10.egg-info/dependency_links.txt
-- Installing: /home/newman/vrx_ws/src/mission_windwatch/install/local/lib/python3.10/dist-packages/opencv_example-0.3.0-py3.10.egg-info/PKG-INFO
-- Installing: /home/newman/vrx_ws/src/mission_windwatch/install/local/lib/python3.10/dist-packages/opencv_example-0.3.0-py3.10.egg-info/top_level.txt
-- Up-to-date: /home/newman/vrx_ws/src/mission_windwatch/install/local/lib/python3.10/dist-packages/opencv_example
-- Up-to-date: /home/newman/vrx_ws/src/mission_windwatch/install/local/lib/python3.10/dist-packages/opencv_example/minimal_image_subscriber_node.py
-- Up-to-date: /home/newman/vrx_ws/src/mission_windwatch/install/local/lib/python3.10/dist-packages/opencv_example/opencv_decoder_node.py
-- Up-to-date: /home/newman/vrx_ws/src/mission_windwatch/install/local/lib/python3.10/dist-packages/opencv_example/__init__.py
Listing '/home/newman/vrx_ws/src/mission_windwatch/install/local/lib/python3.10/dist-packages/opencv_example'...
-- Up-to-date: /home/newman/vrx_ws/src/mission_windwatch/install/share/ament_index/resource_index/package_run_dependencies/opencv_example
-- Up-to-date: /home/newman/vrx_ws/src/mission_windwatch/install/share/ament_index/resource_index/parent_prefix_path/opencv_example
-- Up-to-date: /home/newman/vrx_ws/src/mission_windwatch/install/share/opencv_example/environment/ament_prefix_path.sh
-- Up-to-date: /home/newman/vrx_ws/src/mission_windwatch/install/share/opencv_example/environment/ament_prefix_path.dsv
-- Up-to-date: /home/newman/vrx_ws/src/mission_windwatch/install/share/opencv_example/environment/path.sh
-- Up-to-date: /home/newman/vrx_ws/src/mission_windwatch/install/share/opencv_example/environment/path.dsv
-- Up-to-date: /home/newman/vrx_ws/src/mission_windwatch/install/share/opencv_example/local_setup.bash
-- Up-to-date: /home/newman/vrx_ws/src/mission_windwatch/install/share/opencv_example/local_setup.sh
-- Up-to-date: /home/newman/vrx_ws/src/mission_windwatch/install/share/opencv_example/local_setup.zsh
-- Up-to-date: /home/newman/vrx_ws/src/mission_windwatch/install/share/opencv_example/local_setup.dsv
-- Installing: /home/newman/vrx_ws/src/mission_windwatch/install/share/opencv_example/package.dsv
-- Up-to-date: /home/newman/vrx_ws/src/mission_windwatch/install/share/ament_index/resource_index/packages/opencv_example
-- Up-to-date: /home/newman/vrx_ws/src/mission_windwatch/install/share/opencv_example/cmake/opencv_exampleConfig.cmake
-- Up-to-date: /home/newman/vrx_ws/src/mission_windwatch/install/share/opencv_example/cmake/opencv_exampleConfig-version.cmake
-- Up-to-date: /home/newman/vrx_ws/src/mission_windwatch/install/share/opencv_example/package.xml
