[0.056s] Invoking command in '/home/newman/vrx_ws/src/mission_windwatch/build/visualization': CMAKE_PREFIX_PATH=/opt/ros/humble /usr/bin/cmake --build /home/newman/vrx_ws/src/mission_windwatch/build/visualization -- -j9 -l9
[0.093s] [35m[1mConsolidate compiler generated dependencies of target visualization_node[0m
[0.115s] [100%] Built target visualization_node
[0.164s] Invoked command in '/home/newman/vrx_ws/src/mission_windwatch/build/visualization' returned '0': CMAKE_PREFIX_PATH=/opt/ros/humble /usr/bin/cmake --build /home/newman/vrx_ws/src/mission_windwatch/build/visualization -- -j9 -l9
[0.231s] Invoking command in '/home/newman/vrx_ws/src/mission_windwatch/build/visualization': CMAKE_PREFIX_PATH=/opt/ros/humble /usr/bin/cmake --install /home/newman/vrx_ws/src/mission_windwatch/build/visualization
[0.239s] -- Install configuration: ""
[0.239s] -- Up-to-date: /home/newman/vrx_ws/src/mission_windwatch/install/lib/visualization/visualization_node
[0.239s] -- Up-to-date: /home/newman/vrx_ws/src/mission_windwatch/install/share/visualization/launch
[0.240s] -- Up-to-date: /home/newman/vrx_ws/src/mission_windwatch/install/share/visualization/launch/visualization_launch.py
[0.240s] -- Installing: /home/newman/vrx_ws/src/mission_windwatch/install/share/visualization/config
[0.240s] -- Installing: /home/newman/vrx_ws/src/mission_windwatch/install/share/ament_index/resource_index/package_run_dependencies/visualization
[0.240s] -- Installing: /home/newman/vrx_ws/src/mission_windwatch/install/share/ament_index/resource_index/parent_prefix_path/visualization
[0.240s] -- Installing: /home/newman/vrx_ws/src/mission_windwatch/install/share/visualization/environment/ament_prefix_path.sh
[0.241s] -- Installing: /home/newman/vrx_ws/src/mission_windwatch/install/share/visualization/environment/ament_prefix_path.dsv
[0.241s] -- Installing: /home/newman/vrx_ws/src/mission_windwatch/install/share/visualization/environment/path.sh
[0.241s] -- Installing: /home/newman/vrx_ws/src/mission_windwatch/install/share/visualization/environment/path.dsv
[0.241s] -- Installing: /home/newman/vrx_ws/src/mission_windwatch/install/share/visualization/local_setup.bash
[0.241s] -- Installing: /home/newman/vrx_ws/src/mission_windwatch/install/share/visualization/local_setup.sh
[0.241s] -- Installing: /home/newman/vrx_ws/src/mission_windwatch/install/share/visualization/local_setup.zsh
[0.241s] -- Installing: /home/newman/vrx_ws/src/mission_windwatch/install/share/visualization/local_setup.dsv
[0.241s] -- Up-to-date: /home/newman/vrx_ws/src/mission_windwatch/install/share/visualization/package.dsv
[0.241s] -- Installing: /home/newman/vrx_ws/src/mission_windwatch/install/share/ament_index/resource_index/packages/visualization
[0.241s] -- Installing: /home/newman/vrx_ws/src/mission_windwatch/install/share/visualization/cmake/visualizationConfig.cmake
[0.242s] -- Installing: /home/newman/vrx_ws/src/mission_windwatch/install/share/visualization/cmake/visualizationConfig-version.cmake
[0.242s] -- Installing: /home/newman/vrx_ws/src/mission_windwatch/install/share/visualization/package.xml
[0.290s] Invoked command in '/home/newman/vrx_ws/src/mission_windwatch/build/visualization' returned '0': CMAKE_PREFIX_PATH=/opt/ros/humble /usr/bin/cmake --install /home/newman/vrx_ws/src/mission_windwatch/build/visualization
