[0.036s] Invoking command in '/home/newman/vrx_ws/src/mission_windwatch/build/mission_manager': CMAKE_PREFIX_PATH=${CMAKE_PREFIX_PATH}:/opt/ros/humble /usr/bin/cmake --build /home/newman/vrx_ws/src/mission_windwatch/build/mission_manager -- -j9 -l9
[0.091s] [35m[1mConsolidate compiler generated dependencies of target target_manager_node[0m
[0.111s] [35m[1mConsolidate compiler generated dependencies of target mission_coordinator_node[0m
[0.119s] [ 25%] [32mBuilding CXX object CMakeFiles/target_manager_node.dir/src/target_manager_node.cpp.o[0m
[0.130s] [ 50%] [32mBuilding CXX object CMakeFiles/mission_coordinator_node.dir/src/mission_coordinator_node.cpp.o[0m
[3.018s] [01m[K/home/newman/vrx_ws/src/mission_windwatch/src/mission_manager/src/target_manager_node.cpp:[m[K In function ‘[01m[Kint main(int, char**)[m[K’:
[3.018s] [01m[K/home/newman/vrx_ws/src/mission_windwatch/src/mission_manager/src/target_manager_node.cpp:5:32:[m[K [01;31m[Kerror: [m[K‘[01m[KMyNode[m[K’ was not declared in this scope; did you mean ‘[01m[Knode[m[K’?
[3.019s]     5 |   auto node = std::make_shared<[01;31m[KMyNode[m[K>();
[3.019s]       |                                [01;31m[K^~~~~~[m[K
[3.019s]       |                                [32m[Knode[m[K
[3.019s] [01m[K/home/newman/vrx_ws/src/mission_windwatch/src/mission_manager/src/target_manager_node.cpp:5:39:[m[K [01;31m[Kerror: [m[Kno matching function for call to ‘[01m[Kmake_shared<<expression error> >()[m[K’
[3.019s]     5 |   auto node = [01;31m[Kstd::make_shared<MyNode>()[m[K;
[3.019s]       |               [01;31m[K~~~~~~~~~~~~~~~~~~~~~~~~^~[m[K
[3.019s] In file included from [01m[K/usr/include/c++/11/memory:77[m[K,
[3.019s]                  from [01m[K/opt/ros/humble/include/rclcpp/rclcpp/rclcpp.hpp:153[m[K,
[3.019s]                  from [01m[K/home/newman/vrx_ws/src/mission_windwatch/src/mission_manager/src/target_manager_node.cpp:1[m[K:
[3.019s] [01m[K/usr/include/c++/11/bits/shared_ptr.h:875:5:[m[K [01;36m[Knote: [m[Kcandidate: ‘[01m[Ktemplate<class _Tp, class ... _Args> std::shared_ptr<_Tp> std::make_shared(_Args&& ...)[m[K’
[3.019s]   875 |     [01;36m[Kmake_shared[m[K(_Args&&... __args)
[3.019s]       |     [01;36m[K^~~~~~~~~~~[m[K
[3.019s] [01m[K/usr/include/c++/11/bits/shared_ptr.h:875:5:[m[K [01;36m[Knote: [m[K  template argument deduction/substitution failed:
[3.019s] [01m[K/home/newman/vrx_ws/src/mission_windwatch/src/mission_manager/src/target_manager_node.cpp:5:39:[m[K [01;31m[Kerror: [m[Ktemplate argument 1 is invalid
[3.019s]     5 |   auto node = [01;31m[Kstd::make_shared<MyNode>()[m[K;
[3.019s]       |               [01;31m[K~~~~~~~~~~~~~~~~~~~~~~~~^~[m[K
[3.183s] [01m[K/home/newman/vrx_ws/src/mission_windwatch/src/mission_manager/src/mission_coordinator_node.cpp:[m[K In function ‘[01m[Kint main(int, char**)[m[K’:
[3.184s] [01m[K/home/newman/vrx_ws/src/mission_windwatch/src/mission_manager/src/mission_coordinator_node.cpp:5:32:[m[K [01;31m[Kerror: [m[K‘[01m[KMyNode[m[K’ was not declared in this scope; did you mean ‘[01m[Knode[m[K’?
[3.184s]     5 |   auto node = std::make_shared<[01;31m[KMyNode[m[K>();
[3.184s]       |                                [01;31m[K^~~~~~[m[K
[3.184s]       |                                [32m[Knode[m[K
[3.184s] [01m[K/home/newman/vrx_ws/src/mission_windwatch/src/mission_manager/src/mission_coordinator_node.cpp:5:39:[m[K [01;31m[Kerror: [m[Kno matching function for call to ‘[01m[Kmake_shared<<expression error> >()[m[K’
[3.184s]     5 |   auto node = [01;31m[Kstd::make_shared<MyNode>()[m[K;
[3.184s]       |               [01;31m[K~~~~~~~~~~~~~~~~~~~~~~~~^~[m[K
[3.184s] In file included from [01m[K/usr/include/c++/11/memory:77[m[K,
[3.184s]                  from [01m[K/opt/ros/humble/include/rclcpp/rclcpp/rclcpp.hpp:153[m[K,
[3.184s]                  from [01m[K/home/newman/vrx_ws/src/mission_windwatch/src/mission_manager/src/mission_coordinator_node.cpp:1[m[K:
[3.184s] [01m[K/usr/include/c++/11/bits/shared_ptr.h:875:5:[m[K [01;36m[Knote: [m[Kcandidate: ‘[01m[Ktemplate<class _Tp, class ... _Args> std::shared_ptr<_Tp> std::make_shared(_Args&& ...)[m[K’
[3.184s]   875 |     [01;36m[Kmake_shared[m[K(_Args&&... __args)
[3.184s]       |     [01;36m[K^~~~~~~~~~~[m[K
[3.184s] [01m[K/usr/include/c++/11/bits/shared_ptr.h:875:5:[m[K [01;36m[Knote: [m[K  template argument deduction/substitution failed:
[3.184s] [01m[K/home/newman/vrx_ws/src/mission_windwatch/src/mission_manager/src/mission_coordinator_node.cpp:5:39:[m[K [01;31m[Kerror: [m[Ktemplate argument 1 is invalid
[3.184s]     5 |   auto node = [01;31m[Kstd::make_shared<MyNode>()[m[K;
[3.184s]       |               [01;31m[K~~~~~~~~~~~~~~~~~~~~~~~~^~[m[K
[3.391s] gmake[2]: *** [CMakeFiles/target_manager_node.dir/build.make:76: CMakeFiles/target_manager_node.dir/src/target_manager_node.cpp.o] Error 1
[3.391s] gmake[1]: *** [CMakeFiles/Makefile2:139: CMakeFiles/target_manager_node.dir/all] Error 2
[3.394s] gmake[1]: *** Waiting for unfinished jobs....
[3.567s] gmake[2]: *** [CMakeFiles/mission_coordinator_node.dir/build.make:76: CMakeFiles/mission_coordinator_node.dir/src/mission_coordinator_node.cpp.o] Error 1
[3.568s] gmake[1]: *** [CMakeFiles/Makefile2:165: CMakeFiles/mission_coordinator_node.dir/all] Error 2
[3.568s] gmake: *** [Makefile:146: all] Error 2
[3.572s] Invoked command in '/home/newman/vrx_ws/src/mission_windwatch/build/mission_manager' returned '2': CMAKE_PREFIX_PATH=${CMAKE_PREFIX_PATH}:/opt/ros/humble /usr/bin/cmake --build /home/newman/vrx_ws/src/mission_windwatch/build/mission_manager -- -j9 -l9
