-- The C compiler identification is GNU 11.4.0
-- The CXX compiler identification is GNU 11.4.0
-- Detecting C compiler ABI info
-- Detecting C compiler ABI info - done
-- Check for working C compiler: /usr/bin/cc - skipped
-- Detecting C compile features
-- Detecting C compile features - done
-- Detecting CXX compiler ABI info
-- Detecting CXX compiler ABI info - done
-- Check for working CXX compiler: /usr/bin/c++ - skipped
-- Detecting CXX compile features
-- Detecting CXX compile features - done
-- Found ament_cmake: 1.3.10 (/opt/ros/humble/share/ament_cmake/cmake)
-- Found Python3: /usr/bin/python3 (found version "3.10.12") found components: Interpreter 
-- Found rclcpp: 16.0.10 (/opt/ros/humble/share/rclcpp/cmake)
-- Found rosidl_generator_c: 3.1.5 (/opt/ros/humble/share/rosidl_generator_c/cmake)
-- Found rosidl_adapter: 3.1.5 (/opt/ros/humble/share/rosidl_adapter/cmake)
-- Found rosidl_generator_cpp: 3.1.5 (/opt/ros/humble/share/rosidl_generator_cpp/cmake)
-- Using all available rosidl_typesupport_c: rosidl_typesupport_fastrtps_c;rosidl_typesupport_introspection_c
-- Using all available rosidl_typesupport_cpp: rosidl_typesupport_fastrtps_cpp;rosidl_typesupport_introspection_cpp
-- Found rmw_implementation_cmake: 6.1.2 (/opt/ros/humble/share/rmw_implementation_cmake/cmake)
-- Found rmw_fastrtps_cpp: 6.2.7 (/opt/ros/humble/share/rmw_fastrtps_cpp/cmake)
-- Found OpenSSL: /usr/lib/x86_64-linux-gnu/libcrypto.so (found version "3.0.2")  
-- Found FastRTPS: /opt/ros/humble/include  
-- Using RMW implementation 'rmw_fastrtps_cpp' as default
-- Looking for pthread.h
-- Looking for pthread.h - found
-- Performing Test CMAKE_HAVE_LIBC_PTHREAD
-- Performing Test CMAKE_HAVE_LIBC_PTHREAD - Success
-- Found Threads: TRUE  
-- Found sensor_msgs: 4.2.4 (/opt/ros/humble/share/sensor_msgs/cmake)
-- Found cv_bridge: 3.2.1 (/opt/ros/humble/share/cv_bridge/cmake)
-- Found image_transport: 3.1.9 (/opt/ros/humble/share/image_transport/cmake)
-- Found OpenCV: /usr (found version "4.5.4") 
-- Found ament_lint_auto: 0.12.11 (/opt/ros/humble/share/ament_lint_auto/cmake)
-- Added test 'cppcheck' to perform static code analysis on C / C++ code
-- Configured cppcheck include dirs: 
-- Configured cppcheck exclude dirs and/or files: 
-- Added test 'flake8' to check Python code syntax and style conventions
-- Added test 'lint_cmake' to check CMake code style
-- Added test 'pep257' to check Python code against some of the docstring style conventions in PEP 257
-- Added test 'uncrustify' to check C / C++ code style
-- Configured uncrustify additional arguments: 
-- Added test 'xmllint' to check XML markup files
-- Configuring done
-- Generating done
-- Build files have been written to: /home/newman/vrx_ws/src/mission_windwatch/build/opencv_example
[ 50%] [32mBuilding CXX object CMakeFiles/minimal_opencv_ros2_node.dir/src/minimal_opencv_ros2_node.cpp.o[0m
[ 50%] Built target ament_cmake_python_copy_opencv_example
running egg_info
creating opencv_example.egg-info
writing opencv_example.egg-info/PKG-INFO
writing dependency_links to opencv_example.egg-info/dependency_links.txt
writing top-level names to opencv_example.egg-info/top_level.txt
writing manifest file 'opencv_example.egg-info/SOURCES.txt'
reading manifest file 'opencv_example.egg-info/SOURCES.txt'
writing manifest file 'opencv_example.egg-info/SOURCES.txt'
[ 50%] Built target ament_cmake_python_build_opencv_example_egg
[100%] [32m[1mLinking CXX executable minimal_opencv_ros2_node[0m
[100%] Built target minimal_opencv_ros2_node
-- Install configuration: ""
-- Installing: /home/newman/vrx_ws/src/mission_windwatch/install/lib/opencv_example/minimal_opencv_ros2_node
-- Set runtime path of "/home/newman/vrx_ws/src/mission_windwatch/install/lib/opencv_example/minimal_opencv_ros2_node" to ""
-- Installing: /home/newman/vrx_ws/src/mission_windwatch/install/lib/opencv_example/minimal_opencv_subscriber.py
-- Installing: /home/newman/vrx_ws/src/mission_windwatch/install/lib/opencv_example/opencv_decoder.py
-- Installing: /home/newman/vrx_ws/src/mission_windwatch/install/share/opencv_example/environment/pythonpath.sh
-- Installing: /home/newman/vrx_ws/src/mission_windwatch/install/share/opencv_example/environment/pythonpath.dsv
-- Installing: /home/newman/vrx_ws/src/mission_windwatch/install/local/lib/python3.10/dist-packages/opencv_example-0.3.0-py3.10.egg-info
-- Installing: /home/newman/vrx_ws/src/mission_windwatch/install/local/lib/python3.10/dist-packages/opencv_example-0.3.0-py3.10.egg-info/SOURCES.txt
-- Installing: /home/newman/vrx_ws/src/mission_windwatch/install/local/lib/python3.10/dist-packages/opencv_example-0.3.0-py3.10.egg-info/dependency_links.txt
-- Installing: /home/newman/vrx_ws/src/mission_windwatch/install/local/lib/python3.10/dist-packages/opencv_example-0.3.0-py3.10.egg-info/PKG-INFO
-- Installing: /home/newman/vrx_ws/src/mission_windwatch/install/local/lib/python3.10/dist-packages/opencv_example-0.3.0-py3.10.egg-info/top_level.txt
-- Installing: /home/newman/vrx_ws/src/mission_windwatch/install/local/lib/python3.10/dist-packages/opencv_example
-- Installing: /home/newman/vrx_ws/src/mission_windwatch/install/local/lib/python3.10/dist-packages/opencv_example/minimal_image_subscriber_node.py
-- Installing: /home/newman/vrx_ws/src/mission_windwatch/install/local/lib/python3.10/dist-packages/opencv_example/opencv_decoder_node.py
-- Installing: /home/newman/vrx_ws/src/mission_windwatch/install/local/lib/python3.10/dist-packages/opencv_example/__init__.py
Listing '/home/newman/vrx_ws/src/mission_windwatch/install/local/lib/python3.10/dist-packages/opencv_example'...
Compiling '/home/newman/vrx_ws/src/mission_windwatch/install/local/lib/python3.10/dist-packages/opencv_example/__init__.py'...
Compiling '/home/newman/vrx_ws/src/mission_windwatch/install/local/lib/python3.10/dist-packages/opencv_example/minimal_image_subscriber_node.py'...
Compiling '/home/newman/vrx_ws/src/mission_windwatch/install/local/lib/python3.10/dist-packages/opencv_example/opencv_decoder_node.py'...
-- Installing: /home/newman/vrx_ws/src/mission_windwatch/install/share/ament_index/resource_index/package_run_dependencies/opencv_example
-- Installing: /home/newman/vrx_ws/src/mission_windwatch/install/share/ament_index/resource_index/parent_prefix_path/opencv_example
-- Installing: /home/newman/vrx_ws/src/mission_windwatch/install/share/opencv_example/environment/ament_prefix_path.sh
-- Installing: /home/newman/vrx_ws/src/mission_windwatch/install/share/opencv_example/environment/ament_prefix_path.dsv
-- Installing: /home/newman/vrx_ws/src/mission_windwatch/install/share/opencv_example/environment/path.sh
-- Installing: /home/newman/vrx_ws/src/mission_windwatch/install/share/opencv_example/environment/path.dsv
-- Installing: /home/newman/vrx_ws/src/mission_windwatch/install/share/opencv_example/local_setup.bash
-- Installing: /home/newman/vrx_ws/src/mission_windwatch/install/share/opencv_example/local_setup.sh
-- Installing: /home/newman/vrx_ws/src/mission_windwatch/install/share/opencv_example/local_setup.zsh
-- Installing: /home/newman/vrx_ws/src/mission_windwatch/install/share/opencv_example/local_setup.dsv
-- Installing: /home/newman/vrx_ws/src/mission_windwatch/install/share/opencv_example/package.dsv
-- Installing: /home/newman/vrx_ws/src/mission_windwatch/install/share/ament_index/resource_index/packages/opencv_example
-- Installing: /home/newman/vrx_ws/src/mission_windwatch/install/share/opencv_example/cmake/opencv_exampleConfig.cmake
-- Installing: /home/newman/vrx_ws/src/mission_windwatch/install/share/opencv_example/cmake/opencv_exampleConfig-version.cmake
-- Installing: /home/newman/vrx_ws/src/mission_windwatch/install/share/opencv_example/package.xml
