[0.032s] Invoking command in '/home/newman/vrx_ws/src/mission_windwatch/build/opencv_example': CMAKE_PREFIX_PATH=${CMAKE_PREFIX_PATH}:/opt/ros/humble /usr/bin/cmake /home/newman/vrx_ws/src/mission_windwatch/src/aquabot_competitor/aquabot_examples/opencv_example -DCMAKE_INSTALL_PREFIX=/home/newman/vrx_ws/src/mission_windwatch/install
[0.607s] -- The C compiler identification is GNU 11.4.0
[0.607s] -- The CXX compiler identification is GNU 11.4.0
[0.607s] -- Detecting C compiler ABI info
[0.607s] -- Detecting C compiler ABI info - done
[0.608s] -- Check for working C compiler: /usr/bin/cc - skipped
[0.608s] -- Detecting C compile features
[0.608s] -- Detecting C compile features - done
[0.608s] -- Detecting CXX compiler ABI info
[0.608s] -- Detecting CXX compiler ABI info - done
[0.608s] -- Check for working CXX compiler: /usr/bin/c++ - skipped
[0.609s] -- Detecting CXX compile features
[0.609s] -- Detecting CXX compile features - done
[0.609s] -- Found ament_cmake: 1.3.10 (/opt/ros/humble/share/ament_cmake/cmake)
[0.609s] -- Found Python3: /usr/bin/python3 (found version "3.10.12") found components: Interpreter 
[0.609s] -- Found rclcpp: 16.0.10 (/opt/ros/humble/share/rclcpp/cmake)
[0.609s] -- Found rosidl_generator_c: 3.1.5 (/opt/ros/humble/share/rosidl_generator_c/cmake)
[0.610s] -- Found rosidl_adapter: 3.1.5 (/opt/ros/humble/share/rosidl_adapter/cmake)
[0.610s] -- Found rosidl_generator_cpp: 3.1.5 (/opt/ros/humble/share/rosidl_generator_cpp/cmake)
[0.610s] -- Using all available rosidl_typesupport_c: rosidl_typesupport_fastrtps_c;rosidl_typesupport_introspection_c
[0.613s] -- Using all available rosidl_typesupport_cpp: rosidl_typesupport_fastrtps_cpp;rosidl_typesupport_introspection_cpp
[0.642s] -- Found rmw_implementation_cmake: 6.1.2 (/opt/ros/humble/share/rmw_implementation_cmake/cmake)
[0.643s] -- Found rmw_fastrtps_cpp: 6.2.7 (/opt/ros/humble/share/rmw_fastrtps_cpp/cmake)
[0.731s] -- Found OpenSSL: /usr/lib/x86_64-linux-gnu/libcrypto.so (found version "3.0.2")  
[0.752s] -- Found FastRTPS: /opt/ros/humble/include  
[0.789s] -- Using RMW implementation 'rmw_fastrtps_cpp' as default
[0.795s] -- Looking for pthread.h
[0.858s] -- Looking for pthread.h - found
[0.858s] -- Performing Test CMAKE_HAVE_LIBC_PTHREAD
[0.923s] -- Performing Test CMAKE_HAVE_LIBC_PTHREAD - Success
[0.924s] -- Found Threads: TRUE  
[0.997s] -- Found sensor_msgs: 4.2.4 (/opt/ros/humble/share/sensor_msgs/cmake)
[1.044s] -- Found cv_bridge: 3.2.1 (/opt/ros/humble/share/cv_bridge/cmake)
[1.056s] -- Found image_transport: 3.1.9 (/opt/ros/humble/share/image_transport/cmake)
[1.085s] -- Found OpenCV: /usr (found version "4.5.4") 
[1.085s] -- Found ament_lint_auto: 0.12.11 (/opt/ros/humble/share/ament_lint_auto/cmake)
[1.175s] -- Added test 'cppcheck' to perform static code analysis on C / C++ code
[1.175s] -- Configured cppcheck include dirs: 
[1.175s] -- Configured cppcheck exclude dirs and/or files: 
[1.176s] -- Added test 'flake8' to check Python code syntax and style conventions
[1.176s] -- Added test 'lint_cmake' to check CMake code style
[1.176s] -- Added test 'pep257' to check Python code against some of the docstring style conventions in PEP 257
[1.176s] -- Added test 'uncrustify' to check C / C++ code style
[1.176s] -- Configured uncrustify additional arguments: 
[1.176s] -- Added test 'xmllint' to check XML markup files
[1.177s] -- Configuring done
[1.188s] -- Generating done
[1.190s] -- Build files have been written to: /home/newman/vrx_ws/src/mission_windwatch/build/opencv_example
[1.539s] Invoked command in '/home/newman/vrx_ws/src/mission_windwatch/build/opencv_example' returned '0': CMAKE_PREFIX_PATH=${CMAKE_PREFIX_PATH}:/opt/ros/humble /usr/bin/cmake /home/newman/vrx_ws/src/mission_windwatch/src/aquabot_competitor/aquabot_examples/opencv_example -DCMAKE_INSTALL_PREFIX=/home/newman/vrx_ws/src/mission_windwatch/install
[1.544s] Invoking command in '/home/newman/vrx_ws/src/mission_windwatch/build/opencv_example': CMAKE_PREFIX_PATH=${CMAKE_PREFIX_PATH}:/opt/ros/humble /usr/bin/cmake --build /home/newman/vrx_ws/src/mission_windwatch/build/opencv_example -- -j9 -l9
[1.627s] [ 50%] [32mBuilding CXX object CMakeFiles/minimal_opencv_ros2_node.dir/src/minimal_opencv_ros2_node.cpp.o[0m
[1.637s] [ 50%] Built target ament_cmake_python_copy_opencv_example
[1.947s] running egg_info
[1.947s] creating opencv_example.egg-info
[1.947s] writing opencv_example.egg-info/PKG-INFO
[1.947s] writing dependency_links to opencv_example.egg-info/dependency_links.txt
[1.948s] writing top-level names to opencv_example.egg-info/top_level.txt
[1.949s] writing manifest file 'opencv_example.egg-info/SOURCES.txt'
[1.952s] reading manifest file 'opencv_example.egg-info/SOURCES.txt'
[1.954s] writing manifest file 'opencv_example.egg-info/SOURCES.txt'
[1.997s] [ 50%] Built target ament_cmake_python_build_opencv_example_egg
[8.633s] [100%] [32m[1mLinking CXX executable minimal_opencv_ros2_node[0m
[9.032s] [100%] Built target minimal_opencv_ros2_node
[9.048s] Invoked command in '/home/newman/vrx_ws/src/mission_windwatch/build/opencv_example' returned '0': CMAKE_PREFIX_PATH=${CMAKE_PREFIX_PATH}:/opt/ros/humble /usr/bin/cmake --build /home/newman/vrx_ws/src/mission_windwatch/build/opencv_example -- -j9 -l9
[9.070s] Invoking command in '/home/newman/vrx_ws/src/mission_windwatch/build/opencv_example': CMAKE_PREFIX_PATH=${CMAKE_PREFIX_PATH}:/opt/ros/humble /usr/bin/cmake --install /home/newman/vrx_ws/src/mission_windwatch/build/opencv_example
[9.081s] -- Install configuration: ""
[9.083s] -- Installing: /home/newman/vrx_ws/src/mission_windwatch/install/lib/opencv_example/minimal_opencv_ros2_node
[9.084s] -- Set runtime path of "/home/newman/vrx_ws/src/mission_windwatch/install/lib/opencv_example/minimal_opencv_ros2_node" to ""
[9.084s] -- Installing: /home/newman/vrx_ws/src/mission_windwatch/install/lib/opencv_example/minimal_opencv_subscriber.py
[9.084s] -- Installing: /home/newman/vrx_ws/src/mission_windwatch/install/lib/opencv_example/opencv_decoder.py
[9.085s] -- Installing: /home/newman/vrx_ws/src/mission_windwatch/install/share/opencv_example/environment/pythonpath.sh
[9.085s] -- Installing: /home/newman/vrx_ws/src/mission_windwatch/install/share/opencv_example/environment/pythonpath.dsv
[9.085s] -- Installing: /home/newman/vrx_ws/src/mission_windwatch/install/local/lib/python3.10/dist-packages/opencv_example-0.3.0-py3.10.egg-info
[9.085s] -- Installing: /home/newman/vrx_ws/src/mission_windwatch/install/local/lib/python3.10/dist-packages/opencv_example-0.3.0-py3.10.egg-info/SOURCES.txt
[9.085s] -- Installing: /home/newman/vrx_ws/src/mission_windwatch/install/local/lib/python3.10/dist-packages/opencv_example-0.3.0-py3.10.egg-info/dependency_links.txt
[9.085s] -- Installing: /home/newman/vrx_ws/src/mission_windwatch/install/local/lib/python3.10/dist-packages/opencv_example-0.3.0-py3.10.egg-info/PKG-INFO
[9.085s] -- Installing: /home/newman/vrx_ws/src/mission_windwatch/install/local/lib/python3.10/dist-packages/opencv_example-0.3.0-py3.10.egg-info/top_level.txt
[9.085s] -- Installing: /home/newman/vrx_ws/src/mission_windwatch/install/local/lib/python3.10/dist-packages/opencv_example
[9.085s] -- Installing: /home/newman/vrx_ws/src/mission_windwatch/install/local/lib/python3.10/dist-packages/opencv_example/minimal_image_subscriber_node.py
[9.085s] -- Installing: /home/newman/vrx_ws/src/mission_windwatch/install/local/lib/python3.10/dist-packages/opencv_example/opencv_decoder_node.py
[9.085s] -- Installing: /home/newman/vrx_ws/src/mission_windwatch/install/local/lib/python3.10/dist-packages/opencv_example/__init__.py
[9.119s] Listing '/home/newman/vrx_ws/src/mission_windwatch/install/local/lib/python3.10/dist-packages/opencv_example'...
[9.119s] Compiling '/home/newman/vrx_ws/src/mission_windwatch/install/local/lib/python3.10/dist-packages/opencv_example/__init__.py'...
[9.119s] Compiling '/home/newman/vrx_ws/src/mission_windwatch/install/local/lib/python3.10/dist-packages/opencv_example/minimal_image_subscriber_node.py'...
[9.119s] Compiling '/home/newman/vrx_ws/src/mission_windwatch/install/local/lib/python3.10/dist-packages/opencv_example/opencv_decoder_node.py'...
[9.119s] -- Installing: /home/newman/vrx_ws/src/mission_windwatch/install/share/ament_index/resource_index/package_run_dependencies/opencv_example
[9.119s] -- Installing: /home/newman/vrx_ws/src/mission_windwatch/install/share/ament_index/resource_index/parent_prefix_path/opencv_example
[9.119s] -- Installing: /home/newman/vrx_ws/src/mission_windwatch/install/share/opencv_example/environment/ament_prefix_path.sh
[9.120s] -- Installing: /home/newman/vrx_ws/src/mission_windwatch/install/share/opencv_example/environment/ament_prefix_path.dsv
[9.120s] -- Installing: /home/newman/vrx_ws/src/mission_windwatch/install/share/opencv_example/environment/path.sh
[9.120s] -- Installing: /home/newman/vrx_ws/src/mission_windwatch/install/share/opencv_example/environment/path.dsv
[9.120s] -- Installing: /home/newman/vrx_ws/src/mission_windwatch/install/share/opencv_example/local_setup.bash
[9.120s] -- Installing: /home/newman/vrx_ws/src/mission_windwatch/install/share/opencv_example/local_setup.sh
[9.120s] -- Installing: /home/newman/vrx_ws/src/mission_windwatch/install/share/opencv_example/local_setup.zsh
[9.120s] -- Installing: /home/newman/vrx_ws/src/mission_windwatch/install/share/opencv_example/local_setup.dsv
[9.121s] -- Installing: /home/newman/vrx_ws/src/mission_windwatch/install/share/opencv_example/package.dsv
[9.121s] -- Installing: /home/newman/vrx_ws/src/mission_windwatch/install/share/ament_index/resource_index/packages/opencv_example
[9.121s] -- Installing: /home/newman/vrx_ws/src/mission_windwatch/install/share/opencv_example/cmake/opencv_exampleConfig.cmake
[9.121s] -- Installing: /home/newman/vrx_ws/src/mission_windwatch/install/share/opencv_example/cmake/opencv_exampleConfig-version.cmake
[9.121s] -- Installing: /home/newman/vrx_ws/src/mission_windwatch/install/share/opencv_example/package.xml
[9.121s] Invoked command in '/home/newman/vrx_ws/src/mission_windwatch/build/opencv_example' returned '0': CMAKE_PREFIX_PATH=${CMAKE_PREFIX_PATH}:/opt/ros/humble /usr/bin/cmake --install /home/newman/vrx_ws/src/mission_windwatch/build/opencv_example
