[0.035s] Invoking command in '/home/newman/vrx_ws/src/mission_windwatch/build/aquabot_python': CMAKE_PREFIX_PATH=/opt/ros/humble /usr/bin/cmake --build /home/newman/vrx_ws/src/mission_windwatch/build/aquabot_python -- -j9 -l9
[0.080s] Built target ament_cmake_python_copy_aquabot_python_setup
[0.081s] Built target ament_cmake_python_copy_aquabot_python
[0.298s] running egg_info
[0.298s] writing aquabot_python.egg-info/PKG-INFO
[0.299s] writing dependency_links to aquabot_python.egg-info/dependency_links.txt
[0.299s] writing top-level names to aquabot_python.egg-info/top_level.txt
[0.300s] reading manifest file 'aquabot_python.egg-info/SOURCES.txt'
[0.301s] writing manifest file 'aquabot_python.egg-info/SOURCES.txt'
[0.338s] Built target ament_cmake_python_build_aquabot_python_egg
[0.347s] Invoked command in '/home/newman/vrx_ws/src/mission_windwatch/build/aquabot_python' returned '0': CMAKE_PREFIX_PATH=/opt/ros/humble /usr/bin/cmake --build /home/newman/vrx_ws/src/mission_windwatch/build/aquabot_python -- -j9 -l9
[0.374s] Invoking command in '/home/newman/vrx_ws/src/mission_windwatch/build/aquabot_python': CMAKE_PREFIX_PATH=/opt/ros/humble /usr/bin/cmake --install /home/newman/vrx_ws/src/mission_windwatch/build/aquabot_python
[0.383s] -- Install configuration: ""
[0.383s] -- Up-to-date: /home/newman/vrx_ws/src/mission_windwatch/install/lib/aquabot_python/teleop_keyboard.py
[0.383s] -- Up-to-date: /home/newman/vrx_ws/src/mission_windwatch/install/lib/aquabot_python/generate_scenario.py
[0.384s] -- Up-to-date: /home/newman/vrx_ws/src/mission_windwatch/install/lib/aquabot_python/reopen_scenario.py
[0.384s] -- Up-to-date: /home/newman/vrx_ws/src/mission_windwatch/install/lib/aquabot_python/regenerate_scenario_file.py
[0.384s] -- Up-to-date: /home/newman/vrx_ws/src/mission_windwatch/install/lib/aquabot_python/plot_log_file.py
[0.384s] -- Up-to-date: /home/newman/vrx_ws/src/mission_windwatch/install/lib/aquabot_python/qrcode_generator.py
[0.384s] -- Up-to-date: /home/newman/vrx_ws/src/mission_windwatch/install/lib/aquabot_python/generate_competition_worlds.py
[0.384s] -- Up-to-date: /home/newman/vrx_ws/src/mission_windwatch/install/share/aquabot_python/environment/pythonpath.sh
[0.384s] -- Up-to-date: /home/newman/vrx_ws/src/mission_windwatch/install/share/aquabot_python/environment/pythonpath.dsv
[0.386s] -- Up-to-date: /home/newman/vrx_ws/src/mission_windwatch/install/local/lib/python3.10/dist-packages/aquabot_python-0.6.0-py3.10.egg-info
[0.387s] -- Installing: /home/newman/vrx_ws/src/mission_windwatch/install/local/lib/python3.10/dist-packages/aquabot_python-0.6.0-py3.10.egg-info/SOURCES.txt
[0.390s] -- Installing: /home/newman/vrx_ws/src/mission_windwatch/install/local/lib/python3.10/dist-packages/aquabot_python-0.6.0-py3.10.egg-info/dependency_links.txt
[0.390s] -- Installing: /home/newman/vrx_ws/src/mission_windwatch/install/local/lib/python3.10/dist-packages/aquabot_python-0.6.0-py3.10.egg-info/PKG-INFO
[0.390s] -- Installing: /home/newman/vrx_ws/src/mission_windwatch/install/local/lib/python3.10/dist-packages/aquabot_python-0.6.0-py3.10.egg-info/top_level.txt
[0.390s] -- Up-to-date: /home/newman/vrx_ws/src/mission_windwatch/install/local/lib/python3.10/dist-packages/aquabot_python
[0.390s] -- Up-to-date: /home/newman/vrx_ws/src/mission_windwatch/install/local/lib/python3.10/dist-packages/aquabot_python/environnement_container.py
[0.390s] -- Up-to-date: /home/newman/vrx_ws/src/mission_windwatch/install/local/lib/python3.10/dist-packages/aquabot_python/log_parser.py
[0.390s] -- Up-to-date: /home/newman/vrx_ws/src/mission_windwatch/install/local/lib/python3.10/dist-packages/aquabot_python/scenario_parser.py
[0.390s] -- Up-to-date: /home/newman/vrx_ws/src/mission_windwatch/install/local/lib/python3.10/dist-packages/aquabot_python/replay_container.py
[0.390s] -- Up-to-date: /home/newman/vrx_ws/src/mission_windwatch/install/local/lib/python3.10/dist-packages/aquabot_python/scenario_generator.py
[0.390s] -- Up-to-date: /home/newman/vrx_ws/src/mission_windwatch/install/local/lib/python3.10/dist-packages/aquabot_python/generator_methods.py
[0.390s] -- Up-to-date: /home/newman/vrx_ws/src/mission_windwatch/install/local/lib/python3.10/dist-packages/aquabot_python/scenario_container.py
[0.390s] -- Up-to-date: /home/newman/vrx_ws/src/mission_windwatch/install/local/lib/python3.10/dist-packages/aquabot_python/scenario_pyplot.py
[0.390s] -- Up-to-date: /home/newman/vrx_ws/src/mission_windwatch/install/local/lib/python3.10/dist-packages/aquabot_python/__init__.py
[0.426s] Listing '/home/newman/vrx_ws/src/mission_windwatch/install/local/lib/python3.10/dist-packages/aquabot_python'...
[0.427s] -- Up-to-date: /home/newman/vrx_ws/src/mission_windwatch/install/share/aquabot_python/images
[0.427s] -- Up-to-date: /home/newman/vrx_ws/src/mission_windwatch/install/share/aquabot_python/images/map_no_obstacles_400.png
[0.427s] -- Up-to-date: /home/newman/vrx_ws/src/mission_windwatch/install/share/aquabot_python/images/map_400.png
[0.427s] -- Up-to-date: /home/newman/vrx_ws/src/mission_windwatch/install/share/aquabot_python/images/map_300.png
[0.428s] -- Up-to-date: /home/newman/vrx_ws/src/mission_windwatch/install/share/aquabot_python/images/map_no_obstacles_300.png
[0.428s] -- Up-to-date: /home/newman/vrx_ws/src/mission_windwatch/install/share/ament_index/resource_index/package_run_dependencies/aquabot_python
[0.428s] -- Up-to-date: /home/newman/vrx_ws/src/mission_windwatch/install/share/ament_index/resource_index/parent_prefix_path/aquabot_python
[0.428s] -- Up-to-date: /home/newman/vrx_ws/src/mission_windwatch/install/share/aquabot_python/environment/ament_prefix_path.sh
[0.430s] -- Up-to-date: /home/newman/vrx_ws/src/mission_windwatch/install/share/aquabot_python/environment/ament_prefix_path.dsv
[0.430s] -- Up-to-date: /home/newman/vrx_ws/src/mission_windwatch/install/share/aquabot_python/environment/path.sh
[0.430s] -- Up-to-date: /home/newman/vrx_ws/src/mission_windwatch/install/share/aquabot_python/environment/path.dsv
[0.430s] -- Up-to-date: /home/newman/vrx_ws/src/mission_windwatch/install/share/aquabot_python/local_setup.bash
[0.430s] -- Up-to-date: /home/newman/vrx_ws/src/mission_windwatch/install/share/aquabot_python/local_setup.sh
[0.430s] -- Up-to-date: /home/newman/vrx_ws/src/mission_windwatch/install/share/aquabot_python/local_setup.zsh
[0.430s] -- Up-to-date: /home/newman/vrx_ws/src/mission_windwatch/install/share/aquabot_python/local_setup.dsv
[0.431s] -- Installing: /home/newman/vrx_ws/src/mission_windwatch/install/share/aquabot_python/package.dsv
[0.431s] -- Up-to-date: /home/newman/vrx_ws/src/mission_windwatch/install/share/ament_index/resource_index/packages/aquabot_python
[0.431s] -- Up-to-date: /home/newman/vrx_ws/src/mission_windwatch/install/share/aquabot_python/cmake/aquabot_pythonConfig.cmake
[0.431s] -- Up-to-date: /home/newman/vrx_ws/src/mission_windwatch/install/share/aquabot_python/cmake/aquabot_pythonConfig-version.cmake
[0.432s] -- Up-to-date: /home/newman/vrx_ws/src/mission_windwatch/install/share/aquabot_python/package.xml
[0.443s] Invoked command in '/home/newman/vrx_ws/src/mission_windwatch/build/aquabot_python' returned '0': CMAKE_PREFIX_PATH=/opt/ros/humble /usr/bin/cmake --install /home/newman/vrx_ws/src/mission_windwatch/build/aquabot_python
