[0.028s] Invoking command in '/home/newman/vrx_ws/src/mission_windwatch/build/vrx_ros': CMAKE_PREFIX_PATH=${CMAKE_PREFIX_PATH}:/opt/ros/humble /usr/bin/cmake /home/newman/vrx_ws/src/mission_windwatch/src/vrx/vrx_ros -DCMAKE_INSTALL_PREFIX=/home/newman/vrx_ws/src/mission_windwatch/install
[0.082s] -- The C compiler identification is GNU 11.4.0
[0.144s] -- The CXX compiler identification is GNU 11.4.0
[0.151s] -- Detecting C compiler ABI info
[0.211s] -- Detecting C compiler ABI info - done
[0.216s] -- Check for working C compiler: /usr/bin/cc - skipped
[0.216s] -- Detecting C compile features
[0.216s] -- Detecting C compile features - done
[0.219s] -- Detecting CXX compiler ABI info
[0.305s] -- Detecting CXX compiler ABI info - done
[0.312s] -- Check for working CXX compiler: /usr/bin/c++ - skipped
[0.312s] -- Detecting CXX compile features
[0.313s] -- Detecting CXX compile features - done
[0.314s] -- Found ament_cmake: 1.3.10 (/opt/ros/humble/share/ament_cmake/cmake)
[0.458s] -- Found Python3: /usr/bin/python3 (found version "3.10.12") found components: Interpreter 
[0.555s] -- Found geometry_msgs: 4.2.4 (/opt/ros/humble/share/geometry_msgs/cmake)
[0.588s] -- Found rosidl_generator_c: 3.1.5 (/opt/ros/humble/share/rosidl_generator_c/cmake)
[0.589s] -- Found rosidl_adapter: 3.1.5 (/opt/ros/humble/share/rosidl_adapter/cmake)
[0.599s] -- Found rosidl_generator_cpp: 3.1.5 (/opt/ros/humble/share/rosidl_generator_cpp/cmake)
[0.604s] -- Using all available rosidl_typesupport_c: rosidl_typesupport_fastrtps_c;rosidl_typesupport_introspection_c
[0.616s] -- Using all available rosidl_typesupport_cpp: rosidl_typesupport_fastrtps_cpp;rosidl_typesupport_introspection_cpp
[0.649s] -- Looking for gz-msgs9 -- found version 9.5.0
[0.654s] -- Searching for dependencies of gz-msgs9
[0.802s] -- Found Protobuf: /usr/lib/x86_64-linux-gnu/libprotobuf.so (found version "3.12.4") 
[0.806s] -- Looking for gz-math7 -- found version 7.5.1
[0.807s] -- Searching for dependencies of gz-math7
[0.810s] -- Looking for gz-utils2 -- found version 2.2.0
[0.810s] -- Searching for dependencies of gz-utils2
[0.818s] -- Checking for module 'tinyxml2'
[0.830s] --   Found tinyxml2, version 9.0.0
[0.865s] -- Looking for gz-transport12 -- found version 12.2.1
[0.866s] -- Searching for dependencies of gz-transport12
[0.895s] -- Config-file not installed for ZeroMQ -- checking for pkg-config
[0.899s] -- Checking for module 'libzmq >= 4'
[0.911s] --   Found libzmq , version 4.3.4
[0.936s] -- Found ZeroMQ: TRUE (Required is at least version "4") 
[0.942s] -- Checking for module 'uuid'
[0.959s] --   Found uuid, version 2.37.2
[1.000s] -- Found UUID: TRUE  
[1.002s] -- Looking for gz-utils2 -- found version 2.2.0
[1.002s] -- Searching for dependencies of gz-utils2
[1.002s] -- Searching for <gz-utils2> component [cli]
[1.003s] -- Looking for gz-utils2-cli -- found version 2.2.0
[1.003s] -- Searching for dependencies of gz-utils2-cli
[1.005s] -- Looking for gz-msgs9 -- found version 9.5.0
[1.005s] -- Found rclcpp: 16.0.10 (/opt/ros/humble/share/rclcpp/cmake)
[1.043s] -- Found rmw_implementation_cmake: 6.1.2 (/opt/ros/humble/share/rmw_implementation_cmake/cmake)
[1.044s] -- Found rmw_fastrtps_cpp: 6.2.7 (/opt/ros/humble/share/rmw_fastrtps_cpp/cmake)
[1.142s] -- Found OpenSSL: /usr/lib/x86_64-linux-gnu/libcrypto.so (found version "3.0.2")  
[1.156s] -- Found FastRTPS: /opt/ros/humble/include  
[1.190s] -- Using RMW implementation 'rmw_fastrtps_cpp' as default
[1.194s] -- Found Threads: TRUE  
[1.223s] -- Found ros_gz_interfaces: 0.244.11 (/opt/ros/humble/share/ros_gz_interfaces/cmake)
[1.239s] -- Found sensor_msgs: 4.2.4 (/opt/ros/humble/share/sensor_msgs/cmake)
[1.252s] -- Found tf2: 0.25.8 (/opt/ros/humble/share/tf2/cmake)
[1.260s] -- Found tf2_msgs: 0.25.8 (/opt/ros/humble/share/tf2_msgs/cmake)
[1.291s] -- Found tf2_ros: 0.25.8 (/opt/ros/humble/share/tf2_ros/cmake)
[1.375s] -- Configuring done
[1.385s] -- Generating done
[1.535s] -- Build files have been written to: /home/newman/vrx_ws/src/mission_windwatch/build/vrx_ros
[1.564s] Invoked command in '/home/newman/vrx_ws/src/mission_windwatch/build/vrx_ros' returned '0': CMAKE_PREFIX_PATH=${CMAKE_PREFIX_PATH}:/opt/ros/humble /usr/bin/cmake /home/newman/vrx_ws/src/mission_windwatch/src/vrx/vrx_ros -DCMAKE_INSTALL_PREFIX=/home/newman/vrx_ws/src/mission_windwatch/install
[1.569s] Invoking command in '/home/newman/vrx_ws/src/mission_windwatch/build/vrx_ros': CMAKE_PREFIX_PATH=${CMAKE_PREFIX_PATH}:/opt/ros/humble /usr/bin/cmake --build /home/newman/vrx_ws/src/mission_windwatch/build/vrx_ros -- -j9 -l9
[1.622s] [ 25%] [32mBuilding CXX object CMakeFiles/pose_tf_broadcaster.dir/src/pose_tf_broadcaster.cc.o[0m
[1.630s] [ 50%] [32mBuilding CXX object CMakeFiles/optical_frame_publisher.dir/src/optical_frame_publisher.cc.o[0m
[10.596s] [ 75%] [32m[1mLinking CXX executable pose_tf_broadcaster[0m
[10.922s] [ 75%] Built target pose_tf_broadcaster
[13.255s] [100%] [32m[1mLinking CXX executable optical_frame_publisher[0m
[13.745s] [100%] Built target optical_frame_publisher
[13.755s] Invoked command in '/home/newman/vrx_ws/src/mission_windwatch/build/vrx_ros' returned '0': CMAKE_PREFIX_PATH=${CMAKE_PREFIX_PATH}:/opt/ros/humble /usr/bin/cmake --build /home/newman/vrx_ws/src/mission_windwatch/build/vrx_ros -- -j9 -l9
[13.776s] Invoking command in '/home/newman/vrx_ws/src/mission_windwatch/build/vrx_ros': CMAKE_PREFIX_PATH=${CMAKE_PREFIX_PATH}:/opt/ros/humble /usr/bin/cmake --install /home/newman/vrx_ws/src/mission_windwatch/build/vrx_ros
[13.780s] -- Install configuration: ""
[13.780s] -- Installing: /home/newman/vrx_ws/src/mission_windwatch/install/lib/vrx_ros/optical_frame_publisher
[13.783s] -- Set runtime path of "/home/newman/vrx_ws/src/mission_windwatch/install/lib/vrx_ros/optical_frame_publisher" to ""
[13.784s] -- Installing: /home/newman/vrx_ws/src/mission_windwatch/install/lib/vrx_ros/pose_tf_broadcaster
[13.786s] -- Set runtime path of "/home/newman/vrx_ws/src/mission_windwatch/install/lib/vrx_ros/pose_tf_broadcaster" to ""
[13.786s] -- Installing: /home/newman/vrx_ws/src/mission_windwatch/install/share/vrx_ros/launch
[13.786s] -- Installing: /home/newman/vrx_ws/src/mission_windwatch/install/share/vrx_ros/launch/monitor_sim.py
[13.786s] -- Installing: /home/newman/vrx_ws/src/mission_windwatch/install/share/ament_index/resource_index/package_run_dependencies/vrx_ros
[13.786s] -- Installing: /home/newman/vrx_ws/src/mission_windwatch/install/share/ament_index/resource_index/parent_prefix_path/vrx_ros
[13.786s] -- Installing: /home/newman/vrx_ws/src/mission_windwatch/install/share/vrx_ros/environment/ament_prefix_path.sh
[13.787s] -- Installing: /home/newman/vrx_ws/src/mission_windwatch/install/share/vrx_ros/environment/ament_prefix_path.dsv
[13.787s] -- Installing: /home/newman/vrx_ws/src/mission_windwatch/install/share/vrx_ros/environment/path.sh
[13.787s] -- Installing: /home/newman/vrx_ws/src/mission_windwatch/install/share/vrx_ros/environment/path.dsv
[13.787s] -- Installing: /home/newman/vrx_ws/src/mission_windwatch/install/share/vrx_ros/local_setup.bash
[13.787s] -- Installing: /home/newman/vrx_ws/src/mission_windwatch/install/share/vrx_ros/local_setup.sh
[13.787s] -- Installing: /home/newman/vrx_ws/src/mission_windwatch/install/share/vrx_ros/local_setup.zsh
[13.787s] -- Installing: /home/newman/vrx_ws/src/mission_windwatch/install/share/vrx_ros/local_setup.dsv
[13.788s] -- Installing: /home/newman/vrx_ws/src/mission_windwatch/install/share/vrx_ros/package.dsv
[13.788s] -- Installing: /home/newman/vrx_ws/src/mission_windwatch/install/share/ament_index/resource_index/packages/vrx_ros
[13.788s] -- Installing: /home/newman/vrx_ws/src/mission_windwatch/install/share/vrx_ros/cmake/vrx_rosConfig.cmake
[13.788s] -- Installing: /home/newman/vrx_ws/src/mission_windwatch/install/share/vrx_ros/cmake/vrx_rosConfig-version.cmake
[13.788s] -- Installing: /home/newman/vrx_ws/src/mission_windwatch/install/share/vrx_ros/package.xml
[13.790s] Invoked command in '/home/newman/vrx_ws/src/mission_windwatch/build/vrx_ros' returned '0': CMAKE_PREFIX_PATH=${CMAKE_PREFIX_PATH}:/opt/ros/humble /usr/bin/cmake --install /home/newman/vrx_ws/src/mission_windwatch/build/vrx_ros
