-- Found ament_cmake: 1.3.10 (/opt/ros/humble/share/ament_cmake/cmake)
-- Found rclcpp: 16.0.10 (/opt/ros/humble/share/rclcpp/cmake)
-- Found rosidl_generator_c: 3.1.5 (/opt/ros/humble/share/rosidl_generator_c/cmake)
-- Found rosidl_adapter: 3.1.5 (/opt/ros/humble/share/rosidl_adapter/cmake)
-- Found rosidl_generator_cpp: 3.1.5 (/opt/ros/humble/share/rosidl_generator_cpp/cmake)
-- Using all available rosidl_typesupport_c: rosidl_typesupport_fastrtps_c;rosidl_typesupport_introspection_c
-- Using all available rosidl_typesupport_cpp: rosidl_typesupport_fastrtps_cpp;rosidl_typesupport_introspection_cpp
-- Found rmw_implementation_cmake: 6.1.2 (/opt/ros/humble/share/rmw_implementation_cmake/cmake)
-- Found rmw_fastrtps_cpp: 6.2.7 (/opt/ros/humble/share/rmw_fastrtps_cpp/cmake)
-- Using RMW implementation 'rmw_fastrtps_cpp' as default
-- Found sensor_msgs: 4.2.4 (/opt/ros/humble/share/sensor_msgs/cmake)
-- Configuring done
-- Generating done
-- Build files have been written to: /home/newman/vrx_ws/src/mission_windwatch/build/navigation
[35m[1mConsolidate compiler generated dependencies of target obstacle_avoidance_node[0m
[35m[1mConsolidate compiler generated dependencies of target navigation_node[0m
[ 25%] [32mBuilding CXX object CMakeFiles/obstacle_avoidance_node.dir/src/obstacle_avoidance_node.cpp.o[0m
[ 50%] [32mBuilding CXX object CMakeFiles/navigation_node.dir/src/navigation_node.cpp.o[0m
[01m[K/home/newman/vrx_ws/src/mission_windwatch/src/navigation/src/obstacle_avoidance_node.cpp:2:10:[m[K [01;31m[Kfatal error: [m[Kobstacle_avoidance_node.hpp: No such file or directory
    2 | #include [01;31m[K"obstacle_avoidance_node.hpp"[m[K
      |          [01;31m[K^~~~~~~~~~~~~~~~~~~~~~~~~~~~~[m[K
compilation terminated.
[01m[K/home/newman/vrx_ws/src/mission_windwatch/src/navigation/src/navigation_node.cpp:2:10:[m[K [01;31m[Kfatal error: [m[Knavigation_node.hpp: No such file or directory
    2 | #include [01;31m[K"navigation_node.hpp"[m[K
      |          [01;31m[K^~~~~~~~~~~~~~~~~~~~~[m[K
compilation terminated.
gmake[2]: *** [CMakeFiles/obstacle_avoidance_node.dir/build.make:76: CMakeFiles/obstacle_avoidance_node.dir/src/obstacle_avoidance_node.cpp.o] Error 1
gmake[1]: *** [CMakeFiles/Makefile2:165: CMakeFiles/obstacle_avoidance_node.dir/all] Error 2
gmake[1]: *** Waiting for unfinished jobs....
gmake[2]: *** [CMakeFiles/navigation_node.dir/build.make:76: CMakeFiles/navigation_node.dir/src/navigation_node.cpp.o] Error 1
gmake[1]: *** [CMakeFiles/Makefile2:139: CMakeFiles/navigation_node.dir/all] Error 2
gmake: *** [Makefile:146: all] Error 2
