[0.044s] Invoking command in '/home/newman/vrx_ws/src/mission_windwatch/build/navigation': CMAKE_PREFIX_PATH=${CMAKE_PREFIX_PATH}:/opt/ros/humble /usr/bin/cmake --build /home/newman/vrx_ws/src/mission_windwatch/build/navigation -- -j9 -l9
[0.067s] -- Found ament_cmake: 1.3.10 (/opt/ros/humble/share/ament_cmake/cmake)
[0.201s] -- Found rclcpp: 16.0.10 (/opt/ros/humble/share/rclcpp/cmake)
[0.233s] -- Found rosidl_generator_c: 3.1.5 (/opt/ros/humble/share/rosidl_generator_c/cmake)
[0.233s] -- Found rosidl_adapter: 3.1.5 (/opt/ros/humble/share/rosidl_adapter/cmake)
[0.237s] -- Found rosidl_generator_cpp: 3.1.5 (/opt/ros/humble/share/rosidl_generator_cpp/cmake)
[0.244s] -- Using all available rosidl_typesupport_c: rosidl_typesupport_fastrtps_c;rosidl_typesupport_introspection_c
[0.260s] -- Using all available rosidl_typesupport_cpp: rosidl_typesupport_fastrtps_cpp;rosidl_typesupport_introspection_cpp
[0.299s] -- Found rmw_implementation_cmake: 6.1.2 (/opt/ros/humble/share/rmw_implementation_cmake/cmake)
[0.300s] -- Found rmw_fastrtps_cpp: 6.2.7 (/opt/ros/humble/share/rmw_fastrtps_cpp/cmake)
[0.396s] -- Using RMW implementation 'rmw_fastrtps_cpp' as default
[0.487s] -- Found sensor_msgs: 4.2.4 (/opt/ros/humble/share/sensor_msgs/cmake)
[0.686s] -- Configuring done
[0.708s] -- Generating done
[0.709s] -- Build files have been written to: /home/newman/vrx_ws/src/mission_windwatch/build/navigation
[0.750s] [35m[1mConsolidate compiler generated dependencies of target obstacle_avoidance_node[0m
[0.762s] [35m[1mConsolidate compiler generated dependencies of target navigation_node[0m
[0.787s] [ 25%] [32mBuilding CXX object CMakeFiles/obstacle_avoidance_node.dir/src/obstacle_avoidance_node.cpp.o[0m
[0.787s] [ 50%] [32mBuilding CXX object CMakeFiles/navigation_node.dir/src/navigation_node.cpp.o[0m
[0.804s] [01m[K/home/newman/vrx_ws/src/mission_windwatch/src/navigation/src/obstacle_avoidance_node.cpp:2:10:[m[K [01;31m[Kfatal error: [m[Kobstacle_avoidance_node.hpp: No such file or directory
[0.804s]     2 | #include [01;31m[K"obstacle_avoidance_node.hpp"[m[K
[0.804s]       |          [01;31m[K^~~~~~~~~~~~~~~~~~~~~~~~~~~~~[m[K
[0.804s] compilation terminated.
[0.804s] [01m[K/home/newman/vrx_ws/src/mission_windwatch/src/navigation/src/navigation_node.cpp:2:10:[m[K [01;31m[Kfatal error: [m[Knavigation_node.hpp: No such file or directory
[0.804s]     2 | #include [01;31m[K"navigation_node.hpp"[m[K
[0.804s]       |          [01;31m[K^~~~~~~~~~~~~~~~~~~~~[m[K
[0.805s] compilation terminated.
[0.805s] gmake[2]: *** [CMakeFiles/obstacle_avoidance_node.dir/build.make:76: CMakeFiles/obstacle_avoidance_node.dir/src/obstacle_avoidance_node.cpp.o] Error 1
[0.805s] gmake[1]: *** [CMakeFiles/Makefile2:165: CMakeFiles/obstacle_avoidance_node.dir/all] Error 2
[0.805s] gmake[1]: *** Waiting for unfinished jobs....
[0.808s] gmake[2]: *** [CMakeFiles/navigation_node.dir/build.make:76: CMakeFiles/navigation_node.dir/src/navigation_node.cpp.o] Error 1
[0.809s] gmake[1]: *** [CMakeFiles/Makefile2:139: CMakeFiles/navigation_node.dir/all] Error 2
[0.817s] gmake: *** [Makefile:146: all] Error 2
[0.829s] Invoked command in '/home/newman/vrx_ws/src/mission_windwatch/build/navigation' returned '2': CMAKE_PREFIX_PATH=${CMAKE_PREFIX_PATH}:/opt/ros/humble /usr/bin/cmake --build /home/newman/vrx_ws/src/mission_windwatch/build/navigation -- -j9 -l9
