[35m[1mConsolidate compiler generated dependencies of target aquabot_node[0m
[100%] Built target aquabot_node
-- Install configuration: ""
-- Installing: /home/newman/vrx_ws/src/mission_windwatch/install/lib/aquabot_example/aquabot_node
-- Set runtime path of "/home/newman/vrx_ws/src/mission_windwatch/install/lib/aquabot_example/aquabot_node" to ""
-- Installing: /home/newman/vrx_ws/src/mission_windwatch/install/share/aquabot_example/launch
-- Installing: /home/newman/vrx_ws/src/mission_windwatch/install/share/aquabot_example/launch/aquabot.launch.py
-- Installing: /home/newman/vrx_ws/src/mission_windwatch/install/share/ament_index/resource_index/package_run_dependencies/aquabot_example
-- Installing: /home/newman/vrx_ws/src/mission_windwatch/install/share/ament_index/resource_index/parent_prefix_path/aquabot_example
-- Installing: /home/newman/vrx_ws/src/mission_windwatch/install/share/aquabot_example/environment/ament_prefix_path.sh
-- Installing: /home/newman/vrx_ws/src/mission_windwatch/install/share/aquabot_example/environment/ament_prefix_path.dsv
-- Installing: /home/newman/vrx_ws/src/mission_windwatch/install/share/aquabot_example/environment/path.sh
-- Installing: /home/newman/vrx_ws/src/mission_windwatch/install/share/aquabot_example/environment/path.dsv
-- Installing: /home/newman/vrx_ws/src/mission_windwatch/install/share/aquabot_example/local_setup.bash
-- Installing: /home/newman/vrx_ws/src/mission_windwatch/install/share/aquabot_example/local_setup.sh
-- Installing: /home/newman/vrx_ws/src/mission_windwatch/install/share/aquabot_example/local_setup.zsh
-- Installing: /home/newman/vrx_ws/src/mission_windwatch/install/share/aquabot_example/local_setup.dsv
-- Installing: /home/newman/vrx_ws/src/mission_windwatch/install/share/aquabot_example/package.dsv
-- Installing: /home/newman/vrx_ws/src/mission_windwatch/install/share/ament_index/resource_index/packages/aquabot_example
-- Installing: /home/newman/vrx_ws/src/mission_windwatch/install/share/aquabot_example/cmake/aquabot_exampleConfig.cmake
-- Installing: /home/newman/vrx_ws/src/mission_windwatch/install/share/aquabot_example/cmake/aquabot_exampleConfig-version.cmake
-- Installing: /home/newman/vrx_ws/src/mission_windwatch/install/share/aquabot_example/package.xml
