[0.018s] Invoking command in '/home/newman/vrx_ws/src/mission_windwatch/build/vrx_ros': /usr/bin/cmake /home/newman/vrx_ws/src/mission_windwatch/src/vrx/vrx_ros -DCMAKE_INSTALL_PREFIX=/home/newman/vrx_ws/src/mission_windwatch/install
[0.046s] -- Configuring incomplete, errors occurred!
[0.046s] See also "/home/newman/vrx_ws/src/mission_windwatch/build/vrx_ros/CMakeFiles/CMakeOutput.log".
[0.046s] [31mCMake Error at CMakeLists.txt:5 (find_package):
[0.046s]   By not providing "Findament_cmake.cmake" in CMAKE_MODULE_PATH this project
[0.046s]   has asked CMake to find a package configuration file provided by
[0.046s]   "ament_cmake", but CMake did not find one.
[0.046s] 
[0.046s]   Could not find a package configuration file provided by "ament_cmake" with
[0.046s]   any of the following names:
[0.046s] 
[0.046s]     ament_cmakeConfig.cmake
[0.046s]     ament_cmake-config.cmake
[0.046s] 
[0.046s]   Add the installation prefix of "ament_cmake" to CMAKE_PREFIX_PATH or set
[0.047s]   "ament_cmake_DIR" to a directory containing one of the above files.  If
[0.047s]   "ament_cmake" provides a separate development package or SDK, be sure it
[0.047s]   has been installed.
[0.047s] 
[0.047s] [0m
[0.065s] Invoked command in '/home/newman/vrx_ws/src/mission_windwatch/build/vrx_ros' returned '1': /usr/bin/cmake /home/newman/vrx_ws/src/mission_windwatch/src/vrx/vrx_ros -DCMAKE_INSTALL_PREFIX=/home/newman/vrx_ws/src/mission_windwatch/install
