[  4%] Built target ScoringPlugin
[  8%] Built target Waves
[  8%] Built target ament_cmake_python_copy_vrx_gz
[ 14%] Built target WayfindingScoringPlugin
[ 20%] Built target AcousticTrackingScoringPlugin
[ 27%] Built target StationkeepingScoringPlugin
[ 31%] Built target AcousticPingerPlugin
[ 35%] Built target LightBuoyPlugin
[ 39%] Built target NavigationScoringPlugin
[ 45%] Built target AcousticPerceptionScoringPlugin
[ 50%] Built target BallShooterPlugin
[ 54%] Built target GymkhanaScoringPlugin
[ 58%] Built target PerceptionScoringPlugin
[ 62%] Built target PlacardPlugin
[ 66%] Built target PublisherPlugin
[ 70%] Built target ScanDockScoringPlugin
[ 75%] Built target SimpleHydrodynamics
[ 79%] Built target Surface
[ 83%] Built target WildlifeScoringPlugin
[ 87%] Built target USVWind
[ 91%] Built target WaveVisual
[100%] Built target PolyhedraBuoyancyDrag
running egg_info
writing vrx_gz.egg-info/PKG-INFO
writing dependency_links to vrx_gz.egg-info/dependency_links.txt
writing top-level names to vrx_gz.egg-info/top_level.txt
reading manifest file 'vrx_gz.egg-info/SOURCES.txt'
writing manifest file 'vrx_gz.egg-info/SOURCES.txt'
[100%] Built target ament_cmake_python_build_vrx_gz_egg
