[0.038s] Invoking command in '/home/newman/vrx_ws/src/mission_windwatch/build/vrx_gz': CMAKE_PREFIX_PATH=${CMAKE_PREFIX_PATH}:/opt/ros/humble /usr/bin/cmake --build /home/newman/vrx_ws/src/mission_windwatch/build/vrx_gz -- -j9 -l9
[0.136s] [  4%] Built target ScoringPlugin
[0.147s] [  8%] Built target Waves
[0.150s] [  8%] Built target ament_cmake_python_copy_vrx_gz
[0.204s] [ 14%] Built target WayfindingScoringPlugin
[0.214s] [ 20%] Built target AcousticTrackingScoringPlugin
[0.214s] [ 27%] Built target StationkeepingScoringPlugin
[0.218s] [ 31%] Built target AcousticPingerPlugin
[0.221s] [ 35%] Built target LightBuoyPlugin
[0.228s] [ 39%] Built target NavigationScoringPlugin
[0.228s] [ 45%] Built target AcousticPerceptionScoringPlugin
[0.240s] [ 50%] Built target BallShooterPlugin
[0.241s] [ 54%] Built target GymkhanaScoringPlugin
[0.249s] [ 58%] Built target PerceptionScoringPlugin
[0.259s] [ 62%] Built target PlacardPlugin
[0.264s] [ 66%] Built target PublisherPlugin
[0.264s] [ 70%] Built target ScanDockScoringPlugin
[0.270s] [ 75%] Built target SimpleHydrodynamics
[0.287s] [ 79%] Built target Surface
[0.288s] [ 83%] Built target WildlifeScoringPlugin
[0.300s] [ 87%] Built target USVWind
[0.300s] [ 91%] Built target WaveVisual
[0.309s] [100%] Built target PolyhedraBuoyancyDrag
[0.628s] running egg_info
[0.632s] writing vrx_gz.egg-info/PKG-INFO
[0.632s] writing dependency_links to vrx_gz.egg-info/dependency_links.txt
[0.632s] writing top-level names to vrx_gz.egg-info/top_level.txt
[0.632s] reading manifest file 'vrx_gz.egg-info/SOURCES.txt'
[0.633s] writing manifest file 'vrx_gz.egg-info/SOURCES.txt'
[0.664s] [100%] Built target ament_cmake_python_build_vrx_gz_egg
