[  0%] Built target ament_cmake_python_copy_package_example
[100%] Built target example_node_cpp
running egg_info
writing package_example.egg-info/PKG-INFO
writing dependency_links to package_example.egg-info/dependency_links.txt
writing top-level names to package_example.egg-info/top_level.txt
reading manifest file 'package_example.egg-info/SOURCES.txt'
writing manifest file 'package_example.egg-info/SOURCES.txt'
[100%] Built target ament_cmake_python_build_package_example_egg
-- Install configuration: ""
-- Up-to-date: /home/newman/vrx_ws/src/mission_windwatch/install/lib/package_example/example_node_cpp
-- Up-to-date: /home/newman/vrx_ws/src/mission_windwatch/install/lib/package_example/example_node.py
-- Up-to-date: /home/newman/vrx_ws/src/mission_windwatch/install/share/package_example/environment/pythonpath.sh
-- Up-to-date: /home/newman/vrx_ws/src/mission_windwatch/install/share/package_example/environment/pythonpath.dsv
-- Up-to-date: /home/newman/vrx_ws/src/mission_windwatch/install/local/lib/python3.10/dist-packages/package_example-0.3.0-py3.10.egg-info
-- Installing: /home/newman/vrx_ws/src/mission_windwatch/install/local/lib/python3.10/dist-packages/package_example-0.3.0-py3.10.egg-info/SOURCES.txt
-- Installing: /home/newman/vrx_ws/src/mission_windwatch/install/local/lib/python3.10/dist-packages/package_example-0.3.0-py3.10.egg-info/dependency_links.txt
-- Installing: /home/newman/vrx_ws/src/mission_windwatch/install/local/lib/python3.10/dist-packages/package_example-0.3.0-py3.10.egg-info/PKG-INFO
-- Installing: /home/newman/vrx_ws/src/mission_windwatch/install/local/lib/python3.10/dist-packages/package_example-0.3.0-py3.10.egg-info/top_level.txt
-- Up-to-date: /home/newman/vrx_ws/src/mission_windwatch/install/local/lib/python3.10/dist-packages/package_example
-- Up-to-date: /home/newman/vrx_ws/src/mission_windwatch/install/local/lib/python3.10/dist-packages/package_example/node.py
-- Up-to-date: /home/newman/vrx_ws/src/mission_windwatch/install/local/lib/python3.10/dist-packages/package_example/__init__.py
Listing '/home/newman/vrx_ws/src/mission_windwatch/install/local/lib/python3.10/dist-packages/package_example'...
-- Up-to-date: /home/newman/vrx_ws/src/mission_windwatch/install/share/ament_index/resource_index/package_run_dependencies/package_example
-- Up-to-date: /home/newman/vrx_ws/src/mission_windwatch/install/share/ament_index/resource_index/parent_prefix_path/package_example
-- Up-to-date: /home/newman/vrx_ws/src/mission_windwatch/install/share/package_example/environment/ament_prefix_path.sh
-- Up-to-date: /home/newman/vrx_ws/src/mission_windwatch/install/share/package_example/environment/ament_prefix_path.dsv
-- Up-to-date: /home/newman/vrx_ws/src/mission_windwatch/install/share/package_example/environment/path.sh
-- Up-to-date: /home/newman/vrx_ws/src/mission_windwatch/install/share/package_example/environment/path.dsv
-- Up-to-date: /home/newman/vrx_ws/src/mission_windwatch/install/share/package_example/local_setup.bash
-- Up-to-date: /home/newman/vrx_ws/src/mission_windwatch/install/share/package_example/local_setup.sh
-- Up-to-date: /home/newman/vrx_ws/src/mission_windwatch/install/share/package_example/local_setup.zsh
-- Up-to-date: /home/newman/vrx_ws/src/mission_windwatch/install/share/package_example/local_setup.dsv
-- Installing: /home/newman/vrx_ws/src/mission_windwatch/install/share/package_example/package.dsv
-- Up-to-date: /home/newman/vrx_ws/src/mission_windwatch/install/share/ament_index/resource_index/packages/package_example
-- Up-to-date: /home/newman/vrx_ws/src/mission_windwatch/install/share/package_example/cmake/package_exampleConfig.cmake
-- Up-to-date: /home/newman/vrx_ws/src/mission_windwatch/install/share/package_example/cmake/package_exampleConfig-version.cmake
-- Up-to-date: /home/newman/vrx_ws/src/mission_windwatch/install/share/package_example/package.xml
