[0.039s] Invoking command in '/home/newman/vrx_ws/src/mission_windwatch/build/package_example': CMAKE_PREFIX_PATH=/opt/ros/humble /usr/bin/cmake --build /home/newman/vrx_ws/src/mission_windwatch/build/package_example -- -j9 -l9
[0.104s] [  0%] Built target ament_cmake_python_copy_package_example
[0.104s] [100%] Built target example_node_cpp
[0.324s] running egg_info
[0.324s] writing package_example.egg-info/PKG-INFO
[0.324s] writing dependency_links to package_example.egg-info/dependency_links.txt
[0.324s] writing top-level names to package_example.egg-info/top_level.txt
[0.324s] reading manifest file 'package_example.egg-info/SOURCES.txt'
[0.325s] writing manifest file 'package_example.egg-info/SOURCES.txt'
[0.376s] [100%] Built target ament_cmake_python_build_package_example_egg
[0.388s] Invoked command in '/home/newman/vrx_ws/src/mission_windwatch/build/package_example' returned '0': CMAKE_PREFIX_PATH=/opt/ros/humble /usr/bin/cmake --build /home/newman/vrx_ws/src/mission_windwatch/build/package_example -- -j9 -l9
[0.472s] Invoking command in '/home/newman/vrx_ws/src/mission_windwatch/build/package_example': CMAKE_PREFIX_PATH=/opt/ros/humble /usr/bin/cmake --install /home/newman/vrx_ws/src/mission_windwatch/build/package_example
[0.473s] -- Install configuration: ""
[0.473s] -- Up-to-date: /home/newman/vrx_ws/src/mission_windwatch/install/lib/package_example/example_node_cpp
[0.475s] -- Up-to-date: /home/newman/vrx_ws/src/mission_windwatch/install/lib/package_example/example_node.py
[0.475s] -- Up-to-date: /home/newman/vrx_ws/src/mission_windwatch/install/share/package_example/environment/pythonpath.sh
[0.475s] -- Up-to-date: /home/newman/vrx_ws/src/mission_windwatch/install/share/package_example/environment/pythonpath.dsv
[0.475s] -- Up-to-date: /home/newman/vrx_ws/src/mission_windwatch/install/local/lib/python3.10/dist-packages/package_example-0.3.0-py3.10.egg-info
[0.475s] -- Installing: /home/newman/vrx_ws/src/mission_windwatch/install/local/lib/python3.10/dist-packages/package_example-0.3.0-py3.10.egg-info/SOURCES.txt
[0.475s] -- Installing: /home/newman/vrx_ws/src/mission_windwatch/install/local/lib/python3.10/dist-packages/package_example-0.3.0-py3.10.egg-info/dependency_links.txt
[0.475s] -- Installing: /home/newman/vrx_ws/src/mission_windwatch/install/local/lib/python3.10/dist-packages/package_example-0.3.0-py3.10.egg-info/PKG-INFO
[0.475s] -- Installing: /home/newman/vrx_ws/src/mission_windwatch/install/local/lib/python3.10/dist-packages/package_example-0.3.0-py3.10.egg-info/top_level.txt
[0.475s] -- Up-to-date: /home/newman/vrx_ws/src/mission_windwatch/install/local/lib/python3.10/dist-packages/package_example
[0.475s] -- Up-to-date: /home/newman/vrx_ws/src/mission_windwatch/install/local/lib/python3.10/dist-packages/package_example/node.py
[0.475s] -- Up-to-date: /home/newman/vrx_ws/src/mission_windwatch/install/local/lib/python3.10/dist-packages/package_example/__init__.py
[0.519s] Listing '/home/newman/vrx_ws/src/mission_windwatch/install/local/lib/python3.10/dist-packages/package_example'...
[0.524s] -- Up-to-date: /home/newman/vrx_ws/src/mission_windwatch/install/share/ament_index/resource_index/package_run_dependencies/package_example
[0.530s] -- Up-to-date: /home/newman/vrx_ws/src/mission_windwatch/install/share/ament_index/resource_index/parent_prefix_path/package_example
[0.530s] -- Up-to-date: /home/newman/vrx_ws/src/mission_windwatch/install/share/package_example/environment/ament_prefix_path.sh
[0.530s] -- Up-to-date: /home/newman/vrx_ws/src/mission_windwatch/install/share/package_example/environment/ament_prefix_path.dsv
[0.530s] -- Up-to-date: /home/newman/vrx_ws/src/mission_windwatch/install/share/package_example/environment/path.sh
[0.530s] -- Up-to-date: /home/newman/vrx_ws/src/mission_windwatch/install/share/package_example/environment/path.dsv
[0.530s] -- Up-to-date: /home/newman/vrx_ws/src/mission_windwatch/install/share/package_example/local_setup.bash
[0.530s] -- Up-to-date: /home/newman/vrx_ws/src/mission_windwatch/install/share/package_example/local_setup.sh
[0.531s] -- Up-to-date: /home/newman/vrx_ws/src/mission_windwatch/install/share/package_example/local_setup.zsh
[0.531s] -- Up-to-date: /home/newman/vrx_ws/src/mission_windwatch/install/share/package_example/local_setup.dsv
[0.531s] -- Installing: /home/newman/vrx_ws/src/mission_windwatch/install/share/package_example/package.dsv
[0.531s] -- Up-to-date: /home/newman/vrx_ws/src/mission_windwatch/install/share/ament_index/resource_index/packages/package_example
[0.531s] -- Up-to-date: /home/newman/vrx_ws/src/mission_windwatch/install/share/package_example/cmake/package_exampleConfig.cmake
[0.531s] -- Up-to-date: /home/newman/vrx_ws/src/mission_windwatch/install/share/package_example/cmake/package_exampleConfig-version.cmake
[0.531s] -- Up-to-date: /home/newman/vrx_ws/src/mission_windwatch/install/share/package_example/package.xml
[0.547s] Invoked command in '/home/newman/vrx_ws/src/mission_windwatch/build/package_example' returned '0': CMAKE_PREFIX_PATH=/opt/ros/humble /usr/bin/cmake --install /home/newman/vrx_ws/src/mission_windwatch/build/package_example
