[0.020s] Invoking command in '/home/newman/vrx_ws/src/mission_windwatch/build/mission_manager': /usr/bin/cmake /home/newman/vrx_ws/src/mission_windwatch/src/mission_manager -DCMAKE_INSTALL_PREFIX=/home/newman/vrx_ws/src/mission_windwatch/install
[0.365s] -- The C compiler identification is GNU 11.4.0
[0.645s] -- The CXX compiler identification is GNU 11.4.0
[0.674s] -- Detecting C compiler ABI info
[0.883s] -- Detecting C compiler ABI info - done
[0.888s] -- Check for working C compiler: /usr/bin/cc - skipped
[3.535s] -- Detecting C compile features
[3.562s] -- Detecting C compile features - done
[3.578s] -- Detecting CXX compiler ABI info
[3.679s] -- Detecting CXX compiler ABI info - done
[3.685s] -- Check for working CXX compiler: /usr/bin/c++ - skipped
[3.685s] -- Detecting CXX compile features
[3.685s] -- Detecting CXX compile features - done
[3.707s] -- Configuring incomplete, errors occurred!
[3.707s] See also "/home/newman/vrx_ws/src/mission_windwatch/build/mission_manager/CMakeFiles/CMakeOutput.log".
[3.709s] [31mCMake Error at CMakeLists.txt:5 (find_package):
[3.709s]   By not providing "Findament_cmake.cmake" in CMAKE_MODULE_PATH this project
[3.709s]   has asked CMake to find a package configuration file provided by
[3.709s]   "ament_cmake", but CMake did not find one.
[3.709s] 
[3.710s]   Could not find a package configuration file provided by "ament_cmake" with
[3.710s]   any of the following names:
[3.710s] 
[3.710s]     ament_cmakeConfig.cmake
[3.710s]     ament_cmake-config.cmake
[3.711s] 
[3.711s]   Add the installation prefix of "ament_cmake" to CMAKE_PREFIX_PATH or set
[3.711s]   "ament_cmake_DIR" to a directory containing one of the above files.  If
[3.711s]   "ament_cmake" provides a separate development package or SDK, be sure it
[3.712s]   has been installed.
[3.712s] 
[3.712s] [0m
[3.731s] Invoked command in '/home/newman/vrx_ws/src/mission_windwatch/build/mission_manager' returned '1': /usr/bin/cmake /home/newman/vrx_ws/src/mission_windwatch/src/mission_manager -DCMAKE_INSTALL_PREFIX=/home/newman/vrx_ws/src/mission_windwatch/install
