[0.027s] Invoking command in '/home/newman/vrx_ws/src/mission_windwatch/build/aquabot_example': CMAKE_PREFIX_PATH=/opt/ros/humble /usr/bin/cmake --build /home/newman/vrx_ws/src/mission_windwatch/build/aquabot_example -- -j9 -l9
[0.090s] [100%] Built target aquabot_node
[0.121s] Invoked command in '/home/newman/vrx_ws/src/mission_windwatch/build/aquabot_example' returned '0': CMAKE_PREFIX_PATH=/opt/ros/humble /usr/bin/cmake --build /home/newman/vrx_ws/src/mission_windwatch/build/aquabot_example -- -j9 -l9
[0.164s] Invoking command in '/home/newman/vrx_ws/src/mission_windwatch/build/aquabot_example': CMAKE_PREFIX_PATH=/opt/ros/humble /usr/bin/cmake --install /home/newman/vrx_ws/src/mission_windwatch/build/aquabot_example
[0.173s] -- Install configuration: ""
[0.173s] -- Up-to-date: /home/newman/vrx_ws/src/mission_windwatch/install/lib/aquabot_example/aquabot_node
[0.173s] -- Up-to-date: /home/newman/vrx_ws/src/mission_windwatch/install/share/aquabot_example/launch
[0.173s] -- Up-to-date: /home/newman/vrx_ws/src/mission_windwatch/install/share/aquabot_example/launch/aquabot.launch.py
[0.173s] -- Up-to-date: /home/newman/vrx_ws/src/mission_windwatch/install/share/ament_index/resource_index/package_run_dependencies/aquabot_example
[0.173s] -- Up-to-date: /home/newman/vrx_ws/src/mission_windwatch/install/share/ament_index/resource_index/parent_prefix_path/aquabot_example
[0.174s] -- Up-to-date: /home/newman/vrx_ws/src/mission_windwatch/install/share/aquabot_example/environment/ament_prefix_path.sh
[0.174s] -- Up-to-date: /home/newman/vrx_ws/src/mission_windwatch/install/share/aquabot_example/environment/ament_prefix_path.dsv
[0.174s] -- Up-to-date: /home/newman/vrx_ws/src/mission_windwatch/install/share/aquabot_example/environment/path.sh
[0.174s] -- Up-to-date: /home/newman/vrx_ws/src/mission_windwatch/install/share/aquabot_example/environment/path.dsv
[0.174s] -- Up-to-date: /home/newman/vrx_ws/src/mission_windwatch/install/share/aquabot_example/local_setup.bash
[0.174s] -- Up-to-date: /home/newman/vrx_ws/src/mission_windwatch/install/share/aquabot_example/local_setup.sh
[0.174s] -- Up-to-date: /home/newman/vrx_ws/src/mission_windwatch/install/share/aquabot_example/local_setup.zsh
[0.174s] -- Up-to-date: /home/newman/vrx_ws/src/mission_windwatch/install/share/aquabot_example/local_setup.dsv
[0.174s] -- Installing: /home/newman/vrx_ws/src/mission_windwatch/install/share/aquabot_example/package.dsv
[0.174s] -- Up-to-date: /home/newman/vrx_ws/src/mission_windwatch/install/share/ament_index/resource_index/packages/aquabot_example
[0.175s] -- Up-to-date: /home/newman/vrx_ws/src/mission_windwatch/install/share/aquabot_example/cmake/aquabot_exampleConfig.cmake
[0.175s] -- Up-to-date: /home/newman/vrx_ws/src/mission_windwatch/install/share/aquabot_example/cmake/aquabot_exampleConfig-version.cmake
[0.175s] -- Up-to-date: /home/newman/vrx_ws/src/mission_windwatch/install/share/aquabot_example/package.xml
[0.201s] Invoked command in '/home/newman/vrx_ws/src/mission_windwatch/build/aquabot_example' returned '0': CMAKE_PREFIX_PATH=/opt/ros/humble /usr/bin/cmake --install /home/newman/vrx_ws/src/mission_windwatch/build/aquabot_example
