[0.017s] Invoking command in '/home/newman/vrx_ws/src/mission_windwatch/build/mission_manager': /usr/bin/cmake /home/newman/vrx_ws/src/mission_windwatch/src/mission_manager -DCMAKE_INSTALL_PREFIX=/home/newman/vrx_ws/src/mission_windwatch/install
[0.044s] -- Configuring incomplete, errors occurred!
[0.044s] See also "/home/newman/vrx_ws/src/mission_windwatch/build/mission_manager/CMakeFiles/CMakeOutput.log".
[0.044s] [31mCMake Error at CMakeLists.txt:5 (find_package):
[0.044s]   By not providing "Findament_cmake.cmake" in CMAKE_MODULE_PATH this project
[0.044s]   has asked CMake to find a package configuration file provided by
[0.046s]   "ament_cmake", but CMake did not find one.
[0.046s] 
[0.046s]   Could not find a package configuration file provided by "ament_cmake" with
[0.047s]   any of the following names:
[0.047s] 
[0.047s]     ament_cmakeConfig.cmake
[0.047s]     ament_cmake-config.cmake
[0.047s] 
[0.047s]   Add the installation prefix of "ament_cmake" to CMAKE_PREFIX_PATH or set
[0.047s]   "ament_cmake_DIR" to a directory containing one of the above files.  If
[0.047s]   "ament_cmake" provides a separate development package or SDK, be sure it
[0.047s]   has been installed.
[0.048s] 
[0.048s] [0m
[0.062s] Invoked command in '/home/newman/vrx_ws/src/mission_windwatch/build/mission_manager' returned '1': /usr/bin/cmake /home/newman/vrx_ws/src/mission_windwatch/src/mission_manager -DCMAKE_INSTALL_PREFIX=/home/newman/vrx_ws/src/mission_windwatch/install
