[0.045s] Invoking command in '/home/newman/vrx_ws/src/mission_windwatch/build/sensors': CMAKE_PREFIX_PATH=/opt/ros/humble /usr/bin/cmake --build /home/newman/vrx_ws/src/mission_windwatch/build/sensors -- -j9 -l9
[0.097s] [ 33%] Built target camera_processing_node
[0.101s] [ 66%] Built target sensor_fusion_node
[0.108s] [100%] Built target tgt_pos_update_node
[0.124s] Invoked command in '/home/newman/vrx_ws/src/mission_windwatch/build/sensors' returned '0': CMAKE_PREFIX_PATH=/opt/ros/humble /usr/bin/cmake --build /home/newman/vrx_ws/src/mission_windwatch/build/sensors -- -j9 -l9
[0.231s] Invoking command in '/home/newman/vrx_ws/src/mission_windwatch/build/sensors': CMAKE_PREFIX_PATH=/opt/ros/humble /usr/bin/cmake --install /home/newman/vrx_ws/src/mission_windwatch/build/sensors
[0.235s] -- Install configuration: ""
[0.235s] -- Up-to-date: /home/newman/vrx_ws/src/mission_windwatch/install/lib/sensors/sensor_fusion_node
[0.235s] -- Up-to-date: /home/newman/vrx_ws/src/mission_windwatch/install/lib/sensors/camera_processing_node
[0.235s] -- Up-to-date: /home/newman/vrx_ws/src/mission_windwatch/install/lib/sensors/tgt_pos_update_node
[0.235s] -- Up-to-date: /home/newman/vrx_ws/src/mission_windwatch/install/share/sensors/launch
[0.235s] -- Up-to-date: /home/newman/vrx_ws/src/mission_windwatch/install/share/sensors/launch/sensors_launch.py
[0.236s] -- Up-to-date: /home/newman/vrx_ws/src/mission_windwatch/install/share/sensors/config
[0.236s] -- Up-to-date: /home/newman/vrx_ws/src/mission_windwatch/install/share/ament_index/resource_index/package_run_dependencies/sensors
[0.236s] -- Up-to-date: /home/newman/vrx_ws/src/mission_windwatch/install/share/ament_index/resource_index/parent_prefix_path/sensors
[0.236s] -- Up-to-date: /home/newman/vrx_ws/src/mission_windwatch/install/share/sensors/environment/ament_prefix_path.sh
[0.236s] -- Up-to-date: /home/newman/vrx_ws/src/mission_windwatch/install/share/sensors/environment/ament_prefix_path.dsv
[0.236s] -- Up-to-date: /home/newman/vrx_ws/src/mission_windwatch/install/share/sensors/environment/path.sh
[0.236s] -- Up-to-date: /home/newman/vrx_ws/src/mission_windwatch/install/share/sensors/environment/path.dsv
[0.236s] -- Up-to-date: /home/newman/vrx_ws/src/mission_windwatch/install/share/sensors/local_setup.bash
[0.236s] -- Up-to-date: /home/newman/vrx_ws/src/mission_windwatch/install/share/sensors/local_setup.sh
[0.236s] -- Up-to-date: /home/newman/vrx_ws/src/mission_windwatch/install/share/sensors/local_setup.zsh
[0.237s] -- Up-to-date: /home/newman/vrx_ws/src/mission_windwatch/install/share/sensors/local_setup.dsv
[0.237s] -- Installing: /home/newman/vrx_ws/src/mission_windwatch/install/share/sensors/package.dsv
[0.237s] -- Up-to-date: /home/newman/vrx_ws/src/mission_windwatch/install/share/ament_index/resource_index/packages/sensors
[0.237s] -- Up-to-date: /home/newman/vrx_ws/src/mission_windwatch/install/share/sensors/cmake/sensorsConfig.cmake
[0.237s] -- Up-to-date: /home/newman/vrx_ws/src/mission_windwatch/install/share/sensors/cmake/sensorsConfig-version.cmake
[0.237s] -- Up-to-date: /home/newman/vrx_ws/src/mission_windwatch/install/share/sensors/package.xml
[0.270s] Invoked command in '/home/newman/vrx_ws/src/mission_windwatch/build/sensors' returned '0': CMAKE_PREFIX_PATH=/opt/ros/humble /usr/bin/cmake --install /home/newman/vrx_ws/src/mission_windwatch/build/sensors
