-- The C compiler identification is GNU 11.4.0
-- The CXX compiler identification is GNU 11.4.0
-- Detecting C compiler ABI info
-- Detecting C compiler ABI info - done
-- Check for working C compiler: /usr/bin/cc - skipped
-- Detecting C compile features
-- Detecting C compile features - done
-- Detecting CXX compiler ABI info
-- Detecting CXX compiler ABI info - done
-- Check for working CXX compiler: /usr/bin/c++ - skipped
-- Detecting CXX compile features
-- Detecting CXX compile features - done
-- Found ament_cmake: 1.3.10 (/opt/ros/humble/share/ament_cmake/cmake)
-- Found Python3: /usr/bin/python3 (found version "3.10.12") found components: Interpreter 
-- Looking for gz-sim7 -- found version 7.9.0
-- Searching for dependencies of gz-sim7
-- Looking for sdformat13 -- found version 13.8.0
-- Searching for dependencies of sdformat13
-- Checking for module 'tinyxml2'
--   Found tinyxml2, version 9.0.0
-- Looking for gz-math7 -- found version 7.5.1
-- Searching for dependencies of gz-math7
-- Looking for gz-utils2 -- found version 2.2.0
-- Searching for dependencies of gz-utils2
-- Looking for gz-utils2 -- found version 2.2.0
-- Searching for dependencies of gz-utils2
-- Searching for <gz-utils2> component [cli]
-- Looking for gz-utils2-cli -- found version 2.2.0
-- Searching for dependencies of gz-utils2-cli
-- Looking for gz-plugin2 -- found version 2.0.3
-- Searching for dependencies of gz-plugin2
-- Looking for gz-utils2 -- found version 2.2.0
-- Searching for <gz-plugin2> component [loader]
-- Looking for gz-plugin2-loader -- found version 2.0.3
-- Searching for dependencies of gz-plugin2-loader
-- Searching for <gz-plugin2> component [register]
-- Looking for gz-plugin2-register -- found version 2.0.3
-- Searching for dependencies of gz-plugin2-register
-- Looking for gz-transport12 -- found version 12.2.1
-- Searching for dependencies of gz-transport12
-- Found Protobuf: /usr/lib/x86_64-linux-gnu/libprotobuf.so (found version "3.12.4") 
-- Config-file not installed for ZeroMQ -- checking for pkg-config
-- Checking for module 'libzmq >= 4'
--   Found libzmq , version 4.3.4
-- Found ZeroMQ: TRUE (Required is at least version "4") 
-- Checking for module 'uuid'
--   Found uuid, version 2.37.2
-- Found UUID: TRUE  
-- Looking for gz-utils2 -- found version 2.2.0
-- Looking for gz-msgs9 -- found version 9.5.0
-- Searching for dependencies of gz-msgs9
-- Looking for gz-math7 -- found version 7.5.1
-- Searching for <gz-transport12> component [log]
-- Looking for gz-transport12-log -- found version 12.2.1
-- Searching for dependencies of gz-transport12-log
-- Searching for <gz-transport12> component [parameters]
-- Looking for gz-transport12-parameters -- found version 12.2.1
-- Searching for dependencies of gz-transport12-parameters
-- Looking for gz-msgs9 -- found version 9.5.0
-- Looking for gz-common5 -- found version 5.6.0
-- Searching for dependencies of gz-common5
-- Looking for gz-utils2 -- found version 2.2.0
-- Looking for dlfcn.h - found
-- Looking for libdl - found
-- Found DL: TRUE  
-- Searching for <gz-common5> component [profiler]
-- Looking for gz-common5-profiler -- found version 5.6.0
-- Searching for dependencies of gz-common5-profiler
-- Searching for <gz-common5> component [events]
-- Looking for gz-common5-events -- found version 5.6.0
-- Searching for dependencies of gz-common5-events
-- Looking for gz-math7 -- found version 7.5.1
-- Searching for <gz-common5> component [av]
-- Looking for gz-common5-av -- found version 5.6.0
-- Searching for dependencies of gz-common5-av
-- Checking for module 'libswscale'
--   Found libswscale, version 5.9.100
-- Found SWSCALE: TRUE  
-- Checking for module 'libavdevice >= 56.4.100'
--   Found libavdevice , version 58.13.100
-- Found AVDEVICE: TRUE (Required is at least version "56.4.100") 
-- Checking for module 'libavformat'
--   Found libavformat, version 58.76.100
-- Found AVFORMAT: TRUE  
-- Checking for module 'libavcodec'
--   Found libavcodec, version 58.134.100
-- Found AVCODEC: TRUE  
-- Checking for module 'libavutil'
--   Found libavutil, version 56.70.100
-- Found AVUTIL: TRUE  
-- Searching for <gz-common5> component [io]
-- Looking for gz-common5-io -- found version 5.6.0
-- Searching for dependencies of gz-common5-io
-- Looking for gz-fuel_tools8 -- found version 8.1.0
-- Searching for dependencies of gz-fuel_tools8
-- Found CURL: /usr/lib/x86_64-linux-gnu/libcurl.so (found version "7.81.0")  
-- Checking for module 'jsoncpp'
--   Found jsoncpp, version 1.9.5
-- Found JSONCPP: TRUE  
-- Checking for module 'libzip'
--   Found libzip, version 1.7.3
-- Found ZIP: TRUE  
-- Looking for gz-utils2 -- found version 2.2.0
-- Looking for gz-common5 -- found version 5.6.0
-- Searching for dependencies of gz-common5
-- Looking for gz-utils2 -- found version 2.2.0
-- Looking for dlfcn.h - found
-- Looking for libdl - found
-- Searching for <gz-common5> component [testing]
-- Looking for gz-common5-testing -- found version 5.6.0
-- Searching for dependencies of gz-common5-testing
-- Looking for gz-math7 -- found version 7.5.1
-- Looking for gz-msgs9 -- found version 9.5.0
-- Looking for gz-gui7 -- found version 7.2.2
-- Searching for dependencies of gz-gui7
-- Looking for gz-utils2 -- found version 2.2.0
-- Looking for gz-math7 -- found version 7.5.1
-- Looking for gz-common5 -- found version 5.6.0
-- Looking for gz-plugin2 -- found version 2.0.3
-- Looking for gz-transport12 -- found version 12.2.1
-- Looking for gz-rendering7 -- found version 7.4.2
-- Searching for dependencies of gz-rendering7
-- Looking for gz-math7 -- found version 7.5.1
-- Searching for dependencies of gz-math7
-- Looking for gz-utils2 -- found version 2.2.0
-- Searching for <gz-math7> component [eigen3]
-- Looking for gz-math7-eigen3 -- found version 7.5.1
-- Searching for dependencies of gz-math7-eigen3
-- Looking for gz-common5 -- found version 5.6.0
-- Searching for dependencies of gz-common5
-- Looking for gz-utils2 -- found version 2.2.0
-- Looking for dlfcn.h - found
-- Looking for libdl - found
-- Searching for <gz-common5> component [graphics]
-- Looking for gz-common5-graphics -- found version 5.6.0
-- Searching for dependencies of gz-common5-graphics
-- Looking for gz-math7 -- found version 7.5.1
-- Found GzAssimp: TRUE (found version "5.2.0") 
-- Searching for <gz-common5> component [events]
-- Searching for <gz-common5> component [geospatial]
-- Looking for gz-common5-geospatial -- found version 5.6.0
-- Searching for dependencies of gz-common5-geospatial
-- Looking for gz-math7 -- found version 7.5.1
-- Looking for gz-common5 -- found version 5.6.0
-- Looking for gz-plugin2 -- found version 2.0.3
-- Searching for dependencies of gz-plugin2
-- Looking for gz-utils2 -- found version 2.2.0
-- Searching for <gz-plugin2> component [all]
-- Looking for all libraries of gz-plugin2 -- found version 2.0.3
-- Looking for gz-plugin2 -- found version 2.0.3
-- Looking for gz-utils2 -- found version 2.2.0
-- Found OpenGL: /usr/lib/x86_64-linux-gnu/libOpenGL.so  found components: OpenGL 
-- Looking for gz-msgs9 -- found version 9.5.0
-- Looking for gz-physics6 -- found version 6.6.0
-- Searching for dependencies of gz-physics6
-- Looking for gz-common5 -- found version 5.6.0
-- Looking for gz-math7 -- found version 7.5.1
-- Looking for gz-plugin2 -- found version 2.0.3
-- Looking for gz-utils2 -- found version 2.2.0
-- Searching for <gz-physics6> component [heightmap]
-- Looking for gz-physics6-heightmap -- found version 6.6.0
-- Searching for dependencies of gz-physics6-heightmap
-- Looking for gz-common5 -- found version 5.6.0
-- Searching for <gz-physics6> component [mesh]
-- Looking for gz-physics6-mesh -- found version 6.6.0
-- Searching for dependencies of gz-physics6-mesh
-- Looking for gz-common5 -- found version 5.6.0
-- Searching for <gz-physics6> component [sdf]
-- Looking for gz-physics6-sdf -- found version 6.6.0
-- Searching for dependencies of gz-physics6-sdf
-- Looking for sdformat13 -- found version 13.8.0
-- Looking for gz-sensors7 -- found version 7.3.0
-- Searching for dependencies of gz-sensors7
-- Looking for gz-math7 -- found version 7.5.1
-- Looking for gz-common5 -- found version 5.6.0
-- Looking for gz-transport12 -- found version 12.2.1
-- Looking for gz-rendering7 -- found version 7.4.2
-- Looking for gz-msgs9 -- found version 9.5.0
-- Looking for sdformat13 -- found version 13.8.0
-- Searching for <gz-sensors7> component [air_pressure]
-- Looking for gz-sensors7-air_pressure -- found version 7.3.0
-- Searching for dependencies of gz-sensors7-air_pressure
-- Searching for <gz-sensors7> component [air_speed]
-- Looking for gz-sensors7-air_speed -- found version 7.3.0
-- Searching for dependencies of gz-sensors7-air_speed
-- Searching for <gz-sensors7> component [altimeter]
-- Looking for gz-sensors7-altimeter -- found version 7.3.0
-- Searching for dependencies of gz-sensors7-altimeter
-- Searching for <gz-sensors7> component [imu]
-- Looking for gz-sensors7-imu -- found version 7.3.0
-- Searching for dependencies of gz-sensors7-imu
-- Searching for <gz-sensors7> component [force_torque]
-- Looking for gz-sensors7-force_torque -- found version 7.3.0
-- Searching for dependencies of gz-sensors7-force_torque
-- Searching for <gz-sensors7> component [logical_camera]
-- Looking for gz-sensors7-logical_camera -- found version 7.3.0
-- Searching for dependencies of gz-sensors7-logical_camera
-- Searching for <gz-sensors7> component [magnetometer]
-- Looking for gz-sensors7-magnetometer -- found version 7.3.0
-- Searching for dependencies of gz-sensors7-magnetometer
-- Searching for <gz-sensors7> component [navsat]
-- Looking for gz-sensors7-navsat -- found version 7.3.0
-- Searching for dependencies of gz-sensors7-navsat
-- Searching for <gz-sensors7> component [rendering]
-- Looking for gz-sensors7-rendering -- found version 7.3.0
-- Searching for dependencies of gz-sensors7-rendering
-- Searching for <gz-sensors7> component [lidar]
-- Looking for gz-sensors7-lidar -- found version 7.3.0
-- Searching for dependencies of gz-sensors7-lidar
-- Looking for gz-sensors7 -- found version 7.3.0
-- Searching for <gz-sensors7> component [gpu_lidar]
-- Looking for gz-sensors7-gpu_lidar -- found version 7.3.0
-- Searching for dependencies of gz-sensors7-gpu_lidar
-- Looking for gz-sensors7 -- found version 7.3.0
-- Searching for <gz-sensors7> component [camera]
-- Looking for gz-sensors7-camera -- found version 7.3.0
-- Searching for dependencies of gz-sensors7-camera
-- Looking for gz-sensors7 -- found version 7.3.0
-- Searching for <gz-sensors7> component [boundingbox_camera]
-- Looking for gz-sensors7-boundingbox_camera -- found version 7.3.0
-- Searching for dependencies of gz-sensors7-boundingbox_camera
-- Searching for <gz-sensors7> component [segmentation_camera]
-- Looking for gz-sensors7-segmentation_camera -- found version 7.3.0
-- Searching for dependencies of gz-sensors7-segmentation_camera
-- Searching for <gz-sensors7> component [depth_camera]
-- Looking for gz-sensors7-depth_camera -- found version 7.3.0
-- Searching for dependencies of gz-sensors7-depth_camera
-- Looking for gz-sensors7 -- found version 7.3.0
-- Searching for <gz-sensors7> component [rgbd_camera]
-- Looking for gz-sensors7-rgbd_camera -- found version 7.3.0
-- Searching for dependencies of gz-sensors7-rgbd_camera
-- Looking for gz-sensors7 -- found version 7.3.0
-- Searching for <gz-sensors7> component [thermal_camera]
-- Looking for gz-sensors7-thermal_camera -- found version 7.3.0
-- Searching for dependencies of gz-sensors7-thermal_camera
-- Looking for gz-sensors7 -- found version 7.3.0
-- Searching for <gz-sensors7> component [wide_angle_camera]
-- Looking for gz-sensors7-wide_angle_camera -- found version 7.3.0
-- Searching for dependencies of gz-sensors7-wide_angle_camera
-- Looking for gz-rendering7 -- found version 7.4.2
-- Looking for gz-math7 -- found version 7.5.1
-- Looking for gz-utils2 -- found version 2.2.0
-- Looking for gz-common5 -- found version 5.6.0
-- Looking for gz-fuel_tools8 -- found version 8.1.0
-- Looking for gz-math7 -- found version 7.5.1
-- Looking for gz-msgs9 -- found version 9.5.0
-- Looking for gz-transport12 -- found version 12.2.1
-- Looking for gz-plugin2 -- found version 2.0.3
-- Looking for gz-rendering7 -- found version 7.4.2
-- Looking for gz-sensors7 -- found version 7.3.0
-- Looking for gz-utils2 -- found version 2.2.0
-- Looking for sdformat13 -- found version 13.8.0
-- Found std_msgs: 4.2.4 (/opt/ros/humble/share/std_msgs/cmake)
-- Found rosidl_generator_c: 3.1.5 (/opt/ros/humble/share/rosidl_generator_c/cmake)
-- Found rosidl_adapter: 3.1.5 (/opt/ros/humble/share/rosidl_adapter/cmake)
-- Found rosidl_generator_cpp: 3.1.5 (/opt/ros/humble/share/rosidl_generator_cpp/cmake)
-- Using all available rosidl_typesupport_c: rosidl_typesupport_fastrtps_c;rosidl_typesupport_introspection_c
-- Using all available rosidl_typesupport_cpp: rosidl_typesupport_fastrtps_cpp;rosidl_typesupport_introspection_cpp
-- Found vrx_gz: 0.0.0 (/home/newman/vrx_ws/src/mission_windwatch/install/share/vrx_gz/cmake)
-- Configuring done
-- Generating done
-- Build files have been written to: /home/newman/vrx_ws/src/mission_windwatch/build/aquabot_gz
[ 16%] [32mBuilding CXX object CMakeFiles/WindturbinesInspectionScoringPlugin.dir/src/WindturbinesInspectionScoringPlugin.cc.o[0m
[ 33%] [32mBuilding CXX object CMakeFiles/WindturbinesInspectionScoringPlugin.dir/home/newman/vrx_ws/src/mission_windwatch/src/vrx/vrx_gz/src/WaypointMarkers.cc.o[0m
[ 50%] [32mBuilding CXX object CMakeFiles/PatrolAndFollowScoringPlugin.dir/src/PatrolAndFollowScoringPlugin.cc.o[0m
[ 66%] [32mBuilding CXX object CMakeFiles/PatrolAndFollowScoringPlugin.dir/home/newman/vrx_ws/src/mission_windwatch/src/vrx/vrx_gz/src/WaypointMarkers.cc.o[0m
[ 66%] Built target ament_cmake_python_copy_aquabot_gz
running egg_info
creating aquabot_gz.egg-info
writing aquabot_gz.egg-info/PKG-INFO
writing dependency_links to aquabot_gz.egg-info/dependency_links.txt
writing top-level names to aquabot_gz.egg-info/top_level.txt
writing manifest file 'aquabot_gz.egg-info/SOURCES.txt'
reading manifest file 'aquabot_gz.egg-info/SOURCES.txt'
writing manifest file 'aquabot_gz.egg-info/SOURCES.txt'
[ 66%] Built target ament_cmake_python_build_aquabot_gz_egg
[ 83%] [32m[1mLinking CXX shared library libPatrolAndFollowScoringPlugin.so[0m
[ 83%] Built target PatrolAndFollowScoringPlugin
[100%] [32m[1mLinking CXX shared library libWindturbinesInspectionScoringPlugin.so[0m
[100%] Built target WindturbinesInspectionScoringPlugin
-- Install configuration: ""
-- Installing: /home/newman/vrx_ws/src/mission_windwatch/install/share/aquabot_gz/environment/resource_paths.dsv
-- Installing: /home/newman/vrx_ws/src/mission_windwatch/install/share/aquabot_gz/environment/resource_paths.sh
-- Installing: /home/newman/vrx_ws/src/mission_windwatch/install/lib/libPatrolAndFollowScoringPlugin.so
-- Set runtime path of "/home/newman/vrx_ws/src/mission_windwatch/install/lib/libPatrolAndFollowScoringPlugin.so" to ""
-- Installing: /home/newman/vrx_ws/src/mission_windwatch/install/lib/libWindturbinesInspectionScoringPlugin.so
-- Set runtime path of "/home/newman/vrx_ws/src/mission_windwatch/install/lib/libWindturbinesInspectionScoringPlugin.so" to ""
-- Installing: /home/newman/vrx_ws/src/mission_windwatch/install/share/aquabot_gz/environment/pythonpath.sh
-- Installing: /home/newman/vrx_ws/src/mission_windwatch/install/share/aquabot_gz/environment/pythonpath.dsv
-- Installing: /home/newman/vrx_ws/src/mission_windwatch/install/local/lib/python3.10/dist-packages/aquabot_gz-0.6.0-py3.10.egg-info
-- Installing: /home/newman/vrx_ws/src/mission_windwatch/install/local/lib/python3.10/dist-packages/aquabot_gz-0.6.0-py3.10.egg-info/SOURCES.txt
-- Installing: /home/newman/vrx_ws/src/mission_windwatch/install/local/lib/python3.10/dist-packages/aquabot_gz-0.6.0-py3.10.egg-info/dependency_links.txt
-- Installing: /home/newman/vrx_ws/src/mission_windwatch/install/local/lib/python3.10/dist-packages/aquabot_gz-0.6.0-py3.10.egg-info/PKG-INFO
-- Installing: /home/newman/vrx_ws/src/mission_windwatch/install/local/lib/python3.10/dist-packages/aquabot_gz-0.6.0-py3.10.egg-info/top_level.txt
-- Installing: /home/newman/vrx_ws/src/mission_windwatch/install/local/lib/python3.10/dist-packages/aquabot_gz
-- Installing: /home/newman/vrx_ws/src/mission_windwatch/install/local/lib/python3.10/dist-packages/aquabot_gz/bridges.py
-- Installing: /home/newman/vrx_ws/src/mission_windwatch/install/local/lib/python3.10/dist-packages/aquabot_gz/launch.py
-- Installing: /home/newman/vrx_ws/src/mission_windwatch/install/local/lib/python3.10/dist-packages/aquabot_gz/__init__.py
Listing '/home/newman/vrx_ws/src/mission_windwatch/install/local/lib/python3.10/dist-packages/aquabot_gz'...
Compiling '/home/newman/vrx_ws/src/mission_windwatch/install/local/lib/python3.10/dist-packages/aquabot_gz/__init__.py'...
Compiling '/home/newman/vrx_ws/src/mission_windwatch/install/local/lib/python3.10/dist-packages/aquabot_gz/bridges.py'...
Compiling '/home/newman/vrx_ws/src/mission_windwatch/install/local/lib/python3.10/dist-packages/aquabot_gz/launch.py'...
-- Installing: /home/newman/vrx_ws/src/mission_windwatch/install/share/aquabot_gz/launch
-- Installing: /home/newman/vrx_ws/src/mission_windwatch/install/share/aquabot_gz/launch/competition.launch.py
-- Installing: /home/newman/vrx_ws/src/mission_windwatch/install/share/aquabot_gz/launch/rviz.launch.py
-- Installing: /home/newman/vrx_ws/src/mission_windwatch/install/share/aquabot_gz/models
-- Installing: /home/newman/vrx_ws/src/mission_windwatch/install/share/aquabot_gz/models/aquabot_tree
-- Installing: /home/newman/vrx_ws/src/mission_windwatch/install/share/aquabot_gz/models/aquabot_tree/model.config
-- Installing: /home/newman/vrx_ws/src/mission_windwatch/install/share/aquabot_gz/models/aquabot_tree/model.sdf
-- Installing: /home/newman/vrx_ws/src/mission_windwatch/install/share/aquabot_gz/models/aquabot_tree/mesh
-- Installing: /home/newman/vrx_ws/src/mission_windwatch/install/share/aquabot_gz/models/aquabot_tree/mesh/tree.dae
-- Installing: /home/newman/vrx_ws/src/mission_windwatch/install/share/aquabot_gz/models/aquabot_greenboat
-- Installing: /home/newman/vrx_ws/src/mission_windwatch/install/share/aquabot_gz/models/aquabot_greenboat/model.config
-- Installing: /home/newman/vrx_ws/src/mission_windwatch/install/share/aquabot_gz/models/aquabot_greenboat/model.sdf
-- Installing: /home/newman/vrx_ws/src/mission_windwatch/install/share/aquabot_gz/models/aquabot_greenboat/mesh
-- Installing: /home/newman/vrx_ws/src/mission_windwatch/install/share/aquabot_gz/models/aquabot_greenboat/mesh/greenboat.dae
-- Installing: /home/newman/vrx_ws/src/mission_windwatch/install/share/aquabot_gz/models/aquabot_sapling
-- Installing: /home/newman/vrx_ws/src/mission_windwatch/install/share/aquabot_gz/models/aquabot_sapling/model.config
-- Installing: /home/newman/vrx_ws/src/mission_windwatch/install/share/aquabot_gz/models/aquabot_sapling/model.sdf
-- Installing: /home/newman/vrx_ws/src/mission_windwatch/install/share/aquabot_gz/models/aquabot_sapling/mesh
-- Installing: /home/newman/vrx_ws/src/mission_windwatch/install/share/aquabot_gz/models/aquabot_sapling/mesh/sapling.dae
-- Installing: /home/newman/vrx_ws/src/mission_windwatch/install/share/aquabot_gz/models/aquabot_marker_9_KO
-- Installing: /home/newman/vrx_ws/src/mission_windwatch/install/share/aquabot_gz/models/aquabot_marker_9_KO/materials
-- Installing: /home/newman/vrx_ws/src/mission_windwatch/install/share/aquabot_gz/models/aquabot_marker_9_KO/materials/textures
-- Installing: /home/newman/vrx_ws/src/mission_windwatch/install/share/aquabot_gz/models/aquabot_marker_9_KO/materials/textures/Marker0.png
-- Installing: /home/newman/vrx_ws/src/mission_windwatch/install/share/aquabot_gz/models/aquabot_marker_9_KO/materials/textures/aquabot_marker_9_KO.png
-- Installing: /home/newman/vrx_ws/src/mission_windwatch/install/share/aquabot_gz/models/aquabot_marker_9_KO/model.config
-- Installing: /home/newman/vrx_ws/src/mission_windwatch/install/share/aquabot_gz/models/aquabot_marker_9_KO/meshes
-- Installing: /home/newman/vrx_ws/src/mission_windwatch/install/share/aquabot_gz/models/aquabot_marker_9_KO/meshes/Marker0.dae
-- Installing: /home/newman/vrx_ws/src/mission_windwatch/install/share/aquabot_gz/models/aquabot_marker_9_KO/model.sdf
-- Installing: /home/newman/vrx_ws/src/mission_windwatch/install/share/aquabot_gz/models/aquabot_lighthouse_island
-- Installing: /home/newman/vrx_ws/src/mission_windwatch/install/share/aquabot_gz/models/aquabot_lighthouse_island/model.config
-- Installing: /home/newman/vrx_ws/src/mission_windwatch/install/share/aquabot_gz/models/aquabot_lighthouse_island/model.sdf
-- Installing: /home/newman/vrx_ws/src/mission_windwatch/install/share/aquabot_gz/models/aquabot_marker_0_OK
-- Installing: /home/newman/vrx_ws/src/mission_windwatch/install/share/aquabot_gz/models/aquabot_marker_0_OK/materials
-- Installing: /home/newman/vrx_ws/src/mission_windwatch/install/share/aquabot_gz/models/aquabot_marker_0_OK/materials/textures
-- Installing: /home/newman/vrx_ws/src/mission_windwatch/install/share/aquabot_gz/models/aquabot_marker_0_OK/materials/textures/Marker0.png
-- Installing: /home/newman/vrx_ws/src/mission_windwatch/install/share/aquabot_gz/models/aquabot_marker_0_OK/materials/textures/aquabot_marker_0_OK.png
-- Installing: /home/newman/vrx_ws/src/mission_windwatch/install/share/aquabot_gz/models/aquabot_marker_0_OK/model.config
-- Installing: /home/newman/vrx_ws/src/mission_windwatch/install/share/aquabot_gz/models/aquabot_marker_0_OK/meshes
-- Installing: /home/newman/vrx_ws/src/mission_windwatch/install/share/aquabot_gz/models/aquabot_marker_0_OK/meshes/Marker0.dae
-- Installing: /home/newman/vrx_ws/src/mission_windwatch/install/share/aquabot_gz/models/aquabot_marker_0_OK/model.sdf
-- Installing: /home/newman/vrx_ws/src/mission_windwatch/install/share/aquabot_gz/models/aquabot_windturbine_main
-- Installing: /home/newman/vrx_ws/src/mission_windwatch/install/share/aquabot_gz/models/aquabot_windturbine_main/model.config
-- Installing: /home/newman/vrx_ws/src/mission_windwatch/install/share/aquabot_gz/models/aquabot_windturbine_main/model.sdf
-- Installing: /home/newman/vrx_ws/src/mission_windwatch/install/share/aquabot_gz/models/aquabot_windturbine_main/mesh
-- Installing: /home/newman/vrx_ws/src/mission_windwatch/install/share/aquabot_gz/models/aquabot_windturbine_main/mesh/main.dae
-- Installing: /home/newman/vrx_ws/src/mission_windwatch/install/share/aquabot_gz/models/aquabot_marker_4_OK
-- Installing: /home/newman/vrx_ws/src/mission_windwatch/install/share/aquabot_gz/models/aquabot_marker_4_OK/materials
-- Installing: /home/newman/vrx_ws/src/mission_windwatch/install/share/aquabot_gz/models/aquabot_marker_4_OK/materials/textures
-- Installing: /home/newman/vrx_ws/src/mission_windwatch/install/share/aquabot_gz/models/aquabot_marker_4_OK/materials/textures/Marker0.png
-- Installing: /home/newman/vrx_ws/src/mission_windwatch/install/share/aquabot_gz/models/aquabot_marker_4_OK/materials/textures/aquabot_marker_4_OK.png
-- Installing: /home/newman/vrx_ws/src/mission_windwatch/install/share/aquabot_gz/models/aquabot_marker_4_OK/model.config
-- Installing: /home/newman/vrx_ws/src/mission_windwatch/install/share/aquabot_gz/models/aquabot_marker_4_OK/meshes
-- Installing: /home/newman/vrx_ws/src/mission_windwatch/install/share/aquabot_gz/models/aquabot_marker_4_OK/meshes/Marker0.dae
-- Installing: /home/newman/vrx_ws/src/mission_windwatch/install/share/aquabot_gz/models/aquabot_marker_4_OK/model.sdf
-- Installing: /home/newman/vrx_ws/src/mission_windwatch/install/share/aquabot_gz/models/aquabot_sonar_buoy
-- Installing: /home/newman/vrx_ws/src/mission_windwatch/install/share/aquabot_gz/models/aquabot_sonar_buoy/model.config
-- Installing: /home/newman/vrx_ws/src/mission_windwatch/install/share/aquabot_gz/models/aquabot_sonar_buoy/model.sdf
-- Installing: /home/newman/vrx_ws/src/mission_windwatch/install/share/aquabot_gz/models/aquabot_sonar_buoy/mesh
-- Installing: /home/newman/vrx_ws/src/mission_windwatch/install/share/aquabot_gz/models/aquabot_sonar_buoy/mesh/sonar_buoy.dae
-- Installing: /home/newman/vrx_ws/src/mission_windwatch/install/share/aquabot_gz/models/aquabot_rock_island_1
-- Installing: /home/newman/vrx_ws/src/mission_windwatch/install/share/aquabot_gz/models/aquabot_rock_island_1/model.config
-- Installing: /home/newman/vrx_ws/src/mission_windwatch/install/share/aquabot_gz/models/aquabot_rock_island_1/model.sdf
-- Installing: /home/newman/vrx_ws/src/mission_windwatch/install/share/aquabot_gz/models/aquabot_marker_2_KO
-- Installing: /home/newman/vrx_ws/src/mission_windwatch/install/share/aquabot_gz/models/aquabot_marker_2_KO/materials
-- Installing: /home/newman/vrx_ws/src/mission_windwatch/install/share/aquabot_gz/models/aquabot_marker_2_KO/materials/textures
-- Installing: /home/newman/vrx_ws/src/mission_windwatch/install/share/aquabot_gz/models/aquabot_marker_2_KO/materials/textures/Marker0.png
-- Installing: /home/newman/vrx_ws/src/mission_windwatch/install/share/aquabot_gz/models/aquabot_marker_2_KO/materials/textures/aquabot_marker_2_KO.png
-- Installing: /home/newman/vrx_ws/src/mission_windwatch/install/share/aquabot_gz/models/aquabot_marker_2_KO/model.config
-- Installing: /home/newman/vrx_ws/src/mission_windwatch/install/share/aquabot_gz/models/aquabot_marker_2_KO/meshes
-- Installing: /home/newman/vrx_ws/src/mission_windwatch/install/share/aquabot_gz/models/aquabot_marker_2_KO/meshes/Marker0.dae
-- Installing: /home/newman/vrx_ws/src/mission_windwatch/install/share/aquabot_gz/models/aquabot_marker_2_KO/model.sdf
-- Installing: /home/newman/vrx_ws/src/mission_windwatch/install/share/aquabot_gz/models/aquabot_marker_4_KO
-- Installing: /home/newman/vrx_ws/src/mission_windwatch/install/share/aquabot_gz/models/aquabot_marker_4_KO/materials
-- Installing: /home/newman/vrx_ws/src/mission_windwatch/install/share/aquabot_gz/models/aquabot_marker_4_KO/materials/textures
-- Installing: /home/newman/vrx_ws/src/mission_windwatch/install/share/aquabot_gz/models/aquabot_marker_4_KO/materials/textures/aquabot_marker_4_KO.png
-- Installing: /home/newman/vrx_ws/src/mission_windwatch/install/share/aquabot_gz/models/aquabot_marker_4_KO/materials/textures/Marker0.png
-- Installing: /home/newman/vrx_ws/src/mission_windwatch/install/share/aquabot_gz/models/aquabot_marker_4_KO/model.config
-- Installing: /home/newman/vrx_ws/src/mission_windwatch/install/share/aquabot_gz/models/aquabot_marker_4_KO/meshes
-- Installing: /home/newman/vrx_ws/src/mission_windwatch/install/share/aquabot_gz/models/aquabot_marker_4_KO/meshes/Marker0.dae
-- Installing: /home/newman/vrx_ws/src/mission_windwatch/install/share/aquabot_gz/models/aquabot_marker_4_KO/model.sdf
-- Installing: /home/newman/vrx_ws/src/mission_windwatch/install/share/aquabot_gz/models/aquabot_marker_7_OK
-- Installing: /home/newman/vrx_ws/src/mission_windwatch/install/share/aquabot_gz/models/aquabot_marker_7_OK/materials
-- Installing: /home/newman/vrx_ws/src/mission_windwatch/install/share/aquabot_gz/models/aquabot_marker_7_OK/materials/textures
-- Installing: /home/newman/vrx_ws/src/mission_windwatch/install/share/aquabot_gz/models/aquabot_marker_7_OK/materials/textures/aquabot_marker_7_OK.png
-- Installing: /home/newman/vrx_ws/src/mission_windwatch/install/share/aquabot_gz/models/aquabot_marker_7_OK/materials/textures/Marker0.png
-- Installing: /home/newman/vrx_ws/src/mission_windwatch/install/share/aquabot_gz/models/aquabot_marker_7_OK/model.config
-- Installing: /home/newman/vrx_ws/src/mission_windwatch/install/share/aquabot_gz/models/aquabot_marker_7_OK/meshes
-- Installing: /home/newman/vrx_ws/src/mission_windwatch/install/share/aquabot_gz/models/aquabot_marker_7_OK/meshes/Marker0.dae
-- Installing: /home/newman/vrx_ws/src/mission_windwatch/install/share/aquabot_gz/models/aquabot_marker_7_OK/model.sdf
-- Installing: /home/newman/vrx_ws/src/mission_windwatch/install/share/aquabot_gz/models/aquabot_regatta_no_obstacles_world
-- Installing: /home/newman/vrx_ws/src/mission_windwatch/install/share/aquabot_gz/models/aquabot_regatta_no_obstacles_world/model.config
-- Installing: /home/newman/vrx_ws/src/mission_windwatch/install/share/aquabot_gz/models/aquabot_regatta_no_obstacles_world/model.sdf
-- Installing: /home/newman/vrx_ws/src/mission_windwatch/install/share/aquabot_gz/models/aquabot_marker_9_OK
-- Installing: /home/newman/vrx_ws/src/mission_windwatch/install/share/aquabot_gz/models/aquabot_marker_9_OK/materials
-- Installing: /home/newman/vrx_ws/src/mission_windwatch/install/share/aquabot_gz/models/aquabot_marker_9_OK/materials/textures
-- Installing: /home/newman/vrx_ws/src/mission_windwatch/install/share/aquabot_gz/models/aquabot_marker_9_OK/materials/textures/aquabot_marker_9_OK.png
-- Installing: /home/newman/vrx_ws/src/mission_windwatch/install/share/aquabot_gz/models/aquabot_marker_9_OK/materials/textures/Marker0.png
-- Installing: /home/newman/vrx_ws/src/mission_windwatch/install/share/aquabot_gz/models/aquabot_marker_9_OK/model.config
-- Installing: /home/newman/vrx_ws/src/mission_windwatch/install/share/aquabot_gz/models/aquabot_marker_9_OK/meshes
-- Installing: /home/newman/vrx_ws/src/mission_windwatch/install/share/aquabot_gz/models/aquabot_marker_9_OK/meshes/Marker0.dae
-- Installing: /home/newman/vrx_ws/src/mission_windwatch/install/share/aquabot_gz/models/aquabot_marker_9_OK/model.sdf
-- Installing: /home/newman/vrx_ws/src/mission_windwatch/install/share/aquabot_gz/models/aquabot_rock
-- Installing: /home/newman/vrx_ws/src/mission_windwatch/install/share/aquabot_gz/models/aquabot_rock/model.config
-- Installing: /home/newman/vrx_ws/src/mission_windwatch/install/share/aquabot_gz/models/aquabot_rock/model.sdf
-- Installing: /home/newman/vrx_ws/src/mission_windwatch/install/share/aquabot_gz/models/aquabot_rock/mesh
-- Installing: /home/newman/vrx_ws/src/mission_windwatch/install/share/aquabot_gz/models/aquabot_rock/mesh/rock.dae
-- Installing: /home/newman/vrx_ws/src/mission_windwatch/install/share/aquabot_gz/models/aquabot_island
-- Installing: /home/newman/vrx_ws/src/mission_windwatch/install/share/aquabot_gz/models/aquabot_island/model.config
-- Installing: /home/newman/vrx_ws/src/mission_windwatch/install/share/aquabot_gz/models/aquabot_island/model.sdf
-- Installing: /home/newman/vrx_ws/src/mission_windwatch/install/share/aquabot_gz/models/aquabot_marker_6_OK
-- Installing: /home/newman/vrx_ws/src/mission_windwatch/install/share/aquabot_gz/models/aquabot_marker_6_OK/materials
-- Installing: /home/newman/vrx_ws/src/mission_windwatch/install/share/aquabot_gz/models/aquabot_marker_6_OK/materials/textures
-- Installing: /home/newman/vrx_ws/src/mission_windwatch/install/share/aquabot_gz/models/aquabot_marker_6_OK/materials/textures/aquabot_marker_6_OK.png
-- Installing: /home/newman/vrx_ws/src/mission_windwatch/install/share/aquabot_gz/models/aquabot_marker_6_OK/materials/textures/Marker0.png
-- Installing: /home/newman/vrx_ws/src/mission_windwatch/install/share/aquabot_gz/models/aquabot_marker_6_OK/model.config
-- Installing: /home/newman/vrx_ws/src/mission_windwatch/install/share/aquabot_gz/models/aquabot_marker_6_OK/meshes
-- Installing: /home/newman/vrx_ws/src/mission_windwatch/install/share/aquabot_gz/models/aquabot_marker_6_OK/meshes/Marker0.dae
-- Installing: /home/newman/vrx_ws/src/mission_windwatch/install/share/aquabot_gz/models/aquabot_marker_6_OK/model.sdf
-- Installing: /home/newman/vrx_ws/src/mission_windwatch/install/share/aquabot_gz/models/aquabot_grass
-- Installing: /home/newman/vrx_ws/src/mission_windwatch/install/share/aquabot_gz/models/aquabot_grass/model.config
-- Installing: /home/newman/vrx_ws/src/mission_windwatch/install/share/aquabot_gz/models/aquabot_grass/model.sdf
-- Installing: /home/newman/vrx_ws/src/mission_windwatch/install/share/aquabot_gz/models/aquabot_grass/mesh
-- Installing: /home/newman/vrx_ws/src/mission_windwatch/install/share/aquabot_gz/models/aquabot_grass/mesh/grass.dae
-- Installing: /home/newman/vrx_ws/src/mission_windwatch/install/share/aquabot_gz/models/aquabot_windturbine_rotor
-- Installing: /home/newman/vrx_ws/src/mission_windwatch/install/share/aquabot_gz/models/aquabot_windturbine_rotor/model.config
-- Installing: /home/newman/vrx_ws/src/mission_windwatch/install/share/aquabot_gz/models/aquabot_windturbine_rotor/model.sdf
-- Installing: /home/newman/vrx_ws/src/mission_windwatch/install/share/aquabot_gz/models/aquabot_windturbine_rotor/mesh
-- Installing: /home/newman/vrx_ws/src/mission_windwatch/install/share/aquabot_gz/models/aquabot_windturbine_rotor/mesh/rotor.dae
-- Installing: /home/newman/vrx_ws/src/mission_windwatch/install/share/aquabot_gz/models/aquabot_marker_5_KO
-- Installing: /home/newman/vrx_ws/src/mission_windwatch/install/share/aquabot_gz/models/aquabot_marker_5_KO/materials
-- Installing: /home/newman/vrx_ws/src/mission_windwatch/install/share/aquabot_gz/models/aquabot_marker_5_KO/materials/textures
-- Installing: /home/newman/vrx_ws/src/mission_windwatch/install/share/aquabot_gz/models/aquabot_marker_5_KO/materials/textures/Marker0.png
-- Installing: /home/newman/vrx_ws/src/mission_windwatch/install/share/aquabot_gz/models/aquabot_marker_5_KO/materials/textures/aquabot_marker_5_KO.png
-- Installing: /home/newman/vrx_ws/src/mission_windwatch/install/share/aquabot_gz/models/aquabot_marker_5_KO/model.config
-- Installing: /home/newman/vrx_ws/src/mission_windwatch/install/share/aquabot_gz/models/aquabot_marker_5_KO/meshes
-- Installing: /home/newman/vrx_ws/src/mission_windwatch/install/share/aquabot_gz/models/aquabot_marker_5_KO/meshes/Marker0.dae
-- Installing: /home/newman/vrx_ws/src/mission_windwatch/install/share/aquabot_gz/models/aquabot_marker_5_KO/model.sdf
-- Installing: /home/newman/vrx_ws/src/mission_windwatch/install/share/aquabot_gz/models/aquabot_marker_0_KO
-- Installing: /home/newman/vrx_ws/src/mission_windwatch/install/share/aquabot_gz/models/aquabot_marker_0_KO/materials
-- Installing: /home/newman/vrx_ws/src/mission_windwatch/install/share/aquabot_gz/models/aquabot_marker_0_KO/materials/textures
-- Installing: /home/newman/vrx_ws/src/mission_windwatch/install/share/aquabot_gz/models/aquabot_marker_0_KO/materials/textures/aquabot_marker_0_KO.png
-- Installing: /home/newman/vrx_ws/src/mission_windwatch/install/share/aquabot_gz/models/aquabot_marker_0_KO/materials/textures/Marker0.png
-- Installing: /home/newman/vrx_ws/src/mission_windwatch/install/share/aquabot_gz/models/aquabot_marker_0_KO/model.config
-- Installing: /home/newman/vrx_ws/src/mission_windwatch/install/share/aquabot_gz/models/aquabot_marker_0_KO/meshes
-- Installing: /home/newman/vrx_ws/src/mission_windwatch/install/share/aquabot_gz/models/aquabot_marker_0_KO/meshes/Marker0.dae
-- Installing: /home/newman/vrx_ws/src/mission_windwatch/install/share/aquabot_gz/models/aquabot_marker_0_KO/model.sdf
-- Installing: /home/newman/vrx_ws/src/mission_windwatch/install/share/aquabot_gz/models/aquabot_redboat
-- Installing: /home/newman/vrx_ws/src/mission_windwatch/install/share/aquabot_gz/models/aquabot_redboat/model.config
-- Installing: /home/newman/vrx_ws/src/mission_windwatch/install/share/aquabot_gz/models/aquabot_redboat/model.sdf
-- Installing: /home/newman/vrx_ws/src/mission_windwatch/install/share/aquabot_gz/models/aquabot_redboat/mesh
-- Installing: /home/newman/vrx_ws/src/mission_windwatch/install/share/aquabot_gz/models/aquabot_redboat/mesh/redboat.dae
-- Installing: /home/newman/vrx_ws/src/mission_windwatch/install/share/aquabot_gz/models/aquabot_marker_8_KO
-- Installing: /home/newman/vrx_ws/src/mission_windwatch/install/share/aquabot_gz/models/aquabot_marker_8_KO/materials
-- Installing: /home/newman/vrx_ws/src/mission_windwatch/install/share/aquabot_gz/models/aquabot_marker_8_KO/materials/textures
-- Installing: /home/newman/vrx_ws/src/mission_windwatch/install/share/aquabot_gz/models/aquabot_marker_8_KO/materials/textures/aquabot_marker_8_KO.png
-- Installing: /home/newman/vrx_ws/src/mission_windwatch/install/share/aquabot_gz/models/aquabot_marker_8_KO/materials/textures/Marker0.png
-- Installing: /home/newman/vrx_ws/src/mission_windwatch/install/share/aquabot_gz/models/aquabot_marker_8_KO/model.config
-- Installing: /home/newman/vrx_ws/src/mission_windwatch/install/share/aquabot_gz/models/aquabot_marker_8_KO/meshes
-- Installing: /home/newman/vrx_ws/src/mission_windwatch/install/share/aquabot_gz/models/aquabot_marker_8_KO/meshes/Marker0.dae
-- Installing: /home/newman/vrx_ws/src/mission_windwatch/install/share/aquabot_gz/models/aquabot_marker_8_KO/model.sdf
-- Installing: /home/newman/vrx_ws/src/mission_windwatch/install/share/aquabot_gz/models/aquabot_marker_5_OK
-- Installing: /home/newman/vrx_ws/src/mission_windwatch/install/share/aquabot_gz/models/aquabot_marker_5_OK/materials
-- Installing: /home/newman/vrx_ws/src/mission_windwatch/install/share/aquabot_gz/models/aquabot_marker_5_OK/materials/textures
-- Installing: /home/newman/vrx_ws/src/mission_windwatch/install/share/aquabot_gz/models/aquabot_marker_5_OK/materials/textures/Marker0.png
-- Installing: /home/newman/vrx_ws/src/mission_windwatch/install/share/aquabot_gz/models/aquabot_marker_5_OK/materials/textures/aquabot_marker_5_OK.png
-- Installing: /home/newman/vrx_ws/src/mission_windwatch/install/share/aquabot_gz/models/aquabot_marker_5_OK/model.config
-- Installing: /home/newman/vrx_ws/src/mission_windwatch/install/share/aquabot_gz/models/aquabot_marker_5_OK/meshes
-- Installing: /home/newman/vrx_ws/src/mission_windwatch/install/share/aquabot_gz/models/aquabot_marker_5_OK/meshes/Marker0.dae
-- Installing: /home/newman/vrx_ws/src/mission_windwatch/install/share/aquabot_gz/models/aquabot_marker_5_OK/model.sdf
-- Installing: /home/newman/vrx_ws/src/mission_windwatch/install/share/aquabot_gz/models/aquabot_marker_8_OK
-- Installing: /home/newman/vrx_ws/src/mission_windwatch/install/share/aquabot_gz/models/aquabot_marker_8_OK/materials
-- Installing: /home/newman/vrx_ws/src/mission_windwatch/install/share/aquabot_gz/models/aquabot_marker_8_OK/materials/textures
-- Installing: /home/newman/vrx_ws/src/mission_windwatch/install/share/aquabot_gz/models/aquabot_marker_8_OK/materials/textures/Marker0.png
-- Installing: /home/newman/vrx_ws/src/mission_windwatch/install/share/aquabot_gz/models/aquabot_marker_8_OK/materials/textures/aquabot_marker_8_OK.png
-- Installing: /home/newman/vrx_ws/src/mission_windwatch/install/share/aquabot_gz/models/aquabot_marker_8_OK/model.config
-- Installing: /home/newman/vrx_ws/src/mission_windwatch/install/share/aquabot_gz/models/aquabot_marker_8_OK/meshes
-- Installing: /home/newman/vrx_ws/src/mission_windwatch/install/share/aquabot_gz/models/aquabot_marker_8_OK/meshes/Marker0.dae
-- Installing: /home/newman/vrx_ws/src/mission_windwatch/install/share/aquabot_gz/models/aquabot_marker_8_OK/model.sdf
-- Installing: /home/newman/vrx_ws/src/mission_windwatch/install/share/aquabot_gz/models/aquabot_marker_2_OK
-- Installing: /home/newman/vrx_ws/src/mission_windwatch/install/share/aquabot_gz/models/aquabot_marker_2_OK/materials
-- Installing: /home/newman/vrx_ws/src/mission_windwatch/install/share/aquabot_gz/models/aquabot_marker_2_OK/materials/textures
-- Installing: /home/newman/vrx_ws/src/mission_windwatch/install/share/aquabot_gz/models/aquabot_marker_2_OK/materials/textures/Marker0.png
-- Installing: /home/newman/vrx_ws/src/mission_windwatch/install/share/aquabot_gz/models/aquabot_marker_2_OK/materials/textures/aquabot_marker_2_OK.png
-- Installing: /home/newman/vrx_ws/src/mission_windwatch/install/share/aquabot_gz/models/aquabot_marker_2_OK/model.config
-- Installing: /home/newman/vrx_ws/src/mission_windwatch/install/share/aquabot_gz/models/aquabot_marker_2_OK/meshes
-- Installing: /home/newman/vrx_ws/src/mission_windwatch/install/share/aquabot_gz/models/aquabot_marker_2_OK/meshes/Marker0.dae
-- Installing: /home/newman/vrx_ws/src/mission_windwatch/install/share/aquabot_gz/models/aquabot_marker_2_OK/model.sdf
-- Installing: /home/newman/vrx_ws/src/mission_windwatch/install/share/aquabot_gz/models/aquabot_marker_3_KO
-- Installing: /home/newman/vrx_ws/src/mission_windwatch/install/share/aquabot_gz/models/aquabot_marker_3_KO/materials
-- Installing: /home/newman/vrx_ws/src/mission_windwatch/install/share/aquabot_gz/models/aquabot_marker_3_KO/materials/textures
-- Installing: /home/newman/vrx_ws/src/mission_windwatch/install/share/aquabot_gz/models/aquabot_marker_3_KO/materials/textures/aquabot_marker_3_KO.png
-- Installing: /home/newman/vrx_ws/src/mission_windwatch/install/share/aquabot_gz/models/aquabot_marker_3_KO/materials/textures/Marker0.png
-- Installing: /home/newman/vrx_ws/src/mission_windwatch/install/share/aquabot_gz/models/aquabot_marker_3_KO/model.config
-- Installing: /home/newman/vrx_ws/src/mission_windwatch/install/share/aquabot_gz/models/aquabot_marker_3_KO/meshes
-- Installing: /home/newman/vrx_ws/src/mission_windwatch/install/share/aquabot_gz/models/aquabot_marker_3_KO/meshes/Marker0.dae
-- Installing: /home/newman/vrx_ws/src/mission_windwatch/install/share/aquabot_gz/models/aquabot_marker_3_KO/model.sdf
-- Installing: /home/newman/vrx_ws/src/mission_windwatch/install/share/aquabot_gz/models/aquabot_marker_1_KO
-- Installing: /home/newman/vrx_ws/src/mission_windwatch/install/share/aquabot_gz/models/aquabot_marker_1_KO/materials
-- Installing: /home/newman/vrx_ws/src/mission_windwatch/install/share/aquabot_gz/models/aquabot_marker_1_KO/materials/textures
-- Installing: /home/newman/vrx_ws/src/mission_windwatch/install/share/aquabot_gz/models/aquabot_marker_1_KO/materials/textures/Marker0.png
-- Installing: /home/newman/vrx_ws/src/mission_windwatch/install/share/aquabot_gz/models/aquabot_marker_1_KO/materials/textures/aquabot_marker_1_KO.png
-- Installing: /home/newman/vrx_ws/src/mission_windwatch/install/share/aquabot_gz/models/aquabot_marker_1_KO/model.config
-- Installing: /home/newman/vrx_ws/src/mission_windwatch/install/share/aquabot_gz/models/aquabot_marker_1_KO/meshes
-- Installing: /home/newman/vrx_ws/src/mission_windwatch/install/share/aquabot_gz/models/aquabot_marker_1_KO/meshes/Marker0.dae
-- Installing: /home/newman/vrx_ws/src/mission_windwatch/install/share/aquabot_gz/models/aquabot_marker_1_KO/model.sdf
-- Installing: /home/newman/vrx_ws/src/mission_windwatch/install/share/aquabot_gz/models/aquabot_regatta_world
-- Installing: /home/newman/vrx_ws/src/mission_windwatch/install/share/aquabot_gz/models/aquabot_regatta_world/model.config
-- Installing: /home/newman/vrx_ws/src/mission_windwatch/install/share/aquabot_gz/models/aquabot_regatta_world/model.sdf
-- Installing: /home/newman/vrx_ws/src/mission_windwatch/install/share/aquabot_gz/models/aquabot_marker_3_OK
-- Installing: /home/newman/vrx_ws/src/mission_windwatch/install/share/aquabot_gz/models/aquabot_marker_3_OK/materials
-- Installing: /home/newman/vrx_ws/src/mission_windwatch/install/share/aquabot_gz/models/aquabot_marker_3_OK/materials/textures
-- Installing: /home/newman/vrx_ws/src/mission_windwatch/install/share/aquabot_gz/models/aquabot_marker_3_OK/materials/textures/aquabot_marker_3_OK.png
-- Installing: /home/newman/vrx_ws/src/mission_windwatch/install/share/aquabot_gz/models/aquabot_marker_3_OK/materials/textures/Marker0.png
-- Installing: /home/newman/vrx_ws/src/mission_windwatch/install/share/aquabot_gz/models/aquabot_marker_3_OK/model.config
-- Installing: /home/newman/vrx_ws/src/mission_windwatch/install/share/aquabot_gz/models/aquabot_marker_3_OK/meshes
-- Installing: /home/newman/vrx_ws/src/mission_windwatch/install/share/aquabot_gz/models/aquabot_marker_3_OK/meshes/Marker0.dae
-- Installing: /home/newman/vrx_ws/src/mission_windwatch/install/share/aquabot_gz/models/aquabot_marker_3_OK/model.sdf
-- Installing: /home/newman/vrx_ws/src/mission_windwatch/install/share/aquabot_gz/models/aquabot_marker_1_OK
-- Installing: /home/newman/vrx_ws/src/mission_windwatch/install/share/aquabot_gz/models/aquabot_marker_1_OK/materials
-- Installing: /home/newman/vrx_ws/src/mission_windwatch/install/share/aquabot_gz/models/aquabot_marker_1_OK/materials/textures
-- Installing: /home/newman/vrx_ws/src/mission_windwatch/install/share/aquabot_gz/models/aquabot_marker_1_OK/materials/textures/Marker0.png
-- Installing: /home/newman/vrx_ws/src/mission_windwatch/install/share/aquabot_gz/models/aquabot_marker_1_OK/materials/textures/aquabot_marker_1_OK.png
-- Installing: /home/newman/vrx_ws/src/mission_windwatch/install/share/aquabot_gz/models/aquabot_marker_1_OK/model.config
-- Installing: /home/newman/vrx_ws/src/mission_windwatch/install/share/aquabot_gz/models/aquabot_marker_1_OK/meshes
-- Installing: /home/newman/vrx_ws/src/mission_windwatch/install/share/aquabot_gz/models/aquabot_marker_1_OK/meshes/Marker0.dae
-- Installing: /home/newman/vrx_ws/src/mission_windwatch/install/share/aquabot_gz/models/aquabot_marker_1_OK/model.sdf
-- Installing: /home/newman/vrx_ws/src/mission_windwatch/install/share/aquabot_gz/models/aquabot_marker_6_KO
-- Installing: /home/newman/vrx_ws/src/mission_windwatch/install/share/aquabot_gz/models/aquabot_marker_6_KO/materials
-- Installing: /home/newman/vrx_ws/src/mission_windwatch/install/share/aquabot_gz/models/aquabot_marker_6_KO/materials/textures
-- Installing: /home/newman/vrx_ws/src/mission_windwatch/install/share/aquabot_gz/models/aquabot_marker_6_KO/materials/textures/Marker0.png
-- Installing: /home/newman/vrx_ws/src/mission_windwatch/install/share/aquabot_gz/models/aquabot_marker_6_KO/materials/textures/aquabot_marker_6_KO.png
-- Installing: /home/newman/vrx_ws/src/mission_windwatch/install/share/aquabot_gz/models/aquabot_marker_6_KO/model.config
-- Installing: /home/newman/vrx_ws/src/mission_windwatch/install/share/aquabot_gz/models/aquabot_marker_6_KO/meshes
-- Installing: /home/newman/vrx_ws/src/mission_windwatch/install/share/aquabot_gz/models/aquabot_marker_6_KO/meshes/Marker0.dae
-- Installing: /home/newman/vrx_ws/src/mission_windwatch/install/share/aquabot_gz/models/aquabot_marker_6_KO/model.sdf
-- Installing: /home/newman/vrx_ws/src/mission_windwatch/install/share/aquabot_gz/models/aquabot_lighthouse
-- Installing: /home/newman/vrx_ws/src/mission_windwatch/install/share/aquabot_gz/models/aquabot_lighthouse/model.config
-- Installing: /home/newman/vrx_ws/src/mission_windwatch/install/share/aquabot_gz/models/aquabot_lighthouse/model.sdf
-- Installing: /home/newman/vrx_ws/src/mission_windwatch/install/share/aquabot_gz/models/aquabot_lighthouse/mesh
-- Installing: /home/newman/vrx_ws/src/mission_windwatch/install/share/aquabot_gz/models/aquabot_lighthouse/mesh/lighthouse.dae
-- Installing: /home/newman/vrx_ws/src/mission_windwatch/install/share/aquabot_gz/models/aquabot_marker_7_KO
-- Installing: /home/newman/vrx_ws/src/mission_windwatch/install/share/aquabot_gz/models/aquabot_marker_7_KO/materials
-- Installing: /home/newman/vrx_ws/src/mission_windwatch/install/share/aquabot_gz/models/aquabot_marker_7_KO/materials/textures
-- Installing: /home/newman/vrx_ws/src/mission_windwatch/install/share/aquabot_gz/models/aquabot_marker_7_KO/materials/textures/Marker0.png
-- Installing: /home/newman/vrx_ws/src/mission_windwatch/install/share/aquabot_gz/models/aquabot_marker_7_KO/materials/textures/aquabot_marker_7_KO.png
-- Installing: /home/newman/vrx_ws/src/mission_windwatch/install/share/aquabot_gz/models/aquabot_marker_7_KO/model.config
-- Installing: /home/newman/vrx_ws/src/mission_windwatch/install/share/aquabot_gz/models/aquabot_marker_7_KO/meshes
-- Installing: /home/newman/vrx_ws/src/mission_windwatch/install/share/aquabot_gz/models/aquabot_marker_7_KO/meshes/Marker0.dae
-- Installing: /home/newman/vrx_ws/src/mission_windwatch/install/share/aquabot_gz/models/aquabot_marker_7_KO/model.sdf
-- Installing: /home/newman/vrx_ws/src/mission_windwatch/install/share/aquabot_gz/worlds
-- Installing: /home/newman/vrx_ws/src/mission_windwatch/install/share/aquabot_gz/worlds/aquabot_windturbines_medium.sdf
-- Installing: /home/newman/vrx_ws/src/mission_windwatch/install/share/aquabot_gz/worlds/aquabot_patrolandfollow_easy.sdf
-- Installing: /home/newman/vrx_ws/src/mission_windwatch/install/share/aquabot_gz/worlds/images
-- Installing: /home/newman/vrx_ws/src/mission_windwatch/install/share/aquabot_gz/worlds/images/medium.png
-- Installing: /home/newman/vrx_ws/src/mission_windwatch/install/share/aquabot_gz/worlds/images/easy.png
-- Installing: /home/newman/vrx_ws/src/mission_windwatch/install/share/aquabot_gz/worlds/images/hard.png
-- Installing: /home/newman/vrx_ws/src/mission_windwatch/install/share/aquabot_gz/worlds/aquabot_regatta.sdf
-- Installing: /home/newman/vrx_ws/src/mission_windwatch/install/share/aquabot_gz/worlds/aquabot_windturbines_easy.sdf
-- Installing: /home/newman/vrx_ws/src/mission_windwatch/install/share/aquabot_gz/worlds/aquabot_windturbines_hard.sdf
-- Installing: /home/newman/vrx_ws/src/mission_windwatch/install/share/aquabot_gz/worlds/aquabot_patrolandfollow_medium.sdf
-- Installing: /home/newman/vrx_ws/src/mission_windwatch/install/share/aquabot_gz/worlds/aquabot_patrolandfollow_hard.sdf
-- Installing: /home/newman/vrx_ws/src/mission_windwatch/install/share/aquabot_gz/config
-- Installing: /home/newman/vrx_ws/src/mission_windwatch/install/share/aquabot_gz/config/rviz_aquabot.rviz
-- Installing: /home/newman/vrx_ws/src/mission_windwatch/install/share/ament_index/resource_index/package_run_dependencies/aquabot_gz
-- Installing: /home/newman/vrx_ws/src/mission_windwatch/install/share/ament_index/resource_index/parent_prefix_path/aquabot_gz
-- Installing: /home/newman/vrx_ws/src/mission_windwatch/install/share/aquabot_gz/environment/ament_prefix_path.sh
-- Installing: /home/newman/vrx_ws/src/mission_windwatch/install/share/aquabot_gz/environment/ament_prefix_path.dsv
-- Installing: /home/newman/vrx_ws/src/mission_windwatch/install/share/aquabot_gz/environment/path.sh
-- Installing: /home/newman/vrx_ws/src/mission_windwatch/install/share/aquabot_gz/environment/path.dsv
-- Installing: /home/newman/vrx_ws/src/mission_windwatch/install/share/aquabot_gz/local_setup.bash
-- Installing: /home/newman/vrx_ws/src/mission_windwatch/install/share/aquabot_gz/local_setup.sh
-- Installing: /home/newman/vrx_ws/src/mission_windwatch/install/share/aquabot_gz/local_setup.zsh
-- Installing: /home/newman/vrx_ws/src/mission_windwatch/install/share/aquabot_gz/local_setup.dsv
-- Installing: /home/newman/vrx_ws/src/mission_windwatch/install/share/aquabot_gz/package.dsv
-- Installing: /home/newman/vrx_ws/src/mission_windwatch/install/share/ament_index/resource_index/packages/aquabot_gz
-- Installing: /home/newman/vrx_ws/src/mission_windwatch/install/share/aquabot_gz/cmake/aquabot_gzConfig.cmake
-- Installing: /home/newman/vrx_ws/src/mission_windwatch/install/share/aquabot_gz/cmake/aquabot_gzConfig-version.cmake
-- Installing: /home/newman/vrx_ws/src/mission_windwatch/install/share/aquabot_gz/package.xml
