[0.010s] Invoking command in '/home/newman/vrx_ws/src/mission_windwatch/build/aquabot_gz': CMAKE_PREFIX_PATH=${CMAKE_PREFIX_PATH}:/opt/ros/humble /usr/bin/cmake /home/newman/vrx_ws/src/mission_windwatch/src/aquabot/aquabot_gz -DCMAKE_INSTALL_PREFIX=/home/newman/vrx_ws/src/mission_windwatch/install
[0.048s] -- The C compiler identification is GNU 11.4.0
[0.098s] -- The CXX compiler identification is GNU 11.4.0
[0.104s] -- Detecting C compiler ABI info
[0.156s] -- Detecting C compiler ABI info - done
[0.161s] -- Check for working C compiler: /usr/bin/cc - skipped
[0.162s] -- Detecting C compile features
[0.162s] -- Detecting C compile features - done
[0.164s] -- Detecting CXX compiler ABI info
[0.237s] -- Detecting CXX compiler ABI info - done
[0.248s] -- Check for working CXX compiler: /usr/bin/c++ - skipped
[0.248s] -- Detecting CXX compile features
[0.248s] -- Detecting CXX compile features - done
[0.248s] -- Found ament_cmake: 1.3.10 (/opt/ros/humble/share/ament_cmake/cmake)
[0.395s] -- Found Python3: /usr/bin/python3 (found version "3.10.12") found components: Interpreter 
[0.480s] -- Looking for gz-sim7 -- found version 7.9.0
[0.486s] -- Searching for dependencies of gz-sim7
[0.488s] -- Looking for sdformat13 -- found version 13.8.0
[0.488s] -- Searching for dependencies of sdformat13
[0.493s] -- Checking for module 'tinyxml2'
[0.501s] --   Found tinyxml2, version 9.0.0
[0.529s] -- Looking for gz-math7 -- found version 7.5.1
[0.530s] -- Searching for dependencies of gz-math7
[0.531s] -- Looking for gz-utils2 -- found version 2.2.0
[0.531s] -- Searching for dependencies of gz-utils2
[0.532s] -- Looking for gz-utils2 -- found version 2.2.0
[0.532s] -- Searching for dependencies of gz-utils2
[0.532s] -- Searching for <gz-utils2> component [cli]
[0.534s] -- Looking for gz-utils2-cli -- found version 2.2.0
[0.534s] -- Searching for dependencies of gz-utils2-cli
[0.536s] -- Looking for gz-plugin2 -- found version 2.0.3
[0.536s] -- Searching for dependencies of gz-plugin2
[0.537s] -- Looking for gz-utils2 -- found version 2.2.0
[0.537s] -- Searching for <gz-plugin2> component [loader]
[0.538s] -- Looking for gz-plugin2-loader -- found version 2.0.3
[0.538s] -- Searching for dependencies of gz-plugin2-loader
[0.539s] -- Searching for <gz-plugin2> component [register]
[0.540s] -- Looking for gz-plugin2-register -- found version 2.0.3
[0.540s] -- Searching for dependencies of gz-plugin2-register
[0.542s] -- Looking for gz-transport12 -- found version 12.2.1
[0.542s] -- Searching for dependencies of gz-transport12
[0.683s] -- Found Protobuf: /usr/lib/x86_64-linux-gnu/libprotobuf.so (found version "3.12.4") 
[0.688s] -- Config-file not installed for ZeroMQ -- checking for pkg-config
[0.693s] -- Checking for module 'libzmq >= 4'
[0.700s] --   Found libzmq , version 4.3.4
[0.727s] -- Found ZeroMQ: TRUE (Required is at least version "4") 
[0.734s] -- Checking for module 'uuid'
[0.744s] --   Found uuid, version 2.37.2
[0.765s] -- Found UUID: TRUE  
[0.765s] -- Looking for gz-utils2 -- found version 2.2.0
[0.766s] -- Looking for gz-msgs9 -- found version 9.5.0
[0.766s] -- Searching for dependencies of gz-msgs9
[0.780s] -- Looking for gz-math7 -- found version 7.5.1
[0.785s] -- Searching for <gz-transport12> component [log]
[0.785s] -- Looking for gz-transport12-log -- found version 12.2.1
[0.786s] -- Searching for dependencies of gz-transport12-log
[0.786s] -- Searching for <gz-transport12> component [parameters]
[0.787s] -- Looking for gz-transport12-parameters -- found version 12.2.1
[0.788s] -- Searching for dependencies of gz-transport12-parameters
[0.788s] -- Looking for gz-msgs9 -- found version 9.5.0
[0.789s] -- Looking for gz-common5 -- found version 5.6.0
[0.790s] -- Searching for dependencies of gz-common5
[0.790s] -- Looking for gz-utils2 -- found version 2.2.0
[0.790s] -- Looking for dlfcn.h - found
[0.791s] -- Looking for libdl - found
[0.792s] -- Found DL: TRUE  
[0.797s] -- Searching for <gz-common5> component [profiler]
[0.799s] -- Looking for gz-common5-profiler -- found version 5.6.0
[0.799s] -- Searching for dependencies of gz-common5-profiler
[0.799s] -- Searching for <gz-common5> component [events]
[0.800s] -- Looking for gz-common5-events -- found version 5.6.0
[0.801s] -- Searching for dependencies of gz-common5-events
[0.801s] -- Looking for gz-math7 -- found version 7.5.1
[0.801s] -- Searching for <gz-common5> component [av]
[0.802s] -- Looking for gz-common5-av -- found version 5.6.0
[0.803s] -- Searching for dependencies of gz-common5-av
[0.807s] -- Checking for module 'libswscale'
[0.815s] --   Found libswscale, version 5.9.100
[0.843s] -- Found SWSCALE: TRUE  
[0.845s] -- Checking for module 'libavdevice >= 56.4.100'
[0.857s] --   Found libavdevice , version 58.13.100
[0.885s] -- Found AVDEVICE: TRUE (Required is at least version "56.4.100") 
[0.888s] -- Checking for module 'libavformat'
[0.906s] --   Found libavformat, version 58.76.100
[0.931s] -- Found AVFORMAT: TRUE  
[0.935s] -- Checking for module 'libavcodec'
[0.945s] --   Found libavcodec, version 58.134.100
[0.969s] -- Found AVCODEC: TRUE  
[0.972s] -- Checking for module 'libavutil'
[0.985s] --   Found libavutil, version 56.70.100
[1.006s] -- Found AVUTIL: TRUE  
[1.006s] -- Searching for <gz-common5> component [io]
[1.007s] -- Looking for gz-common5-io -- found version 5.6.0
[1.008s] -- Searching for dependencies of gz-common5-io
[1.009s] -- Looking for gz-fuel_tools8 -- found version 8.1.0
[1.009s] -- Searching for dependencies of gz-fuel_tools8
[1.069s] -- Found CURL: /usr/lib/x86_64-linux-gnu/libcurl.so (found version "7.81.0")  
[1.075s] -- Checking for module 'jsoncpp'
[1.082s] --   Found jsoncpp, version 1.9.5
[1.104s] -- Found JSONCPP: TRUE  
[1.108s] -- Checking for module 'libzip'
[1.121s] --   Found libzip, version 1.7.3
[1.147s] -- Found ZIP: TRUE  
[1.147s] -- Looking for gz-utils2 -- found version 2.2.0
[1.147s] -- Looking for gz-common5 -- found version 5.6.0
[1.147s] -- Searching for dependencies of gz-common5
[1.148s] -- Looking for gz-utils2 -- found version 2.2.0
[1.148s] -- Looking for dlfcn.h - found
[1.148s] -- Looking for libdl - found
[1.154s] -- Searching for <gz-common5> component [testing]
[1.155s] -- Looking for gz-common5-testing -- found version 5.6.0
[1.156s] -- Searching for dependencies of gz-common5-testing
[1.156s] -- Looking for gz-math7 -- found version 7.5.1
[1.157s] -- Looking for gz-msgs9 -- found version 9.5.0
[1.158s] -- Looking for gz-gui7 -- found version 7.2.2
[1.159s] -- Searching for dependencies of gz-gui7
[1.177s] -- Looking for gz-utils2 -- found version 2.2.0
[1.177s] -- Looking for gz-math7 -- found version 7.5.1
[1.177s] -- Looking for gz-common5 -- found version 5.6.0
[1.177s] -- Looking for gz-plugin2 -- found version 2.0.3
[1.177s] -- Looking for gz-transport12 -- found version 12.2.1
[1.181s] -- Looking for gz-rendering7 -- found version 7.4.2
[1.190s] -- Searching for dependencies of gz-rendering7
[1.190s] -- Looking for gz-math7 -- found version 7.5.1
[1.191s] -- Searching for dependencies of gz-math7
[1.191s] -- Looking for gz-utils2 -- found version 2.2.0
[1.191s] -- Searching for <gz-math7> component [eigen3]
[1.193s] -- Looking for gz-math7-eigen3 -- found version 7.5.1
[1.193s] -- Searching for dependencies of gz-math7-eigen3
[1.198s] -- Looking for gz-common5 -- found version 5.6.0
[1.198s] -- Searching for dependencies of gz-common5
[1.198s] -- Looking for gz-utils2 -- found version 2.2.0
[1.198s] -- Looking for dlfcn.h - found
[1.198s] -- Looking for libdl - found
[1.204s] -- Searching for <gz-common5> component [graphics]
[1.207s] -- Looking for gz-common5-graphics -- found version 5.6.0
[1.207s] -- Searching for dependencies of gz-common5-graphics
[1.207s] -- Looking for gz-math7 -- found version 7.5.1
[1.209s] -- Found GzAssimp: TRUE (found version "5.2.0") 
[1.211s] -- Searching for <gz-common5> component [events]
[1.211s] -- Searching for <gz-common5> component [geospatial]
[1.212s] -- Looking for gz-common5-geospatial -- found version 5.6.0
[1.212s] -- Searching for dependencies of gz-common5-geospatial
[1.212s] -- Looking for gz-math7 -- found version 7.5.1
[1.212s] -- Looking for gz-common5 -- found version 5.6.0
[1.213s] -- Looking for gz-plugin2 -- found version 2.0.3
[1.213s] -- Searching for dependencies of gz-plugin2
[1.213s] -- Looking for gz-utils2 -- found version 2.2.0
[1.214s] -- Searching for <gz-plugin2> component [all]
[1.215s] -- Looking for all libraries of gz-plugin2 -- found version 2.0.3
[1.215s] -- Looking for gz-plugin2 -- found version 2.0.3
[1.217s] -- Looking for gz-utils2 -- found version 2.2.0
[1.220s] -- Found OpenGL: /usr/lib/x86_64-linux-gnu/libOpenGL.so  found components: OpenGL 
[1.220s] -- Looking for gz-msgs9 -- found version 9.5.0
[1.234s] -- Looking for gz-physics6 -- found version 6.6.0
[1.234s] -- Searching for dependencies of gz-physics6
[1.234s] -- Looking for gz-common5 -- found version 5.6.0
[1.234s] -- Looking for gz-math7 -- found version 7.5.1
[1.235s] -- Looking for gz-plugin2 -- found version 2.0.3
[1.235s] -- Looking for gz-utils2 -- found version 2.2.0
[1.236s] -- Searching for <gz-physics6> component [heightmap]
[1.238s] -- Looking for gz-physics6-heightmap -- found version 6.6.0
[1.239s] -- Searching for dependencies of gz-physics6-heightmap
[1.239s] -- Looking for gz-common5 -- found version 5.6.0
[1.239s] -- Searching for <gz-physics6> component [mesh]
[1.241s] -- Looking for gz-physics6-mesh -- found version 6.6.0
[1.242s] -- Searching for dependencies of gz-physics6-mesh
[1.242s] -- Looking for gz-common5 -- found version 5.6.0
[1.242s] -- Searching for <gz-physics6> component [sdf]
[1.242s] -- Looking for gz-physics6-sdf -- found version 6.6.0
[1.242s] -- Searching for dependencies of gz-physics6-sdf
[1.242s] -- Looking for sdformat13 -- found version 13.8.0
[1.243s] -- Looking for gz-sensors7 -- found version 7.3.0
[1.245s] -- Searching for dependencies of gz-sensors7
[1.256s] -- Looking for gz-math7 -- found version 7.5.1
[1.256s] -- Looking for gz-common5 -- found version 5.6.0
[1.257s] -- Looking for gz-transport12 -- found version 12.2.1
[1.257s] -- Looking for gz-rendering7 -- found version 7.4.2
[1.257s] -- Looking for gz-msgs9 -- found version 9.5.0
[1.258s] -- Looking for sdformat13 -- found version 13.8.0
[1.258s] -- Searching for <gz-sensors7> component [air_pressure]
[1.259s] -- Looking for gz-sensors7-air_pressure -- found version 7.3.0
[1.259s] -- Searching for dependencies of gz-sensors7-air_pressure
[1.260s] -- Searching for <gz-sensors7> component [air_speed]
[1.261s] -- Looking for gz-sensors7-air_speed -- found version 7.3.0
[1.261s] -- Searching for dependencies of gz-sensors7-air_speed
[1.262s] -- Searching for <gz-sensors7> component [altimeter]
[1.263s] -- Looking for gz-sensors7-altimeter -- found version 7.3.0
[1.263s] -- Searching for dependencies of gz-sensors7-altimeter
[1.263s] -- Searching for <gz-sensors7> component [imu]
[1.265s] -- Looking for gz-sensors7-imu -- found version 7.3.0
[1.265s] -- Searching for dependencies of gz-sensors7-imu
[1.265s] -- Searching for <gz-sensors7> component [force_torque]
[1.266s] -- Looking for gz-sensors7-force_torque -- found version 7.3.0
[1.267s] -- Searching for dependencies of gz-sensors7-force_torque
[1.267s] -- Searching for <gz-sensors7> component [logical_camera]
[1.268s] -- Looking for gz-sensors7-logical_camera -- found version 7.3.0
[1.269s] -- Searching for dependencies of gz-sensors7-logical_camera
[1.269s] -- Searching for <gz-sensors7> component [magnetometer]
[1.270s] -- Looking for gz-sensors7-magnetometer -- found version 7.3.0
[1.270s] -- Searching for dependencies of gz-sensors7-magnetometer
[1.271s] -- Searching for <gz-sensors7> component [navsat]
[1.272s] -- Looking for gz-sensors7-navsat -- found version 7.3.0
[1.272s] -- Searching for dependencies of gz-sensors7-navsat
[1.273s] -- Searching for <gz-sensors7> component [rendering]
[1.274s] -- Looking for gz-sensors7-rendering -- found version 7.3.0
[1.274s] -- Searching for dependencies of gz-sensors7-rendering
[1.275s] -- Searching for <gz-sensors7> component [lidar]
[1.276s] -- Looking for gz-sensors7-lidar -- found version 7.3.0
[1.276s] -- Searching for dependencies of gz-sensors7-lidar
[1.276s] -- Looking for gz-sensors7 -- found version 7.3.0
[1.277s] -- Searching for <gz-sensors7> component [gpu_lidar]
[1.278s] -- Looking for gz-sensors7-gpu_lidar -- found version 7.3.0
[1.278s] -- Searching for dependencies of gz-sensors7-gpu_lidar
[1.279s] -- Looking for gz-sensors7 -- found version 7.3.0
[1.279s] -- Searching for <gz-sensors7> component [camera]
[1.280s] -- Looking for gz-sensors7-camera -- found version 7.3.0
[1.280s] -- Searching for dependencies of gz-sensors7-camera
[1.281s] -- Looking for gz-sensors7 -- found version 7.3.0
[1.281s] -- Searching for <gz-sensors7> component [boundingbox_camera]
[1.282s] -- Looking for gz-sensors7-boundingbox_camera -- found version 7.3.0
[1.283s] -- Searching for dependencies of gz-sensors7-boundingbox_camera
[1.283s] -- Searching for <gz-sensors7> component [segmentation_camera]
[1.284s] -- Looking for gz-sensors7-segmentation_camera -- found version 7.3.0
[1.284s] -- Searching for dependencies of gz-sensors7-segmentation_camera
[1.285s] -- Searching for <gz-sensors7> component [depth_camera]
[1.286s] -- Looking for gz-sensors7-depth_camera -- found version 7.3.0
[1.286s] -- Searching for dependencies of gz-sensors7-depth_camera
[1.287s] -- Looking for gz-sensors7 -- found version 7.3.0
[1.287s] -- Searching for <gz-sensors7> component [rgbd_camera]
[1.288s] -- Looking for gz-sensors7-rgbd_camera -- found version 7.3.0
[1.288s] -- Searching for dependencies of gz-sensors7-rgbd_camera
[1.289s] -- Looking for gz-sensors7 -- found version 7.3.0
[1.289s] -- Searching for <gz-sensors7> component [thermal_camera]
[1.290s] -- Looking for gz-sensors7-thermal_camera -- found version 7.3.0
[1.291s] -- Searching for dependencies of gz-sensors7-thermal_camera
[1.291s] -- Looking for gz-sensors7 -- found version 7.3.0
[1.291s] -- Searching for <gz-sensors7> component [wide_angle_camera]
[1.293s] -- Looking for gz-sensors7-wide_angle_camera -- found version 7.3.0
[1.293s] -- Searching for dependencies of gz-sensors7-wide_angle_camera
[1.294s] -- Looking for gz-rendering7 -- found version 7.4.2
[1.294s] -- Looking for gz-math7 -- found version 7.5.1
[1.294s] -- Looking for gz-utils2 -- found version 2.2.0
[1.308s] -- Looking for gz-common5 -- found version 5.6.0
[1.308s] -- Looking for gz-fuel_tools8 -- found version 8.1.0
[1.308s] -- Looking for gz-math7 -- found version 7.5.1
[1.309s] -- Looking for gz-msgs9 -- found version 9.5.0
[1.309s] -- Looking for gz-transport12 -- found version 12.2.1
[1.309s] -- Looking for gz-plugin2 -- found version 2.0.3
[1.309s] -- Looking for gz-rendering7 -- found version 7.4.2
[1.310s] -- Looking for gz-sensors7 -- found version 7.3.0
[1.310s] -- Looking for gz-utils2 -- found version 2.2.0
[1.310s] -- Looking for sdformat13 -- found version 13.8.0
[1.311s] -- Found std_msgs: 4.2.4 (/opt/ros/humble/share/std_msgs/cmake)
[1.331s] -- Found rosidl_generator_c: 3.1.5 (/opt/ros/humble/share/rosidl_generator_c/cmake)
[1.334s] -- Found rosidl_adapter: 3.1.5 (/opt/ros/humble/share/rosidl_adapter/cmake)
[1.340s] -- Found rosidl_generator_cpp: 3.1.5 (/opt/ros/humble/share/rosidl_generator_cpp/cmake)
[1.348s] -- Using all available rosidl_typesupport_c: rosidl_typesupport_fastrtps_c;rosidl_typesupport_introspection_c
[1.360s] -- Using all available rosidl_typesupport_cpp: rosidl_typesupport_fastrtps_cpp;rosidl_typesupport_introspection_cpp
[1.378s] -- Found vrx_gz: 0.0.0 (/home/newman/vrx_ws/src/mission_windwatch/install/share/vrx_gz/cmake)
[1.489s] -- Configuring done
[1.500s] -- Generating done
[1.502s] -- Build files have been written to: /home/newman/vrx_ws/src/mission_windwatch/build/aquabot_gz
[1.511s] Invoked command in '/home/newman/vrx_ws/src/mission_windwatch/build/aquabot_gz' returned '0': CMAKE_PREFIX_PATH=${CMAKE_PREFIX_PATH}:/opt/ros/humble /usr/bin/cmake /home/newman/vrx_ws/src/mission_windwatch/src/aquabot/aquabot_gz -DCMAKE_INSTALL_PREFIX=/home/newman/vrx_ws/src/mission_windwatch/install
[1.512s] Invoking command in '/home/newman/vrx_ws/src/mission_windwatch/build/aquabot_gz': CMAKE_PREFIX_PATH=${CMAKE_PREFIX_PATH}:/opt/ros/humble /usr/bin/cmake --build /home/newman/vrx_ws/src/mission_windwatch/build/aquabot_gz -- -j9 -l9
[1.549s] [ 16%] [32mBuilding CXX object CMakeFiles/WindturbinesInspectionScoringPlugin.dir/src/WindturbinesInspectionScoringPlugin.cc.o[0m
[1.550s] [ 33%] [32mBuilding CXX object CMakeFiles/WindturbinesInspectionScoringPlugin.dir/home/newman/vrx_ws/src/mission_windwatch/src/vrx/vrx_gz/src/WaypointMarkers.cc.o[0m
[1.550s] [ 50%] [32mBuilding CXX object CMakeFiles/PatrolAndFollowScoringPlugin.dir/src/PatrolAndFollowScoringPlugin.cc.o[0m
[1.550s] [ 66%] [32mBuilding CXX object CMakeFiles/PatrolAndFollowScoringPlugin.dir/home/newman/vrx_ws/src/mission_windwatch/src/vrx/vrx_gz/src/WaypointMarkers.cc.o[0m
[1.555s] [ 66%] Built target ament_cmake_python_copy_aquabot_gz
[1.847s] running egg_info
[1.847s] creating aquabot_gz.egg-info
[1.847s] writing aquabot_gz.egg-info/PKG-INFO
[1.848s] writing dependency_links to aquabot_gz.egg-info/dependency_links.txt
[1.848s] writing top-level names to aquabot_gz.egg-info/top_level.txt
[1.848s] writing manifest file 'aquabot_gz.egg-info/SOURCES.txt'
[1.849s] reading manifest file 'aquabot_gz.egg-info/SOURCES.txt'
[1.850s] writing manifest file 'aquabot_gz.egg-info/SOURCES.txt'
[2.113s] [ 66%] Built target ament_cmake_python_build_aquabot_gz_egg
[7.391s] [ 83%] [32m[1mLinking CXX shared library libPatrolAndFollowScoringPlugin.so[0m
[7.664s] [ 83%] Built target PatrolAndFollowScoringPlugin
[9.009s] [100%] [32m[1mLinking CXX shared library libWindturbinesInspectionScoringPlugin.so[0m
[9.326s] [100%] Built target WindturbinesInspectionScoringPlugin
[9.334s] Invoked command in '/home/newman/vrx_ws/src/mission_windwatch/build/aquabot_gz' returned '0': CMAKE_PREFIX_PATH=${CMAKE_PREFIX_PATH}:/opt/ros/humble /usr/bin/cmake --build /home/newman/vrx_ws/src/mission_windwatch/build/aquabot_gz -- -j9 -l9
[9.357s] Invoking command in '/home/newman/vrx_ws/src/mission_windwatch/build/aquabot_gz': CMAKE_PREFIX_PATH=${CMAKE_PREFIX_PATH}:/opt/ros/humble /usr/bin/cmake --install /home/newman/vrx_ws/src/mission_windwatch/build/aquabot_gz
[9.365s] -- Install configuration: ""
[9.365s] -- Installing: /home/newman/vrx_ws/src/mission_windwatch/install/share/aquabot_gz/environment/resource_paths.dsv
[9.365s] -- Installing: /home/newman/vrx_ws/src/mission_windwatch/install/share/aquabot_gz/environment/resource_paths.sh
[9.365s] -- Installing: /home/newman/vrx_ws/src/mission_windwatch/install/lib/libPatrolAndFollowScoringPlugin.so
[9.365s] -- Set runtime path of "/home/newman/vrx_ws/src/mission_windwatch/install/lib/libPatrolAndFollowScoringPlugin.so" to ""
[9.365s] -- Installing: /home/newman/vrx_ws/src/mission_windwatch/install/lib/libWindturbinesInspectionScoringPlugin.so
[9.367s] -- Set runtime path of "/home/newman/vrx_ws/src/mission_windwatch/install/lib/libWindturbinesInspectionScoringPlugin.so" to ""
[9.367s] -- Installing: /home/newman/vrx_ws/src/mission_windwatch/install/share/aquabot_gz/environment/pythonpath.sh
[9.367s] -- Installing: /home/newman/vrx_ws/src/mission_windwatch/install/share/aquabot_gz/environment/pythonpath.dsv
[9.367s] -- Installing: /home/newman/vrx_ws/src/mission_windwatch/install/local/lib/python3.10/dist-packages/aquabot_gz-0.6.0-py3.10.egg-info
[9.367s] -- Installing: /home/newman/vrx_ws/src/mission_windwatch/install/local/lib/python3.10/dist-packages/aquabot_gz-0.6.0-py3.10.egg-info/SOURCES.txt
[9.367s] -- Installing: /home/newman/vrx_ws/src/mission_windwatch/install/local/lib/python3.10/dist-packages/aquabot_gz-0.6.0-py3.10.egg-info/dependency_links.txt
[9.367s] -- Installing: /home/newman/vrx_ws/src/mission_windwatch/install/local/lib/python3.10/dist-packages/aquabot_gz-0.6.0-py3.10.egg-info/PKG-INFO
[9.367s] -- Installing: /home/newman/vrx_ws/src/mission_windwatch/install/local/lib/python3.10/dist-packages/aquabot_gz-0.6.0-py3.10.egg-info/top_level.txt
[9.367s] -- Installing: /home/newman/vrx_ws/src/mission_windwatch/install/local/lib/python3.10/dist-packages/aquabot_gz
[9.367s] -- Installing: /home/newman/vrx_ws/src/mission_windwatch/install/local/lib/python3.10/dist-packages/aquabot_gz/bridges.py
[9.367s] -- Installing: /home/newman/vrx_ws/src/mission_windwatch/install/local/lib/python3.10/dist-packages/aquabot_gz/launch.py
[9.368s] -- Installing: /home/newman/vrx_ws/src/mission_windwatch/install/local/lib/python3.10/dist-packages/aquabot_gz/__init__.py
[9.392s] Listing '/home/newman/vrx_ws/src/mission_windwatch/install/local/lib/python3.10/dist-packages/aquabot_gz'...
[9.392s] Compiling '/home/newman/vrx_ws/src/mission_windwatch/install/local/lib/python3.10/dist-packages/aquabot_gz/__init__.py'...
[9.392s] Compiling '/home/newman/vrx_ws/src/mission_windwatch/install/local/lib/python3.10/dist-packages/aquabot_gz/bridges.py'...
[9.392s] Compiling '/home/newman/vrx_ws/src/mission_windwatch/install/local/lib/python3.10/dist-packages/aquabot_gz/launch.py'...
[9.396s] -- Installing: /home/newman/vrx_ws/src/mission_windwatch/install/share/aquabot_gz/launch
[9.396s] -- Installing: /home/newman/vrx_ws/src/mission_windwatch/install/share/aquabot_gz/launch/competition.launch.py
[9.397s] -- Installing: /home/newman/vrx_ws/src/mission_windwatch/install/share/aquabot_gz/launch/rviz.launch.py
[9.397s] -- Installing: /home/newman/vrx_ws/src/mission_windwatch/install/share/aquabot_gz/models
[9.397s] -- Installing: /home/newman/vrx_ws/src/mission_windwatch/install/share/aquabot_gz/models/aquabot_tree
[9.397s] -- Installing: /home/newman/vrx_ws/src/mission_windwatch/install/share/aquabot_gz/models/aquabot_tree/model.config
[9.397s] -- Installing: /home/newman/vrx_ws/src/mission_windwatch/install/share/aquabot_gz/models/aquabot_tree/model.sdf
[9.397s] -- Installing: /home/newman/vrx_ws/src/mission_windwatch/install/share/aquabot_gz/models/aquabot_tree/mesh
[9.397s] -- Installing: /home/newman/vrx_ws/src/mission_windwatch/install/share/aquabot_gz/models/aquabot_tree/mesh/tree.dae
[9.397s] -- Installing: /home/newman/vrx_ws/src/mission_windwatch/install/share/aquabot_gz/models/aquabot_greenboat
[9.397s] -- Installing: /home/newman/vrx_ws/src/mission_windwatch/install/share/aquabot_gz/models/aquabot_greenboat/model.config
[9.397s] -- Installing: /home/newman/vrx_ws/src/mission_windwatch/install/share/aquabot_gz/models/aquabot_greenboat/model.sdf
[9.398s] -- Installing: /home/newman/vrx_ws/src/mission_windwatch/install/share/aquabot_gz/models/aquabot_greenboat/mesh
[9.398s] -- Installing: /home/newman/vrx_ws/src/mission_windwatch/install/share/aquabot_gz/models/aquabot_greenboat/mesh/greenboat.dae
[9.398s] -- Installing: /home/newman/vrx_ws/src/mission_windwatch/install/share/aquabot_gz/models/aquabot_sapling
[9.398s] -- Installing: /home/newman/vrx_ws/src/mission_windwatch/install/share/aquabot_gz/models/aquabot_sapling/model.config
[9.398s] -- Installing: /home/newman/vrx_ws/src/mission_windwatch/install/share/aquabot_gz/models/aquabot_sapling/model.sdf
[9.398s] -- Installing: /home/newman/vrx_ws/src/mission_windwatch/install/share/aquabot_gz/models/aquabot_sapling/mesh
[9.399s] -- Installing: /home/newman/vrx_ws/src/mission_windwatch/install/share/aquabot_gz/models/aquabot_sapling/mesh/sapling.dae
[9.399s] -- Installing: /home/newman/vrx_ws/src/mission_windwatch/install/share/aquabot_gz/models/aquabot_marker_9_KO
[9.399s] -- Installing: /home/newman/vrx_ws/src/mission_windwatch/install/share/aquabot_gz/models/aquabot_marker_9_KO/materials
[9.399s] -- Installing: /home/newman/vrx_ws/src/mission_windwatch/install/share/aquabot_gz/models/aquabot_marker_9_KO/materials/textures
[9.399s] -- Installing: /home/newman/vrx_ws/src/mission_windwatch/install/share/aquabot_gz/models/aquabot_marker_9_KO/materials/textures/Marker0.png
[9.399s] -- Installing: /home/newman/vrx_ws/src/mission_windwatch/install/share/aquabot_gz/models/aquabot_marker_9_KO/materials/textures/aquabot_marker_9_KO.png
[9.399s] -- Installing: /home/newman/vrx_ws/src/mission_windwatch/install/share/aquabot_gz/models/aquabot_marker_9_KO/model.config
[9.399s] -- Installing: /home/newman/vrx_ws/src/mission_windwatch/install/share/aquabot_gz/models/aquabot_marker_9_KO/meshes
[9.399s] -- Installing: /home/newman/vrx_ws/src/mission_windwatch/install/share/aquabot_gz/models/aquabot_marker_9_KO/meshes/Marker0.dae
[9.399s] -- Installing: /home/newman/vrx_ws/src/mission_windwatch/install/share/aquabot_gz/models/aquabot_marker_9_KO/model.sdf
[9.399s] -- Installing: /home/newman/vrx_ws/src/mission_windwatch/install/share/aquabot_gz/models/aquabot_lighthouse_island
[9.399s] -- Installing: /home/newman/vrx_ws/src/mission_windwatch/install/share/aquabot_gz/models/aquabot_lighthouse_island/model.config
[9.399s] -- Installing: /home/newman/vrx_ws/src/mission_windwatch/install/share/aquabot_gz/models/aquabot_lighthouse_island/model.sdf
[9.399s] -- Installing: /home/newman/vrx_ws/src/mission_windwatch/install/share/aquabot_gz/models/aquabot_marker_0_OK
[9.399s] -- Installing: /home/newman/vrx_ws/src/mission_windwatch/install/share/aquabot_gz/models/aquabot_marker_0_OK/materials
[9.400s] -- Installing: /home/newman/vrx_ws/src/mission_windwatch/install/share/aquabot_gz/models/aquabot_marker_0_OK/materials/textures
[9.400s] -- Installing: /home/newman/vrx_ws/src/mission_windwatch/install/share/aquabot_gz/models/aquabot_marker_0_OK/materials/textures/Marker0.png
[9.400s] -- Installing: /home/newman/vrx_ws/src/mission_windwatch/install/share/aquabot_gz/models/aquabot_marker_0_OK/materials/textures/aquabot_marker_0_OK.png
[9.400s] -- Installing: /home/newman/vrx_ws/src/mission_windwatch/install/share/aquabot_gz/models/aquabot_marker_0_OK/model.config
[9.400s] -- Installing: /home/newman/vrx_ws/src/mission_windwatch/install/share/aquabot_gz/models/aquabot_marker_0_OK/meshes
[9.400s] -- Installing: /home/newman/vrx_ws/src/mission_windwatch/install/share/aquabot_gz/models/aquabot_marker_0_OK/meshes/Marker0.dae
[9.400s] -- Installing: /home/newman/vrx_ws/src/mission_windwatch/install/share/aquabot_gz/models/aquabot_marker_0_OK/model.sdf
[9.400s] -- Installing: /home/newman/vrx_ws/src/mission_windwatch/install/share/aquabot_gz/models/aquabot_windturbine_main
[9.400s] -- Installing: /home/newman/vrx_ws/src/mission_windwatch/install/share/aquabot_gz/models/aquabot_windturbine_main/model.config
[9.400s] -- Installing: /home/newman/vrx_ws/src/mission_windwatch/install/share/aquabot_gz/models/aquabot_windturbine_main/model.sdf
[9.400s] -- Installing: /home/newman/vrx_ws/src/mission_windwatch/install/share/aquabot_gz/models/aquabot_windturbine_main/mesh
[9.400s] -- Installing: /home/newman/vrx_ws/src/mission_windwatch/install/share/aquabot_gz/models/aquabot_windturbine_main/mesh/main.dae
[9.400s] -- Installing: /home/newman/vrx_ws/src/mission_windwatch/install/share/aquabot_gz/models/aquabot_marker_4_OK
[9.401s] -- Installing: /home/newman/vrx_ws/src/mission_windwatch/install/share/aquabot_gz/models/aquabot_marker_4_OK/materials
[9.401s] -- Installing: /home/newman/vrx_ws/src/mission_windwatch/install/share/aquabot_gz/models/aquabot_marker_4_OK/materials/textures
[9.401s] -- Installing: /home/newman/vrx_ws/src/mission_windwatch/install/share/aquabot_gz/models/aquabot_marker_4_OK/materials/textures/Marker0.png
[9.401s] -- Installing: /home/newman/vrx_ws/src/mission_windwatch/install/share/aquabot_gz/models/aquabot_marker_4_OK/materials/textures/aquabot_marker_4_OK.png
[9.401s] -- Installing: /home/newman/vrx_ws/src/mission_windwatch/install/share/aquabot_gz/models/aquabot_marker_4_OK/model.config
[9.401s] -- Installing: /home/newman/vrx_ws/src/mission_windwatch/install/share/aquabot_gz/models/aquabot_marker_4_OK/meshes
[9.401s] -- Installing: /home/newman/vrx_ws/src/mission_windwatch/install/share/aquabot_gz/models/aquabot_marker_4_OK/meshes/Marker0.dae
[9.401s] -- Installing: /home/newman/vrx_ws/src/mission_windwatch/install/share/aquabot_gz/models/aquabot_marker_4_OK/model.sdf
[9.401s] -- Installing: /home/newman/vrx_ws/src/mission_windwatch/install/share/aquabot_gz/models/aquabot_sonar_buoy
[9.401s] -- Installing: /home/newman/vrx_ws/src/mission_windwatch/install/share/aquabot_gz/models/aquabot_sonar_buoy/model.config
[9.401s] -- Installing: /home/newman/vrx_ws/src/mission_windwatch/install/share/aquabot_gz/models/aquabot_sonar_buoy/model.sdf
[9.401s] -- Installing: /home/newman/vrx_ws/src/mission_windwatch/install/share/aquabot_gz/models/aquabot_sonar_buoy/mesh
[9.401s] -- Installing: /home/newman/vrx_ws/src/mission_windwatch/install/share/aquabot_gz/models/aquabot_sonar_buoy/mesh/sonar_buoy.dae
[9.402s] -- Installing: /home/newman/vrx_ws/src/mission_windwatch/install/share/aquabot_gz/models/aquabot_rock_island_1
[9.402s] -- Installing: /home/newman/vrx_ws/src/mission_windwatch/install/share/aquabot_gz/models/aquabot_rock_island_1/model.config
[9.402s] -- Installing: /home/newman/vrx_ws/src/mission_windwatch/install/share/aquabot_gz/models/aquabot_rock_island_1/model.sdf
[9.402s] -- Installing: /home/newman/vrx_ws/src/mission_windwatch/install/share/aquabot_gz/models/aquabot_marker_2_KO
[9.402s] -- Installing: /home/newman/vrx_ws/src/mission_windwatch/install/share/aquabot_gz/models/aquabot_marker_2_KO/materials
[9.402s] -- Installing: /home/newman/vrx_ws/src/mission_windwatch/install/share/aquabot_gz/models/aquabot_marker_2_KO/materials/textures
[9.402s] -- Installing: /home/newman/vrx_ws/src/mission_windwatch/install/share/aquabot_gz/models/aquabot_marker_2_KO/materials/textures/Marker0.png
[9.402s] -- Installing: /home/newman/vrx_ws/src/mission_windwatch/install/share/aquabot_gz/models/aquabot_marker_2_KO/materials/textures/aquabot_marker_2_KO.png
[9.402s] -- Installing: /home/newman/vrx_ws/src/mission_windwatch/install/share/aquabot_gz/models/aquabot_marker_2_KO/model.config
[9.402s] -- Installing: /home/newman/vrx_ws/src/mission_windwatch/install/share/aquabot_gz/models/aquabot_marker_2_KO/meshes
[9.402s] -- Installing: /home/newman/vrx_ws/src/mission_windwatch/install/share/aquabot_gz/models/aquabot_marker_2_KO/meshes/Marker0.dae
[9.403s] -- Installing: /home/newman/vrx_ws/src/mission_windwatch/install/share/aquabot_gz/models/aquabot_marker_2_KO/model.sdf
[9.403s] -- Installing: /home/newman/vrx_ws/src/mission_windwatch/install/share/aquabot_gz/models/aquabot_marker_4_KO
[9.403s] -- Installing: /home/newman/vrx_ws/src/mission_windwatch/install/share/aquabot_gz/models/aquabot_marker_4_KO/materials
[9.403s] -- Installing: /home/newman/vrx_ws/src/mission_windwatch/install/share/aquabot_gz/models/aquabot_marker_4_KO/materials/textures
[9.403s] -- Installing: /home/newman/vrx_ws/src/mission_windwatch/install/share/aquabot_gz/models/aquabot_marker_4_KO/materials/textures/aquabot_marker_4_KO.png
[9.403s] -- Installing: /home/newman/vrx_ws/src/mission_windwatch/install/share/aquabot_gz/models/aquabot_marker_4_KO/materials/textures/Marker0.png
[9.403s] -- Installing: /home/newman/vrx_ws/src/mission_windwatch/install/share/aquabot_gz/models/aquabot_marker_4_KO/model.config
[9.403s] -- Installing: /home/newman/vrx_ws/src/mission_windwatch/install/share/aquabot_gz/models/aquabot_marker_4_KO/meshes
[9.403s] -- Installing: /home/newman/vrx_ws/src/mission_windwatch/install/share/aquabot_gz/models/aquabot_marker_4_KO/meshes/Marker0.dae
[9.403s] -- Installing: /home/newman/vrx_ws/src/mission_windwatch/install/share/aquabot_gz/models/aquabot_marker_4_KO/model.sdf
[9.403s] -- Installing: /home/newman/vrx_ws/src/mission_windwatch/install/share/aquabot_gz/models/aquabot_marker_7_OK
[9.403s] -- Installing: /home/newman/vrx_ws/src/mission_windwatch/install/share/aquabot_gz/models/aquabot_marker_7_OK/materials
[9.403s] -- Installing: /home/newman/vrx_ws/src/mission_windwatch/install/share/aquabot_gz/models/aquabot_marker_7_OK/materials/textures
[9.404s] -- Installing: /home/newman/vrx_ws/src/mission_windwatch/install/share/aquabot_gz/models/aquabot_marker_7_OK/materials/textures/aquabot_marker_7_OK.png
[9.404s] -- Installing: /home/newman/vrx_ws/src/mission_windwatch/install/share/aquabot_gz/models/aquabot_marker_7_OK/materials/textures/Marker0.png
[9.404s] -- Installing: /home/newman/vrx_ws/src/mission_windwatch/install/share/aquabot_gz/models/aquabot_marker_7_OK/model.config
[9.404s] -- Installing: /home/newman/vrx_ws/src/mission_windwatch/install/share/aquabot_gz/models/aquabot_marker_7_OK/meshes
[9.404s] -- Installing: /home/newman/vrx_ws/src/mission_windwatch/install/share/aquabot_gz/models/aquabot_marker_7_OK/meshes/Marker0.dae
[9.404s] -- Installing: /home/newman/vrx_ws/src/mission_windwatch/install/share/aquabot_gz/models/aquabot_marker_7_OK/model.sdf
[9.404s] -- Installing: /home/newman/vrx_ws/src/mission_windwatch/install/share/aquabot_gz/models/aquabot_regatta_no_obstacles_world
[9.404s] -- Installing: /home/newman/vrx_ws/src/mission_windwatch/install/share/aquabot_gz/models/aquabot_regatta_no_obstacles_world/model.config
[9.404s] -- Installing: /home/newman/vrx_ws/src/mission_windwatch/install/share/aquabot_gz/models/aquabot_regatta_no_obstacles_world/model.sdf
[9.404s] -- Installing: /home/newman/vrx_ws/src/mission_windwatch/install/share/aquabot_gz/models/aquabot_marker_9_OK
[9.404s] -- Installing: /home/newman/vrx_ws/src/mission_windwatch/install/share/aquabot_gz/models/aquabot_marker_9_OK/materials
[9.404s] -- Installing: /home/newman/vrx_ws/src/mission_windwatch/install/share/aquabot_gz/models/aquabot_marker_9_OK/materials/textures
[9.404s] -- Installing: /home/newman/vrx_ws/src/mission_windwatch/install/share/aquabot_gz/models/aquabot_marker_9_OK/materials/textures/aquabot_marker_9_OK.png
[9.405s] -- Installing: /home/newman/vrx_ws/src/mission_windwatch/install/share/aquabot_gz/models/aquabot_marker_9_OK/materials/textures/Marker0.png
[9.405s] -- Installing: /home/newman/vrx_ws/src/mission_windwatch/install/share/aquabot_gz/models/aquabot_marker_9_OK/model.config
[9.405s] -- Installing: /home/newman/vrx_ws/src/mission_windwatch/install/share/aquabot_gz/models/aquabot_marker_9_OK/meshes
[9.405s] -- Installing: /home/newman/vrx_ws/src/mission_windwatch/install/share/aquabot_gz/models/aquabot_marker_9_OK/meshes/Marker0.dae
[9.405s] -- Installing: /home/newman/vrx_ws/src/mission_windwatch/install/share/aquabot_gz/models/aquabot_marker_9_OK/model.sdf
[9.405s] -- Installing: /home/newman/vrx_ws/src/mission_windwatch/install/share/aquabot_gz/models/aquabot_rock
[9.405s] -- Installing: /home/newman/vrx_ws/src/mission_windwatch/install/share/aquabot_gz/models/aquabot_rock/model.config
[9.405s] -- Installing: /home/newman/vrx_ws/src/mission_windwatch/install/share/aquabot_gz/models/aquabot_rock/model.sdf
[9.405s] -- Installing: /home/newman/vrx_ws/src/mission_windwatch/install/share/aquabot_gz/models/aquabot_rock/mesh
[9.405s] -- Installing: /home/newman/vrx_ws/src/mission_windwatch/install/share/aquabot_gz/models/aquabot_rock/mesh/rock.dae
[9.405s] -- Installing: /home/newman/vrx_ws/src/mission_windwatch/install/share/aquabot_gz/models/aquabot_island
[9.405s] -- Installing: /home/newman/vrx_ws/src/mission_windwatch/install/share/aquabot_gz/models/aquabot_island/model.config
[9.406s] -- Installing: /home/newman/vrx_ws/src/mission_windwatch/install/share/aquabot_gz/models/aquabot_island/model.sdf
[9.406s] -- Installing: /home/newman/vrx_ws/src/mission_windwatch/install/share/aquabot_gz/models/aquabot_marker_6_OK
[9.406s] -- Installing: /home/newman/vrx_ws/src/mission_windwatch/install/share/aquabot_gz/models/aquabot_marker_6_OK/materials
[9.406s] -- Installing: /home/newman/vrx_ws/src/mission_windwatch/install/share/aquabot_gz/models/aquabot_marker_6_OK/materials/textures
[9.406s] -- Installing: /home/newman/vrx_ws/src/mission_windwatch/install/share/aquabot_gz/models/aquabot_marker_6_OK/materials/textures/aquabot_marker_6_OK.png
[9.406s] -- Installing: /home/newman/vrx_ws/src/mission_windwatch/install/share/aquabot_gz/models/aquabot_marker_6_OK/materials/textures/Marker0.png
[9.406s] -- Installing: /home/newman/vrx_ws/src/mission_windwatch/install/share/aquabot_gz/models/aquabot_marker_6_OK/model.config
[9.406s] -- Installing: /home/newman/vrx_ws/src/mission_windwatch/install/share/aquabot_gz/models/aquabot_marker_6_OK/meshes
[9.406s] -- Installing: /home/newman/vrx_ws/src/mission_windwatch/install/share/aquabot_gz/models/aquabot_marker_6_OK/meshes/Marker0.dae
[9.406s] -- Installing: /home/newman/vrx_ws/src/mission_windwatch/install/share/aquabot_gz/models/aquabot_marker_6_OK/model.sdf
[9.406s] -- Installing: /home/newman/vrx_ws/src/mission_windwatch/install/share/aquabot_gz/models/aquabot_grass
[9.406s] -- Installing: /home/newman/vrx_ws/src/mission_windwatch/install/share/aquabot_gz/models/aquabot_grass/model.config
[9.406s] -- Installing: /home/newman/vrx_ws/src/mission_windwatch/install/share/aquabot_gz/models/aquabot_grass/model.sdf
[9.407s] -- Installing: /home/newman/vrx_ws/src/mission_windwatch/install/share/aquabot_gz/models/aquabot_grass/mesh
[9.407s] -- Installing: /home/newman/vrx_ws/src/mission_windwatch/install/share/aquabot_gz/models/aquabot_grass/mesh/grass.dae
[9.407s] -- Installing: /home/newman/vrx_ws/src/mission_windwatch/install/share/aquabot_gz/models/aquabot_windturbine_rotor
[9.407s] -- Installing: /home/newman/vrx_ws/src/mission_windwatch/install/share/aquabot_gz/models/aquabot_windturbine_rotor/model.config
[9.407s] -- Installing: /home/newman/vrx_ws/src/mission_windwatch/install/share/aquabot_gz/models/aquabot_windturbine_rotor/model.sdf
[9.407s] -- Installing: /home/newman/vrx_ws/src/mission_windwatch/install/share/aquabot_gz/models/aquabot_windturbine_rotor/mesh
[9.407s] -- Installing: /home/newman/vrx_ws/src/mission_windwatch/install/share/aquabot_gz/models/aquabot_windturbine_rotor/mesh/rotor.dae
[9.407s] -- Installing: /home/newman/vrx_ws/src/mission_windwatch/install/share/aquabot_gz/models/aquabot_marker_5_KO
[9.407s] -- Installing: /home/newman/vrx_ws/src/mission_windwatch/install/share/aquabot_gz/models/aquabot_marker_5_KO/materials
[9.407s] -- Installing: /home/newman/vrx_ws/src/mission_windwatch/install/share/aquabot_gz/models/aquabot_marker_5_KO/materials/textures
[9.407s] -- Installing: /home/newman/vrx_ws/src/mission_windwatch/install/share/aquabot_gz/models/aquabot_marker_5_KO/materials/textures/Marker0.png
[9.407s] -- Installing: /home/newman/vrx_ws/src/mission_windwatch/install/share/aquabot_gz/models/aquabot_marker_5_KO/materials/textures/aquabot_marker_5_KO.png
[9.407s] -- Installing: /home/newman/vrx_ws/src/mission_windwatch/install/share/aquabot_gz/models/aquabot_marker_5_KO/model.config
[9.408s] -- Installing: /home/newman/vrx_ws/src/mission_windwatch/install/share/aquabot_gz/models/aquabot_marker_5_KO/meshes
[9.408s] -- Installing: /home/newman/vrx_ws/src/mission_windwatch/install/share/aquabot_gz/models/aquabot_marker_5_KO/meshes/Marker0.dae
[9.408s] -- Installing: /home/newman/vrx_ws/src/mission_windwatch/install/share/aquabot_gz/models/aquabot_marker_5_KO/model.sdf
[9.408s] -- Installing: /home/newman/vrx_ws/src/mission_windwatch/install/share/aquabot_gz/models/aquabot_marker_0_KO
[9.408s] -- Installing: /home/newman/vrx_ws/src/mission_windwatch/install/share/aquabot_gz/models/aquabot_marker_0_KO/materials
[9.408s] -- Installing: /home/newman/vrx_ws/src/mission_windwatch/install/share/aquabot_gz/models/aquabot_marker_0_KO/materials/textures
[9.408s] -- Installing: /home/newman/vrx_ws/src/mission_windwatch/install/share/aquabot_gz/models/aquabot_marker_0_KO/materials/textures/aquabot_marker_0_KO.png
[9.408s] -- Installing: /home/newman/vrx_ws/src/mission_windwatch/install/share/aquabot_gz/models/aquabot_marker_0_KO/materials/textures/Marker0.png
[9.408s] -- Installing: /home/newman/vrx_ws/src/mission_windwatch/install/share/aquabot_gz/models/aquabot_marker_0_KO/model.config
[9.408s] -- Installing: /home/newman/vrx_ws/src/mission_windwatch/install/share/aquabot_gz/models/aquabot_marker_0_KO/meshes
[9.408s] -- Installing: /home/newman/vrx_ws/src/mission_windwatch/install/share/aquabot_gz/models/aquabot_marker_0_KO/meshes/Marker0.dae
[9.408s] -- Installing: /home/newman/vrx_ws/src/mission_windwatch/install/share/aquabot_gz/models/aquabot_marker_0_KO/model.sdf
[9.409s] -- Installing: /home/newman/vrx_ws/src/mission_windwatch/install/share/aquabot_gz/models/aquabot_redboat
[9.409s] -- Installing: /home/newman/vrx_ws/src/mission_windwatch/install/share/aquabot_gz/models/aquabot_redboat/model.config
[9.409s] -- Installing: /home/newman/vrx_ws/src/mission_windwatch/install/share/aquabot_gz/models/aquabot_redboat/model.sdf
[9.409s] -- Installing: /home/newman/vrx_ws/src/mission_windwatch/install/share/aquabot_gz/models/aquabot_redboat/mesh
[9.409s] -- Installing: /home/newman/vrx_ws/src/mission_windwatch/install/share/aquabot_gz/models/aquabot_redboat/mesh/redboat.dae
[9.409s] -- Installing: /home/newman/vrx_ws/src/mission_windwatch/install/share/aquabot_gz/models/aquabot_marker_8_KO
[9.409s] -- Installing: /home/newman/vrx_ws/src/mission_windwatch/install/share/aquabot_gz/models/aquabot_marker_8_KO/materials
[9.409s] -- Installing: /home/newman/vrx_ws/src/mission_windwatch/install/share/aquabot_gz/models/aquabot_marker_8_KO/materials/textures
[9.409s] -- Installing: /home/newman/vrx_ws/src/mission_windwatch/install/share/aquabot_gz/models/aquabot_marker_8_KO/materials/textures/aquabot_marker_8_KO.png
[9.410s] -- Installing: /home/newman/vrx_ws/src/mission_windwatch/install/share/aquabot_gz/models/aquabot_marker_8_KO/materials/textures/Marker0.png
[9.410s] -- Installing: /home/newman/vrx_ws/src/mission_windwatch/install/share/aquabot_gz/models/aquabot_marker_8_KO/model.config
[9.410s] -- Installing: /home/newman/vrx_ws/src/mission_windwatch/install/share/aquabot_gz/models/aquabot_marker_8_KO/meshes
[9.410s] -- Installing: /home/newman/vrx_ws/src/mission_windwatch/install/share/aquabot_gz/models/aquabot_marker_8_KO/meshes/Marker0.dae
[9.410s] -- Installing: /home/newman/vrx_ws/src/mission_windwatch/install/share/aquabot_gz/models/aquabot_marker_8_KO/model.sdf
[9.410s] -- Installing: /home/newman/vrx_ws/src/mission_windwatch/install/share/aquabot_gz/models/aquabot_marker_5_OK
[9.410s] -- Installing: /home/newman/vrx_ws/src/mission_windwatch/install/share/aquabot_gz/models/aquabot_marker_5_OK/materials
[9.410s] -- Installing: /home/newman/vrx_ws/src/mission_windwatch/install/share/aquabot_gz/models/aquabot_marker_5_OK/materials/textures
[9.410s] -- Installing: /home/newman/vrx_ws/src/mission_windwatch/install/share/aquabot_gz/models/aquabot_marker_5_OK/materials/textures/Marker0.png
[9.410s] -- Installing: /home/newman/vrx_ws/src/mission_windwatch/install/share/aquabot_gz/models/aquabot_marker_5_OK/materials/textures/aquabot_marker_5_OK.png
[9.410s] -- Installing: /home/newman/vrx_ws/src/mission_windwatch/install/share/aquabot_gz/models/aquabot_marker_5_OK/model.config
[9.410s] -- Installing: /home/newman/vrx_ws/src/mission_windwatch/install/share/aquabot_gz/models/aquabot_marker_5_OK/meshes
[9.410s] -- Installing: /home/newman/vrx_ws/src/mission_windwatch/install/share/aquabot_gz/models/aquabot_marker_5_OK/meshes/Marker0.dae
[9.411s] -- Installing: /home/newman/vrx_ws/src/mission_windwatch/install/share/aquabot_gz/models/aquabot_marker_5_OK/model.sdf
[9.411s] -- Installing: /home/newman/vrx_ws/src/mission_windwatch/install/share/aquabot_gz/models/aquabot_marker_8_OK
[9.411s] -- Installing: /home/newman/vrx_ws/src/mission_windwatch/install/share/aquabot_gz/models/aquabot_marker_8_OK/materials
[9.411s] -- Installing: /home/newman/vrx_ws/src/mission_windwatch/install/share/aquabot_gz/models/aquabot_marker_8_OK/materials/textures
[9.411s] -- Installing: /home/newman/vrx_ws/src/mission_windwatch/install/share/aquabot_gz/models/aquabot_marker_8_OK/materials/textures/Marker0.png
[9.411s] -- Installing: /home/newman/vrx_ws/src/mission_windwatch/install/share/aquabot_gz/models/aquabot_marker_8_OK/materials/textures/aquabot_marker_8_OK.png
[9.411s] -- Installing: /home/newman/vrx_ws/src/mission_windwatch/install/share/aquabot_gz/models/aquabot_marker_8_OK/model.config
[9.411s] -- Installing: /home/newman/vrx_ws/src/mission_windwatch/install/share/aquabot_gz/models/aquabot_marker_8_OK/meshes
[9.411s] -- Installing: /home/newman/vrx_ws/src/mission_windwatch/install/share/aquabot_gz/models/aquabot_marker_8_OK/meshes/Marker0.dae
[9.411s] -- Installing: /home/newman/vrx_ws/src/mission_windwatch/install/share/aquabot_gz/models/aquabot_marker_8_OK/model.sdf
[9.411s] -- Installing: /home/newman/vrx_ws/src/mission_windwatch/install/share/aquabot_gz/models/aquabot_marker_2_OK
[9.411s] -- Installing: /home/newman/vrx_ws/src/mission_windwatch/install/share/aquabot_gz/models/aquabot_marker_2_OK/materials
[9.411s] -- Installing: /home/newman/vrx_ws/src/mission_windwatch/install/share/aquabot_gz/models/aquabot_marker_2_OK/materials/textures
[9.412s] -- Installing: /home/newman/vrx_ws/src/mission_windwatch/install/share/aquabot_gz/models/aquabot_marker_2_OK/materials/textures/Marker0.png
[9.412s] -- Installing: /home/newman/vrx_ws/src/mission_windwatch/install/share/aquabot_gz/models/aquabot_marker_2_OK/materials/textures/aquabot_marker_2_OK.png
[9.412s] -- Installing: /home/newman/vrx_ws/src/mission_windwatch/install/share/aquabot_gz/models/aquabot_marker_2_OK/model.config
[9.412s] -- Installing: /home/newman/vrx_ws/src/mission_windwatch/install/share/aquabot_gz/models/aquabot_marker_2_OK/meshes
[9.412s] -- Installing: /home/newman/vrx_ws/src/mission_windwatch/install/share/aquabot_gz/models/aquabot_marker_2_OK/meshes/Marker0.dae
[9.412s] -- Installing: /home/newman/vrx_ws/src/mission_windwatch/install/share/aquabot_gz/models/aquabot_marker_2_OK/model.sdf
[9.412s] -- Installing: /home/newman/vrx_ws/src/mission_windwatch/install/share/aquabot_gz/models/aquabot_marker_3_KO
[9.412s] -- Installing: /home/newman/vrx_ws/src/mission_windwatch/install/share/aquabot_gz/models/aquabot_marker_3_KO/materials
[9.412s] -- Installing: /home/newman/vrx_ws/src/mission_windwatch/install/share/aquabot_gz/models/aquabot_marker_3_KO/materials/textures
[9.412s] -- Installing: /home/newman/vrx_ws/src/mission_windwatch/install/share/aquabot_gz/models/aquabot_marker_3_KO/materials/textures/aquabot_marker_3_KO.png
[9.412s] -- Installing: /home/newman/vrx_ws/src/mission_windwatch/install/share/aquabot_gz/models/aquabot_marker_3_KO/materials/textures/Marker0.png
[9.412s] -- Installing: /home/newman/vrx_ws/src/mission_windwatch/install/share/aquabot_gz/models/aquabot_marker_3_KO/model.config
[9.412s] -- Installing: /home/newman/vrx_ws/src/mission_windwatch/install/share/aquabot_gz/models/aquabot_marker_3_KO/meshes
[9.412s] -- Installing: /home/newman/vrx_ws/src/mission_windwatch/install/share/aquabot_gz/models/aquabot_marker_3_KO/meshes/Marker0.dae
[9.413s] -- Installing: /home/newman/vrx_ws/src/mission_windwatch/install/share/aquabot_gz/models/aquabot_marker_3_KO/model.sdf
[9.413s] -- Installing: /home/newman/vrx_ws/src/mission_windwatch/install/share/aquabot_gz/models/aquabot_marker_1_KO
[9.413s] -- Installing: /home/newman/vrx_ws/src/mission_windwatch/install/share/aquabot_gz/models/aquabot_marker_1_KO/materials
[9.413s] -- Installing: /home/newman/vrx_ws/src/mission_windwatch/install/share/aquabot_gz/models/aquabot_marker_1_KO/materials/textures
[9.413s] -- Installing: /home/newman/vrx_ws/src/mission_windwatch/install/share/aquabot_gz/models/aquabot_marker_1_KO/materials/textures/Marker0.png
[9.413s] -- Installing: /home/newman/vrx_ws/src/mission_windwatch/install/share/aquabot_gz/models/aquabot_marker_1_KO/materials/textures/aquabot_marker_1_KO.png
[9.413s] -- Installing: /home/newman/vrx_ws/src/mission_windwatch/install/share/aquabot_gz/models/aquabot_marker_1_KO/model.config
[9.413s] -- Installing: /home/newman/vrx_ws/src/mission_windwatch/install/share/aquabot_gz/models/aquabot_marker_1_KO/meshes
[9.413s] -- Installing: /home/newman/vrx_ws/src/mission_windwatch/install/share/aquabot_gz/models/aquabot_marker_1_KO/meshes/Marker0.dae
[9.413s] -- Installing: /home/newman/vrx_ws/src/mission_windwatch/install/share/aquabot_gz/models/aquabot_marker_1_KO/model.sdf
[9.413s] -- Installing: /home/newman/vrx_ws/src/mission_windwatch/install/share/aquabot_gz/models/aquabot_regatta_world
[9.413s] -- Installing: /home/newman/vrx_ws/src/mission_windwatch/install/share/aquabot_gz/models/aquabot_regatta_world/model.config
[9.413s] -- Installing: /home/newman/vrx_ws/src/mission_windwatch/install/share/aquabot_gz/models/aquabot_regatta_world/model.sdf
[9.413s] -- Installing: /home/newman/vrx_ws/src/mission_windwatch/install/share/aquabot_gz/models/aquabot_marker_3_OK
[9.413s] -- Installing: /home/newman/vrx_ws/src/mission_windwatch/install/share/aquabot_gz/models/aquabot_marker_3_OK/materials
[9.414s] -- Installing: /home/newman/vrx_ws/src/mission_windwatch/install/share/aquabot_gz/models/aquabot_marker_3_OK/materials/textures
[9.414s] -- Installing: /home/newman/vrx_ws/src/mission_windwatch/install/share/aquabot_gz/models/aquabot_marker_3_OK/materials/textures/aquabot_marker_3_OK.png
[9.414s] -- Installing: /home/newman/vrx_ws/src/mission_windwatch/install/share/aquabot_gz/models/aquabot_marker_3_OK/materials/textures/Marker0.png
[9.414s] -- Installing: /home/newman/vrx_ws/src/mission_windwatch/install/share/aquabot_gz/models/aquabot_marker_3_OK/model.config
[9.414s] -- Installing: /home/newman/vrx_ws/src/mission_windwatch/install/share/aquabot_gz/models/aquabot_marker_3_OK/meshes
[9.414s] -- Installing: /home/newman/vrx_ws/src/mission_windwatch/install/share/aquabot_gz/models/aquabot_marker_3_OK/meshes/Marker0.dae
[9.414s] -- Installing: /home/newman/vrx_ws/src/mission_windwatch/install/share/aquabot_gz/models/aquabot_marker_3_OK/model.sdf
[9.414s] -- Installing: /home/newman/vrx_ws/src/mission_windwatch/install/share/aquabot_gz/models/aquabot_marker_1_OK
[9.414s] -- Installing: /home/newman/vrx_ws/src/mission_windwatch/install/share/aquabot_gz/models/aquabot_marker_1_OK/materials
[9.414s] -- Installing: /home/newman/vrx_ws/src/mission_windwatch/install/share/aquabot_gz/models/aquabot_marker_1_OK/materials/textures
[9.414s] -- Installing: /home/newman/vrx_ws/src/mission_windwatch/install/share/aquabot_gz/models/aquabot_marker_1_OK/materials/textures/Marker0.png
[9.414s] -- Installing: /home/newman/vrx_ws/src/mission_windwatch/install/share/aquabot_gz/models/aquabot_marker_1_OK/materials/textures/aquabot_marker_1_OK.png
[9.414s] -- Installing: /home/newman/vrx_ws/src/mission_windwatch/install/share/aquabot_gz/models/aquabot_marker_1_OK/model.config
[9.414s] -- Installing: /home/newman/vrx_ws/src/mission_windwatch/install/share/aquabot_gz/models/aquabot_marker_1_OK/meshes
[9.415s] -- Installing: /home/newman/vrx_ws/src/mission_windwatch/install/share/aquabot_gz/models/aquabot_marker_1_OK/meshes/Marker0.dae
[9.415s] -- Installing: /home/newman/vrx_ws/src/mission_windwatch/install/share/aquabot_gz/models/aquabot_marker_1_OK/model.sdf
[9.415s] -- Installing: /home/newman/vrx_ws/src/mission_windwatch/install/share/aquabot_gz/models/aquabot_marker_6_KO
[9.415s] -- Installing: /home/newman/vrx_ws/src/mission_windwatch/install/share/aquabot_gz/models/aquabot_marker_6_KO/materials
[9.415s] -- Installing: /home/newman/vrx_ws/src/mission_windwatch/install/share/aquabot_gz/models/aquabot_marker_6_KO/materials/textures
[9.415s] -- Installing: /home/newman/vrx_ws/src/mission_windwatch/install/share/aquabot_gz/models/aquabot_marker_6_KO/materials/textures/Marker0.png
[9.415s] -- Installing: /home/newman/vrx_ws/src/mission_windwatch/install/share/aquabot_gz/models/aquabot_marker_6_KO/materials/textures/aquabot_marker_6_KO.png
[9.415s] -- Installing: /home/newman/vrx_ws/src/mission_windwatch/install/share/aquabot_gz/models/aquabot_marker_6_KO/model.config
[9.415s] -- Installing: /home/newman/vrx_ws/src/mission_windwatch/install/share/aquabot_gz/models/aquabot_marker_6_KO/meshes
[9.415s] -- Installing: /home/newman/vrx_ws/src/mission_windwatch/install/share/aquabot_gz/models/aquabot_marker_6_KO/meshes/Marker0.dae
[9.415s] -- Installing: /home/newman/vrx_ws/src/mission_windwatch/install/share/aquabot_gz/models/aquabot_marker_6_KO/model.sdf
[9.415s] -- Installing: /home/newman/vrx_ws/src/mission_windwatch/install/share/aquabot_gz/models/aquabot_lighthouse
[9.415s] -- Installing: /home/newman/vrx_ws/src/mission_windwatch/install/share/aquabot_gz/models/aquabot_lighthouse/model.config
[9.415s] -- Installing: /home/newman/vrx_ws/src/mission_windwatch/install/share/aquabot_gz/models/aquabot_lighthouse/model.sdf
[9.416s] -- Installing: /home/newman/vrx_ws/src/mission_windwatch/install/share/aquabot_gz/models/aquabot_lighthouse/mesh
[9.416s] -- Installing: /home/newman/vrx_ws/src/mission_windwatch/install/share/aquabot_gz/models/aquabot_lighthouse/mesh/lighthouse.dae
[9.416s] -- Installing: /home/newman/vrx_ws/src/mission_windwatch/install/share/aquabot_gz/models/aquabot_marker_7_KO
[9.416s] -- Installing: /home/newman/vrx_ws/src/mission_windwatch/install/share/aquabot_gz/models/aquabot_marker_7_KO/materials
[9.416s] -- Installing: /home/newman/vrx_ws/src/mission_windwatch/install/share/aquabot_gz/models/aquabot_marker_7_KO/materials/textures
[9.416s] -- Installing: /home/newman/vrx_ws/src/mission_windwatch/install/share/aquabot_gz/models/aquabot_marker_7_KO/materials/textures/Marker0.png
[9.416s] -- Installing: /home/newman/vrx_ws/src/mission_windwatch/install/share/aquabot_gz/models/aquabot_marker_7_KO/materials/textures/aquabot_marker_7_KO.png
[9.416s] -- Installing: /home/newman/vrx_ws/src/mission_windwatch/install/share/aquabot_gz/models/aquabot_marker_7_KO/model.config
[9.416s] -- Installing: /home/newman/vrx_ws/src/mission_windwatch/install/share/aquabot_gz/models/aquabot_marker_7_KO/meshes
[9.416s] -- Installing: /home/newman/vrx_ws/src/mission_windwatch/install/share/aquabot_gz/models/aquabot_marker_7_KO/meshes/Marker0.dae
[9.416s] -- Installing: /home/newman/vrx_ws/src/mission_windwatch/install/share/aquabot_gz/models/aquabot_marker_7_KO/model.sdf
[9.416s] -- Installing: /home/newman/vrx_ws/src/mission_windwatch/install/share/aquabot_gz/worlds
[9.417s] -- Installing: /home/newman/vrx_ws/src/mission_windwatch/install/share/aquabot_gz/worlds/aquabot_windturbines_medium.sdf
[9.417s] -- Installing: /home/newman/vrx_ws/src/mission_windwatch/install/share/aquabot_gz/worlds/aquabot_patrolandfollow_easy.sdf
[9.417s] -- Installing: /home/newman/vrx_ws/src/mission_windwatch/install/share/aquabot_gz/worlds/images
[9.417s] -- Installing: /home/newman/vrx_ws/src/mission_windwatch/install/share/aquabot_gz/worlds/images/medium.png
[9.417s] -- Installing: /home/newman/vrx_ws/src/mission_windwatch/install/share/aquabot_gz/worlds/images/easy.png
[9.417s] -- Installing: /home/newman/vrx_ws/src/mission_windwatch/install/share/aquabot_gz/worlds/images/hard.png
[9.417s] -- Installing: /home/newman/vrx_ws/src/mission_windwatch/install/share/aquabot_gz/worlds/aquabot_regatta.sdf
[9.417s] -- Installing: /home/newman/vrx_ws/src/mission_windwatch/install/share/aquabot_gz/worlds/aquabot_windturbines_easy.sdf
[9.417s] -- Installing: /home/newman/vrx_ws/src/mission_windwatch/install/share/aquabot_gz/worlds/aquabot_windturbines_hard.sdf
[9.417s] -- Installing: /home/newman/vrx_ws/src/mission_windwatch/install/share/aquabot_gz/worlds/aquabot_patrolandfollow_medium.sdf
[9.417s] -- Installing: /home/newman/vrx_ws/src/mission_windwatch/install/share/aquabot_gz/worlds/aquabot_patrolandfollow_hard.sdf
[9.418s] -- Installing: /home/newman/vrx_ws/src/mission_windwatch/install/share/aquabot_gz/config
[9.418s] -- Installing: /home/newman/vrx_ws/src/mission_windwatch/install/share/aquabot_gz/config/rviz_aquabot.rviz
[9.418s] -- Installing: /home/newman/vrx_ws/src/mission_windwatch/install/share/ament_index/resource_index/package_run_dependencies/aquabot_gz
[9.418s] -- Installing: /home/newman/vrx_ws/src/mission_windwatch/install/share/ament_index/resource_index/parent_prefix_path/aquabot_gz
[9.418s] -- Installing: /home/newman/vrx_ws/src/mission_windwatch/install/share/aquabot_gz/environment/ament_prefix_path.sh
[9.418s] -- Installing: /home/newman/vrx_ws/src/mission_windwatch/install/share/aquabot_gz/environment/ament_prefix_path.dsv
[9.418s] -- Installing: /home/newman/vrx_ws/src/mission_windwatch/install/share/aquabot_gz/environment/path.sh
[9.418s] -- Installing: /home/newman/vrx_ws/src/mission_windwatch/install/share/aquabot_gz/environment/path.dsv
[9.419s] -- Installing: /home/newman/vrx_ws/src/mission_windwatch/install/share/aquabot_gz/local_setup.bash
[9.419s] -- Installing: /home/newman/vrx_ws/src/mission_windwatch/install/share/aquabot_gz/local_setup.sh
[9.419s] -- Installing: /home/newman/vrx_ws/src/mission_windwatch/install/share/aquabot_gz/local_setup.zsh
[9.419s] -- Installing: /home/newman/vrx_ws/src/mission_windwatch/install/share/aquabot_gz/local_setup.dsv
[9.419s] -- Installing: /home/newman/vrx_ws/src/mission_windwatch/install/share/aquabot_gz/package.dsv
[9.419s] -- Installing: /home/newman/vrx_ws/src/mission_windwatch/install/share/ament_index/resource_index/packages/aquabot_gz
[9.419s] -- Installing: /home/newman/vrx_ws/src/mission_windwatch/install/share/aquabot_gz/cmake/aquabot_gzConfig.cmake
[9.419s] -- Installing: /home/newman/vrx_ws/src/mission_windwatch/install/share/aquabot_gz/cmake/aquabot_gzConfig-version.cmake
[9.419s] -- Installing: /home/newman/vrx_ws/src/mission_windwatch/install/share/aquabot_gz/package.xml
[9.421s] Invoked command in '/home/newman/vrx_ws/src/mission_windwatch/build/aquabot_gz' returned '0': CMAKE_PREFIX_PATH=${CMAKE_PREFIX_PATH}:/opt/ros/humble /usr/bin/cmake --install /home/newman/vrx_ws/src/mission_windwatch/build/aquabot_gz
