[0.013s] Invoking command in '/home/newman/vrx_ws/src/mission_windwatch/build/sensors': CMAKE_PREFIX_PATH=${CMAKE_PREFIX_PATH}:/opt/ros/humble /usr/bin/cmake /home/newman/vrx_ws/src/mission_windwatch/src/sensors -DCMAKE_INSTALL_PREFIX=/home/newman/vrx_ws/src/mission_windwatch/install
[0.436s] -- The C compiler identification is GNU 11.4.0
[0.495s] -- The CXX compiler identification is GNU 11.4.0
[0.507s] -- Detecting C compiler ABI info
[0.620s] -- Detecting C compiler ABI info - done
[0.631s] -- Check for working C compiler: /usr/bin/cc - skipped
[0.631s] -- Detecting C compile features
[0.631s] -- Detecting C compile features - done
[0.637s] -- Detecting CXX compiler ABI info
[0.788s] -- Detecting CXX compiler ABI info - done
[0.791s] -- Check for working CXX compiler: /usr/bin/c++ - skipped
[0.794s] -- Detecting CXX compile features
[0.794s] -- Detecting CXX compile features - done
[0.794s] -- Found ament_cmake: 1.3.10 (/opt/ros/humble/share/ament_cmake/cmake)
[1.008s] -- Found Python3: /usr/bin/python3 (found version "3.10.12") found components: Interpreter 
[1.152s] -- Found rclcpp: 16.0.10 (/opt/ros/humble/share/rclcpp/cmake)
[1.216s] -- Found rosidl_generator_c: 3.1.5 (/opt/ros/humble/share/rosidl_generator_c/cmake)
[1.225s] -- Found rosidl_adapter: 3.1.5 (/opt/ros/humble/share/rosidl_adapter/cmake)
[1.238s] -- Found rosidl_generator_cpp: 3.1.5 (/opt/ros/humble/share/rosidl_generator_cpp/cmake)
[1.257s] -- Using all available rosidl_typesupport_c: rosidl_typesupport_fastrtps_c;rosidl_typesupport_introspection_c
[1.283s] -- Using all available rosidl_typesupport_cpp: rosidl_typesupport_fastrtps_cpp;rosidl_typesupport_introspection_cpp
[1.353s] -- Found rmw_implementation_cmake: 6.1.2 (/opt/ros/humble/share/rmw_implementation_cmake/cmake)
[1.357s] -- Found rmw_fastrtps_cpp: 6.2.7 (/opt/ros/humble/share/rmw_fastrtps_cpp/cmake)
[1.515s] -- Found OpenSSL: /usr/lib/x86_64-linux-gnu/libcrypto.so (found version "3.0.2")  
[1.558s] -- Found FastRTPS: /opt/ros/humble/include  
[1.617s] -- Using RMW implementation 'rmw_fastrtps_cpp' as default
[1.630s] -- Looking for pthread.h
[1.748s] -- Looking for pthread.h - found
[1.748s] -- Performing Test CMAKE_HAVE_LIBC_PTHREAD
[1.872s] -- Performing Test CMAKE_HAVE_LIBC_PTHREAD - Success
[1.873s] -- Found Threads: TRUE  
[1.935s] -- Found sensor_msgs: 4.2.4 (/opt/ros/humble/share/sensor_msgs/cmake)
[1.979s] -- Found image_transport: 3.1.9 (/opt/ros/humble/share/image_transport/cmake)
[2.009s] -- Found OpenCV: /usr (found version "4.5.4") 
[2.123s] -- Configuring done
[2.151s] -- Generating done
[2.153s] -- Build files have been written to: /home/newman/vrx_ws/src/mission_windwatch/build/sensors
[2.168s] Invoked command in '/home/newman/vrx_ws/src/mission_windwatch/build/sensors' returned '0': CMAKE_PREFIX_PATH=${CMAKE_PREFIX_PATH}:/opt/ros/humble /usr/bin/cmake /home/newman/vrx_ws/src/mission_windwatch/src/sensors -DCMAKE_INSTALL_PREFIX=/home/newman/vrx_ws/src/mission_windwatch/install
[2.169s] Invoking command in '/home/newman/vrx_ws/src/mission_windwatch/build/sensors': CMAKE_PREFIX_PATH=${CMAKE_PREFIX_PATH}:/opt/ros/humble /usr/bin/cmake --build /home/newman/vrx_ws/src/mission_windwatch/build/sensors -- -j9 -l9
[2.263s] [ 16%] [32mBuilding CXX object CMakeFiles/sensor_fusion_node.dir/src/sensor_fusion_node.cpp.o[0m
[2.263s] [ 33%] [32mBuilding CXX object CMakeFiles/tgt_pos_update_node.dir/src/tgt_pos_update_node.cpp.o[0m
[2.263s] [ 50%] [32mBuilding CXX object CMakeFiles/camera_processing_node.dir/src/camera_processing_node.cpp.o[0m
[5.582s] [ 66%] [32m[1mLinking CXX executable camera_processing_node[0m
[5.728s] [ 66%] Built target camera_processing_node
[5.747s] [ 83%] [32m[1mLinking CXX executable tgt_pos_update_node[0m
[5.836s] [100%] [32m[1mLinking CXX executable sensor_fusion_node[0m
[5.857s] [100%] Built target tgt_pos_update_node
[5.990s] [100%] Built target sensor_fusion_node
[6.008s] Invoked command in '/home/newman/vrx_ws/src/mission_windwatch/build/sensors' returned '0': CMAKE_PREFIX_PATH=${CMAKE_PREFIX_PATH}:/opt/ros/humble /usr/bin/cmake --build /home/newman/vrx_ws/src/mission_windwatch/build/sensors -- -j9 -l9
[6.037s] Invoking command in '/home/newman/vrx_ws/src/mission_windwatch/build/sensors': CMAKE_PREFIX_PATH=${CMAKE_PREFIX_PATH}:/opt/ros/humble /usr/bin/cmake --install /home/newman/vrx_ws/src/mission_windwatch/build/sensors
[6.046s] -- Install configuration: ""
[6.046s] -- Installing: /home/newman/vrx_ws/src/mission_windwatch/install/lib/sensors/sensor_fusion_node
[6.046s] -- Set runtime path of "/home/newman/vrx_ws/src/mission_windwatch/install/lib/sensors/sensor_fusion_node" to ""
[6.046s] -- Installing: /home/newman/vrx_ws/src/mission_windwatch/install/lib/sensors/camera_processing_node
[6.046s] -- Set runtime path of "/home/newman/vrx_ws/src/mission_windwatch/install/lib/sensors/camera_processing_node" to ""
[6.046s] -- Installing: /home/newman/vrx_ws/src/mission_windwatch/install/lib/sensors/tgt_pos_update_node
[6.046s] -- Set runtime path of "/home/newman/vrx_ws/src/mission_windwatch/install/lib/sensors/tgt_pos_update_node" to ""
[6.047s] -- Installing: /home/newman/vrx_ws/src/mission_windwatch/install/share/sensors/launch
[6.047s] -- Installing: /home/newman/vrx_ws/src/mission_windwatch/install/share/sensors/launch/sensors_launch.py
[6.047s] -- Installing: /home/newman/vrx_ws/src/mission_windwatch/install/share/sensors/config
[6.047s] -- Installing: /home/newman/vrx_ws/src/mission_windwatch/install/share/ament_index/resource_index/package_run_dependencies/sensors
[6.047s] -- Installing: /home/newman/vrx_ws/src/mission_windwatch/install/share/ament_index/resource_index/parent_prefix_path/sensors
[6.047s] -- Installing: /home/newman/vrx_ws/src/mission_windwatch/install/share/sensors/environment/ament_prefix_path.sh
[6.050s] -- Installing: /home/newman/vrx_ws/src/mission_windwatch/install/share/sensors/environment/ament_prefix_path.dsv
[6.050s] -- Installing: /home/newman/vrx_ws/src/mission_windwatch/install/share/sensors/environment/path.sh
[6.050s] -- Installing: /home/newman/vrx_ws/src/mission_windwatch/install/share/sensors/environment/path.dsv
[6.050s] -- Installing: /home/newman/vrx_ws/src/mission_windwatch/install/share/sensors/local_setup.bash
[6.050s] -- Installing: /home/newman/vrx_ws/src/mission_windwatch/install/share/sensors/local_setup.sh
[6.050s] -- Installing: /home/newman/vrx_ws/src/mission_windwatch/install/share/sensors/local_setup.zsh
[6.050s] -- Installing: /home/newman/vrx_ws/src/mission_windwatch/install/share/sensors/local_setup.dsv
[6.050s] -- Installing: /home/newman/vrx_ws/src/mission_windwatch/install/share/sensors/package.dsv
[6.050s] -- Installing: /home/newman/vrx_ws/src/mission_windwatch/install/share/ament_index/resource_index/packages/sensors
[6.050s] -- Installing: /home/newman/vrx_ws/src/mission_windwatch/install/share/sensors/cmake/sensorsConfig.cmake
[6.050s] -- Installing: /home/newman/vrx_ws/src/mission_windwatch/install/share/sensors/cmake/sensorsConfig-version.cmake
[6.050s] -- Installing: /home/newman/vrx_ws/src/mission_windwatch/install/share/sensors/package.xml
[6.051s] Invoked command in '/home/newman/vrx_ws/src/mission_windwatch/build/sensors' returned '0': CMAKE_PREFIX_PATH=${CMAKE_PREFIX_PATH}:/opt/ros/humble /usr/bin/cmake --install /home/newman/vrx_ws/src/mission_windwatch/build/sensors
