[0.017s] Invoking command in '/home/newman/vrx_ws/src/mission_windwatch/build/my_team_package': /usr/bin/cmake /home/newman/vrx_ws/src/mission_windwatch/src/aquabot_competitor/my_team_package -DCMAKE_INSTALL_PREFIX=/home/newman/vrx_ws/src/mission_windwatch/install
[0.048s] -- Configuring incomplete, errors occurred!
[0.048s] See also "/home/newman/vrx_ws/src/mission_windwatch/build/my_team_package/CMakeFiles/CMakeOutput.log".
[0.048s] [31mCMake Error at CMakeLists.txt:9 (find_package):
[0.048s]   By not providing "Findament_cmake.cmake" in CMAKE_MODULE_PATH this project
[0.048s]   has asked CMake to find a package configuration file provided by
[0.048s]   "ament_cmake", but CMake did not find one.
[0.051s] 
[0.051s]   Could not find a package configuration file provided by "ament_cmake" with
[0.051s]   any of the following names:
[0.051s] 
[0.051s]     ament_cmakeConfig.cmake
[0.051s]     ament_cmake-config.cmake
[0.051s] 
[0.051s]   Add the installation prefix of "ament_cmake" to CMAKE_PREFIX_PATH or set
[0.051s]   "ament_cmake_DIR" to a directory containing one of the above files.  If
[0.051s]   "ament_cmake" provides a separate development package or SDK, be sure it
[0.052s]   has been installed.
[0.052s] 
[0.052s] [0m
[0.060s] Invoked command in '/home/newman/vrx_ws/src/mission_windwatch/build/my_team_package' returned '1': /usr/bin/cmake /home/newman/vrx_ws/src/mission_windwatch/src/aquabot_competitor/my_team_package -DCMAKE_INSTALL_PREFIX=/home/newman/vrx_ws/src/mission_windwatch/install
