[0.037s] Invoking command in '/home/newman/vrx_ws/src/mission_windwatch/build/my_team_package': CMAKE_PREFIX_PATH=${CMAKE_PREFIX_PATH}:/opt/ros/humble /usr/bin/cmake /home/newman/vrx_ws/src/mission_windwatch/src/aquabot_competitor/my_team_package -DCMAKE_INSTALL_PREFIX=/home/newman/vrx_ws/src/mission_windwatch/install
[0.083s] -- The C compiler identification is GNU 11.4.0
[0.136s] -- The CXX compiler identification is GNU 11.4.0
[0.146s] -- Detecting C compiler ABI info
[0.207s] -- Detecting C compiler ABI info - done
[0.215s] -- Check for working C compiler: /usr/bin/cc - skipped
[0.215s] -- Detecting C compile features
[0.215s] -- Detecting C compile features - done
[0.217s] -- Detecting CXX compiler ABI info
[0.291s] -- Detecting CXX compiler ABI info - done
[0.298s] -- Check for working CXX compiler: /usr/bin/c++ - skipped
[0.298s] -- Detecting CXX compile features
[0.298s] -- Detecting CXX compile features - done
[0.300s] -- Found ament_cmake: 1.3.10 (/opt/ros/humble/share/ament_cmake/cmake)
[0.439s] -- Found Python3: /usr/bin/python3 (found version "3.10.12") found components: Interpreter 
[0.517s] -- Found ament_lint_auto: 0.12.11 (/opt/ros/humble/share/ament_lint_auto/cmake)
[0.599s] -- Added test 'cppcheck' to perform static code analysis on C / C++ code
[0.599s] -- Configured cppcheck include dirs: $<BUILD_INTERFACE:/home/newman/vrx_ws/src/mission_windwatch/src/aquabot_competitor/my_team_package/include>
[0.599s] -- Configured cppcheck exclude dirs and/or files: 
[0.600s] -- Added test 'lint_cmake' to check CMake code style
[0.601s] -- Added test 'uncrustify' to check C / C++ code style
[0.601s] -- Configured uncrustify additional arguments: 
[0.601s] -- Added test 'xmllint' to check XML markup files
[0.602s] -- Configuring done
[0.606s] -- Generating done
[0.607s] -- Build files have been written to: /home/newman/vrx_ws/src/mission_windwatch/build/my_team_package
[0.613s] Invoked command in '/home/newman/vrx_ws/src/mission_windwatch/build/my_team_package' returned '0': CMAKE_PREFIX_PATH=${CMAKE_PREFIX_PATH}:/opt/ros/humble /usr/bin/cmake /home/newman/vrx_ws/src/mission_windwatch/src/aquabot_competitor/my_team_package -DCMAKE_INSTALL_PREFIX=/home/newman/vrx_ws/src/mission_windwatch/install
[0.619s] Invoking command in '/home/newman/vrx_ws/src/mission_windwatch/build/my_team_package': CMAKE_PREFIX_PATH=${CMAKE_PREFIX_PATH}:/opt/ros/humble /usr/bin/cmake --build /home/newman/vrx_ws/src/mission_windwatch/build/my_team_package -- -j9 -l9
[0.727s] [ 50%] [32mBuilding CXX object CMakeFiles/my_team_node.dir/src/my_team_node.cpp.o[0m
[0.727s] [100%] [32m[1mLinking CXX executable my_team_node[0m
[0.763s] [100%] Built target my_team_node
[0.774s] Invoked command in '/home/newman/vrx_ws/src/mission_windwatch/build/my_team_package' returned '0': CMAKE_PREFIX_PATH=${CMAKE_PREFIX_PATH}:/opt/ros/humble /usr/bin/cmake --build /home/newman/vrx_ws/src/mission_windwatch/build/my_team_package -- -j9 -l9
[0.804s] Invoking command in '/home/newman/vrx_ws/src/mission_windwatch/build/my_team_package': CMAKE_PREFIX_PATH=${CMAKE_PREFIX_PATH}:/opt/ros/humble /usr/bin/cmake --install /home/newman/vrx_ws/src/mission_windwatch/build/my_team_package
[1.035s] -- Install configuration: ""
[1.035s] -- Installing: /home/newman/vrx_ws/src/mission_windwatch/install/lib/my_team_package/my_team_node
[1.035s] -- Installing: /home/newman/vrx_ws/src/mission_windwatch/install/share/ament_index/resource_index/package_run_dependencies/my_team_package
[1.036s] -- Installing: /home/newman/vrx_ws/src/mission_windwatch/install/share/ament_index/resource_index/parent_prefix_path/my_team_package
[1.036s] -- Installing: /home/newman/vrx_ws/src/mission_windwatch/install/share/my_team_package/environment/ament_prefix_path.sh
[1.036s] -- Installing: /home/newman/vrx_ws/src/mission_windwatch/install/share/my_team_package/environment/ament_prefix_path.dsv
[1.037s] -- Installing: /home/newman/vrx_ws/src/mission_windwatch/install/share/my_team_package/environment/path.sh
[1.037s] -- Installing: /home/newman/vrx_ws/src/mission_windwatch/install/share/my_team_package/environment/path.dsv
[1.037s] -- Installing: /home/newman/vrx_ws/src/mission_windwatch/install/share/my_team_package/local_setup.bash
[1.037s] -- Installing: /home/newman/vrx_ws/src/mission_windwatch/install/share/my_team_package/local_setup.sh
[1.037s] -- Installing: /home/newman/vrx_ws/src/mission_windwatch/install/share/my_team_package/local_setup.zsh
[1.037s] -- Installing: /home/newman/vrx_ws/src/mission_windwatch/install/share/my_team_package/local_setup.dsv
[1.037s] -- Installing: /home/newman/vrx_ws/src/mission_windwatch/install/share/my_team_package/package.dsv
[1.037s] -- Installing: /home/newman/vrx_ws/src/mission_windwatch/install/share/ament_index/resource_index/packages/my_team_package
[1.039s] -- Installing: /home/newman/vrx_ws/src/mission_windwatch/install/share/my_team_package/cmake/my_team_packageConfig.cmake
[1.039s] -- Installing: /home/newman/vrx_ws/src/mission_windwatch/install/share/my_team_package/cmake/my_team_packageConfig-version.cmake
[1.039s] -- Installing: /home/newman/vrx_ws/src/mission_windwatch/install/share/my_team_package/package.xml
[1.047s] Invoked command in '/home/newman/vrx_ws/src/mission_windwatch/build/my_team_package' returned '0': CMAKE_PREFIX_PATH=${CMAKE_PREFIX_PATH}:/opt/ros/humble /usr/bin/cmake --install /home/newman/vrx_ws/src/mission_windwatch/build/my_team_package
