[0.030s] Invoking command in '/home/newman/vrx_ws/src/mission_windwatch/build/visualization': CMAKE_PREFIX_PATH=${CMAKE_PREFIX_PATH}:/opt/ros/humble /usr/bin/cmake --build /home/newman/vrx_ws/src/mission_windwatch/build/visualization -- -j9 -l9
[0.077s] -- Found ament_cmake: 1.3.10 (/opt/ros/humble/share/ament_cmake/cmake)
[0.337s] -- Found rclcpp: 16.0.10 (/opt/ros/humble/share/rclcpp/cmake)
[0.372s] -- Found rosidl_generator_c: 3.1.5 (/opt/ros/humble/share/rosidl_generator_c/cmake)
[0.374s] -- Found rosidl_adapter: 3.1.5 (/opt/ros/humble/share/rosidl_adapter/cmake)
[0.396s] -- Found rosidl_generator_cpp: 3.1.5 (/opt/ros/humble/share/rosidl_generator_cpp/cmake)
[0.396s] -- Using all available rosidl_typesupport_c: rosidl_typesupport_fastrtps_c;rosidl_typesupport_introspection_c
[0.418s] -- Using all available rosidl_typesupport_cpp: rosidl_typesupport_fastrtps_cpp;rosidl_typesupport_introspection_cpp
[0.464s] -- Found rmw_implementation_cmake: 6.1.2 (/opt/ros/humble/share/rmw_implementation_cmake/cmake)
[0.464s] -- Found rmw_fastrtps_cpp: 6.2.7 (/opt/ros/humble/share/rmw_fastrtps_cpp/cmake)
[0.599s] -- Using RMW implementation 'rmw_fastrtps_cpp' as default
[0.658s] -- Found sensor_msgs: 4.2.4 (/opt/ros/humble/share/sensor_msgs/cmake)
[0.684s] -- Found visualization_msgs: 4.2.4 (/opt/ros/humble/share/visualization_msgs/cmake)
[0.782s] -- Configuring done
[0.813s] -- Generating done
[0.815s] -- Build files have been written to: /home/newman/vrx_ws/src/mission_windwatch/build/visualization
[0.863s] [35m[1mConsolidate compiler generated dependencies of target visualization_node[0m
[0.885s] [ 50%] [32mBuilding CXX object CMakeFiles/visualization_node.dir/src/visualization_node.cpp.o[0m
[3.641s] [01m[K/home/newman/vrx_ws/src/mission_windwatch/src/visualization/src/visualization_node.cpp:[m[K In function ‘[01m[Kint main(int, char**)[m[K’:
[3.642s] [01m[K/home/newman/vrx_ws/src/mission_windwatch/src/visualization/src/visualization_node.cpp:9:32:[m[K [01;31m[Kerror: [m[K‘[01m[KMyNode[m[K’ was not declared in this scope; did you mean ‘[01m[Knode[m[K’?
[3.642s]     9 |   auto node = std::make_shared<[01;31m[KMyNode[m[K>();
[3.642s]       |                                [01;31m[K^~~~~~[m[K
[3.642s]       |                                [32m[Knode[m[K
[3.642s] [01m[K/home/newman/vrx_ws/src/mission_windwatch/src/visualization/src/visualization_node.cpp:9:39:[m[K [01;31m[Kerror: [m[Kno matching function for call to ‘[01m[Kmake_shared<<expression error> >()[m[K’
[3.642s]     9 |   auto node = [01;31m[Kstd::make_shared<MyNode>()[m[K;
[3.642s]       |               [01;31m[K~~~~~~~~~~~~~~~~~~~~~~~~^~[m[K
[3.642s] In file included from [01m[K/usr/include/c++/11/memory:77[m[K,
[3.642s]                  from [01m[K/opt/ros/humble/include/rclcpp/rclcpp/rclcpp.hpp:153[m[K,
[3.642s]                  from [01m[K/home/newman/vrx_ws/src/mission_windwatch/src/visualization/src/visualization_node.cpp:4[m[K:
[3.642s] [01m[K/usr/include/c++/11/bits/shared_ptr.h:875:5:[m[K [01;36m[Knote: [m[Kcandidate: ‘[01m[Ktemplate<class _Tp, class ... _Args> std::shared_ptr<_Tp> std::make_shared(_Args&& ...)[m[K’
[3.642s]   875 |     [01;36m[Kmake_shared[m[K(_Args&&... __args)
[3.642s]       |     [01;36m[K^~~~~~~~~~~[m[K
[3.642s] [01m[K/usr/include/c++/11/bits/shared_ptr.h:875:5:[m[K [01;36m[Knote: [m[K  template argument deduction/substitution failed:
[3.642s] [01m[K/home/newman/vrx_ws/src/mission_windwatch/src/visualization/src/visualization_node.cpp:9:39:[m[K [01;31m[Kerror: [m[Ktemplate argument 1 is invalid
[3.642s]     9 |   auto node = [01;31m[Kstd::make_shared<MyNode>()[m[K;
[3.642s]       |               [01;31m[K~~~~~~~~~~~~~~~~~~~~~~~~^~[m[K
[4.058s] gmake[2]: *** [CMakeFiles/visualization_node.dir/build.make:76: CMakeFiles/visualization_node.dir/src/visualization_node.cpp.o] Error 1
[4.058s] gmake[1]: *** [CMakeFiles/Makefile2:137: CMakeFiles/visualization_node.dir/all] Error 2
[4.058s] gmake: *** [Makefile:146: all] Error 2
