[0.040s] Invoking command in '/home/newman/vrx_ws/src/mission_windwatch/build/aquabot_description': AMENT_PREFIX_PATH=/home/newman/vrx_ws/src/mission_windwatch/install:${AMENT_PREFIX_PATH} CMAKE_PREFIX_PATH=/home/newman/vrx_ws/src/mission_windwatch/install:/opt/ros/humble GZ_SIM_RESOURCE_PATH=/home/newman/vrx_ws/src/mission_windwatch/install/share/vrx_gazebo/models:/home/newman/vrx_ws/src/mission_windwatch/install/share LD_LIBRARY_PATH=/home/newman/vrx_ws/src/mission_windwatch/install/lib:${LD_LIBRARY_PATH} PYTHONPATH=/home/newman/vrx_ws/src/mission_windwatch/install/local/lib/python3.10/dist-packages:${PYTHONPATH} /usr/bin/cmake --build /home/newman/vrx_ws/src/mission_windwatch/build/aquabot_description -- -j9 -l9
[0.092s] Invoked command in '/home/newman/vrx_ws/src/mission_windwatch/build/aquabot_description' returned '0': AMENT_PREFIX_PATH=/home/newman/vrx_ws/src/mission_windwatch/install:${AMENT_PREFIX_PATH} CMAKE_PREFIX_PATH=/home/newman/vrx_ws/src/mission_windwatch/install:/opt/ros/humble GZ_SIM_RESOURCE_PATH=/home/newman/vrx_ws/src/mission_windwatch/install/share/vrx_gazebo/models:/home/newman/vrx_ws/src/mission_windwatch/install/share LD_LIBRARY_PATH=/home/newman/vrx_ws/src/mission_windwatch/install/lib:${LD_LIBRARY_PATH} PYTHONPATH=/home/newman/vrx_ws/src/mission_windwatch/install/local/lib/python3.10/dist-packages:${PYTHONPATH} /usr/bin/cmake --build /home/newman/vrx_ws/src/mission_windwatch/build/aquabot_description -- -j9 -l9
[0.116s] Invoking command in '/home/newman/vrx_ws/src/mission_windwatch/build/aquabot_description': AMENT_PREFIX_PATH=/home/newman/vrx_ws/src/mission_windwatch/install:${AMENT_PREFIX_PATH} CMAKE_PREFIX_PATH=/home/newman/vrx_ws/src/mission_windwatch/install:/opt/ros/humble GZ_SIM_RESOURCE_PATH=/home/newman/vrx_ws/src/mission_windwatch/install/share/vrx_gazebo/models:/home/newman/vrx_ws/src/mission_windwatch/install/share LD_LIBRARY_PATH=/home/newman/vrx_ws/src/mission_windwatch/install/lib:${LD_LIBRARY_PATH} PYTHONPATH=/home/newman/vrx_ws/src/mission_windwatch/install/local/lib/python3.10/dist-packages:${PYTHONPATH} /usr/bin/cmake --install /home/newman/vrx_ws/src/mission_windwatch/build/aquabot_description
[0.122s] -- Install configuration: ""
[0.122s] -- Up-to-date: /home/newman/vrx_ws/src/mission_windwatch/install/share/aquabot_description/environment/resource_paths.dsv
[0.122s] -- Up-to-date: /home/newman/vrx_ws/src/mission_windwatch/install/share/aquabot_description/environment/resource_paths.sh
[0.122s] -- Up-to-date: /home/newman/vrx_ws/src/mission_windwatch/install/share/aquabot_description/models
[0.122s] -- Up-to-date: /home/newman/vrx_ws/src/mission_windwatch/install/share/aquabot_description/models/aquabot_blue_boat
[0.122s] -- Up-to-date: /home/newman/vrx_ws/src/mission_windwatch/install/share/aquabot_description/models/aquabot_blue_boat/model.config
[0.122s] -- Up-to-date: /home/newman/vrx_ws/src/mission_windwatch/install/share/aquabot_description/models/aquabot_blue_boat/model.sdf
[0.123s] -- Up-to-date: /home/newman/vrx_ws/src/mission_windwatch/install/share/aquabot_description/models/aquabot_blue_boat/mesh
[0.123s] -- Up-to-date: /home/newman/vrx_ws/src/mission_windwatch/install/share/aquabot_description/models/aquabot_blue_boat/mesh/blue_boat.dae
[0.123s] -- Up-to-date: /home/newman/vrx_ws/src/mission_windwatch/install/share/aquabot_description/urdf
[0.123s] -- Up-to-date: /home/newman/vrx_ws/src/mission_windwatch/install/share/aquabot_description/urdf/aquabot.urdf
[0.123s] -- Up-to-date: /home/newman/vrx_ws/src/mission_windwatch/install/share/ament_index/resource_index/package_run_dependencies/aquabot_description
[0.123s] -- Up-to-date: /home/newman/vrx_ws/src/mission_windwatch/install/share/ament_index/resource_index/parent_prefix_path/aquabot_description
[0.123s] -- Up-to-date: /home/newman/vrx_ws/src/mission_windwatch/install/share/aquabot_description/environment/ament_prefix_path.sh
[0.123s] -- Up-to-date: /home/newman/vrx_ws/src/mission_windwatch/install/share/aquabot_description/environment/ament_prefix_path.dsv
[0.123s] -- Up-to-date: /home/newman/vrx_ws/src/mission_windwatch/install/share/aquabot_description/environment/path.sh
[0.123s] -- Up-to-date: /home/newman/vrx_ws/src/mission_windwatch/install/share/aquabot_description/environment/path.dsv
[0.123s] -- Up-to-date: /home/newman/vrx_ws/src/mission_windwatch/install/share/aquabot_description/local_setup.bash
[0.123s] -- Up-to-date: /home/newman/vrx_ws/src/mission_windwatch/install/share/aquabot_description/local_setup.sh
[0.123s] -- Up-to-date: /home/newman/vrx_ws/src/mission_windwatch/install/share/aquabot_description/local_setup.zsh
[0.123s] -- Up-to-date: /home/newman/vrx_ws/src/mission_windwatch/install/share/aquabot_description/local_setup.dsv
[0.123s] -- Installing: /home/newman/vrx_ws/src/mission_windwatch/install/share/aquabot_description/package.dsv
[0.123s] -- Up-to-date: /home/newman/vrx_ws/src/mission_windwatch/install/share/ament_index/resource_index/packages/aquabot_description
[0.123s] -- Up-to-date: /home/newman/vrx_ws/src/mission_windwatch/install/share/aquabot_description/cmake/aquabot_descriptionConfig.cmake
[0.123s] -- Up-to-date: /home/newman/vrx_ws/src/mission_windwatch/install/share/aquabot_description/cmake/aquabot_descriptionConfig-version.cmake
[0.123s] -- Up-to-date: /home/newman/vrx_ws/src/mission_windwatch/install/share/aquabot_description/package.xml
[0.125s] Invoked command in '/home/newman/vrx_ws/src/mission_windwatch/build/aquabot_description' returned '0': AMENT_PREFIX_PATH=/home/newman/vrx_ws/src/mission_windwatch/install:${AMENT_PREFIX_PATH} CMAKE_PREFIX_PATH=/home/newman/vrx_ws/src/mission_windwatch/install:/opt/ros/humble GZ_SIM_RESOURCE_PATH=/home/newman/vrx_ws/src/mission_windwatch/install/share/vrx_gazebo/models:/home/newman/vrx_ws/src/mission_windwatch/install/share LD_LIBRARY_PATH=/home/newman/vrx_ws/src/mission_windwatch/install/lib:${LD_LIBRARY_PATH} PYTHONPATH=/home/newman/vrx_ws/src/mission_windwatch/install/local/lib/python3.10/dist-packages:${PYTHONPATH} /usr/bin/cmake --install /home/newman/vrx_ws/src/mission_windwatch/build/aquabot_description
