[0.033s] Invoking command in '/home/newman/vrx_ws/src/mission_windwatch/build/mission_manager': CMAKE_PREFIX_PATH=${CMAKE_PREFIX_PATH}:/opt/ros/humble /usr/bin/cmake --build /home/newman/vrx_ws/src/mission_windwatch/build/mission_manager -- -j9 -l9
[0.057s] -- Found ament_cmake: 1.3.10 (/opt/ros/humble/share/ament_cmake/cmake)
[0.207s] -- Found rclcpp: 16.0.10 (/opt/ros/humble/share/rclcpp/cmake)
[0.242s] -- Found rosidl_generator_c: 3.1.5 (/opt/ros/humble/share/rosidl_generator_c/cmake)
[0.257s] -- Found rosidl_adapter: 3.1.5 (/opt/ros/humble/share/rosidl_adapter/cmake)
[0.261s] -- Found rosidl_generator_cpp: 3.1.5 (/opt/ros/humble/share/rosidl_generator_cpp/cmake)
[0.271s] -- Using all available rosidl_typesupport_c: rosidl_typesupport_fastrtps_c;rosidl_typesupport_introspection_c
[0.281s] -- Using all available rosidl_typesupport_cpp: rosidl_typesupport_fastrtps_cpp;rosidl_typesupport_introspection_cpp
[0.318s] -- Found rmw_implementation_cmake: 6.1.2 (/opt/ros/humble/share/rmw_implementation_cmake/cmake)
[0.318s] -- Found rmw_fastrtps_cpp: 6.2.7 (/opt/ros/humble/share/rmw_fastrtps_cpp/cmake)
[0.471s] -- Using RMW implementation 'rmw_fastrtps_cpp' as default
[0.498s] -- Found geometry_msgs: 4.2.4 (/opt/ros/humble/share/geometry_msgs/cmake)
[0.580s] -- Configuring done
[0.587s] -- Generating done
[0.587s] -- Build files have been written to: /home/newman/vrx_ws/src/mission_windwatch/build/mission_manager
[0.610s] [35m[1mConsolidate compiler generated dependencies of target mission_coordinator_node[0m
[0.610s] [35m[1mConsolidate compiler generated dependencies of target target_manager_node[0m
[0.625s] [ 25%] [32mBuilding CXX object CMakeFiles/mission_coordinator_node.dir/src/mission_coordinator_node.cpp.o[0m
[0.626s] [ 50%] [32mBuilding CXX object CMakeFiles/target_manager_node.dir/src/target_manager_node.cpp.o[0m
[2.940s] [ 75%] [32m[1mLinking CXX executable target_manager_node[0m
[3.014s] [100%] [32m[1mLinking CXX executable mission_coordinator_node[0m
[3.015s] [100%] Built target target_manager_node
[3.094s] [100%] Built target mission_coordinator_node
[3.102s] Invoked command in '/home/newman/vrx_ws/src/mission_windwatch/build/mission_manager' returned '0': CMAKE_PREFIX_PATH=${CMAKE_PREFIX_PATH}:/opt/ros/humble /usr/bin/cmake --build /home/newman/vrx_ws/src/mission_windwatch/build/mission_manager -- -j9 -l9
[3.121s] Invoking command in '/home/newman/vrx_ws/src/mission_windwatch/build/mission_manager': CMAKE_PREFIX_PATH=${CMAKE_PREFIX_PATH}:/opt/ros/humble /usr/bin/cmake --install /home/newman/vrx_ws/src/mission_windwatch/build/mission_manager
[3.126s] -- Install configuration: ""
[3.128s] -- Installing: /home/newman/vrx_ws/src/mission_windwatch/install/lib/mission_manager/target_manager_node
[3.128s] -- Set runtime path of "/home/newman/vrx_ws/src/mission_windwatch/install/lib/mission_manager/target_manager_node" to ""
[3.128s] -- Installing: /home/newman/vrx_ws/src/mission_windwatch/install/lib/mission_manager/mission_coordinator_node
[3.128s] -- Set runtime path of "/home/newman/vrx_ws/src/mission_windwatch/install/lib/mission_manager/mission_coordinator_node" to ""
[3.128s] -- Up-to-date: /home/newman/vrx_ws/src/mission_windwatch/install/share/mission_manager/launch
[3.128s] -- Up-to-date: /home/newman/vrx_ws/src/mission_windwatch/install/share/mission_manager/launch/mission_launch.py
[3.128s] -- Up-to-date: /home/newman/vrx_ws/src/mission_windwatch/install/share/mission_manager/launch/mission_manager_launch.py
[3.128s] -- Up-to-date: /home/newman/vrx_ws/src/mission_windwatch/install/share/mission_manager/config
[3.128s] -- Up-to-date: /home/newman/vrx_ws/src/mission_windwatch/install/share/ament_index/resource_index/package_run_dependencies/mission_manager
[3.128s] -- Installing: /home/newman/vrx_ws/src/mission_windwatch/install/share/ament_index/resource_index/parent_prefix_path/mission_manager
[3.128s] -- Up-to-date: /home/newman/vrx_ws/src/mission_windwatch/install/share/mission_manager/environment/ament_prefix_path.sh
[3.128s] -- Installing: /home/newman/vrx_ws/src/mission_windwatch/install/share/mission_manager/environment/ament_prefix_path.dsv
[3.129s] -- Up-to-date: /home/newman/vrx_ws/src/mission_windwatch/install/share/mission_manager/environment/path.sh
[3.129s] -- Installing: /home/newman/vrx_ws/src/mission_windwatch/install/share/mission_manager/environment/path.dsv
[3.129s] -- Up-to-date: /home/newman/vrx_ws/src/mission_windwatch/install/share/mission_manager/local_setup.bash
[3.129s] -- Up-to-date: /home/newman/vrx_ws/src/mission_windwatch/install/share/mission_manager/local_setup.sh
[3.129s] -- Up-to-date: /home/newman/vrx_ws/src/mission_windwatch/install/share/mission_manager/local_setup.zsh
[3.129s] -- Installing: /home/newman/vrx_ws/src/mission_windwatch/install/share/mission_manager/local_setup.dsv
[3.129s] -- Installing: /home/newman/vrx_ws/src/mission_windwatch/install/share/mission_manager/package.dsv
[3.129s] -- Up-to-date: /home/newman/vrx_ws/src/mission_windwatch/install/share/ament_index/resource_index/packages/mission_manager
[3.129s] -- Up-to-date: /home/newman/vrx_ws/src/mission_windwatch/install/share/mission_manager/cmake/mission_managerConfig.cmake
[3.129s] -- Up-to-date: /home/newman/vrx_ws/src/mission_windwatch/install/share/mission_manager/cmake/mission_managerConfig-version.cmake
[3.129s] -- Up-to-date: /home/newman/vrx_ws/src/mission_windwatch/install/share/mission_manager/package.xml
[3.130s] Invoked command in '/home/newman/vrx_ws/src/mission_windwatch/build/mission_manager' returned '0': CMAKE_PREFIX_PATH=${CMAKE_PREFIX_PATH}:/opt/ros/humble /usr/bin/cmake --install /home/newman/vrx_ws/src/mission_windwatch/build/mission_manager
