[0.032s] Invoking command in '/home/newman/vrx_ws/src/mission_windwatch/build/vrx_gazebo': CMAKE_PREFIX_PATH=/opt/ros/humble /usr/bin/cmake /home/newman/vrx_ws/src/mission_windwatch/src/vrx/vrx_urdf/vrx_gazebo -DCMAKE_INSTALL_PREFIX=/home/newman/vrx_ws/src/mission_windwatch/install
[0.097s] -- Found ament_cmake: 1.3.10 (/opt/ros/humble/share/ament_cmake/cmake)
[0.297s] -- Found Python3: /usr/bin/python3 (found version "3.10.12") found components: Interpreter 
[0.603s] -- Configuring done
[0.606s] -- Generating done
[0.606s] -- Build files have been written to: /home/newman/vrx_ws/src/mission_windwatch/build/vrx_gazebo
[0.609s] Invoked command in '/home/newman/vrx_ws/src/mission_windwatch/build/vrx_gazebo' returned '0': CMAKE_PREFIX_PATH=/opt/ros/humble /usr/bin/cmake /home/newman/vrx_ws/src/mission_windwatch/src/vrx/vrx_urdf/vrx_gazebo -DCMAKE_INSTALL_PREFIX=/home/newman/vrx_ws/src/mission_windwatch/install
[0.611s] Invoking command in '/home/newman/vrx_ws/src/mission_windwatch/build/vrx_gazebo': CMAKE_PREFIX_PATH=/opt/ros/humble /usr/bin/cmake --build /home/newman/vrx_ws/src/mission_windwatch/build/vrx_gazebo -- -j9 -l9
[0.720s] Built target ament_cmake_python_copy_vrx_gazebo
[0.861s] running egg_info
[0.861s] creating vrx_gazebo.egg-info
[0.861s] writing vrx_gazebo.egg-info/PKG-INFO
[0.861s] writing dependency_links to vrx_gazebo.egg-info/dependency_links.txt
[0.861s] writing top-level names to vrx_gazebo.egg-info/top_level.txt
[0.861s] writing manifest file 'vrx_gazebo.egg-info/SOURCES.txt'
[0.865s] reading manifest file 'vrx_gazebo.egg-info/SOURCES.txt'
[0.865s] writing manifest file 'vrx_gazebo.egg-info/SOURCES.txt'
[0.885s] Built target ament_cmake_python_build_vrx_gazebo_egg
[0.894s] Invoked command in '/home/newman/vrx_ws/src/mission_windwatch/build/vrx_gazebo' returned '0': CMAKE_PREFIX_PATH=/opt/ros/humble /usr/bin/cmake --build /home/newman/vrx_ws/src/mission_windwatch/build/vrx_gazebo -- -j9 -l9
[0.920s] Invoking command in '/home/newman/vrx_ws/src/mission_windwatch/build/vrx_gazebo': CMAKE_PREFIX_PATH=/opt/ros/humble /usr/bin/cmake --install /home/newman/vrx_ws/src/mission_windwatch/build/vrx_gazebo
[0.924s] -- Install configuration: ""
[0.925s] -- Installing: /home/newman/vrx_ws/src/mission_windwatch/install/share/vrx_gazebo/environment/resource_paths.dsv
[0.925s] -- Installing: /home/newman/vrx_ws/src/mission_windwatch/install/share/vrx_gazebo/environment/resource_paths.sh
[0.925s] -- Installing: /home/newman/vrx_ws/src/mission_windwatch/install/share/vrx_gazebo/models
[0.925s] -- Installing: /home/newman/vrx_ws/src/mission_windwatch/install/share/vrx_gazebo/models/cpu_cases
[0.925s] -- Installing: /home/newman/vrx_ws/src/mission_windwatch/install/share/vrx_gazebo/models/cpu_cases/model.config
[0.926s] -- Installing: /home/newman/vrx_ws/src/mission_windwatch/install/share/vrx_gazebo/models/cpu_cases/model.sdf
[0.926s] -- Installing: /home/newman/vrx_ws/src/mission_windwatch/install/share/vrx_gazebo/models/cpu_cases/mesh
[0.926s] -- Installing: /home/newman/vrx_ws/src/mission_windwatch/install/share/vrx_gazebo/models/cpu_cases/mesh/cpu_cases.dae
[0.926s] -- Installing: /home/newman/vrx_ws/src/mission_windwatch/install/share/vrx_gazebo/models/cpu_cases/mesh/cpu_cases_Albedo.png
[0.929s] -- Installing: /home/newman/vrx_ws/src/mission_windwatch/install/share/vrx_gazebo/models/cpu_cases/mesh/cpu_cases_Normal.png
[0.936s] -- Installing: /home/newman/vrx_ws/src/mission_windwatch/install/share/vrx_gazebo/models/cpu_cases/mesh/cpu_cases.png
[0.936s] -- Installing: /home/newman/vrx_ws/src/mission_windwatch/install/share/vrx_gazebo/models/cpu_cases/mesh/cpu_cases_Roughness.png
[0.937s] -- Installing: /home/newman/vrx_ws/src/mission_windwatch/install/share/vrx_gazebo/models/cpu_cases/mesh/cpu_cases_Metalness.png
[0.937s] -- Installing: /home/newman/vrx_ws/src/mission_windwatch/install/share/vrx_gazebo/models/3d_lidar
[0.937s] -- Installing: /home/newman/vrx_ws/src/mission_windwatch/install/share/vrx_gazebo/models/3d_lidar/model.config
[0.937s] -- Installing: /home/newman/vrx_ws/src/mission_windwatch/install/share/vrx_gazebo/models/3d_lidar/model.sdf
[0.937s] -- Installing: /home/newman/vrx_ws/src/mission_windwatch/install/share/vrx_gazebo/models/3d_lidar/mesh
[0.937s] -- Installing: /home/newman/vrx_ws/src/mission_windwatch/install/share/vrx_gazebo/models/3d_lidar/mesh/3d_lidar.dae
[0.937s] -- Installing: /home/newman/vrx_ws/src/mission_windwatch/install/share/vrx_gazebo/models/3d_lidar/mesh/3d_Lidar_Roughness.png
[0.937s] -- Installing: /home/newman/vrx_ws/src/mission_windwatch/install/share/vrx_gazebo/models/3d_lidar/mesh/3d_Lidar_Albedo.png
[0.937s] -- Installing: /home/newman/vrx_ws/src/mission_windwatch/install/share/vrx_gazebo/models/3d_lidar/mesh/3d_Lidar_Normal.png
[0.938s] -- Installing: /home/newman/vrx_ws/src/mission_windwatch/install/share/vrx_gazebo/models/3d_lidar/mesh/3d_Lidar_Metalness.png
[0.938s] -- Installing: /home/newman/vrx_ws/src/mission_windwatch/install/share/vrx_gazebo/models/3d_lidar/mesh/3d_lidar.png
[0.939s] -- Installing: /home/newman/vrx_ws/src/mission_windwatch/install/share/vrx_gazebo/models/ball_shooter
[0.939s] -- Installing: /home/newman/vrx_ws/src/mission_windwatch/install/share/vrx_gazebo/models/ball_shooter/materials
[0.939s] -- Installing: /home/newman/vrx_ws/src/mission_windwatch/install/share/vrx_gazebo/models/ball_shooter/materials/Textures
[0.939s] -- Installing: /home/newman/vrx_ws/src/mission_windwatch/install/share/vrx_gazebo/models/ball_shooter/materials/Textures/Launcher_Metalness.png
[0.939s] -- Installing: /home/newman/vrx_ws/src/mission_windwatch/install/share/vrx_gazebo/models/ball_shooter/materials/Textures/Launcher_Albedo.png
[0.939s] -- Installing: /home/newman/vrx_ws/src/mission_windwatch/install/share/vrx_gazebo/models/ball_shooter/materials/Textures/Launcher_Roughness.png
[0.940s] -- Installing: /home/newman/vrx_ws/src/mission_windwatch/install/share/vrx_gazebo/models/ball_shooter/materials/Textures/Launcher_Normal.png
[0.940s] -- Installing: /home/newman/vrx_ws/src/mission_windwatch/install/share/vrx_gazebo/models/ball_shooter/model.config
[0.940s] -- Installing: /home/newman/vrx_ws/src/mission_windwatch/install/share/vrx_gazebo/models/ball_shooter/meshes
[0.940s] -- Installing: /home/newman/vrx_ws/src/mission_windwatch/install/share/vrx_gazebo/models/ball_shooter/meshes/ball_shooter_launcher.dae
[0.940s] -- Installing: /home/newman/vrx_ws/src/mission_windwatch/install/share/vrx_gazebo/models/ball_shooter/meshes/Launcher_BaseColor.png
[0.942s] -- Installing: /home/newman/vrx_ws/src/mission_windwatch/install/share/vrx_gazebo/models/ball_shooter/meshes/Glass_BaseColor.png
[0.942s] -- Installing: /home/newman/vrx_ws/src/mission_windwatch/install/share/vrx_gazebo/models/ball_shooter/meshes/ball_shooter_base.dae
[0.942s] -- Installing: /home/newman/vrx_ws/src/mission_windwatch/install/share/vrx_gazebo/models/ball_shooter/meshes/Launcher_Albedo.png
[0.943s] -- Installing: /home/newman/vrx_ws/src/mission_windwatch/install/share/vrx_gazebo/models/ball_shooter/model.sdf
[0.943s] -- Installing: /home/newman/vrx_ws/src/mission_windwatch/install/share/vrx_gazebo/models/sensor_post
[0.943s] -- Installing: /home/newman/vrx_ws/src/mission_windwatch/install/share/vrx_gazebo/models/sensor_post/model.config
[0.943s] -- Installing: /home/newman/vrx_ws/src/mission_windwatch/install/share/vrx_gazebo/models/sensor_post/model.sdf
[0.943s] -- Installing: /home/newman/vrx_ws/src/mission_windwatch/install/share/vrx_gazebo/models/sensor_post/mesh
[0.943s] -- Installing: /home/newman/vrx_ws/src/mission_windwatch/install/share/vrx_gazebo/models/sensor_post/mesh/sensor_post.dae
[0.943s] -- Installing: /home/newman/vrx_ws/src/mission_windwatch/install/share/vrx_gazebo/models/sensor_post/mesh/sensor_post.png
[0.943s] -- Installing: /home/newman/vrx_ws/src/mission_windwatch/install/share/vrx_gazebo/models/sensor_post/mesh/sensor_post_arm.dae
[0.944s] -- Installing: /home/newman/vrx_ws/src/mission_windwatch/install/share/vrx_gazebo/models/mono_camera
[0.944s] -- Installing: /home/newman/vrx_ws/src/mission_windwatch/install/share/vrx_gazebo/models/mono_camera/model.config
[0.944s] -- Installing: /home/newman/vrx_ws/src/mission_windwatch/install/share/vrx_gazebo/models/mono_camera/model.sdf
[0.944s] -- Installing: /home/newman/vrx_ws/src/mission_windwatch/install/share/vrx_gazebo/models/mono_camera/mesh
[0.944s] -- Installing: /home/newman/vrx_ws/src/mission_windwatch/install/share/vrx_gazebo/models/mono_camera/mesh/mono_camera_Metalness.png
[0.944s] -- Installing: /home/newman/vrx_ws/src/mission_windwatch/install/share/vrx_gazebo/models/mono_camera/mesh/mono_camera_Roughness.png
[0.944s] -- Installing: /home/newman/vrx_ws/src/mission_windwatch/install/share/vrx_gazebo/models/mono_camera/mesh/mono_camera_Albedo.png
[0.944s] -- Installing: /home/newman/vrx_ws/src/mission_windwatch/install/share/vrx_gazebo/models/mono_camera/mesh/mono_camera_Normal.png
[0.944s] -- Installing: /home/newman/vrx_ws/src/mission_windwatch/install/share/vrx_gazebo/models/mono_camera/mesh/mono_camera.dae
[0.945s] -- Installing: /home/newman/vrx_ws/src/mission_windwatch/install/share/vrx_gazebo/models/mono_camera/mesh/mono_camera.png
[0.945s] -- Installing: /home/newman/vrx_ws/src/mission_windwatch/install/share/vrx_gazebo/models/blue_projectile
[0.945s] -- Installing: /home/newman/vrx_ws/src/mission_windwatch/install/share/vrx_gazebo/models/blue_projectile/model.config
[0.945s] -- Installing: /home/newman/vrx_ws/src/mission_windwatch/install/share/vrx_gazebo/models/blue_projectile/model.sdf
[0.945s] -- Installing: /home/newman/vrx_ws/src/mission_windwatch/install/share/vrx_gazebo/models/battery
[0.945s] -- Installing: /home/newman/vrx_ws/src/mission_windwatch/install/share/vrx_gazebo/models/battery/model.config
[0.945s] -- Installing: /home/newman/vrx_ws/src/mission_windwatch/install/share/vrx_gazebo/models/battery/model.sdf
[0.945s] -- Installing: /home/newman/vrx_ws/src/mission_windwatch/install/share/vrx_gazebo/models/battery/mesh
[0.945s] -- Installing: /home/newman/vrx_ws/src/mission_windwatch/install/share/vrx_gazebo/models/battery/mesh/battery_Roughness.png
[0.947s] -- Installing: /home/newman/vrx_ws/src/mission_windwatch/install/share/vrx_gazebo/models/battery/mesh/battery.png
[0.949s] -- Installing: /home/newman/vrx_ws/src/mission_windwatch/install/share/vrx_gazebo/models/battery/mesh/battery_Metalness.png
[0.949s] -- Installing: /home/newman/vrx_ws/src/mission_windwatch/install/share/vrx_gazebo/models/battery/mesh/battery_Albedo.png
[0.952s] -- Installing: /home/newman/vrx_ws/src/mission_windwatch/install/share/vrx_gazebo/models/battery/mesh/battery_Normal.png
[0.954s] -- Installing: /home/newman/vrx_ws/src/mission_windwatch/install/share/vrx_gazebo/models/battery/mesh/battery.dae
[0.954s] -- Installing: /home/newman/vrx_ws/src/mission_windwatch/install/share/vrx_gazebo/launch
[0.955s] -- Installing: /home/newman/vrx_ws/src/mission_windwatch/install/share/vrx_gazebo/launch/generate_wamv.launch.py
[0.955s] -- Installing: /home/newman/vrx_ws/src/mission_windwatch/install/share/vrx_gazebo/launch/rviz.launch.py
[0.955s] -- Installing: /home/newman/vrx_ws/src/mission_windwatch/install/share/vrx_gazebo/config
[0.955s] -- Installing: /home/newman/vrx_ws/src/mission_windwatch/install/share/vrx_gazebo/config/wamv_config
[0.955s] -- Installing: /home/newman/vrx_ws/src/mission_windwatch/install/share/vrx_gazebo/config/wamv_config/example_component_config.yaml
[0.955s] -- Installing: /home/newman/vrx_ws/src/mission_windwatch/install/share/vrx_gazebo/config/wamv_config/example_thruster_config.yaml
[0.955s] -- Installing: /home/newman/vrx_ws/src/mission_windwatch/install/share/vrx_gazebo/config/wamv_config/component_compliance
[0.955s] -- Installing: /home/newman/vrx_ws/src/mission_windwatch/install/share/vrx_gazebo/config/wamv_config/component_compliance/bounding_boxes.yaml
[0.955s] -- Installing: /home/newman/vrx_ws/src/mission_windwatch/install/share/vrx_gazebo/config/wamv_config/component_compliance/numeric.yaml
[0.955s] -- Installing: /home/newman/vrx_ws/src/mission_windwatch/install/share/vrx_gazebo/config/wamv_config/thruster_compliance
[0.956s] -- Installing: /home/newman/vrx_ws/src/mission_windwatch/install/share/vrx_gazebo/config/wamv_config/thruster_compliance/bounding_boxes.yaml
[0.956s] -- Installing: /home/newman/vrx_ws/src/mission_windwatch/install/share/vrx_gazebo/config/wamv_config/thruster_compliance/numeric.yaml
[0.956s] -- Installing: /home/newman/vrx_ws/src/mission_windwatch/install/share/vrx_gazebo/config/rviz_vrx_final.rviz
[0.956s] -- Installing: /home/newman/vrx_ws/src/mission_windwatch/install/share/vrx_gazebo/config/rviz_vrx_rsp.rviz
[0.957s] -- Installing: /home/newman/vrx_ws/src/mission_windwatch/install/lib/vrx_gazebo/generate_wamv.py
[0.957s] -- Installing: /home/newman/vrx_ws/src/mission_windwatch/install/share/vrx_gazebo/environment/pythonpath.sh
[0.957s] -- Installing: /home/newman/vrx_ws/src/mission_windwatch/install/share/vrx_gazebo/environment/pythonpath.dsv
[0.958s] -- Installing: /home/newman/vrx_ws/src/mission_windwatch/install/local/lib/python3.10/dist-packages/vrx_gazebo-1.3.0-py3.10.egg-info
[0.958s] -- Installing: /home/newman/vrx_ws/src/mission_windwatch/install/local/lib/python3.10/dist-packages/vrx_gazebo-1.3.0-py3.10.egg-info/SOURCES.txt
[0.958s] -- Installing: /home/newman/vrx_ws/src/mission_windwatch/install/local/lib/python3.10/dist-packages/vrx_gazebo-1.3.0-py3.10.egg-info/dependency_links.txt
[0.958s] -- Installing: /home/newman/vrx_ws/src/mission_windwatch/install/local/lib/python3.10/dist-packages/vrx_gazebo-1.3.0-py3.10.egg-info/PKG-INFO
[0.958s] -- Installing: /home/newman/vrx_ws/src/mission_windwatch/install/local/lib/python3.10/dist-packages/vrx_gazebo-1.3.0-py3.10.egg-info/top_level.txt
[0.958s] -- Installing: /home/newman/vrx_ws/src/mission_windwatch/install/local/lib/python3.10/dist-packages/vrx_gazebo
[0.958s] -- Installing: /home/newman/vrx_ws/src/mission_windwatch/install/local/lib/python3.10/dist-packages/vrx_gazebo/utils.py
[0.958s] -- Installing: /home/newman/vrx_ws/src/mission_windwatch/install/local/lib/python3.10/dist-packages/vrx_gazebo/compliance.py
[0.958s] -- Installing: /home/newman/vrx_ws/src/mission_windwatch/install/local/lib/python3.10/dist-packages/vrx_gazebo/configure_wamv.py
[0.958s] -- Installing: /home/newman/vrx_ws/src/mission_windwatch/install/local/lib/python3.10/dist-packages/vrx_gazebo/__init__.py
[0.982s] Listing '/home/newman/vrx_ws/src/mission_windwatch/install/local/lib/python3.10/dist-packages/vrx_gazebo'...
[0.982s] Compiling '/home/newman/vrx_ws/src/mission_windwatch/install/local/lib/python3.10/dist-packages/vrx_gazebo/__init__.py'...
[0.982s] Compiling '/home/newman/vrx_ws/src/mission_windwatch/install/local/lib/python3.10/dist-packages/vrx_gazebo/compliance.py'...
[0.982s] Compiling '/home/newman/vrx_ws/src/mission_windwatch/install/local/lib/python3.10/dist-packages/vrx_gazebo/configure_wamv.py'...
[0.982s] Compiling '/home/newman/vrx_ws/src/mission_windwatch/install/local/lib/python3.10/dist-packages/vrx_gazebo/utils.py'...
[0.986s] -- Installing: /home/newman/vrx_ws/src/mission_windwatch/install/share/ament_index/resource_index/package_run_dependencies/vrx_gazebo
[0.986s] -- Installing: /home/newman/vrx_ws/src/mission_windwatch/install/share/ament_index/resource_index/parent_prefix_path/vrx_gazebo
[0.987s] -- Installing: /home/newman/vrx_ws/src/mission_windwatch/install/share/vrx_gazebo/environment/ament_prefix_path.sh
[0.987s] -- Installing: /home/newman/vrx_ws/src/mission_windwatch/install/share/vrx_gazebo/environment/ament_prefix_path.dsv
[0.987s] -- Installing: /home/newman/vrx_ws/src/mission_windwatch/install/share/vrx_gazebo/environment/path.sh
[0.987s] -- Installing: /home/newman/vrx_ws/src/mission_windwatch/install/share/vrx_gazebo/environment/path.dsv
[0.987s] -- Installing: /home/newman/vrx_ws/src/mission_windwatch/install/share/vrx_gazebo/local_setup.bash
[0.988s] -- Installing: /home/newman/vrx_ws/src/mission_windwatch/install/share/vrx_gazebo/local_setup.sh
[0.988s] -- Installing: /home/newman/vrx_ws/src/mission_windwatch/install/share/vrx_gazebo/local_setup.zsh
[0.988s] -- Installing: /home/newman/vrx_ws/src/mission_windwatch/install/share/vrx_gazebo/local_setup.dsv
[0.988s] -- Installing: /home/newman/vrx_ws/src/mission_windwatch/install/share/vrx_gazebo/package.dsv
[0.988s] -- Installing: /home/newman/vrx_ws/src/mission_windwatch/install/share/ament_index/resource_index/packages/vrx_gazebo
[0.988s] -- Installing: /home/newman/vrx_ws/src/mission_windwatch/install/share/vrx_gazebo/cmake/vrx_gazeboConfig.cmake
[0.988s] -- Installing: /home/newman/vrx_ws/src/mission_windwatch/install/share/vrx_gazebo/cmake/vrx_gazeboConfig-version.cmake
[0.988s] -- Installing: /home/newman/vrx_ws/src/mission_windwatch/install/share/vrx_gazebo/package.xml
[0.994s] Invoked command in '/home/newman/vrx_ws/src/mission_windwatch/build/vrx_gazebo' returned '0': CMAKE_PREFIX_PATH=/opt/ros/humble /usr/bin/cmake --install /home/newman/vrx_ws/src/mission_windwatch/build/vrx_gazebo
