[0.034s] Invoking command in '/home/newman/vrx_ws/src/mission_windwatch/build/opencv_example': CMAKE_PREFIX_PATH=/opt/ros/humble /usr/bin/cmake --build /home/newman/vrx_ws/src/mission_windwatch/build/opencv_example -- -j9 -l9
[0.112s] [100%] Built target minimal_opencv_ros2_node
[0.112s] [100%] Built target ament_cmake_python_copy_opencv_example
[0.321s] running egg_info
[0.322s] writing opencv_example.egg-info/PKG-INFO
[0.322s] writing dependency_links to opencv_example.egg-info/dependency_links.txt
[0.322s] writing top-level names to opencv_example.egg-info/top_level.txt
[0.322s] reading manifest file 'opencv_example.egg-info/SOURCES.txt'
[0.322s] writing manifest file 'opencv_example.egg-info/SOURCES.txt'
[0.351s] [100%] Built target ament_cmake_python_build_opencv_example_egg
[0.366s] Invoked command in '/home/newman/vrx_ws/src/mission_windwatch/build/opencv_example' returned '0': CMAKE_PREFIX_PATH=/opt/ros/humble /usr/bin/cmake --build /home/newman/vrx_ws/src/mission_windwatch/build/opencv_example -- -j9 -l9
[0.416s] Invoking command in '/home/newman/vrx_ws/src/mission_windwatch/build/opencv_example': CMAKE_PREFIX_PATH=/opt/ros/humble /usr/bin/cmake --install /home/newman/vrx_ws/src/mission_windwatch/build/opencv_example
[0.421s] -- Install configuration: ""
[0.421s] -- Up-to-date: /home/newman/vrx_ws/src/mission_windwatch/install/lib/opencv_example/minimal_opencv_ros2_node
[0.421s] -- Up-to-date: /home/newman/vrx_ws/src/mission_windwatch/install/lib/opencv_example/minimal_opencv_subscriber.py
[0.422s] -- Up-to-date: /home/newman/vrx_ws/src/mission_windwatch/install/lib/opencv_example/opencv_decoder.py
[0.422s] -- Up-to-date: /home/newman/vrx_ws/src/mission_windwatch/install/share/opencv_example/environment/pythonpath.sh
[0.422s] -- Up-to-date: /home/newman/vrx_ws/src/mission_windwatch/install/share/opencv_example/environment/pythonpath.dsv
[0.422s] -- Up-to-date: /home/newman/vrx_ws/src/mission_windwatch/install/local/lib/python3.10/dist-packages/opencv_example-0.3.0-py3.10.egg-info
[0.422s] -- Installing: /home/newman/vrx_ws/src/mission_windwatch/install/local/lib/python3.10/dist-packages/opencv_example-0.3.0-py3.10.egg-info/SOURCES.txt
[0.422s] -- Installing: /home/newman/vrx_ws/src/mission_windwatch/install/local/lib/python3.10/dist-packages/opencv_example-0.3.0-py3.10.egg-info/dependency_links.txt
[0.422s] -- Installing: /home/newman/vrx_ws/src/mission_windwatch/install/local/lib/python3.10/dist-packages/opencv_example-0.3.0-py3.10.egg-info/PKG-INFO
[0.422s] -- Installing: /home/newman/vrx_ws/src/mission_windwatch/install/local/lib/python3.10/dist-packages/opencv_example-0.3.0-py3.10.egg-info/top_level.txt
[0.422s] -- Up-to-date: /home/newman/vrx_ws/src/mission_windwatch/install/local/lib/python3.10/dist-packages/opencv_example
[0.422s] -- Up-to-date: /home/newman/vrx_ws/src/mission_windwatch/install/local/lib/python3.10/dist-packages/opencv_example/minimal_image_subscriber_node.py
[0.422s] -- Up-to-date: /home/newman/vrx_ws/src/mission_windwatch/install/local/lib/python3.10/dist-packages/opencv_example/opencv_decoder_node.py
[0.422s] -- Up-to-date: /home/newman/vrx_ws/src/mission_windwatch/install/local/lib/python3.10/dist-packages/opencv_example/__init__.py
[0.453s] Listing '/home/newman/vrx_ws/src/mission_windwatch/install/local/lib/python3.10/dist-packages/opencv_example'...
[0.465s] -- Up-to-date: /home/newman/vrx_ws/src/mission_windwatch/install/share/ament_index/resource_index/package_run_dependencies/opencv_example
[0.465s] -- Up-to-date: /home/newman/vrx_ws/src/mission_windwatch/install/share/ament_index/resource_index/parent_prefix_path/opencv_example
[0.466s] -- Up-to-date: /home/newman/vrx_ws/src/mission_windwatch/install/share/opencv_example/environment/ament_prefix_path.sh
[0.466s] -- Up-to-date: /home/newman/vrx_ws/src/mission_windwatch/install/share/opencv_example/environment/ament_prefix_path.dsv
[0.470s] -- Up-to-date: /home/newman/vrx_ws/src/mission_windwatch/install/share/opencv_example/environment/path.sh
[0.472s] -- Up-to-date: /home/newman/vrx_ws/src/mission_windwatch/install/share/opencv_example/environment/path.dsv
[0.472s] -- Up-to-date: /home/newman/vrx_ws/src/mission_windwatch/install/share/opencv_example/local_setup.bash
[0.472s] -- Up-to-date: /home/newman/vrx_ws/src/mission_windwatch/install/share/opencv_example/local_setup.sh
[0.472s] -- Up-to-date: /home/newman/vrx_ws/src/mission_windwatch/install/share/opencv_example/local_setup.zsh
[0.472s] -- Up-to-date: /home/newman/vrx_ws/src/mission_windwatch/install/share/opencv_example/local_setup.dsv
[0.472s] -- Installing: /home/newman/vrx_ws/src/mission_windwatch/install/share/opencv_example/package.dsv
[0.472s] -- Up-to-date: /home/newman/vrx_ws/src/mission_windwatch/install/share/ament_index/resource_index/packages/opencv_example
[0.472s] -- Up-to-date: /home/newman/vrx_ws/src/mission_windwatch/install/share/opencv_example/cmake/opencv_exampleConfig.cmake
[0.472s] -- Up-to-date: /home/newman/vrx_ws/src/mission_windwatch/install/share/opencv_example/cmake/opencv_exampleConfig-version.cmake
[0.472s] -- Up-to-date: /home/newman/vrx_ws/src/mission_windwatch/install/share/opencv_example/package.xml
[0.517s] Invoked command in '/home/newman/vrx_ws/src/mission_windwatch/build/opencv_example' returned '0': CMAKE_PREFIX_PATH=/opt/ros/humble /usr/bin/cmake --install /home/newman/vrx_ws/src/mission_windwatch/build/opencv_example
