[0.030s] Invoking command in '/home/newman/vrx_ws/src/mission_windwatch/build/vrx_ros': CMAKE_PREFIX_PATH=/opt/ros/humble /usr/bin/cmake /home/newman/vrx_ws/src/mission_windwatch/src/vrx/vrx_ros -DCMAKE_INSTALL_PREFIX=/home/newman/vrx_ws/src/mission_windwatch/install
[0.093s] -- Found ament_cmake: 1.3.10 (/opt/ros/humble/share/ament_cmake/cmake)
[0.293s] -- Found Python3: /usr/bin/python3 (found version "3.10.12") found components: Interpreter 
[0.471s] -- Found geometry_msgs: 4.2.4 (/opt/ros/humble/share/geometry_msgs/cmake)
[0.743s] -- Found rosidl_generator_c: 3.1.5 (/opt/ros/humble/share/rosidl_generator_c/cmake)
[0.787s] -- Found rosidl_adapter: 3.1.5 (/opt/ros/humble/share/rosidl_adapter/cmake)
[0.810s] -- Found rosidl_generator_cpp: 3.1.5 (/opt/ros/humble/share/rosidl_generator_cpp/cmake)
[0.867s] -- Using all available rosidl_typesupport_c: rosidl_typesupport_fastrtps_c;rosidl_typesupport_introspection_c
[0.894s] -- Using all available rosidl_typesupport_cpp: rosidl_typesupport_fastrtps_cpp;rosidl_typesupport_introspection_cpp
[1.359s] -- Looking for gz-msgs9 -- found version 9.5.0
[1.510s] -- Searching for dependencies of gz-msgs9
[1.820s] -- Found Protobuf: /usr/lib/x86_64-linux-gnu/libprotobuf.so (found version "3.12.4") 
[1.856s] -- Looking for gz-math7 -- found version 7.5.1
[1.857s] -- Searching for dependencies of gz-math7
[1.866s] -- Looking for gz-utils2 -- found version 2.2.0
[1.866s] -- Searching for dependencies of gz-utils2
[1.884s] -- Checking for module 'tinyxml2'
[1.905s] --   Found tinyxml2, version 9.0.0
[1.992s] -- Looking for gz-transport12 -- found version 12.2.1
[1.998s] -- Searching for dependencies of gz-transport12
[2.022s] -- Config-file not installed for ZeroMQ -- checking for pkg-config
[2.032s] -- Checking for module 'libzmq >= 4'
[2.133s] --   Found libzmq , version 4.3.4
[2.169s] -- Found ZeroMQ: TRUE (Required is at least version "4") 
[2.217s] -- Checking for module 'uuid'
[2.229s] --   Found uuid, version 2.37.2
[2.254s] -- Found UUID: TRUE  
[2.255s] -- Looking for gz-utils2 -- found version 2.2.0
[2.255s] -- Searching for dependencies of gz-utils2
[2.255s] -- Searching for <gz-utils2> component [cli]
[2.273s] -- Looking for gz-utils2-cli -- found version 2.2.0
[2.273s] -- Searching for dependencies of gz-utils2-cli
[2.273s] -- Looking for gz-msgs9 -- found version 9.5.0
[2.275s] -- Found rclcpp: 16.0.10 (/opt/ros/humble/share/rclcpp/cmake)
[2.301s] -- Found rmw_implementation_cmake: 6.1.2 (/opt/ros/humble/share/rmw_implementation_cmake/cmake)
[2.303s] -- Found rmw_fastrtps_cpp: 6.2.7 (/opt/ros/humble/share/rmw_fastrtps_cpp/cmake)
[2.370s] -- Found OpenSSL: /usr/lib/x86_64-linux-gnu/libcrypto.so (found version "3.0.2")  
[2.394s] -- Found FastRTPS: /opt/ros/humble/include  
[2.426s] -- Using RMW implementation 'rmw_fastrtps_cpp' as default
[2.432s] -- Found Threads: TRUE  
[2.477s] -- Found ros_gz_interfaces: 0.244.11 (/opt/ros/humble/share/ros_gz_interfaces/cmake)
[2.584s] -- Found sensor_msgs: 4.2.4 (/opt/ros/humble/share/sensor_msgs/cmake)
[2.600s] -- Found tf2: 0.25.8 (/opt/ros/humble/share/tf2/cmake)
[2.617s] -- Found tf2_msgs: 0.25.8 (/opt/ros/humble/share/tf2_msgs/cmake)
[2.831s] -- Found tf2_ros: 0.25.8 (/opt/ros/humble/share/tf2_ros/cmake)
[2.912s] -- Configuring done
[2.922s] -- Generating done
[2.923s] -- Build files have been written to: /home/newman/vrx_ws/src/mission_windwatch/build/vrx_ros
