[0.030s] Invoking command in '/home/newman/vrx_ws/src/mission_windwatch/build/aquabot_example': CMAKE_PREFIX_PATH=/opt/ros/humble /usr/bin/cmake /home/newman/vrx_ws/src/mission_windwatch/src/aquabot_competitor/aquabot_examples/aquabot_example -DCMAKE_INSTALL_PREFIX=/home/newman/vrx_ws/src/mission_windwatch/install
[0.091s] -- Found ament_cmake: 1.3.10 (/opt/ros/humble/share/ament_cmake/cmake)
[0.291s] -- Found Python3: /usr/bin/python3 (found version "3.10.12") found components: Interpreter 
[0.497s] -- Found rclcpp: 16.0.10 (/opt/ros/humble/share/rclcpp/cmake)
[0.741s] -- Found rosidl_generator_c: 3.1.5 (/opt/ros/humble/share/rosidl_generator_c/cmake)
[0.785s] -- Found rosidl_adapter: 3.1.5 (/opt/ros/humble/share/rosidl_adapter/cmake)
[0.809s] -- Found rosidl_generator_cpp: 3.1.5 (/opt/ros/humble/share/rosidl_generator_cpp/cmake)
[0.864s] -- Using all available rosidl_typesupport_c: rosidl_typesupport_fastrtps_c;rosidl_typesupport_introspection_c
[0.892s] -- Using all available rosidl_typesupport_cpp: rosidl_typesupport_fastrtps_cpp;rosidl_typesupport_introspection_cpp
[1.446s] -- Found rmw_implementation_cmake: 6.1.2 (/opt/ros/humble/share/rmw_implementation_cmake/cmake)
[1.482s] -- Found rmw_fastrtps_cpp: 6.2.7 (/opt/ros/humble/share/rmw_fastrtps_cpp/cmake)
[1.787s] -- Found OpenSSL: /usr/lib/x86_64-linux-gnu/libcrypto.so (found version "3.0.2")  
[1.847s] -- Found FastRTPS: /opt/ros/humble/include  
[1.903s] -- Using RMW implementation 'rmw_fastrtps_cpp' as default
[1.990s] -- Looking for pthread.h
[2.061s] -- Looking for pthread.h - found
[2.062s] -- Performing Test CMAKE_HAVE_LIBC_PTHREAD
[2.150s] -- Performing Test CMAKE_HAVE_LIBC_PTHREAD - Success
[2.156s] -- Found Threads: TRUE  
[2.362s] -- Found tf2: 0.25.8 (/opt/ros/humble/share/tf2/cmake)
[2.456s] -- Found tf2_ros: 0.25.8 (/opt/ros/humble/share/tf2_ros/cmake)
[2.841s] -- Found ament_lint_auto: 0.12.11 (/opt/ros/humble/share/ament_lint_auto/cmake)
[2.903s] -- Added test 'cppcheck' to perform static code analysis on C / C++ code
[2.904s] -- Configured cppcheck include dirs: $<BUILD_INTERFACE:/home/newman/vrx_ws/src/mission_windwatch/src/aquabot_competitor/aquabot_examples/aquabot_example/include>
[2.904s] -- Configured cppcheck exclude dirs and/or files: 
[2.904s] -- Added test 'flake8' to check Python code syntax and style conventions
[2.904s] -- Added test 'lint_cmake' to check CMake code style
[2.905s] -- Added test 'pep257' to check Python code against some of the docstring style conventions in PEP 257
[2.905s] -- Added test 'uncrustify' to check C / C++ code style
[2.905s] -- Configured uncrustify additional arguments: 
[2.906s] -- Added test 'xmllint' to check XML markup files
[2.906s] -- Configuring done
[2.914s] -- Generating done
[2.915s] -- Build files have been written to: /home/newman/vrx_ws/src/mission_windwatch/build/aquabot_example
