Built target ament_cmake_python_copy_aquabot_python
Built target ament_cmake_python_copy_aquabot_python_setup
running egg_info
writing aquabot_python.egg-info/PKG-INFO
writing dependency_links to aquabot_python.egg-info/dependency_links.txt
writing top-level names to aquabot_python.egg-info/top_level.txt
reading manifest file 'aquabot_python.egg-info/SOURCES.txt'
writing manifest file 'aquabot_python.egg-info/SOURCES.txt'
Built target ament_cmake_python_build_aquabot_python_egg
-- Install configuration: ""
-- Up-to-date: /home/newman/vrx_ws/src/mission_windwatch/install/lib/aquabot_python/teleop_keyboard.py
-- Up-to-date: /home/newman/vrx_ws/src/mission_windwatch/install/lib/aquabot_python/generate_scenario.py
-- Up-to-date: /home/newman/vrx_ws/src/mission_windwatch/install/lib/aquabot_python/reopen_scenario.py
-- Up-to-date: /home/newman/vrx_ws/src/mission_windwatch/install/lib/aquabot_python/regenerate_scenario_file.py
-- Up-to-date: /home/newman/vrx_ws/src/mission_windwatch/install/lib/aquabot_python/plot_log_file.py
-- Up-to-date: /home/newman/vrx_ws/src/mission_windwatch/install/lib/aquabot_python/qrcode_generator.py
-- Up-to-date: /home/newman/vrx_ws/src/mission_windwatch/install/lib/aquabot_python/generate_competition_worlds.py
-- Up-to-date: /home/newman/vrx_ws/src/mission_windwatch/install/share/aquabot_python/environment/pythonpath.sh
-- Up-to-date: /home/newman/vrx_ws/src/mission_windwatch/install/share/aquabot_python/environment/pythonpath.dsv
-- Up-to-date: /home/newman/vrx_ws/src/mission_windwatch/install/local/lib/python3.10/dist-packages/aquabot_python-0.6.0-py3.10.egg-info
-- Installing: /home/newman/vrx_ws/src/mission_windwatch/install/local/lib/python3.10/dist-packages/aquabot_python-0.6.0-py3.10.egg-info/SOURCES.txt
-- Installing: /home/newman/vrx_ws/src/mission_windwatch/install/local/lib/python3.10/dist-packages/aquabot_python-0.6.0-py3.10.egg-info/dependency_links.txt
-- Installing: /home/newman/vrx_ws/src/mission_windwatch/install/local/lib/python3.10/dist-packages/aquabot_python-0.6.0-py3.10.egg-info/PKG-INFO
-- Installing: /home/newman/vrx_ws/src/mission_windwatch/install/local/lib/python3.10/dist-packages/aquabot_python-0.6.0-py3.10.egg-info/top_level.txt
-- Up-to-date: /home/newman/vrx_ws/src/mission_windwatch/install/local/lib/python3.10/dist-packages/aquabot_python
-- Up-to-date: /home/newman/vrx_ws/src/mission_windwatch/install/local/lib/python3.10/dist-packages/aquabot_python/environnement_container.py
-- Up-to-date: /home/newman/vrx_ws/src/mission_windwatch/install/local/lib/python3.10/dist-packages/aquabot_python/log_parser.py
-- Up-to-date: /home/newman/vrx_ws/src/mission_windwatch/install/local/lib/python3.10/dist-packages/aquabot_python/scenario_parser.py
-- Up-to-date: /home/newman/vrx_ws/src/mission_windwatch/install/local/lib/python3.10/dist-packages/aquabot_python/replay_container.py
-- Up-to-date: /home/newman/vrx_ws/src/mission_windwatch/install/local/lib/python3.10/dist-packages/aquabot_python/scenario_generator.py
-- Up-to-date: /home/newman/vrx_ws/src/mission_windwatch/install/local/lib/python3.10/dist-packages/aquabot_python/generator_methods.py
-- Up-to-date: /home/newman/vrx_ws/src/mission_windwatch/install/local/lib/python3.10/dist-packages/aquabot_python/scenario_container.py
-- Up-to-date: /home/newman/vrx_ws/src/mission_windwatch/install/local/lib/python3.10/dist-packages/aquabot_python/scenario_pyplot.py
-- Up-to-date: /home/newman/vrx_ws/src/mission_windwatch/install/local/lib/python3.10/dist-packages/aquabot_python/__init__.py
Listing '/home/newman/vrx_ws/src/mission_windwatch/install/local/lib/python3.10/dist-packages/aquabot_python'...
-- Up-to-date: /home/newman/vrx_ws/src/mission_windwatch/install/share/aquabot_python/images
-- Up-to-date: /home/newman/vrx_ws/src/mission_windwatch/install/share/aquabot_python/images/map_no_obstacles_400.png
-- Up-to-date: /home/newman/vrx_ws/src/mission_windwatch/install/share/aquabot_python/images/map_400.png
-- Up-to-date: /home/newman/vrx_ws/src/mission_windwatch/install/share/aquabot_python/images/map_300.png
-- Up-to-date: /home/newman/vrx_ws/src/mission_windwatch/install/share/aquabot_python/images/map_no_obstacles_300.png
-- Up-to-date: /home/newman/vrx_ws/src/mission_windwatch/install/share/ament_index/resource_index/package_run_dependencies/aquabot_python
-- Up-to-date: /home/newman/vrx_ws/src/mission_windwatch/install/share/ament_index/resource_index/parent_prefix_path/aquabot_python
-- Up-to-date: /home/newman/vrx_ws/src/mission_windwatch/install/share/aquabot_python/environment/ament_prefix_path.sh
-- Up-to-date: /home/newman/vrx_ws/src/mission_windwatch/install/share/aquabot_python/environment/ament_prefix_path.dsv
-- Up-to-date: /home/newman/vrx_ws/src/mission_windwatch/install/share/aquabot_python/environment/path.sh
-- Up-to-date: /home/newman/vrx_ws/src/mission_windwatch/install/share/aquabot_python/environment/path.dsv
-- Up-to-date: /home/newman/vrx_ws/src/mission_windwatch/install/share/aquabot_python/local_setup.bash
-- Up-to-date: /home/newman/vrx_ws/src/mission_windwatch/install/share/aquabot_python/local_setup.sh
-- Up-to-date: /home/newman/vrx_ws/src/mission_windwatch/install/share/aquabot_python/local_setup.zsh
-- Up-to-date: /home/newman/vrx_ws/src/mission_windwatch/install/share/aquabot_python/local_setup.dsv
-- Installing: /home/newman/vrx_ws/src/mission_windwatch/install/share/aquabot_python/package.dsv
-- Up-to-date: /home/newman/vrx_ws/src/mission_windwatch/install/share/ament_index/resource_index/packages/aquabot_python
-- Up-to-date: /home/newman/vrx_ws/src/mission_windwatch/install/share/aquabot_python/cmake/aquabot_pythonConfig.cmake
-- Up-to-date: /home/newman/vrx_ws/src/mission_windwatch/install/share/aquabot_python/cmake/aquabot_pythonConfig-version.cmake
-- Up-to-date: /home/newman/vrx_ws/src/mission_windwatch/install/share/aquabot_python/package.xml
