-- Found ament_cmake: 1.3.10 (/opt/ros/humble/share/ament_cmake/cmake)
-- Found Python3: /usr/bin/python3 (found version "3.10.12") found components: Interpreter 
-- Configuring done
-- Generating done
-- Build files have been written to: /home/newman/vrx_ws/src/mission_windwatch/build/aquabot_python
Built target ament_cmake_python_copy_aquabot_python_setup
Built target ament_cmake_python_copy_aquabot_python
running egg_info
creating aquabot_python.egg-info
writing aquabot_python.egg-info/PKG-INFO
writing dependency_links to aquabot_python.egg-info/dependency_links.txt
writing top-level names to aquabot_python.egg-info/top_level.txt
writing manifest file 'aquabot_python.egg-info/SOURCES.txt'
reading manifest file 'aquabot_python.egg-info/SOURCES.txt'
writing manifest file 'aquabot_python.egg-info/SOURCES.txt'
Built target ament_cmake_python_build_aquabot_python_egg
-- Install configuration: ""
-- Installing: /home/newman/vrx_ws/src/mission_windwatch/install/lib/aquabot_python/teleop_keyboard.py
-- Installing: /home/newman/vrx_ws/src/mission_windwatch/install/lib/aquabot_python/generate_scenario.py
-- Installing: /home/newman/vrx_ws/src/mission_windwatch/install/lib/aquabot_python/reopen_scenario.py
-- Installing: /home/newman/vrx_ws/src/mission_windwatch/install/lib/aquabot_python/regenerate_scenario_file.py
-- Installing: /home/newman/vrx_ws/src/mission_windwatch/install/lib/aquabot_python/plot_log_file.py
-- Installing: /home/newman/vrx_ws/src/mission_windwatch/install/lib/aquabot_python/qrcode_generator.py
-- Installing: /home/newman/vrx_ws/src/mission_windwatch/install/lib/aquabot_python/generate_competition_worlds.py
-- Installing: /home/newman/vrx_ws/src/mission_windwatch/install/share/aquabot_python/environment/pythonpath.sh
-- Installing: /home/newman/vrx_ws/src/mission_windwatch/install/share/aquabot_python/environment/pythonpath.dsv
-- Installing: /home/newman/vrx_ws/src/mission_windwatch/install/local/lib/python3.10/dist-packages/aquabot_python-0.6.0-py3.10.egg-info
-- Installing: /home/newman/vrx_ws/src/mission_windwatch/install/local/lib/python3.10/dist-packages/aquabot_python-0.6.0-py3.10.egg-info/SOURCES.txt
-- Installing: /home/newman/vrx_ws/src/mission_windwatch/install/local/lib/python3.10/dist-packages/aquabot_python-0.6.0-py3.10.egg-info/dependency_links.txt
-- Installing: /home/newman/vrx_ws/src/mission_windwatch/install/local/lib/python3.10/dist-packages/aquabot_python-0.6.0-py3.10.egg-info/PKG-INFO
-- Installing: /home/newman/vrx_ws/src/mission_windwatch/install/local/lib/python3.10/dist-packages/aquabot_python-0.6.0-py3.10.egg-info/top_level.txt
-- Installing: /home/newman/vrx_ws/src/mission_windwatch/install/local/lib/python3.10/dist-packages/aquabot_python
-- Installing: /home/newman/vrx_ws/src/mission_windwatch/install/local/lib/python3.10/dist-packages/aquabot_python/environnement_container.py
-- Installing: /home/newman/vrx_ws/src/mission_windwatch/install/local/lib/python3.10/dist-packages/aquabot_python/log_parser.py
-- Installing: /home/newman/vrx_ws/src/mission_windwatch/install/local/lib/python3.10/dist-packages/aquabot_python/scenario_parser.py
-- Installing: /home/newman/vrx_ws/src/mission_windwatch/install/local/lib/python3.10/dist-packages/aquabot_python/replay_container.py
-- Installing: /home/newman/vrx_ws/src/mission_windwatch/install/local/lib/python3.10/dist-packages/aquabot_python/scenario_generator.py
-- Installing: /home/newman/vrx_ws/src/mission_windwatch/install/local/lib/python3.10/dist-packages/aquabot_python/generator_methods.py
-- Installing: /home/newman/vrx_ws/src/mission_windwatch/install/local/lib/python3.10/dist-packages/aquabot_python/scenario_container.py
-- Installing: /home/newman/vrx_ws/src/mission_windwatch/install/local/lib/python3.10/dist-packages/aquabot_python/scenario_pyplot.py
-- Installing: /home/newman/vrx_ws/src/mission_windwatch/install/local/lib/python3.10/dist-packages/aquabot_python/__init__.py
Listing '/home/newman/vrx_ws/src/mission_windwatch/install/local/lib/python3.10/dist-packages/aquabot_python'...
Compiling '/home/newman/vrx_ws/src/mission_windwatch/install/local/lib/python3.10/dist-packages/aquabot_python/__init__.py'...
Compiling '/home/newman/vrx_ws/src/mission_windwatch/install/local/lib/python3.10/dist-packages/aquabot_python/environnement_container.py'...
Compiling '/home/newman/vrx_ws/src/mission_windwatch/install/local/lib/python3.10/dist-packages/aquabot_python/generator_methods.py'...
Compiling '/home/newman/vrx_ws/src/mission_windwatch/install/local/lib/python3.10/dist-packages/aquabot_python/log_parser.py'...
Compiling '/home/newman/vrx_ws/src/mission_windwatch/install/local/lib/python3.10/dist-packages/aquabot_python/replay_container.py'...
Compiling '/home/newman/vrx_ws/src/mission_windwatch/install/local/lib/python3.10/dist-packages/aquabot_python/scenario_container.py'...
Compiling '/home/newman/vrx_ws/src/mission_windwatch/install/local/lib/python3.10/dist-packages/aquabot_python/scenario_generator.py'...
Compiling '/home/newman/vrx_ws/src/mission_windwatch/install/local/lib/python3.10/dist-packages/aquabot_python/scenario_parser.py'...
Compiling '/home/newman/vrx_ws/src/mission_windwatch/install/local/lib/python3.10/dist-packages/aquabot_python/scenario_pyplot.py'...
-- Installing: /home/newman/vrx_ws/src/mission_windwatch/install/share/aquabot_python/images
-- Installing: /home/newman/vrx_ws/src/mission_windwatch/install/share/aquabot_python/images/map_no_obstacles_400.png
-- Installing: /home/newman/vrx_ws/src/mission_windwatch/install/share/aquabot_python/images/map_400.png
-- Installing: /home/newman/vrx_ws/src/mission_windwatch/install/share/aquabot_python/images/map_300.png
-- Installing: /home/newman/vrx_ws/src/mission_windwatch/install/share/aquabot_python/images/map_no_obstacles_300.png
-- Installing: /home/newman/vrx_ws/src/mission_windwatch/install/share/ament_index/resource_index/package_run_dependencies/aquabot_python
-- Installing: /home/newman/vrx_ws/src/mission_windwatch/install/share/ament_index/resource_index/parent_prefix_path/aquabot_python
-- Installing: /home/newman/vrx_ws/src/mission_windwatch/install/share/aquabot_python/environment/ament_prefix_path.sh
-- Installing: /home/newman/vrx_ws/src/mission_windwatch/install/share/aquabot_python/environment/ament_prefix_path.dsv
-- Installing: /home/newman/vrx_ws/src/mission_windwatch/install/share/aquabot_python/environment/path.sh
-- Installing: /home/newman/vrx_ws/src/mission_windwatch/install/share/aquabot_python/environment/path.dsv
-- Installing: /home/newman/vrx_ws/src/mission_windwatch/install/share/aquabot_python/local_setup.bash
-- Installing: /home/newman/vrx_ws/src/mission_windwatch/install/share/aquabot_python/local_setup.sh
-- Installing: /home/newman/vrx_ws/src/mission_windwatch/install/share/aquabot_python/local_setup.zsh
-- Installing: /home/newman/vrx_ws/src/mission_windwatch/install/share/aquabot_python/local_setup.dsv
-- Installing: /home/newman/vrx_ws/src/mission_windwatch/install/share/aquabot_python/package.dsv
-- Installing: /home/newman/vrx_ws/src/mission_windwatch/install/share/ament_index/resource_index/packages/aquabot_python
-- Installing: /home/newman/vrx_ws/src/mission_windwatch/install/share/aquabot_python/cmake/aquabot_pythonConfig.cmake
-- Installing: /home/newman/vrx_ws/src/mission_windwatch/install/share/aquabot_python/cmake/aquabot_pythonConfig-version.cmake
-- Installing: /home/newman/vrx_ws/src/mission_windwatch/install/share/aquabot_python/package.xml
