[0.035s] Invoking command in '/home/newman/vrx_ws/src/mission_windwatch/build/mission_manager': CMAKE_PREFIX_PATH=/opt/ros/humble /usr/bin/cmake --build /home/newman/vrx_ws/src/mission_windwatch/build/mission_manager -- -j9 -l9
[0.085s] [ 50%] Built target target_manager_node
[0.093s] [100%] Built target mission_coordinator_node
[0.128s] Invoked command in '/home/newman/vrx_ws/src/mission_windwatch/build/mission_manager' returned '0': CMAKE_PREFIX_PATH=/opt/ros/humble /usr/bin/cmake --build /home/newman/vrx_ws/src/mission_windwatch/build/mission_manager -- -j9 -l9
[0.177s] Invoking command in '/home/newman/vrx_ws/src/mission_windwatch/build/mission_manager': CMAKE_PREFIX_PATH=/opt/ros/humble /usr/bin/cmake --install /home/newman/vrx_ws/src/mission_windwatch/build/mission_manager
[0.184s] -- Install configuration: ""
[0.184s] -- Up-to-date: /home/newman/vrx_ws/src/mission_windwatch/install/lib/mission_manager/target_manager_node
[0.184s] -- Up-to-date: /home/newman/vrx_ws/src/mission_windwatch/install/lib/mission_manager/mission_coordinator_node
[0.184s] -- Up-to-date: /home/newman/vrx_ws/src/mission_windwatch/install/share/mission_manager/launch
[0.184s] -- Up-to-date: /home/newman/vrx_ws/src/mission_windwatch/install/share/mission_manager/launch/mission.launch.py
[0.185s] -- Up-to-date: /home/newman/vrx_ws/src/mission_windwatch/install/share/mission_manager/launch/mission_manager_launch.py
[0.185s] -- Up-to-date: /home/newman/vrx_ws/src/mission_windwatch/install/share/mission_manager/config
[0.185s] -- Up-to-date: /home/newman/vrx_ws/src/mission_windwatch/install/share/ament_index/resource_index/package_run_dependencies/mission_manager
[0.185s] -- Up-to-date: /home/newman/vrx_ws/src/mission_windwatch/install/share/ament_index/resource_index/parent_prefix_path/mission_manager
[0.193s] -- Up-to-date: /home/newman/vrx_ws/src/mission_windwatch/install/share/mission_manager/environment/ament_prefix_path.sh
[0.193s] -- Up-to-date: /home/newman/vrx_ws/src/mission_windwatch/install/share/mission_manager/environment/ament_prefix_path.dsv
[0.193s] -- Up-to-date: /home/newman/vrx_ws/src/mission_windwatch/install/share/mission_manager/environment/path.sh
[0.193s] -- Up-to-date: /home/newman/vrx_ws/src/mission_windwatch/install/share/mission_manager/environment/path.dsv
[0.193s] -- Up-to-date: /home/newman/vrx_ws/src/mission_windwatch/install/share/mission_manager/local_setup.bash
[0.193s] -- Up-to-date: /home/newman/vrx_ws/src/mission_windwatch/install/share/mission_manager/local_setup.sh
[0.193s] -- Up-to-date: /home/newman/vrx_ws/src/mission_windwatch/install/share/mission_manager/local_setup.zsh
[0.193s] -- Up-to-date: /home/newman/vrx_ws/src/mission_windwatch/install/share/mission_manager/local_setup.dsv
[0.193s] -- Installing: /home/newman/vrx_ws/src/mission_windwatch/install/share/mission_manager/package.dsv
[0.193s] -- Up-to-date: /home/newman/vrx_ws/src/mission_windwatch/install/share/ament_index/resource_index/packages/mission_manager
[0.194s] -- Up-to-date: /home/newman/vrx_ws/src/mission_windwatch/install/share/mission_manager/cmake/mission_managerConfig.cmake
[0.194s] -- Up-to-date: /home/newman/vrx_ws/src/mission_windwatch/install/share/mission_manager/cmake/mission_managerConfig-version.cmake
[0.194s] -- Up-to-date: /home/newman/vrx_ws/src/mission_windwatch/install/share/mission_manager/package.xml
[0.225s] Invoked command in '/home/newman/vrx_ws/src/mission_windwatch/build/mission_manager' returned '0': CMAKE_PREFIX_PATH=/opt/ros/humble /usr/bin/cmake --install /home/newman/vrx_ws/src/mission_windwatch/build/mission_manager
