[35m[1mConsolidate compiler generated dependencies of target obstacle_avoidance_node[0m
[35m[1mConsolidate compiler generated dependencies of target navigation_node[0m
[ 25%] [32mBuilding CXX object CMakeFiles/obstacle_avoidance_node.dir/src/obstacle_avoidance_node.cpp.o[0m
[ 75%] Built target navigation_node
[100%] [32m[1mLinking CXX executable obstacle_avoidance_node[0m
[100%] Built target obstacle_avoidance_node
-- Install configuration: ""
-- Installing: /home/newman/vrx_ws/src/mission_windwatch/install/lib/navigation/navigation_node
-- Set runtime path of "/home/newman/vrx_ws/src/mission_windwatch/install/lib/navigation/navigation_node" to ""
-- Installing: /home/newman/vrx_ws/src/mission_windwatch/install/lib/navigation/obstacle_avoidance_node
-- Set runtime path of "/home/newman/vrx_ws/src/mission_windwatch/install/lib/navigation/obstacle_avoidance_node" to ""
-- Up-to-date: /home/newman/vrx_ws/src/mission_windwatch/install/share/navigation/launch
-- Up-to-date: /home/newman/vrx_ws/src/mission_windwatch/install/share/navigation/launch/navigation_launch.py
-- Up-to-date: /home/newman/vrx_ws/src/mission_windwatch/install/share/navigation/config
-- Up-to-date: /home/newman/vrx_ws/src/mission_windwatch/install/share/ament_index/resource_index/package_run_dependencies/navigation
-- Installing: /home/newman/vrx_ws/src/mission_windwatch/install/share/ament_index/resource_index/parent_prefix_path/navigation
-- Up-to-date: /home/newman/vrx_ws/src/mission_windwatch/install/share/navigation/environment/ament_prefix_path.sh
-- Installing: /home/newman/vrx_ws/src/mission_windwatch/install/share/navigation/environment/ament_prefix_path.dsv
-- Up-to-date: /home/newman/vrx_ws/src/mission_windwatch/install/share/navigation/environment/path.sh
-- Installing: /home/newman/vrx_ws/src/mission_windwatch/install/share/navigation/environment/path.dsv
-- Up-to-date: /home/newman/vrx_ws/src/mission_windwatch/install/share/navigation/local_setup.bash
-- Up-to-date: /home/newman/vrx_ws/src/mission_windwatch/install/share/navigation/local_setup.sh
-- Up-to-date: /home/newman/vrx_ws/src/mission_windwatch/install/share/navigation/local_setup.zsh
-- Installing: /home/newman/vrx_ws/src/mission_windwatch/install/share/navigation/local_setup.dsv
-- Installing: /home/newman/vrx_ws/src/mission_windwatch/install/share/navigation/package.dsv
-- Up-to-date: /home/newman/vrx_ws/src/mission_windwatch/install/share/ament_index/resource_index/packages/navigation
-- Up-to-date: /home/newman/vrx_ws/src/mission_windwatch/install/share/navigation/cmake/navigationConfig.cmake
-- Up-to-date: /home/newman/vrx_ws/src/mission_windwatch/install/share/navigation/cmake/navigationConfig-version.cmake
-- Up-to-date: /home/newman/vrx_ws/src/mission_windwatch/install/share/navigation/package.xml
