[0.041s] Invoking command in '/home/newman/vrx_ws/src/mission_windwatch/build/navigation': CMAKE_PREFIX_PATH=${CMAKE_PREFIX_PATH}:/opt/ros/humble /usr/bin/cmake --build /home/newman/vrx_ws/src/mission_windwatch/build/navigation -- -j9 -l9
[0.084s] [35m[1mConsolidate compiler generated dependencies of target obstacle_avoidance_node[0m
[0.095s] [35m[1mConsolidate compiler generated dependencies of target navigation_node[0m
[0.113s] [ 25%] [32mBuilding CXX object CMakeFiles/obstacle_avoidance_node.dir/src/obstacle_avoidance_node.cpp.o[0m
[0.118s] [ 75%] Built target navigation_node
[3.331s] [100%] [32m[1mLinking CXX executable obstacle_avoidance_node[0m
[3.446s] [100%] Built target obstacle_avoidance_node
[3.453s] Invoked command in '/home/newman/vrx_ws/src/mission_windwatch/build/navigation' returned '0': CMAKE_PREFIX_PATH=${CMAKE_PREFIX_PATH}:/opt/ros/humble /usr/bin/cmake --build /home/newman/vrx_ws/src/mission_windwatch/build/navigation -- -j9 -l9
[3.477s] Invoking command in '/home/newman/vrx_ws/src/mission_windwatch/build/navigation': CMAKE_PREFIX_PATH=${CMAKE_PREFIX_PATH}:/opt/ros/humble /usr/bin/cmake --install /home/newman/vrx_ws/src/mission_windwatch/build/navigation
[3.482s] -- Install configuration: ""
[3.484s] -- Installing: /home/newman/vrx_ws/src/mission_windwatch/install/lib/navigation/navigation_node
[3.485s] -- Set runtime path of "/home/newman/vrx_ws/src/mission_windwatch/install/lib/navigation/navigation_node" to ""
[3.485s] -- Installing: /home/newman/vrx_ws/src/mission_windwatch/install/lib/navigation/obstacle_avoidance_node
[3.486s] -- Set runtime path of "/home/newman/vrx_ws/src/mission_windwatch/install/lib/navigation/obstacle_avoidance_node" to ""
[3.486s] -- Up-to-date: /home/newman/vrx_ws/src/mission_windwatch/install/share/navigation/launch
[3.487s] -- Up-to-date: /home/newman/vrx_ws/src/mission_windwatch/install/share/navigation/launch/navigation_launch.py
[3.487s] -- Up-to-date: /home/newman/vrx_ws/src/mission_windwatch/install/share/navigation/config
[3.487s] -- Up-to-date: /home/newman/vrx_ws/src/mission_windwatch/install/share/ament_index/resource_index/package_run_dependencies/navigation
[3.487s] -- Installing: /home/newman/vrx_ws/src/mission_windwatch/install/share/ament_index/resource_index/parent_prefix_path/navigation
[3.487s] -- Up-to-date: /home/newman/vrx_ws/src/mission_windwatch/install/share/navigation/environment/ament_prefix_path.sh
[3.487s] -- Installing: /home/newman/vrx_ws/src/mission_windwatch/install/share/navigation/environment/ament_prefix_path.dsv
[3.487s] -- Up-to-date: /home/newman/vrx_ws/src/mission_windwatch/install/share/navigation/environment/path.sh
[3.487s] -- Installing: /home/newman/vrx_ws/src/mission_windwatch/install/share/navigation/environment/path.dsv
[3.487s] -- Up-to-date: /home/newman/vrx_ws/src/mission_windwatch/install/share/navigation/local_setup.bash
[3.488s] -- Up-to-date: /home/newman/vrx_ws/src/mission_windwatch/install/share/navigation/local_setup.sh
[3.488s] -- Up-to-date: /home/newman/vrx_ws/src/mission_windwatch/install/share/navigation/local_setup.zsh
[3.489s] -- Installing: /home/newman/vrx_ws/src/mission_windwatch/install/share/navigation/local_setup.dsv
[3.497s] -- Installing: /home/newman/vrx_ws/src/mission_windwatch/install/share/navigation/package.dsv
[3.497s] -- Up-to-date: /home/newman/vrx_ws/src/mission_windwatch/install/share/ament_index/resource_index/packages/navigation
[3.498s] -- Up-to-date: /home/newman/vrx_ws/src/mission_windwatch/install/share/navigation/cmake/navigationConfig.cmake
[3.498s] -- Up-to-date: /home/newman/vrx_ws/src/mission_windwatch/install/share/navigation/cmake/navigationConfig-version.cmake
[3.498s] -- Up-to-date: /home/newman/vrx_ws/src/mission_windwatch/install/share/navigation/package.xml
[3.500s] Invoked command in '/home/newman/vrx_ws/src/mission_windwatch/build/navigation' returned '0': CMAKE_PREFIX_PATH=${CMAKE_PREFIX_PATH}:/opt/ros/humble /usr/bin/cmake --install /home/newman/vrx_ws/src/mission_windwatch/build/navigation
