[0.030s] Invoking command in '/home/newman/vrx_ws/src/mission_windwatch/build/vrx_gz': CMAKE_PREFIX_PATH=${CMAKE_PREFIX_PATH}:/opt/ros/humble /usr/bin/cmake --build /home/newman/vrx_ws/src/mission_windwatch/build/vrx_gz -- -j9 -l9
[0.112s] [  4%] Built target ScoringPlugin
[0.115s] [  8%] Built target Waves
[0.137s] [  8%] Built target ament_cmake_python_copy_vrx_gz
[0.158s] [ 14%] Built target AcousticPerceptionScoringPlugin
[0.158s] [ 20%] Built target StationkeepingScoringPlugin
[0.161s] [ 27%] Built target WayfindingScoringPlugin
[0.165s] [ 35%] Built target AcousticTrackingScoringPlugin
[0.165s] [ 37%] Built target AcousticPingerPlugin
[0.169s] [ 41%] Built target BallShooterPlugin
[0.180s] [ 45%] Built target LightBuoyPlugin
[0.180s] [ 54%] Built target PolyhedraBuoyancyDrag
[0.180s] [ 58%] Built target NavigationScoringPlugin
[0.198s] [ 62%] Built target PlacardPlugin
[0.230s] [ 66%] Built target GymkhanaScoringPlugin
[0.230s] [ 70%] Built target PerceptionScoringPlugin
[0.231s] [ 75%] Built target ScanDockScoringPlugin
[0.231s] [ 79%] Built target PublisherPlugin
[0.254s] [ 83%] Built target SimpleHydrodynamics
[0.254s] [ 87%] Built target WaveVisual
[0.254s] [ 91%] Built target WildlifeScoringPlugin
[0.254s] [ 95%] Built target Surface
[0.254s] [100%] Built target USVWind
[0.466s] running egg_info
[0.474s] writing vrx_gz.egg-info/PKG-INFO
[0.478s] writing dependency_links to vrx_gz.egg-info/dependency_links.txt
[0.479s] writing top-level names to vrx_gz.egg-info/top_level.txt
[0.481s] reading manifest file 'vrx_gz.egg-info/SOURCES.txt'
[0.481s] writing manifest file 'vrx_gz.egg-info/SOURCES.txt'
[0.526s] [100%] Built target ament_cmake_python_build_vrx_gz_egg
[0.541s] Invoked command in '/home/newman/vrx_ws/src/mission_windwatch/build/vrx_gz' returned '0': CMAKE_PREFIX_PATH=${CMAKE_PREFIX_PATH}:/opt/ros/humble /usr/bin/cmake --build /home/newman/vrx_ws/src/mission_windwatch/build/vrx_gz -- -j9 -l9
[0.634s] Invoking command in '/home/newman/vrx_ws/src/mission_windwatch/build/vrx_gz': CMAKE_PREFIX_PATH=${CMAKE_PREFIX_PATH}:/opt/ros/humble /usr/bin/cmake --install /home/newman/vrx_ws/src/mission_windwatch/build/vrx_gz
[0.643s] -- Install configuration: ""
[0.643s] -- Up-to-date: /home/newman/vrx_ws/src/mission_windwatch/install/share/vrx_gz/environment/resource_paths.dsv
[0.644s] -- Up-to-date: /home/newman/vrx_ws/src/mission_windwatch/install/share/vrx_gz/environment/resource_paths.sh
[0.644s] -- Up-to-date: /home/newman/vrx_ws/src/mission_windwatch/install/lib/libWaves.so
[0.645s] -- Up-to-date: /home/newman/vrx_ws/src/mission_windwatch/install/lib/libPolyhedraBuoyancyDrag.so
[0.645s] -- Up-to-date: /home/newman/vrx_ws/src/mission_windwatch/install/lib/libScoringPlugin.so
[0.645s] -- Up-to-date: /home/newman/vrx_ws/src/mission_windwatch/install/lib/libStationkeepingScoringPlugin.so
[0.645s] -- Up-to-date: /home/newman/vrx_ws/src/mission_windwatch/install/lib/libWayfindingScoringPlugin.so
[0.645s] -- Up-to-date: /home/newman/vrx_ws/src/mission_windwatch/install/lib/libAcousticPerceptionScoringPlugin.so
[0.646s] -- Up-to-date: /home/newman/vrx_ws/src/mission_windwatch/install/lib/libAcousticTrackingScoringPlugin.so
[0.646s] -- Up-to-date: /home/newman/vrx_ws/src/mission_windwatch/install/lib/libAcousticPingerPlugin.so
[0.646s] -- Up-to-date: /home/newman/vrx_ws/src/mission_windwatch/install/lib/libBallShooterPlugin.so
[0.646s] -- Up-to-date: /home/newman/vrx_ws/src/mission_windwatch/install/lib/libLightBuoyPlugin.so
[0.647s] -- Up-to-date: /home/newman/vrx_ws/src/mission_windwatch/install/lib/libNavigationScoringPlugin.so
[0.647s] -- Up-to-date: /home/newman/vrx_ws/src/mission_windwatch/install/lib/libGymkhanaScoringPlugin.so
[0.647s] -- Up-to-date: /home/newman/vrx_ws/src/mission_windwatch/install/lib/libPerceptionScoringPlugin.so
[0.647s] -- Up-to-date: /home/newman/vrx_ws/src/mission_windwatch/install/lib/libPlacardPlugin.so
[0.647s] -- Up-to-date: /home/newman/vrx_ws/src/mission_windwatch/install/lib/libPublisherPlugin.so
[0.648s] -- Up-to-date: /home/newman/vrx_ws/src/mission_windwatch/install/lib/libScanDockScoringPlugin.so
[0.648s] -- Up-to-date: /home/newman/vrx_ws/src/mission_windwatch/install/lib/libSimpleHydrodynamics.so
[0.648s] -- Up-to-date: /home/newman/vrx_ws/src/mission_windwatch/install/lib/libSurface.so
[0.649s] -- Up-to-date: /home/newman/vrx_ws/src/mission_windwatch/install/lib/libUSVWind.so
[0.649s] -- Up-to-date: /home/newman/vrx_ws/src/mission_windwatch/install/lib/libWaveVisual.so
[0.650s] -- Up-to-date: /home/newman/vrx_ws/src/mission_windwatch/install/lib/libWildlifeScoringPlugin.so
[0.650s] -- Up-to-date: /home/newman/vrx_ws/src/mission_windwatch/install/share/vrx_gz/environment/pythonpath.sh
[0.650s] -- Up-to-date: /home/newman/vrx_ws/src/mission_windwatch/install/share/vrx_gz/environment/pythonpath.dsv
[0.650s] -- Up-to-date: /home/newman/vrx_ws/src/mission_windwatch/install/local/lib/python3.10/dist-packages/vrx_gz-0.0.0-py3.10.egg-info
[0.650s] -- Installing: /home/newman/vrx_ws/src/mission_windwatch/install/local/lib/python3.10/dist-packages/vrx_gz-0.0.0-py3.10.egg-info/SOURCES.txt
[0.655s] -- Installing: /home/newman/vrx_ws/src/mission_windwatch/install/local/lib/python3.10/dist-packages/vrx_gz-0.0.0-py3.10.egg-info/dependency_links.txt
[0.656s] -- Installing: /home/newman/vrx_ws/src/mission_windwatch/install/local/lib/python3.10/dist-packages/vrx_gz-0.0.0-py3.10.egg-info/PKG-INFO
[0.656s] -- Installing: /home/newman/vrx_ws/src/mission_windwatch/install/local/lib/python3.10/dist-packages/vrx_gz-0.0.0-py3.10.egg-info/top_level.txt
[0.656s] -- Up-to-date: /home/newman/vrx_ws/src/mission_windwatch/install/local/lib/python3.10/dist-packages/vrx_gz
[0.656s] -- Up-to-date: /home/newman/vrx_ws/src/mission_windwatch/install/local/lib/python3.10/dist-packages/vrx_gz/payload_bridges.py
[0.656s] -- Up-to-date: /home/newman/vrx_ws/src/mission_windwatch/install/local/lib/python3.10/dist-packages/vrx_gz/model.py
[0.656s] -- Up-to-date: /home/newman/vrx_ws/src/mission_windwatch/install/local/lib/python3.10/dist-packages/vrx_gz/bridges.py
[0.656s] -- Up-to-date: /home/newman/vrx_ws/src/mission_windwatch/install/local/lib/python3.10/dist-packages/vrx_gz/bridge.py
[0.656s] -- Up-to-date: /home/newman/vrx_ws/src/mission_windwatch/install/local/lib/python3.10/dist-packages/vrx_gz/launch.py
[0.656s] -- Up-to-date: /home/newman/vrx_ws/src/mission_windwatch/install/local/lib/python3.10/dist-packages/vrx_gz/__init__.py
[0.691s] Listing '/home/newman/vrx_ws/src/mission_windwatch/install/local/lib/python3.10/dist-packages/vrx_gz'...
[0.697s] -- Up-to-date: /home/newman/vrx_ws/src/mission_windwatch/install/share/vrx_gz/config
[0.697s] -- Up-to-date: /home/newman/vrx_ws/src/mission_windwatch/install/share/vrx_gz/config/wamv.yaml
[0.697s] -- Up-to-date: /home/newman/vrx_ws/src/mission_windwatch/install/share/vrx_gz/config/roboboat.yaml
[0.698s] -- Up-to-date: /home/newman/vrx_ws/src/mission_windwatch/install/share/vrx_gz/launch
[0.698s] -- Up-to-date: /home/newman/vrx_ws/src/mission_windwatch/install/share/vrx_gz/launch/competition.launch.py
[0.698s] -- Up-to-date: /home/newman/vrx_ws/src/mission_windwatch/install/share/vrx_gz/launch/spawn.launch.py
[0.698s] -- Up-to-date: /home/newman/vrx_ws/src/mission_windwatch/install/share/vrx_gz/launch/spawn_config.launch.py
[0.700s] -- Up-to-date: /home/newman/vrx_ws/src/mission_windwatch/install/share/vrx_gz/launch/vrx_environment.launch.py
[0.700s] -- Up-to-date: /home/newman/vrx_ws/src/mission_windwatch/install/share/vrx_gz/launch/usv_joy_teleop.py
[0.701s] -- Up-to-date: /home/newman/vrx_ws/src/mission_windwatch/install/share/vrx_gz/models
[0.701s] -- Up-to-date: /home/newman/vrx_ws/src/mission_windwatch/install/share/vrx_gz/models/robotx_light_buoy_rgb
[0.701s] -- Up-to-date: /home/newman/vrx_ws/src/mission_windwatch/install/share/vrx_gz/models/robotx_light_buoy_rgb/model.config
[0.701s] -- Up-to-date: /home/newman/vrx_ws/src/mission_windwatch/install/share/vrx_gz/models/robotx_light_buoy_rgb/model.sdf
[0.701s] -- Up-to-date: /home/newman/vrx_ws/src/mission_windwatch/install/share/vrx_gz/models/robotx_light_buoy_rgb/mesh
[0.701s] -- Up-to-date: /home/newman/vrx_ws/src/mission_windwatch/install/share/vrx_gz/models/robotx_light_buoy_rgb/mesh/LightTower_Normal.png
[0.701s] -- Up-to-date: /home/newman/vrx_ws/src/mission_windwatch/install/share/vrx_gz/models/robotx_light_buoy_rgb/mesh/LightTower_Albedo.png
[0.701s] -- Up-to-date: /home/newman/vrx_ws/src/mission_windwatch/install/share/vrx_gz/models/robotx_light_buoy_rgb/mesh/LightTower_Metalness.png
[0.701s] -- Up-to-date: /home/newman/vrx_ws/src/mission_windwatch/install/share/vrx_gz/models/robotx_light_buoy_rgb/mesh/LightTower_Roughness.png
[0.701s] -- Up-to-date: /home/newman/vrx_ws/src/mission_windwatch/install/share/vrx_gz/models/robotx_light_buoy_rgb/mesh/LightTower_Opacity.png
[0.701s] -- Up-to-date: /home/newman/vrx_ws/src/mission_windwatch/install/share/vrx_gz/models/robotx_light_buoy_rgb/mesh/robotx_light_buoy.dae
[0.701s] -- Up-to-date: /home/newman/vrx_ws/src/mission_windwatch/install/share/vrx_gz/models/robotx_light_buoy_ygb
[0.701s] -- Up-to-date: /home/newman/vrx_ws/src/mission_windwatch/install/share/vrx_gz/models/robotx_light_buoy_ygb/model.config
[0.701s] -- Up-to-date: /home/newman/vrx_ws/src/mission_windwatch/install/share/vrx_gz/models/robotx_light_buoy_ygb/model.sdf
[0.701s] -- Up-to-date: /home/newman/vrx_ws/src/mission_windwatch/install/share/vrx_gz/models/short_navigation_course_2
[0.701s] -- Up-to-date: /home/newman/vrx_ws/src/mission_windwatch/install/share/vrx_gz/models/short_navigation_course_2/model.config
[0.701s] -- Up-to-date: /home/newman/vrx_ws/src/mission_windwatch/install/share/vrx_gz/models/short_navigation_course_2/model.sdf
[0.701s] -- Up-to-date: /home/newman/vrx_ws/src/mission_windwatch/install/share/vrx_gz/models/roboboat01
[0.701s] -- Up-to-date: /home/newman/vrx_ws/src/mission_windwatch/install/share/vrx_gz/models/roboboat01/materials
[0.701s] -- Up-to-date: /home/newman/vrx_ws/src/mission_windwatch/install/share/vrx_gz/models/roboboat01/materials/textures
[0.701s] -- Up-to-date: /home/newman/vrx_ws/src/mission_windwatch/install/share/vrx_gz/models/roboboat01/materials/textures/Boat01_Metallic.png
[0.701s] -- Up-to-date: /home/newman/vrx_ws/src/mission_windwatch/install/share/vrx_gz/models/roboboat01/materials/textures/Thruster_Albedo.png
[0.702s] -- Up-to-date: /home/newman/vrx_ws/src/mission_windwatch/install/share/vrx_gz/models/roboboat01/materials/textures/Boat01_Roughness.png
[0.702s] -- Up-to-date: /home/newman/vrx_ws/src/mission_windwatch/install/share/vrx_gz/models/roboboat01/materials/textures/Boat01_Albedo.png
[0.702s] -- Up-to-date: /home/newman/vrx_ws/src/mission_windwatch/install/share/vrx_gz/models/roboboat01/materials/textures/Boat01_Normal.png
[0.702s] -- Up-to-date: /home/newman/vrx_ws/src/mission_windwatch/install/share/vrx_gz/models/roboboat01/materials/textures/Thruster_Roughness.png
[0.702s] -- Up-to-date: /home/newman/vrx_ws/src/mission_windwatch/install/share/vrx_gz/models/roboboat01/materials/scripts
[0.702s] -- Up-to-date: /home/newman/vrx_ws/src/mission_windwatch/install/share/vrx_gz/models/roboboat01/materials/scripts/model.material
[0.702s] -- Up-to-date: /home/newman/vrx_ws/src/mission_windwatch/install/share/vrx_gz/models/roboboat01/model.config
[0.702s] -- Up-to-date: /home/newman/vrx_ws/src/mission_windwatch/install/share/vrx_gz/models/roboboat01/meshes
[0.702s] -- Up-to-date: /home/newman/vrx_ws/src/mission_windwatch/install/share/vrx_gz/models/roboboat01/meshes/roboboat01.dae
[0.702s] -- Up-to-date: /home/newman/vrx_ws/src/mission_windwatch/install/share/vrx_gz/models/roboboat01/meshes/prop.dae
[0.702s] -- Up-to-date: /home/newman/vrx_ws/src/mission_windwatch/install/share/vrx_gz/models/roboboat01/meshes/mount.dae
[0.702s] -- Up-to-date: /home/newman/vrx_ws/src/mission_windwatch/install/share/vrx_gz/models/roboboat01/meshes/housing.dae
[0.702s] -- Up-to-date: /home/newman/vrx_ws/src/mission_windwatch/install/share/vrx_gz/models/roboboat01/model.sdf
[0.702s] -- Up-to-date: /home/newman/vrx_ws/src/mission_windwatch/install/share/vrx_gz/models/dock_2022_base
[0.702s] -- Up-to-date: /home/newman/vrx_ws/src/mission_windwatch/install/share/vrx_gz/models/dock_2022_base/model.config
[0.702s] -- Up-to-date: /home/newman/vrx_ws/src/mission_windwatch/install/share/vrx_gz/models/dock_2022_base/model.sdf
[0.702s] -- Up-to-date: /home/newman/vrx_ws/src/mission_windwatch/install/share/vrx_gz/models/roboboat_cpubox
[0.702s] -- Up-to-date: /home/newman/vrx_ws/src/mission_windwatch/install/share/vrx_gz/models/roboboat_cpubox/materials
[0.702s] -- Up-to-date: /home/newman/vrx_ws/src/mission_windwatch/install/share/vrx_gz/models/roboboat_cpubox/materials/textures
[0.702s] -- Up-to-date: /home/newman/vrx_ws/src/mission_windwatch/install/share/vrx_gz/models/roboboat_cpubox/materials/textures/DryBox_Roughness.png
[0.702s] -- Up-to-date: /home/newman/vrx_ws/src/mission_windwatch/install/share/vrx_gz/models/roboboat_cpubox/materials/textures/DryBox_Albedo.png
[0.702s] -- Up-to-date: /home/newman/vrx_ws/src/mission_windwatch/install/share/vrx_gz/models/roboboat_cpubox/model.config
[0.702s] -- Up-to-date: /home/newman/vrx_ws/src/mission_windwatch/install/share/vrx_gz/models/roboboat_cpubox/meshes
[0.703s] -- Up-to-date: /home/newman/vrx_ws/src/mission_windwatch/install/share/vrx_gz/models/roboboat_cpubox/meshes/drybox.dae
[0.703s] -- Up-to-date: /home/newman/vrx_ws/src/mission_windwatch/install/share/vrx_gz/models/roboboat_cpubox/model.sdf
[0.703s] -- Up-to-date: /home/newman/vrx_ws/src/mission_windwatch/install/share/vrx_gz/models/robotx_light_buoy_bgy
[0.703s] -- Up-to-date: /home/newman/vrx_ws/src/mission_windwatch/install/share/vrx_gz/models/robotx_light_buoy_bgy/model.config
[0.703s] -- Up-to-date: /home/newman/vrx_ws/src/mission_windwatch/install/share/vrx_gz/models/robotx_light_buoy_bgy/model.sdf
[0.703s] -- Up-to-date: /home/newman/vrx_ws/src/mission_windwatch/install/share/vrx_gz/models/symbol_triangle
[0.703s] -- Up-to-date: /home/newman/vrx_ws/src/mission_windwatch/install/share/vrx_gz/models/symbol_triangle/model.config
[0.703s] -- Up-to-date: /home/newman/vrx_ws/src/mission_windwatch/install/share/vrx_gz/models/symbol_triangle/model.sdf
[0.703s] -- Up-to-date: /home/newman/vrx_ws/src/mission_windwatch/install/share/vrx_gz/models/symbol_triangle/mesh
[0.703s] -- Up-to-date: /home/newman/vrx_ws/src/mission_windwatch/install/share/vrx_gz/models/symbol_triangle/mesh/triangle.dae
[0.703s] -- Up-to-date: /home/newman/vrx_ws/src/mission_windwatch/install/share/vrx_gz/models/short_course_2023_phase3_1
[0.703s] -- Up-to-date: /home/newman/vrx_ws/src/mission_windwatch/install/share/vrx_gz/models/short_course_2023_phase3_1/model.config
[0.703s] -- Up-to-date: /home/newman/vrx_ws/src/mission_windwatch/install/share/vrx_gz/models/short_course_2023_phase3_1/model.sdf
[0.703s] -- Up-to-date: /home/newman/vrx_ws/src/mission_windwatch/install/share/vrx_gz/models/short_navigation_course_3
[0.703s] -- Up-to-date: /home/newman/vrx_ws/src/mission_windwatch/install/share/vrx_gz/models/short_navigation_course_3/model.config
[0.703s] -- Up-to-date: /home/newman/vrx_ws/src/mission_windwatch/install/share/vrx_gz/models/short_navigation_course_3/model.sdf
[0.703s] -- Up-to-date: /home/newman/vrx_ws/src/mission_windwatch/install/share/vrx_gz/models/robotx_light_buoy_yrg
[0.703s] -- Up-to-date: /home/newman/vrx_ws/src/mission_windwatch/install/share/vrx_gz/models/robotx_light_buoy_yrg/model.config
[0.703s] -- Up-to-date: /home/newman/vrx_ws/src/mission_windwatch/install/share/vrx_gz/models/robotx_light_buoy_yrg/model.sdf
[0.703s] -- Up-to-date: /home/newman/vrx_ws/src/mission_windwatch/install/share/vrx_gz/models/short_navigation_course_4
[0.703s] -- Up-to-date: /home/newman/vrx_ws/src/mission_windwatch/install/share/vrx_gz/models/short_navigation_course_4/model.config
[0.703s] -- Up-to-date: /home/newman/vrx_ws/src/mission_windwatch/install/share/vrx_gz/models/short_navigation_course_4/model.sdf
[0.703s] -- Up-to-date: /home/newman/vrx_ws/src/mission_windwatch/install/share/vrx_gz/models/dock_2022
[0.704s] -- Up-to-date: /home/newman/vrx_ws/src/mission_windwatch/install/share/vrx_gz/models/dock_2022/model.config
[0.704s] -- Up-to-date: /home/newman/vrx_ws/src/mission_windwatch/install/share/vrx_gz/models/dock_2022/model.sdf
[0.704s] -- Up-to-date: /home/newman/vrx_ws/src/mission_windwatch/install/share/vrx_gz/models/dock_block_4x4
[0.704s] -- Up-to-date: /home/newman/vrx_ws/src/mission_windwatch/install/share/vrx_gz/models/dock_block_4x4/model.config
[0.704s] -- Up-to-date: /home/newman/vrx_ws/src/mission_windwatch/install/share/vrx_gz/models/dock_block_4x4/model.sdf
[0.704s] -- Up-to-date: /home/newman/vrx_ws/src/mission_windwatch/install/share/vrx_gz/models/dock_block_4x4/mesh
[0.704s] -- Up-to-date: /home/newman/vrx_ws/src/mission_windwatch/install/share/vrx_gz/models/dock_block_4x4/mesh/DockCubes_Albedo.png
[0.704s] -- Up-to-date: /home/newman/vrx_ws/src/mission_windwatch/install/share/vrx_gz/models/dock_block_4x4/mesh/dock_block_4x4.dae
[0.704s] -- Up-to-date: /home/newman/vrx_ws/src/mission_windwatch/install/share/vrx_gz/models/dock_block_4x4/mesh/DockCubes_Normal.png
[0.704s] -- Up-to-date: /home/newman/vrx_ws/src/mission_windwatch/install/share/vrx_gz/models/dock_block_4x4/mesh/DockCubes_Roughness.png
[0.705s] -- Up-to-date: /home/newman/vrx_ws/src/mission_windwatch/install/share/vrx_gz/models/dock_block_4x4/mesh/DockCubes_Metalness.png
[0.705s] -- Up-to-date: /home/newman/vrx_ws/src/mission_windwatch/install/share/vrx_gz/models/short_navigation_course_5
[0.705s] -- Up-to-date: /home/newman/vrx_ws/src/mission_windwatch/install/share/vrx_gz/models/short_navigation_course_5/model.config
[0.705s] -- Up-to-date: /home/newman/vrx_ws/src/mission_windwatch/install/share/vrx_gz/models/short_navigation_course_5/model.sdf
[0.705s] -- Up-to-date: /home/newman/vrx_ws/src/mission_windwatch/install/share/vrx_gz/models/robotx_light_buoy_rgy
[0.705s] -- Up-to-date: /home/newman/vrx_ws/src/mission_windwatch/install/share/vrx_gz/models/robotx_light_buoy_rgy/model.config
[0.705s] -- Up-to-date: /home/newman/vrx_ws/src/mission_windwatch/install/share/vrx_gz/models/robotx_light_buoy_rgy/model.sdf
[0.705s] -- Up-to-date: /home/newman/vrx_ws/src/mission_windwatch/install/share/vrx_gz/models/short_course_2023_phase3_2
[0.705s] -- Up-to-date: /home/newman/vrx_ws/src/mission_windwatch/install/share/vrx_gz/models/short_course_2023_phase3_2/model.config
[0.705s] -- Up-to-date: /home/newman/vrx_ws/src/mission_windwatch/install/share/vrx_gz/models/short_course_2023_phase3_2/model.sdf
[0.705s] -- Up-to-date: /home/newman/vrx_ws/src/mission_windwatch/install/share/vrx_gz/models/articulated_platform
[0.705s] -- Up-to-date: /home/newman/vrx_ws/src/mission_windwatch/install/share/vrx_gz/models/articulated_platform/model.config
[0.706s] -- Up-to-date: /home/newman/vrx_ws/src/mission_windwatch/install/share/vrx_gz/models/articulated_platform/model.sdf
[0.706s] -- Up-to-date: /home/newman/vrx_ws/src/mission_windwatch/install/share/vrx_gz/models/short_navigation_course_1
[0.706s] -- Up-to-date: /home/newman/vrx_ws/src/mission_windwatch/install/share/vrx_gz/models/short_navigation_course_1/model.config
[0.706s] -- Up-to-date: /home/newman/vrx_ws/src/mission_windwatch/install/share/vrx_gz/models/short_navigation_course_1/model.sdf
[0.706s] -- Up-to-date: /home/newman/vrx_ws/src/mission_windwatch/install/share/vrx_gz/models/obstacle_course
[0.706s] -- Up-to-date: /home/newman/vrx_ws/src/mission_windwatch/install/share/vrx_gz/models/obstacle_course/model.config
[0.706s] -- Up-to-date: /home/newman/vrx_ws/src/mission_windwatch/install/share/vrx_gz/models/obstacle_course/model.sdf
[0.706s] -- Up-to-date: /home/newman/vrx_ws/src/mission_windwatch/install/share/vrx_gz/models/robotx_light_buoy_gbr
[0.706s] -- Up-to-date: /home/newman/vrx_ws/src/mission_windwatch/install/share/vrx_gz/models/robotx_light_buoy_gbr/model.config
[0.706s] -- Up-to-date: /home/newman/vrx_ws/src/mission_windwatch/install/share/vrx_gz/models/robotx_light_buoy_gbr/model.sdf
[0.706s] -- Up-to-date: /home/newman/vrx_ws/src/mission_windwatch/install/share/vrx_gz/models/coast_waves
[0.706s] -- Up-to-date: /home/newman/vrx_ws/src/mission_windwatch/install/share/vrx_gz/models/coast_waves/materials
[0.706s] -- Up-to-date: /home/newman/vrx_ws/src/mission_windwatch/install/share/vrx_gz/models/coast_waves/materials/programs
[0.706s] -- Up-to-date: /home/newman/vrx_ws/src/mission_windwatch/install/share/vrx_gz/models/coast_waves/materials/programs/GerstnerWaves_fs_330.glsl
[0.706s] -- Up-to-date: /home/newman/vrx_ws/src/mission_windwatch/install/share/vrx_gz/models/coast_waves/materials/programs/GerstnerWaves_vs_330.glsl
[0.706s] -- Up-to-date: /home/newman/vrx_ws/src/mission_windwatch/install/share/vrx_gz/models/coast_waves/materials/textures
[0.706s] -- Up-to-date: /home/newman/vrx_ws/src/mission_windwatch/install/share/vrx_gz/models/coast_waves/materials/textures/skybox_lowres.dds
[0.706s] -- Up-to-date: /home/newman/vrx_ws/src/mission_windwatch/install/share/vrx_gz/models/coast_waves/materials/textures/wave_normals.dds
[0.707s] -- Up-to-date: /home/newman/vrx_ws/src/mission_windwatch/install/share/vrx_gz/models/coast_waves/model.config
[0.707s] -- Up-to-date: /home/newman/vrx_ws/src/mission_windwatch/install/share/vrx_gz/models/coast_waves/meshes
[0.707s] -- Up-to-date: /home/newman/vrx_ws/src/mission_windwatch/install/share/vrx_gz/models/coast_waves/meshes/waterlow.dae
[0.707s] -- Up-to-date: /home/newman/vrx_ws/src/mission_windwatch/install/share/vrx_gz/models/coast_waves/model.sdf
[0.707s] -- Up-to-date: /home/newman/vrx_ws/src/mission_windwatch/install/share/vrx_gz/models/robotx_light_buoy_ybr
[0.707s] -- Up-to-date: /home/newman/vrx_ws/src/mission_windwatch/install/share/vrx_gz/models/robotx_light_buoy_ybr/model.config
[0.707s] -- Up-to-date: /home/newman/vrx_ws/src/mission_windwatch/install/share/vrx_gz/models/robotx_light_buoy_ybr/model.sdf
[0.707s] -- Up-to-date: /home/newman/vrx_ws/src/mission_windwatch/install/share/vrx_gz/models/roboboat02
[0.707s] -- Up-to-date: /home/newman/vrx_ws/src/mission_windwatch/install/share/vrx_gz/models/roboboat02/materials
[0.707s] -- Up-to-date: /home/newman/vrx_ws/src/mission_windwatch/install/share/vrx_gz/models/roboboat02/materials/textures
[0.708s] -- Up-to-date: /home/newman/vrx_ws/src/mission_windwatch/install/share/vrx_gz/models/roboboat02/materials/textures/Boat02_Roughness.png
[0.708s] -- Up-to-date: /home/newman/vrx_ws/src/mission_windwatch/install/share/vrx_gz/models/roboboat02/materials/textures/Boat02_Normal.png
[0.709s] -- Up-to-date: /home/newman/vrx_ws/src/mission_windwatch/install/share/vrx_gz/models/roboboat02/materials/textures/Boat02_Metallic.png
[0.709s] -- Up-to-date: /home/newman/vrx_ws/src/mission_windwatch/install/share/vrx_gz/models/roboboat02/materials/textures/Boat02_Albedo.png
[0.709s] -- Up-to-date: /home/newman/vrx_ws/src/mission_windwatch/install/share/vrx_gz/models/roboboat02/materials/scripts
[0.709s] -- Up-to-date: /home/newman/vrx_ws/src/mission_windwatch/install/share/vrx_gz/models/roboboat02/materials/scripts/model.material
[0.709s] -- Up-to-date: /home/newman/vrx_ws/src/mission_windwatch/install/share/vrx_gz/models/roboboat02/model.config
[0.709s] -- Up-to-date: /home/newman/vrx_ws/src/mission_windwatch/install/share/vrx_gz/models/roboboat02/meshes
[0.709s] -- Up-to-date: /home/newman/vrx_ws/src/mission_windwatch/install/share/vrx_gz/models/roboboat02/meshes/roboboat02.dae
[0.709s] -- Up-to-date: /home/newman/vrx_ws/src/mission_windwatch/install/share/vrx_gz/models/roboboat02/model.sdf
[0.709s] -- Up-to-date: /home/newman/vrx_ws/src/mission_windwatch/install/share/vrx_gz/models/robotx_light_buoy_rbg
[0.710s] -- Up-to-date: /home/newman/vrx_ws/src/mission_windwatch/install/share/vrx_gz/models/robotx_light_buoy_rbg/model.config
[0.710s] -- Up-to-date: /home/newman/vrx_ws/src/mission_windwatch/install/share/vrx_gz/models/robotx_light_buoy_rbg/model.sdf
[0.710s] -- Up-to-date: /home/newman/vrx_ws/src/mission_windwatch/install/share/vrx_gz/models/short_navigation_course_0
[0.710s] -- Up-to-date: /home/newman/vrx_ws/src/mission_windwatch/install/share/vrx_gz/models/short_navigation_course_0/model.config
[0.713s] -- Up-to-date: /home/newman/vrx_ws/src/mission_windwatch/install/share/vrx_gz/models/short_navigation_course_0/model.sdf
[0.713s] -- Up-to-date: /home/newman/vrx_ws/src/mission_windwatch/install/share/vrx_gz/models/entrance_exit
[0.713s] -- Up-to-date: /home/newman/vrx_ws/src/mission_windwatch/install/share/vrx_gz/models/entrance_exit/model.config
[0.713s] -- Up-to-date: /home/newman/vrx_ws/src/mission_windwatch/install/share/vrx_gz/models/entrance_exit/model.sdf
[0.714s] -- Up-to-date: /home/newman/vrx_ws/src/mission_windwatch/install/share/vrx_gz/models/platform
[0.714s] -- Up-to-date: /home/newman/vrx_ws/src/mission_windwatch/install/share/vrx_gz/models/platform/model.config
[0.714s] -- Up-to-date: /home/newman/vrx_ws/src/mission_windwatch/install/share/vrx_gz/models/platform/model.sdf
[0.714s] -- Up-to-date: /home/newman/vrx_ws/src/mission_windwatch/install/share/vrx_gz/models/placard_2022
[0.714s] -- Up-to-date: /home/newman/vrx_ws/src/mission_windwatch/install/share/vrx_gz/models/placard_2022/materials
[0.714s] -- Up-to-date: /home/newman/vrx_ws/src/mission_windwatch/install/share/vrx_gz/models/placard_2022/materials/textures
[0.714s] -- Up-to-date: /home/newman/vrx_ws/src/mission_windwatch/install/share/vrx_gz/models/placard_2022/materials/textures/Placard.png
[0.714s] -- Up-to-date: /home/newman/vrx_ws/src/mission_windwatch/install/share/vrx_gz/models/placard_2022/model.config
[0.714s] -- Up-to-date: /home/newman/vrx_ws/src/mission_windwatch/install/share/vrx_gz/models/placard_2022/meshes
[0.714s] -- Up-to-date: /home/newman/vrx_ws/src/mission_windwatch/install/share/vrx_gz/models/placard_2022/meshes/placard_2022.dae
[0.714s] -- Up-to-date: /home/newman/vrx_ws/src/mission_windwatch/install/share/vrx_gz/models/placard_2022/model.sdf
[0.714s] -- Up-to-date: /home/newman/vrx_ws/src/mission_windwatch/install/share/vrx_gz/models/robotx_light_buoy_bgr
[0.714s] -- Up-to-date: /home/newman/vrx_ws/src/mission_windwatch/install/share/vrx_gz/models/robotx_light_buoy_bgr/model.config
[0.714s] -- Up-to-date: /home/newman/vrx_ws/src/mission_windwatch/install/share/vrx_gz/models/robotx_light_buoy_bgr/model.sdf
[0.714s] -- Up-to-date: /home/newman/vrx_ws/src/mission_windwatch/install/share/vrx_gz/worlds
[0.714s] -- Up-to-date: /home/newman/vrx_ws/src/mission_windwatch/install/share/vrx_gz/worlds/follow_path_task.sdf
[0.714s] -- Up-to-date: /home/newman/vrx_ws/src/mission_windwatch/install/share/vrx_gz/worlds/2023_practice
[0.714s] -- Up-to-date: /home/newman/vrx_ws/src/mission_windwatch/install/share/vrx_gz/worlds/2023_practice/practice_2023_acoustic_perception1_task.sdf
[0.714s] -- Up-to-date: /home/newman/vrx_ws/src/mission_windwatch/install/share/vrx_gz/worlds/2023_practice/practice_2023_wayfinding2_task.sdf
[0.715s] -- Up-to-date: /home/newman/vrx_ws/src/mission_windwatch/install/share/vrx_gz/worlds/2023_practice/practice_2023_acoustic_perception2_task.sdf
[0.715s] -- Up-to-date: /home/newman/vrx_ws/src/mission_windwatch/install/share/vrx_gz/worlds/2023_practice/practice_2023_wildlife2_task.sdf
[0.715s] -- Up-to-date: /home/newman/vrx_ws/src/mission_windwatch/install/share/vrx_gz/worlds/2023_practice/practice_2023_follow_path2_task.sdf
[0.715s] -- Up-to-date: /home/newman/vrx_ws/src/mission_windwatch/install/share/vrx_gz/worlds/2023_practice/practice_2023_acoustic_tracking0_task.sdf
[0.715s] -- Up-to-date: /home/newman/vrx_ws/src/mission_windwatch/install/share/vrx_gz/worlds/2023_practice/practice_2023_stationkeeping2_task.sdf
[0.715s] -- Up-to-date: /home/newman/vrx_ws/src/mission_windwatch/install/share/vrx_gz/worlds/2023_practice/practice_2023_wayfinding1_task.sdf
[0.715s] -- Up-to-date: /home/newman/vrx_ws/src/mission_windwatch/install/share/vrx_gz/worlds/2023_practice/practice_2023_wayfinding0_task.sdf
[0.715s] -- Up-to-date: /home/newman/vrx_ws/src/mission_windwatch/install/share/vrx_gz/worlds/2023_practice/practice_2023_perception1_task.sdf
[0.715s] -- Up-to-date: /home/newman/vrx_ws/src/mission_windwatch/install/share/vrx_gz/worlds/2023_practice/practice_2023_follow_path1_task.sdf
[0.715s] -- Up-to-date: /home/newman/vrx_ws/src/mission_windwatch/install/share/vrx_gz/worlds/2023_practice/practice_2023_follow_path0_task.sdf
[0.715s] -- Up-to-date: /home/newman/vrx_ws/src/mission_windwatch/install/share/vrx_gz/worlds/2023_practice/practice_2023_scan_dock_deliver0_task.sdf
[0.715s] -- Up-to-date: /home/newman/vrx_ws/src/mission_windwatch/install/share/vrx_gz/worlds/2023_practice/practice_2023_perception0_task.sdf
[0.715s] -- Up-to-date: /home/newman/vrx_ws/src/mission_windwatch/install/share/vrx_gz/worlds/2023_practice/practice_2023_perception2_task.sdf
[0.715s] -- Up-to-date: /home/newman/vrx_ws/src/mission_windwatch/install/share/vrx_gz/worlds/2023_practice/practice_2023_stationkeeping1_task.sdf
[0.715s] -- Up-to-date: /home/newman/vrx_ws/src/mission_windwatch/install/share/vrx_gz/worlds/2023_practice/practice_2023_scan_dock_deliver1_task.sdf
[0.715s] -- Up-to-date: /home/newman/vrx_ws/src/mission_windwatch/install/share/vrx_gz/worlds/2023_practice/practice_2023_acoustic_tracking2_task.sdf
[0.715s] -- Up-to-date: /home/newman/vrx_ws/src/mission_windwatch/install/share/vrx_gz/worlds/2023_practice/practice_2023_stationkeeping0_task.sdf
[0.715s] -- Up-to-date: /home/newman/vrx_ws/src/mission_windwatch/install/share/vrx_gz/worlds/2023_practice/practice_2023_wildlife0_task.sdf
[0.715s] -- Up-to-date: /home/newman/vrx_ws/src/mission_windwatch/install/share/vrx_gz/worlds/2023_practice/practice_2023_scan_dock_deliver2_task.sdf
[0.715s] -- Up-to-date: /home/newman/vrx_ws/src/mission_windwatch/install/share/vrx_gz/worlds/2023_practice/practice_2023_acoustic_tracking1_task.sdf
[0.716s] -- Up-to-date: /home/newman/vrx_ws/src/mission_windwatch/install/share/vrx_gz/worlds/2023_practice/practice_2023_wildlife1_task.sdf
[0.716s] -- Up-to-date: /home/newman/vrx_ws/src/mission_windwatch/install/share/vrx_gz/worlds/2023_practice/practice_2023_acoustic_perception0_task.sdf
[0.716s] -- Up-to-date: /home/newman/vrx_ws/src/mission_windwatch/install/share/vrx_gz/worlds/stationkeeping_task.sdf
[0.716s] -- Up-to-date: /home/newman/vrx_ws/src/mission_windwatch/install/share/vrx_gz/worlds/acoustic_tracking_task.sdf
[0.716s] -- Up-to-date: /home/newman/vrx_ws/src/mission_windwatch/install/share/vrx_gz/worlds/perception_task.sdf
[0.716s] -- Up-to-date: /home/newman/vrx_ws/src/mission_windwatch/install/share/vrx_gz/worlds/wildlife_task.sdf
[0.716s] -- Up-to-date: /home/newman/vrx_ws/src/mission_windwatch/install/share/vrx_gz/worlds/acoustic_perception_task.sdf
[0.716s] -- Up-to-date: /home/newman/vrx_ws/src/mission_windwatch/install/share/vrx_gz/worlds/sydney_regatta.sdf
[0.716s] -- Up-to-date: /home/newman/vrx_ws/src/mission_windwatch/install/share/vrx_gz/worlds/scan_dock_deliver_task.sdf
[0.716s] -- Up-to-date: /home/newman/vrx_ws/src/mission_windwatch/install/share/vrx_gz/worlds/wayfinding_task.sdf
[0.717s] -- Up-to-date: /home/newman/vrx_ws/src/mission_windwatch/install/share/vrx_gz/worlds/gymkhana_task.sdf
[0.717s] -- Up-to-date: /home/newman/vrx_ws/src/mission_windwatch/install/share/vrx_gz/worlds/nbpark.sdf
[0.717s] -- Up-to-date: /home/newman/vrx_ws/src/mission_windwatch/install/share/vrx_gz/worlds/navigation_task.sdf
[0.717s] -- Up-to-date: /home/newman/vrx_ws/src/mission_windwatch/install/share/ament_index/resource_index/package_run_dependencies/vrx_gz
[0.717s] -- Up-to-date: /home/newman/vrx_ws/src/mission_windwatch/install/share/ament_index/resource_index/parent_prefix_path/vrx_gz
[0.718s] -- Up-to-date: /home/newman/vrx_ws/src/mission_windwatch/install/share/vrx_gz/environment/ament_prefix_path.sh
[0.718s] -- Up-to-date: /home/newman/vrx_ws/src/mission_windwatch/install/share/vrx_gz/environment/ament_prefix_path.dsv
[0.718s] -- Up-to-date: /home/newman/vrx_ws/src/mission_windwatch/install/share/vrx_gz/environment/path.sh
[0.719s] -- Up-to-date: /home/newman/vrx_ws/src/mission_windwatch/install/share/vrx_gz/environment/path.dsv
[0.720s] -- Up-to-date: /home/newman/vrx_ws/src/mission_windwatch/install/share/vrx_gz/local_setup.bash
[0.720s] -- Up-to-date: /home/newman/vrx_ws/src/mission_windwatch/install/share/vrx_gz/local_setup.sh
[0.720s] -- Up-to-date: /home/newman/vrx_ws/src/mission_windwatch/install/share/vrx_gz/local_setup.zsh
[0.720s] -- Up-to-date: /home/newman/vrx_ws/src/mission_windwatch/install/share/vrx_gz/local_setup.dsv
[0.720s] -- Installing: /home/newman/vrx_ws/src/mission_windwatch/install/share/vrx_gz/package.dsv
[0.720s] -- Up-to-date: /home/newman/vrx_ws/src/mission_windwatch/install/share/ament_index/resource_index/packages/vrx_gz
[0.720s] -- Up-to-date: /home/newman/vrx_ws/src/mission_windwatch/install/share/vrx_gz/cmake/vrx_gzConfig.cmake
[0.720s] -- Up-to-date: /home/newman/vrx_ws/src/mission_windwatch/install/share/vrx_gz/cmake/vrx_gzConfig-version.cmake
[0.721s] -- Up-to-date: /home/newman/vrx_ws/src/mission_windwatch/install/share/vrx_gz/package.xml
[0.721s] Invoked command in '/home/newman/vrx_ws/src/mission_windwatch/build/vrx_gz' returned '0': CMAKE_PREFIX_PATH=${CMAKE_PREFIX_PATH}:/opt/ros/humble /usr/bin/cmake --install /home/newman/vrx_ws/src/mission_windwatch/build/vrx_gz
