-- Install configuration: ""
-- Up-to-date: /home/newman/vrx_ws/src/mission_windwatch/install/share/aquabot_description/environment/resource_paths.dsv
-- Up-to-date: /home/newman/vrx_ws/src/mission_windwatch/install/share/aquabot_description/environment/resource_paths.sh
-- Up-to-date: /home/newman/vrx_ws/src/mission_windwatch/install/share/aquabot_description/models
-- Up-to-date: /home/newman/vrx_ws/src/mission_windwatch/install/share/aquabot_description/models/aquabot_blue_boat
-- Up-to-date: /home/newman/vrx_ws/src/mission_windwatch/install/share/aquabot_description/models/aquabot_blue_boat/model.config
-- Up-to-date: /home/newman/vrx_ws/src/mission_windwatch/install/share/aquabot_description/models/aquabot_blue_boat/model.sdf
-- Up-to-date: /home/newman/vrx_ws/src/mission_windwatch/install/share/aquabot_description/models/aquabot_blue_boat/mesh
-- Up-to-date: /home/newman/vrx_ws/src/mission_windwatch/install/share/aquabot_description/models/aquabot_blue_boat/mesh/blue_boat.dae
-- Up-to-date: /home/newman/vrx_ws/src/mission_windwatch/install/share/aquabot_description/urdf
-- Up-to-date: /home/newman/vrx_ws/src/mission_windwatch/install/share/aquabot_description/urdf/aquabot.urdf
-- Up-to-date: /home/newman/vrx_ws/src/mission_windwatch/install/share/ament_index/resource_index/package_run_dependencies/aquabot_description
-- Up-to-date: /home/newman/vrx_ws/src/mission_windwatch/install/share/ament_index/resource_index/parent_prefix_path/aquabot_description
-- Up-to-date: /home/newman/vrx_ws/src/mission_windwatch/install/share/aquabot_description/environment/ament_prefix_path.sh
-- Up-to-date: /home/newman/vrx_ws/src/mission_windwatch/install/share/aquabot_description/environment/ament_prefix_path.dsv
-- Up-to-date: /home/newman/vrx_ws/src/mission_windwatch/install/share/aquabot_description/environment/path.sh
-- Up-to-date: /home/newman/vrx_ws/src/mission_windwatch/install/share/aquabot_description/environment/path.dsv
-- Up-to-date: /home/newman/vrx_ws/src/mission_windwatch/install/share/aquabot_description/local_setup.bash
-- Up-to-date: /home/newman/vrx_ws/src/mission_windwatch/install/share/aquabot_description/local_setup.sh
-- Up-to-date: /home/newman/vrx_ws/src/mission_windwatch/install/share/aquabot_description/local_setup.zsh
-- Up-to-date: /home/newman/vrx_ws/src/mission_windwatch/install/share/aquabot_description/local_setup.dsv
-- Up-to-date: /home/newman/vrx_ws/src/mission_windwatch/install/share/aquabot_description/package.dsv
-- Up-to-date: /home/newman/vrx_ws/src/mission_windwatch/install/share/ament_index/resource_index/packages/aquabot_description
-- Up-to-date: /home/newman/vrx_ws/src/mission_windwatch/install/share/aquabot_description/cmake/aquabot_descriptionConfig.cmake
-- Up-to-date: /home/newman/vrx_ws/src/mission_windwatch/install/share/aquabot_description/cmake/aquabot_descriptionConfig-version.cmake
-- Up-to-date: /home/newman/vrx_ws/src/mission_windwatch/install/share/aquabot_description/package.xml
