-- Install configuration: ""
-- Installing: /home/newman/vrx_ws/src/mission_windwatch/install/share/wamv_gazebo/models
-- Installing: /home/newman/vrx_ws/src/mission_windwatch/install/share/wamv_gazebo/models/gps
-- Installing: /home/newman/vrx_ws/src/mission_windwatch/install/share/wamv_gazebo/models/gps/model.config
-- Installing: /home/newman/vrx_ws/src/mission_windwatch/install/share/wamv_gazebo/models/gps/mesh
-- Installing: /home/newman/vrx_ws/src/mission_windwatch/install/share/wamv_gazebo/models/gps/mesh/gps.png
-- Installing: /home/newman/vrx_ws/src/mission_windwatch/install/share/wamv_gazebo/models/gps/mesh/gps.dae
-- Installing: /home/newman/vrx_ws/src/mission_windwatch/install/share/wamv_gazebo/urdf
-- Installing: /home/newman/vrx_ws/src/mission_windwatch/install/share/wamv_gazebo/urdf/dynamics
-- Installing: /home/newman/vrx_ws/src/mission_windwatch/install/share/wamv_gazebo/urdf/dynamics/wamv_gazebo_dynamics_plugin.xacro
-- Installing: /home/newman/vrx_ws/src/mission_windwatch/install/share/wamv_gazebo/urdf/wamv_gazebo.xacro
-- Installing: /home/newman/vrx_ws/src/mission_windwatch/install/share/wamv_gazebo/urdf/macros.xacro
-- Installing: /home/newman/vrx_ws/src/mission_windwatch/install/share/wamv_gazebo/urdf/thruster_layouts
-- Installing: /home/newman/vrx_ws/src/mission_windwatch/install/share/wamv_gazebo/urdf/thruster_layouts/wamv_gazebo_thruster_config.xacro
-- Installing: /home/newman/vrx_ws/src/mission_windwatch/install/share/wamv_gazebo/urdf/thruster_layouts/wamv_t_thrusters.xacro
-- Installing: /home/newman/vrx_ws/src/mission_windwatch/install/share/wamv_gazebo/urdf/thruster_layouts/wamv_x_thrusters.xacro
-- Installing: /home/newman/vrx_ws/src/mission_windwatch/install/share/wamv_gazebo/urdf/thruster_layouts/wamv_aft_thrusters.xacro
-- Installing: /home/newman/vrx_ws/src/mission_windwatch/install/share/wamv_gazebo/urdf/components
-- Installing: /home/newman/vrx_ws/src/mission_windwatch/install/share/wamv_gazebo/urdf/components/lidar.xacro
-- Installing: /home/newman/vrx_ws/src/mission_windwatch/install/share/wamv_gazebo/urdf/components/wamv_camera.xacro
-- Installing: /home/newman/vrx_ws/src/mission_windwatch/install/share/wamv_gazebo/urdf/components/wamv_p3d.xacro
-- Installing: /home/newman/vrx_ws/src/mission_windwatch/install/share/wamv_gazebo/urdf/components/wamv_3d_lidar.xacro
-- Installing: /home/newman/vrx_ws/src/mission_windwatch/install/share/wamv_gazebo/urdf/components/wamv_gps.xacro
-- Installing: /home/newman/vrx_ws/src/mission_windwatch/install/share/wamv_gazebo/urdf/components/ball_shooter.xacro
-- Installing: /home/newman/vrx_ws/src/mission_windwatch/install/share/wamv_gazebo/urdf/components/wamv_imu.xacro
-- Installing: /home/newman/vrx_ws/src/mission_windwatch/install/share/wamv_gazebo/urdf/components/wamv_pinger.xacro
-- Installing: /home/newman/vrx_ws/src/mission_windwatch/install/share/wamv_gazebo/urdf/components/wamv_planar_lidar.xacro
-- Installing: /home/newman/vrx_ws/src/mission_windwatch/install/share/wamv_gazebo/urdf/wamv_gazebo.urdf.xacro
-- Installing: /home/newman/vrx_ws/src/mission_windwatch/install/share/ament_index/resource_index/package_run_dependencies/wamv_gazebo
-- Installing: /home/newman/vrx_ws/src/mission_windwatch/install/share/ament_index/resource_index/parent_prefix_path/wamv_gazebo
-- Installing: /home/newman/vrx_ws/src/mission_windwatch/install/share/wamv_gazebo/environment/ament_prefix_path.sh
-- Installing: /home/newman/vrx_ws/src/mission_windwatch/install/share/wamv_gazebo/environment/ament_prefix_path.dsv
-- Installing: /home/newman/vrx_ws/src/mission_windwatch/install/share/wamv_gazebo/environment/path.sh
-- Installing: /home/newman/vrx_ws/src/mission_windwatch/install/share/wamv_gazebo/environment/path.dsv
-- Installing: /home/newman/vrx_ws/src/mission_windwatch/install/share/wamv_gazebo/local_setup.bash
-- Installing: /home/newman/vrx_ws/src/mission_windwatch/install/share/wamv_gazebo/local_setup.sh
-- Installing: /home/newman/vrx_ws/src/mission_windwatch/install/share/wamv_gazebo/local_setup.zsh
-- Installing: /home/newman/vrx_ws/src/mission_windwatch/install/share/wamv_gazebo/local_setup.dsv
-- Installing: /home/newman/vrx_ws/src/mission_windwatch/install/share/wamv_gazebo/package.dsv
-- Installing: /home/newman/vrx_ws/src/mission_windwatch/install/share/ament_index/resource_index/packages/wamv_gazebo
-- Installing: /home/newman/vrx_ws/src/mission_windwatch/install/share/wamv_gazebo/cmake/wamv_gazeboConfig.cmake
-- Installing: /home/newman/vrx_ws/src/mission_windwatch/install/share/wamv_gazebo/cmake/wamv_gazeboConfig-version.cmake
-- Installing: /home/newman/vrx_ws/src/mission_windwatch/install/share/wamv_gazebo/package.xml
