[0.052s] Invoking command in '/home/newman/vrx_ws/src/mission_windwatch/build/aquabot_description': CMAKE_PREFIX_PATH=${CMAKE_PREFIX_PATH}:/opt/ros/humble GZ_SIM_RESOURCE_PATH=/home/newman/vrx_ws/src/mission_windwatch/install/share:${GZ_SIM_RESOURCE_PATH} /usr/bin/cmake /home/newman/vrx_ws/src/mission_windwatch/src/aquabot/aquabot_urdf/aquabot_description -DCMAKE_INSTALL_PREFIX=/home/newman/vrx_ws/src/mission_windwatch/install
[0.152s] -- The C compiler identification is GNU 11.4.0
[0.243s] -- The CXX compiler identification is GNU 11.4.0
[0.257s] -- Detecting C compiler ABI info
[0.374s] -- Detecting C compiler ABI info - done
[0.390s] -- Check for working C compiler: /usr/bin/cc - skipped
[0.390s] -- Detecting C compile features
[0.390s] -- Detecting C compile features - done
[0.395s] -- Detecting CXX compiler ABI info
[0.525s] -- Detecting CXX compiler ABI info - done
[0.538s] -- Check for working CXX compiler: /usr/bin/c++ - skipped
[0.539s] -- Detecting CXX compile features
[0.539s] -- Detecting CXX compile features - done
[0.541s] -- Found ament_cmake: 1.3.10 (/opt/ros/humble/share/ament_cmake/cmake)
[0.783s] -- Found Python3: /usr/bin/python3 (found version "3.10.12") found components: Interpreter 
[0.870s] -- Found xacro: 2.0.8 (/opt/ros/humble/share/xacro/cmake)
[0.927s] -- Configuring done
[0.929s] -- Generating done
[0.930s] -- Build files have been written to: /home/newman/vrx_ws/src/mission_windwatch/build/aquabot_description
[0.943s] Invoked command in '/home/newman/vrx_ws/src/mission_windwatch/build/aquabot_description' returned '0': CMAKE_PREFIX_PATH=${CMAKE_PREFIX_PATH}:/opt/ros/humble GZ_SIM_RESOURCE_PATH=/home/newman/vrx_ws/src/mission_windwatch/install/share:${GZ_SIM_RESOURCE_PATH} /usr/bin/cmake /home/newman/vrx_ws/src/mission_windwatch/src/aquabot/aquabot_urdf/aquabot_description -DCMAKE_INSTALL_PREFIX=/home/newman/vrx_ws/src/mission_windwatch/install
[0.944s] Invoking command in '/home/newman/vrx_ws/src/mission_windwatch/build/aquabot_description': CMAKE_PREFIX_PATH=${CMAKE_PREFIX_PATH}:/opt/ros/humble GZ_SIM_RESOURCE_PATH=/home/newman/vrx_ws/src/mission_windwatch/install/share:${GZ_SIM_RESOURCE_PATH} /usr/bin/cmake --build /home/newman/vrx_ws/src/mission_windwatch/build/aquabot_description -- -j9 -l9
[1.162s] Invoked command in '/home/newman/vrx_ws/src/mission_windwatch/build/aquabot_description' returned '0': CMAKE_PREFIX_PATH=${CMAKE_PREFIX_PATH}:/opt/ros/humble GZ_SIM_RESOURCE_PATH=/home/newman/vrx_ws/src/mission_windwatch/install/share:${GZ_SIM_RESOURCE_PATH} /usr/bin/cmake --build /home/newman/vrx_ws/src/mission_windwatch/build/aquabot_description -- -j9 -l9
[1.222s] Invoking command in '/home/newman/vrx_ws/src/mission_windwatch/build/aquabot_description': CMAKE_PREFIX_PATH=${CMAKE_PREFIX_PATH}:/opt/ros/humble GZ_SIM_RESOURCE_PATH=/home/newman/vrx_ws/src/mission_windwatch/install/share:${GZ_SIM_RESOURCE_PATH} /usr/bin/cmake --install /home/newman/vrx_ws/src/mission_windwatch/build/aquabot_description
[1.235s] -- Install configuration: ""
[1.236s] -- Installing: /home/newman/vrx_ws/src/mission_windwatch/install/share/aquabot_description/environment/resource_paths.dsv
[1.236s] -- Installing: /home/newman/vrx_ws/src/mission_windwatch/install/share/aquabot_description/environment/resource_paths.sh
[1.236s] -- Installing: /home/newman/vrx_ws/src/mission_windwatch/install/share/aquabot_description/models
[1.236s] -- Installing: /home/newman/vrx_ws/src/mission_windwatch/install/share/aquabot_description/models/aquabot_blue_boat
[1.236s] -- Installing: /home/newman/vrx_ws/src/mission_windwatch/install/share/aquabot_description/models/aquabot_blue_boat/model.config
[1.236s] -- Installing: /home/newman/vrx_ws/src/mission_windwatch/install/share/aquabot_description/models/aquabot_blue_boat/model.sdf
[1.236s] -- Installing: /home/newman/vrx_ws/src/mission_windwatch/install/share/aquabot_description/models/aquabot_blue_boat/mesh
[1.236s] -- Installing: /home/newman/vrx_ws/src/mission_windwatch/install/share/aquabot_description/models/aquabot_blue_boat/mesh/blue_boat.dae
[1.237s] -- Installing: /home/newman/vrx_ws/src/mission_windwatch/install/share/aquabot_description/urdf
[1.237s] -- Installing: /home/newman/vrx_ws/src/mission_windwatch/install/share/aquabot_description/urdf/aquabot.urdf
[1.237s] -- Installing: /home/newman/vrx_ws/src/mission_windwatch/install/share/ament_index/resource_index/package_run_dependencies/aquabot_description
[1.237s] -- Installing: /home/newman/vrx_ws/src/mission_windwatch/install/share/ament_index/resource_index/parent_prefix_path/aquabot_description
[1.237s] -- Installing: /home/newman/vrx_ws/src/mission_windwatch/install/share/aquabot_description/environment/ament_prefix_path.sh
[1.237s] -- Installing: /home/newman/vrx_ws/src/mission_windwatch/install/share/aquabot_description/environment/ament_prefix_path.dsv
[1.237s] -- Installing: /home/newman/vrx_ws/src/mission_windwatch/install/share/aquabot_description/environment/path.sh
[1.238s] -- Installing: /home/newman/vrx_ws/src/mission_windwatch/install/share/aquabot_description/environment/path.dsv
[1.238s] -- Installing: /home/newman/vrx_ws/src/mission_windwatch/install/share/aquabot_description/local_setup.bash
[1.238s] -- Installing: /home/newman/vrx_ws/src/mission_windwatch/install/share/aquabot_description/local_setup.sh
[1.238s] -- Installing: /home/newman/vrx_ws/src/mission_windwatch/install/share/aquabot_description/local_setup.zsh
[1.238s] -- Installing: /home/newman/vrx_ws/src/mission_windwatch/install/share/aquabot_description/local_setup.dsv
[1.238s] -- Installing: /home/newman/vrx_ws/src/mission_windwatch/install/share/aquabot_description/package.dsv
[1.238s] -- Installing: /home/newman/vrx_ws/src/mission_windwatch/install/share/ament_index/resource_index/packages/aquabot_description
[1.238s] -- Installing: /home/newman/vrx_ws/src/mission_windwatch/install/share/aquabot_description/cmake/aquabot_descriptionConfig.cmake
[1.238s] -- Installing: /home/newman/vrx_ws/src/mission_windwatch/install/share/aquabot_description/cmake/aquabot_descriptionConfig-version.cmake
[1.239s] -- Installing: /home/newman/vrx_ws/src/mission_windwatch/install/share/aquabot_description/package.xml
[1.264s] Invoked command in '/home/newman/vrx_ws/src/mission_windwatch/build/aquabot_description' returned '0': CMAKE_PREFIX_PATH=${CMAKE_PREFIX_PATH}:/opt/ros/humble GZ_SIM_RESOURCE_PATH=/home/newman/vrx_ws/src/mission_windwatch/install/share:${GZ_SIM_RESOURCE_PATH} /usr/bin/cmake --install /home/newman/vrx_ws/src/mission_windwatch/build/aquabot_description
