[0.019s] Invoking command in '/home/newman/vrx_ws/src/mission_windwatch/build/navigation': /usr/bin/cmake /home/newman/vrx_ws/src/mission_windwatch/src/navigation -DCMAKE_INSTALL_PREFIX=/home/newman/vrx_ws/src/mission_windwatch/install
[0.362s] -- The C compiler identification is GNU 11.4.0
[0.642s] -- The CXX compiler identification is GNU 11.4.0
[0.671s] -- Detecting C compiler ABI info
[0.879s] -- Detecting C compiler ABI info - done
[0.889s] -- Check for working C compiler: /usr/bin/cc - skipped
[3.532s] -- Detecting C compile features
[3.559s] -- Detecting C compile features - done
[3.578s] -- Detecting CXX compiler ABI info
[3.675s] -- Detecting CXX compiler ABI info - done
[3.683s] -- Check for working CXX compiler: /usr/bin/c++ - skipped
[3.684s] -- Detecting CXX compile features
[3.685s] -- Detecting CXX compile features - done
[3.715s] -- Configuring incomplete, errors occurred!
[3.715s] See also "/home/newman/vrx_ws/src/mission_windwatch/build/navigation/CMakeFiles/CMakeOutput.log".
[3.717s] [31mCMake Error at CMakeLists.txt:5 (find_package):
[3.717s]   By not providing "Findament_cmake.cmake" in CMAKE_MODULE_PATH this project
[3.717s]   has asked CMake to find a package configuration file provided by
[3.717s]   "ament_cmake", but CMake did not find one.
[3.718s] 
[3.718s]   Could not find a package configuration file provided by "ament_cmake" with
[3.718s]   any of the following names:
[3.718s] 
[3.718s]     ament_cmakeConfig.cmake
[3.718s]     ament_cmake-config.cmake
[3.718s] 
[3.718s]   Add the installation prefix of "ament_cmake" to CMAKE_PREFIX_PATH or set
[3.718s]   "ament_cmake_DIR" to a directory containing one of the above files.  If
[3.718s]   "ament_cmake" provides a separate development package or SDK, be sure it
[3.719s]   has been installed.
[3.719s] 
[3.719s] [0m
[3.732s] Invoked command in '/home/newman/vrx_ws/src/mission_windwatch/build/navigation' returned '1': /usr/bin/cmake /home/newman/vrx_ws/src/mission_windwatch/src/navigation -DCMAKE_INSTALL_PREFIX=/home/newman/vrx_ws/src/mission_windwatch/install
