[0.043s] Invoking command in '/home/newman/vrx_ws/src/mission_windwatch/build/sensors': CMAKE_PREFIX_PATH=${CMAKE_PREFIX_PATH}:/opt/ros/humble /usr/bin/cmake --build /home/newman/vrx_ws/src/mission_windwatch/build/sensors -- -j9 -l9
[0.127s] [ 16%] [32mBuilding CXX object CMakeFiles/tgt_pos_update_node.dir/src/tgt_pos_update_node.cpp.o[0m
[0.129s] [ 33%] [32mBuilding CXX object CMakeFiles/sensor_fusion_node.dir/src/sensor_fusion_node.cpp.o[0m
[0.130s] [ 50%] [32mBuilding CXX object CMakeFiles/camera_processing_node.dir/src/camera_processing_node.cpp.o[0m
[2.978s] [01m[K/home/newman/vrx_ws/src/mission_windwatch/src/sensors/src/sensor_fusion_node.cpp:[m[K In function ‘[01m[Kint main(int, char**)[m[K’:
[2.978s] [01m[K/home/newman/vrx_ws/src/mission_windwatch/src/sensors/src/sensor_fusion_node.cpp:8:32:[m[K [01;31m[Kerror: [m[K‘[01m[KMyNode[m[K’ was not declared in this scope; did you mean ‘[01m[Knode[m[K’?
[2.978s]     8 |   auto node = std::make_shared<[01;31m[KMyNode[m[K>();
[2.978s]       |                                [01;31m[K^~~~~~[m[K
[2.978s]       |                                [32m[Knode[m[K
[2.978s] [01m[K/home/newman/vrx_ws/src/mission_windwatch/src/sensors/src/sensor_fusion_node.cpp:8:39:[m[K [01;31m[Kerror: [m[Kno matching function for call to ‘[01m[Kmake_shared<<expression error> >()[m[K’
[2.978s]     8 |   auto node = [01;31m[Kstd::make_shared<MyNode>()[m[K;
[2.978s]       |               [01;31m[K~~~~~~~~~~~~~~~~~~~~~~~~^~[m[K
[2.978s] In file included from [01m[K/usr/include/c++/11/memory:77[m[K,
[2.978s]                  from [01m[K/opt/ros/humble/include/rclcpp/rclcpp/rclcpp.hpp:153[m[K,
[2.978s]                  from [01m[K/home/newman/vrx_ws/src/mission_windwatch/src/sensors/src/sensor_fusion_node.cpp:4[m[K:
[2.978s] [01m[K/usr/include/c++/11/bits/shared_ptr.h:875:5:[m[K [01;36m[Knote: [m[Kcandidate: ‘[01m[Ktemplate<class _Tp, class ... _Args> std::shared_ptr<_Tp> std::make_shared(_Args&& ...)[m[K’
[2.978s]   875 |     [01;36m[Kmake_shared[m[K(_Args&&... __args)
[2.979s]       |     [01;36m[K^~~~~~~~~~~[m[K
[2.979s] [01m[K/usr/include/c++/11/bits/shared_ptr.h:875:5:[m[K [01;36m[Knote: [m[K  template argument deduction/substitution failed:
[2.979s] [01m[K/home/newman/vrx_ws/src/mission_windwatch/src/sensors/src/sensor_fusion_node.cpp:8:39:[m[K [01;31m[Kerror: [m[Ktemplate argument 1 is invalid
[2.979s]     8 |   auto node = [01;31m[Kstd::make_shared<MyNode>()[m[K;
[2.979s]       |               [01;31m[K~~~~~~~~~~~~~~~~~~~~~~~~^~[m[K
[3.216s] [01m[K/home/newman/vrx_ws/src/mission_windwatch/src/sensors/src/camera_processing_node.cpp:[m[K In function ‘[01m[Kint main(int, char**)[m[K’:
[3.216s] [01m[K/home/newman/vrx_ws/src/mission_windwatch/src/sensors/src/camera_processing_node.cpp:8:32:[m[K [01;31m[Kerror: [m[K‘[01m[KMyNode[m[K’ was not declared in this scope; did you mean ‘[01m[Knode[m[K’?
[3.216s]     8 |   auto node = std::make_shared<[01;31m[KMyNode[m[K>();
[3.217s]       |                                [01;31m[K^~~~~~[m[K
[3.217s]       |                                [32m[Knode[m[K
[3.217s] [01m[K/home/newman/vrx_ws/src/mission_windwatch/src/sensors/src/camera_processing_node.cpp:8:39:[m[K [01;31m[Kerror: [m[Kno matching function for call to ‘[01m[Kmake_shared<<expression error> >()[m[K’
[3.217s]     8 |   auto node = [01;31m[Kstd::make_shared<MyNode>()[m[K;
[3.217s]       |               [01;31m[K~~~~~~~~~~~~~~~~~~~~~~~~^~[m[K
[3.217s] In file included from [01m[K/usr/include/c++/11/memory:77[m[K,
[3.217s]                  from [01m[K/opt/ros/humble/include/rclcpp/rclcpp/rclcpp.hpp:153[m[K,
[3.217s]                  from [01m[K/home/newman/vrx_ws/src/mission_windwatch/src/sensors/src/camera_processing_node.cpp:4[m[K:
[3.217s] [01m[K/usr/include/c++/11/bits/shared_ptr.h:875:5:[m[K [01;36m[Knote: [m[Kcandidate: ‘[01m[Ktemplate<class _Tp, class ... _Args> std::shared_ptr<_Tp> std::make_shared(_Args&& ...)[m[K’
[3.217s]   875 |     [01;36m[Kmake_shared[m[K(_Args&&... __args)
[3.217s]       |     [01;36m[K^~~~~~~~~~~[m[K
[3.217s] [01m[K/usr/include/c++/11/bits/shared_ptr.h:875:5:[m[K [01;36m[Knote: [m[K  template argument deduction/substitution failed:
[3.217s] [01m[K/home/newman/vrx_ws/src/mission_windwatch/src/sensors/src/camera_processing_node.cpp:8:39:[m[K [01;31m[Kerror: [m[Ktemplate argument 1 is invalid
[3.218s]     8 |   auto node = [01;31m[Kstd::make_shared<MyNode>()[m[K;
[3.218s]       |               [01;31m[K~~~~~~~~~~~~~~~~~~~~~~~~^~[m[K
[3.329s] gmake[2]: *** [CMakeFiles/sensor_fusion_node.dir/build.make:76: CMakeFiles/sensor_fusion_node.dir/src/sensor_fusion_node.cpp.o] Error 1
[3.329s] gmake[1]: *** [CMakeFiles/Makefile2:141: CMakeFiles/sensor_fusion_node.dir/all] Error 2
[3.329s] gmake[1]: *** Waiting for unfinished jobs....
[3.592s] gmake[2]: *** [CMakeFiles/camera_processing_node.dir/build.make:76: CMakeFiles/camera_processing_node.dir/src/camera_processing_node.cpp.o] Error 1
[3.593s] gmake[1]: *** [CMakeFiles/Makefile2:167: CMakeFiles/camera_processing_node.dir/all] Error 2
[3.623s] [01m[K/home/newman/vrx_ws/src/mission_windwatch/src/sensors/src/tgt_pos_update_node.cpp:[m[K In function ‘[01m[Kint main(int, char**)[m[K’:
[3.623s] [01m[K/home/newman/vrx_ws/src/mission_windwatch/src/sensors/src/tgt_pos_update_node.cpp:8:32:[m[K [01;31m[Kerror: [m[K‘[01m[KMyNode[m[K’ was not declared in this scope; did you mean ‘[01m[Knode[m[K’?
[3.623s]     8 |   auto node = std::make_shared<[01;31m[KMyNode[m[K>();
[3.623s]       |                                [01;31m[K^~~~~~[m[K
[3.623s]       |                                [32m[Knode[m[K
[3.623s] [01m[K/home/newman/vrx_ws/src/mission_windwatch/src/sensors/src/tgt_pos_update_node.cpp:8:39:[m[K [01;31m[Kerror: [m[Kno matching function for call to ‘[01m[Kmake_shared<<expression error> >()[m[K’
[3.623s]     8 |   auto node = [01;31m[Kstd::make_shared<MyNode>()[m[K;
[3.623s]       |               [01;31m[K~~~~~~~~~~~~~~~~~~~~~~~~^~[m[K
[3.623s] In file included from [01m[K/usr/include/c++/11/memory:77[m[K,
[3.623s]                  from [01m[K/opt/ros/humble/include/rclcpp/rclcpp/rclcpp.hpp:153[m[K,
[3.623s]                  from [01m[K/home/newman/vrx_ws/src/mission_windwatch/src/sensors/src/tgt_pos_update_node.cpp:4[m[K:
[3.623s] [01m[K/usr/include/c++/11/bits/shared_ptr.h:875:5:[m[K [01;36m[Knote: [m[Kcandidate: ‘[01m[Ktemplate<class _Tp, class ... _Args> std::shared_ptr<_Tp> std::make_shared(_Args&& ...)[m[K’
[3.624s]   875 |     [01;36m[Kmake_shared[m[K(_Args&&... __args)
[3.624s]       |     [01;36m[K^~~~~~~~~~~[m[K
[3.624s] [01m[K/usr/include/c++/11/bits/shared_ptr.h:875:5:[m[K [01;36m[Knote: [m[K  template argument deduction/substitution failed:
[3.624s] [01m[K/home/newman/vrx_ws/src/mission_windwatch/src/sensors/src/tgt_pos_update_node.cpp:8:39:[m[K [01;31m[Kerror: [m[Ktemplate argument 1 is invalid
[3.624s]     8 |   auto node = [01;31m[Kstd::make_shared<MyNode>()[m[K;
[3.624s]       |               [01;31m[K~~~~~~~~~~~~~~~~~~~~~~~~^~[m[K
[3.957s] gmake[2]: *** [CMakeFiles/tgt_pos_update_node.dir/build.make:76: CMakeFiles/tgt_pos_update_node.dir/src/tgt_pos_update_node.cpp.o] Error 1
[3.957s] gmake[1]: *** [CMakeFiles/Makefile2:193: CMakeFiles/tgt_pos_update_node.dir/all] Error 2
[3.958s] gmake: *** [Makefile:146: all] Error 2
