[ 33%] Built target sensor_fusion_node
[ 66%] Built target camera_processing_node
[100%] Built target tgt_pos_update_node
-- Install configuration: ""
-- Up-to-date: /home/newman/vrx_ws/src/mission_windwatch/install/lib/sensors/sensor_fusion_node
-- Up-to-date: /home/newman/vrx_ws/src/mission_windwatch/install/lib/sensors/camera_processing_node
-- Up-to-date: /home/newman/vrx_ws/src/mission_windwatch/install/lib/sensors/tgt_pos_update_node
-- Up-to-date: /home/newman/vrx_ws/src/mission_windwatch/install/share/sensors/launch
-- Up-to-date: /home/newman/vrx_ws/src/mission_windwatch/install/share/sensors/launch/sensors_launch.py
-- Up-to-date: /home/newman/vrx_ws/src/mission_windwatch/install/share/sensors/config
-- Up-to-date: /home/newman/vrx_ws/src/mission_windwatch/install/share/ament_index/resource_index/package_run_dependencies/sensors
-- Up-to-date: /home/newman/vrx_ws/src/mission_windwatch/install/share/ament_index/resource_index/parent_prefix_path/sensors
-- Up-to-date: /home/newman/vrx_ws/src/mission_windwatch/install/share/sensors/environment/ament_prefix_path.sh
-- Up-to-date: /home/newman/vrx_ws/src/mission_windwatch/install/share/sensors/environment/ament_prefix_path.dsv
-- Up-to-date: /home/newman/vrx_ws/src/mission_windwatch/install/share/sensors/environment/path.sh
-- Up-to-date: /home/newman/vrx_ws/src/mission_windwatch/install/share/sensors/environment/path.dsv
-- Up-to-date: /home/newman/vrx_ws/src/mission_windwatch/install/share/sensors/local_setup.bash
-- Up-to-date: /home/newman/vrx_ws/src/mission_windwatch/install/share/sensors/local_setup.sh
-- Up-to-date: /home/newman/vrx_ws/src/mission_windwatch/install/share/sensors/local_setup.zsh
-- Up-to-date: /home/newman/vrx_ws/src/mission_windwatch/install/share/sensors/local_setup.dsv
-- Installing: /home/newman/vrx_ws/src/mission_windwatch/install/share/sensors/package.dsv
-- Up-to-date: /home/newman/vrx_ws/src/mission_windwatch/install/share/ament_index/resource_index/packages/sensors
-- Up-to-date: /home/newman/vrx_ws/src/mission_windwatch/install/share/sensors/cmake/sensorsConfig.cmake
-- Up-to-date: /home/newman/vrx_ws/src/mission_windwatch/install/share/sensors/cmake/sensorsConfig-version.cmake
-- Up-to-date: /home/newman/vrx_ws/src/mission_windwatch/install/share/sensors/package.xml
