[01m[K/home/newman/vrx_ws/src/mission_windwatch/src/sensors/src/sensor_fusion_node.cpp:2:10:[m[K [01;31m[Kfatal error: [m[Ksensors/sensor_fusion_node.hpp: No such file or directory
    2 | #include [01;31m[K"sensors/sensor_fusion_node.hpp"[m[K
      |          [01;31m[K^~~~~~~~~~~~~~~~~~~~~~~~~~~~~~~~[m[K
compilation terminated.
gmake[2]: *** [CMakeFiles/sensor_fusion_node.dir/build.make:76: CMakeFiles/sensor_fusion_node.dir/src/sensor_fusion_node.cpp.o] Error 1
[01m[K/home/newman/vrx_ws/src/mission_windwatch/src/sensors/src/camera_processing_node.cpp:2:10:[m[K [01;31m[Kfatal error: [m[Ksensors/camera_processing_node.hpp: No such file or directory
    2 | #include [01;31m[K"sensors/camera_processing_node.hpp"[m[K
      |          [01;31m[K^~~~~~~~~~~~~~~~~~~~~~~~~~~~~~~~~~~~[m[K
compilation terminated.
gmake[1]: *** [CMakeFiles/Makefile2:141: CMakeFiles/sensor_fusion_node.dir/all] Error 2
gmake[1]: *** Waiting for unfinished jobs....
gmake[2]: *** [CMakeFiles/camera_processing_node.dir/build.make:76: CMakeFiles/camera_processing_node.dir/src/camera_processing_node.cpp.o] Error 1
gmake[1]: *** [CMakeFiles/Makefile2:167: CMakeFiles/camera_processing_node.dir/all] Error 2
[01m[K/home/newman/vrx_ws/src/mission_windwatch/src/sensors/src/tgt_pos_update_node.cpp:2:10:[m[K [01;31m[Kfatal error: [m[Ksensors/tgt_pos_update_node.hpp: No such file or directory
    2 | #include [01;31m[K"sensors/tgt_pos_update_node.hpp"[m[K
      |          [01;31m[K^~~~~~~~~~~~~~~~~~~~~~~~~~~~~~~~~[m[K
compilation terminated.
gmake[2]: *** [CMakeFiles/tgt_pos_update_node.dir/build.make:76: CMakeFiles/tgt_pos_update_node.dir/src/tgt_pos_update_node.cpp.o] Error 1
gmake[1]: *** [CMakeFiles/Makefile2:193: CMakeFiles/tgt_pos_update_node.dir/all] Error 2
gmake: *** [Makefile:146: all] Error 2
