[0.042s] Invoking command in '/home/newman/vrx_ws/src/mission_windwatch/build/vrx_gz': CMAKE_PREFIX_PATH=${CMAKE_PREFIX_PATH}:/opt/ros/humble /usr/bin/cmake --build /home/newman/vrx_ws/src/mission_windwatch/build/vrx_gz -- -j9 -l9
[0.136s] [  4%] Built target Waves
[0.147s] [  8%] Built target ScoringPlugin
[0.148s] [  8%] Built target ament_cmake_python_copy_vrx_gz
[0.211s] [ 14%] Built target WayfindingScoringPlugin
[0.211s] [ 20%] Built target AcousticTrackingScoringPlugin
[0.211s] [ 27%] Built target StationkeepingScoringPlugin
[0.211s] [ 31%] Built target AcousticPingerPlugin
[0.214s] [ 39%] Built target LightBuoyPlugin
[0.214s] [ 39%] Built target BallShooterPlugin
[0.234s] [ 43%] Built target NavigationScoringPlugin
[0.235s] [ 50%] Built target AcousticPerceptionScoringPlugin
[0.241s] [ 58%] Built target PolyhedraBuoyancyDrag
[0.261s] [ 62%] Built target GymkhanaScoringPlugin
[0.261s] [ 66%] Built target PerceptionScoringPlugin
[0.268s] [ 70%] Built target PlacardPlugin
[0.284s] [ 75%] Built target ScanDockScoringPlugin
[0.301s] [ 79%] Built target PublisherPlugin
[0.301s] [ 83%] Built target SimpleHydrodynamics
[0.301s] [ 87%] Built target Surface
[0.301s] [ 91%] Built target USVWind
[0.310s] [ 95%] Built target WildlifeScoringPlugin
[0.310s] [100%] Built target WaveVisual
[0.705s] running egg_info
[0.714s] writing vrx_gz.egg-info/PKG-INFO
[0.714s] writing dependency_links to vrx_gz.egg-info/dependency_links.txt
[0.714s] writing top-level names to vrx_gz.egg-info/top_level.txt
[0.714s] reading manifest file 'vrx_gz.egg-info/SOURCES.txt'
[0.714s] writing manifest file 'vrx_gz.egg-info/SOURCES.txt'
[0.779s] [100%] Built target ament_cmake_python_build_vrx_gz_egg
[0.801s] Invoked command in '/home/newman/vrx_ws/src/mission_windwatch/build/vrx_gz' returned '0': CMAKE_PREFIX_PATH=${CMAKE_PREFIX_PATH}:/opt/ros/humble /usr/bin/cmake --build /home/newman/vrx_ws/src/mission_windwatch/build/vrx_gz -- -j9 -l9
[1.027s] Invoking command in '/home/newman/vrx_ws/src/mission_windwatch/build/vrx_gz': CMAKE_PREFIX_PATH=${CMAKE_PREFIX_PATH}:/opt/ros/humble /usr/bin/cmake --install /home/newman/vrx_ws/src/mission_windwatch/build/vrx_gz
[1.038s] -- Install configuration: ""
[1.038s] -- Up-to-date: /home/newman/vrx_ws/src/mission_windwatch/install/share/vrx_gz/environment/resource_paths.dsv
[1.038s] -- Up-to-date: /home/newman/vrx_ws/src/mission_windwatch/install/share/vrx_gz/environment/resource_paths.sh
[1.039s] -- Up-to-date: /home/newman/vrx_ws/src/mission_windwatch/install/lib/libWaves.so
[1.039s] -- Up-to-date: /home/newman/vrx_ws/src/mission_windwatch/install/lib/libPolyhedraBuoyancyDrag.so
[1.039s] -- Up-to-date: /home/newman/vrx_ws/src/mission_windwatch/install/lib/libScoringPlugin.so
[1.039s] -- Up-to-date: /home/newman/vrx_ws/src/mission_windwatch/install/lib/libStationkeepingScoringPlugin.so
[1.039s] -- Up-to-date: /home/newman/vrx_ws/src/mission_windwatch/install/lib/libWayfindingScoringPlugin.so
[1.040s] -- Up-to-date: /home/newman/vrx_ws/src/mission_windwatch/install/lib/libAcousticPerceptionScoringPlugin.so
[1.041s] -- Up-to-date: /home/newman/vrx_ws/src/mission_windwatch/install/lib/libAcousticTrackingScoringPlugin.so
[1.041s] -- Up-to-date: /home/newman/vrx_ws/src/mission_windwatch/install/lib/libAcousticPingerPlugin.so
[1.045s] -- Up-to-date: /home/newman/vrx_ws/src/mission_windwatch/install/lib/libBallShooterPlugin.so
[1.045s] -- Up-to-date: /home/newman/vrx_ws/src/mission_windwatch/install/lib/libLightBuoyPlugin.so
[1.045s] -- Up-to-date: /home/newman/vrx_ws/src/mission_windwatch/install/lib/libNavigationScoringPlugin.so
[1.045s] -- Up-to-date: /home/newman/vrx_ws/src/mission_windwatch/install/lib/libGymkhanaScoringPlugin.so
[1.045s] -- Up-to-date: /home/newman/vrx_ws/src/mission_windwatch/install/lib/libPerceptionScoringPlugin.so
[1.046s] -- Up-to-date: /home/newman/vrx_ws/src/mission_windwatch/install/lib/libPlacardPlugin.so
[1.046s] -- Up-to-date: /home/newman/vrx_ws/src/mission_windwatch/install/lib/libPublisherPlugin.so
[1.046s] -- Up-to-date: /home/newman/vrx_ws/src/mission_windwatch/install/lib/libScanDockScoringPlugin.so
[1.046s] -- Up-to-date: /home/newman/vrx_ws/src/mission_windwatch/install/lib/libSimpleHydrodynamics.so
[1.046s] -- Up-to-date: /home/newman/vrx_ws/src/mission_windwatch/install/lib/libSurface.so
[1.046s] -- Up-to-date: /home/newman/vrx_ws/src/mission_windwatch/install/lib/libUSVWind.so
[1.046s] -- Up-to-date: /home/newman/vrx_ws/src/mission_windwatch/install/lib/libWaveVisual.so
[1.046s] -- Up-to-date: /home/newman/vrx_ws/src/mission_windwatch/install/lib/libWildlifeScoringPlugin.so
[1.046s] -- Up-to-date: /home/newman/vrx_ws/src/mission_windwatch/install/share/vrx_gz/environment/pythonpath.sh
[1.047s] -- Up-to-date: /home/newman/vrx_ws/src/mission_windwatch/install/share/vrx_gz/environment/pythonpath.dsv
[1.047s] -- Up-to-date: /home/newman/vrx_ws/src/mission_windwatch/install/local/lib/python3.10/dist-packages/vrx_gz-0.0.0-py3.10.egg-info
[1.047s] -- Installing: /home/newman/vrx_ws/src/mission_windwatch/install/local/lib/python3.10/dist-packages/vrx_gz-0.0.0-py3.10.egg-info/SOURCES.txt
[1.047s] -- Installing: /home/newman/vrx_ws/src/mission_windwatch/install/local/lib/python3.10/dist-packages/vrx_gz-0.0.0-py3.10.egg-info/dependency_links.txt
[1.047s] -- Installing: /home/newman/vrx_ws/src/mission_windwatch/install/local/lib/python3.10/dist-packages/vrx_gz-0.0.0-py3.10.egg-info/PKG-INFO
[1.049s] -- Installing: /home/newman/vrx_ws/src/mission_windwatch/install/local/lib/python3.10/dist-packages/vrx_gz-0.0.0-py3.10.egg-info/top_level.txt
[1.049s] -- Up-to-date: /home/newman/vrx_ws/src/mission_windwatch/install/local/lib/python3.10/dist-packages/vrx_gz
[1.049s] -- Up-to-date: /home/newman/vrx_ws/src/mission_windwatch/install/local/lib/python3.10/dist-packages/vrx_gz/payload_bridges.py
[1.049s] -- Up-to-date: /home/newman/vrx_ws/src/mission_windwatch/install/local/lib/python3.10/dist-packages/vrx_gz/model.py
[1.049s] -- Up-to-date: /home/newman/vrx_ws/src/mission_windwatch/install/local/lib/python3.10/dist-packages/vrx_gz/bridges.py
[1.049s] -- Up-to-date: /home/newman/vrx_ws/src/mission_windwatch/install/local/lib/python3.10/dist-packages/vrx_gz/bridge.py
[1.049s] -- Up-to-date: /home/newman/vrx_ws/src/mission_windwatch/install/local/lib/python3.10/dist-packages/vrx_gz/launch.py
[1.049s] -- Up-to-date: /home/newman/vrx_ws/src/mission_windwatch/install/local/lib/python3.10/dist-packages/vrx_gz/__init__.py
[1.116s] Listing '/home/newman/vrx_ws/src/mission_windwatch/install/local/lib/python3.10/dist-packages/vrx_gz'...
[1.116s] -- Up-to-date: /home/newman/vrx_ws/src/mission_windwatch/install/share/vrx_gz/config
[1.116s] -- Up-to-date: /home/newman/vrx_ws/src/mission_windwatch/install/share/vrx_gz/config/wamv.yaml
[1.116s] -- Up-to-date: /home/newman/vrx_ws/src/mission_windwatch/install/share/vrx_gz/config/roboboat.yaml
[1.116s] -- Up-to-date: /home/newman/vrx_ws/src/mission_windwatch/install/share/vrx_gz/launch
[1.116s] -- Up-to-date: /home/newman/vrx_ws/src/mission_windwatch/install/share/vrx_gz/launch/competition.launch.py
[1.116s] -- Up-to-date: /home/newman/vrx_ws/src/mission_windwatch/install/share/vrx_gz/launch/spawn.launch.py
[1.116s] -- Up-to-date: /home/newman/vrx_ws/src/mission_windwatch/install/share/vrx_gz/launch/spawn_config.launch.py
[1.116s] -- Up-to-date: /home/newman/vrx_ws/src/mission_windwatch/install/share/vrx_gz/launch/vrx_environment.launch.py
[1.116s] -- Up-to-date: /home/newman/vrx_ws/src/mission_windwatch/install/share/vrx_gz/launch/usv_joy_teleop.py
[1.116s] -- Up-to-date: /home/newman/vrx_ws/src/mission_windwatch/install/share/vrx_gz/models
[1.117s] -- Up-to-date: /home/newman/vrx_ws/src/mission_windwatch/install/share/vrx_gz/models/robotx_light_buoy_rgb
[1.117s] -- Up-to-date: /home/newman/vrx_ws/src/mission_windwatch/install/share/vrx_gz/models/robotx_light_buoy_rgb/model.config
[1.117s] -- Up-to-date: /home/newman/vrx_ws/src/mission_windwatch/install/share/vrx_gz/models/robotx_light_buoy_rgb/model.sdf
[1.117s] -- Up-to-date: /home/newman/vrx_ws/src/mission_windwatch/install/share/vrx_gz/models/robotx_light_buoy_rgb/mesh
[1.117s] -- Up-to-date: /home/newman/vrx_ws/src/mission_windwatch/install/share/vrx_gz/models/robotx_light_buoy_rgb/mesh/LightTower_Normal.png
[1.117s] -- Up-to-date: /home/newman/vrx_ws/src/mission_windwatch/install/share/vrx_gz/models/robotx_light_buoy_rgb/mesh/LightTower_Albedo.png
[1.117s] -- Up-to-date: /home/newman/vrx_ws/src/mission_windwatch/install/share/vrx_gz/models/robotx_light_buoy_rgb/mesh/LightTower_Metalness.png
[1.117s] -- Up-to-date: /home/newman/vrx_ws/src/mission_windwatch/install/share/vrx_gz/models/robotx_light_buoy_rgb/mesh/LightTower_Roughness.png
[1.117s] -- Up-to-date: /home/newman/vrx_ws/src/mission_windwatch/install/share/vrx_gz/models/robotx_light_buoy_rgb/mesh/LightTower_Opacity.png
[1.117s] -- Up-to-date: /home/newman/vrx_ws/src/mission_windwatch/install/share/vrx_gz/models/robotx_light_buoy_rgb/mesh/robotx_light_buoy.dae
[1.117s] -- Up-to-date: /home/newman/vrx_ws/src/mission_windwatch/install/share/vrx_gz/models/robotx_light_buoy_ygb
[1.117s] -- Up-to-date: /home/newman/vrx_ws/src/mission_windwatch/install/share/vrx_gz/models/robotx_light_buoy_ygb/model.config
[1.117s] -- Up-to-date: /home/newman/vrx_ws/src/mission_windwatch/install/share/vrx_gz/models/robotx_light_buoy_ygb/model.sdf
[1.117s] -- Up-to-date: /home/newman/vrx_ws/src/mission_windwatch/install/share/vrx_gz/models/short_navigation_course_2
[1.117s] -- Up-to-date: /home/newman/vrx_ws/src/mission_windwatch/install/share/vrx_gz/models/short_navigation_course_2/model.config
[1.117s] -- Up-to-date: /home/newman/vrx_ws/src/mission_windwatch/install/share/vrx_gz/models/short_navigation_course_2/model.sdf
[1.117s] -- Up-to-date: /home/newman/vrx_ws/src/mission_windwatch/install/share/vrx_gz/models/roboboat01
[1.117s] -- Up-to-date: /home/newman/vrx_ws/src/mission_windwatch/install/share/vrx_gz/models/roboboat01/materials
[1.117s] -- Up-to-date: /home/newman/vrx_ws/src/mission_windwatch/install/share/vrx_gz/models/roboboat01/materials/textures
[1.117s] -- Up-to-date: /home/newman/vrx_ws/src/mission_windwatch/install/share/vrx_gz/models/roboboat01/materials/textures/Boat01_Metallic.png
[1.117s] -- Up-to-date: /home/newman/vrx_ws/src/mission_windwatch/install/share/vrx_gz/models/roboboat01/materials/textures/Thruster_Albedo.png
[1.117s] -- Up-to-date: /home/newman/vrx_ws/src/mission_windwatch/install/share/vrx_gz/models/roboboat01/materials/textures/Boat01_Roughness.png
[1.117s] -- Up-to-date: /home/newman/vrx_ws/src/mission_windwatch/install/share/vrx_gz/models/roboboat01/materials/textures/Boat01_Albedo.png
[1.117s] -- Up-to-date: /home/newman/vrx_ws/src/mission_windwatch/install/share/vrx_gz/models/roboboat01/materials/textures/Boat01_Normal.png
[1.118s] -- Up-to-date: /home/newman/vrx_ws/src/mission_windwatch/install/share/vrx_gz/models/roboboat01/materials/textures/Thruster_Roughness.png
[1.118s] -- Up-to-date: /home/newman/vrx_ws/src/mission_windwatch/install/share/vrx_gz/models/roboboat01/materials/scripts
[1.118s] -- Up-to-date: /home/newman/vrx_ws/src/mission_windwatch/install/share/vrx_gz/models/roboboat01/materials/scripts/model.material
[1.118s] -- Up-to-date: /home/newman/vrx_ws/src/mission_windwatch/install/share/vrx_gz/models/roboboat01/model.config
[1.118s] -- Up-to-date: /home/newman/vrx_ws/src/mission_windwatch/install/share/vrx_gz/models/roboboat01/meshes
[1.118s] -- Up-to-date: /home/newman/vrx_ws/src/mission_windwatch/install/share/vrx_gz/models/roboboat01/meshes/roboboat01.dae
[1.118s] -- Up-to-date: /home/newman/vrx_ws/src/mission_windwatch/install/share/vrx_gz/models/roboboat01/meshes/prop.dae
[1.118s] -- Up-to-date: /home/newman/vrx_ws/src/mission_windwatch/install/share/vrx_gz/models/roboboat01/meshes/mount.dae
[1.122s] -- Up-to-date: /home/newman/vrx_ws/src/mission_windwatch/install/share/vrx_gz/models/roboboat01/meshes/housing.dae
[1.122s] -- Up-to-date: /home/newman/vrx_ws/src/mission_windwatch/install/share/vrx_gz/models/roboboat01/model.sdf
[1.122s] -- Up-to-date: /home/newman/vrx_ws/src/mission_windwatch/install/share/vrx_gz/models/dock_2022_base
[1.122s] -- Up-to-date: /home/newman/vrx_ws/src/mission_windwatch/install/share/vrx_gz/models/dock_2022_base/model.config
[1.122s] -- Up-to-date: /home/newman/vrx_ws/src/mission_windwatch/install/share/vrx_gz/models/dock_2022_base/model.sdf
[1.122s] -- Up-to-date: /home/newman/vrx_ws/src/mission_windwatch/install/share/vrx_gz/models/roboboat_cpubox
[1.122s] -- Up-to-date: /home/newman/vrx_ws/src/mission_windwatch/install/share/vrx_gz/models/roboboat_cpubox/materials
[1.122s] -- Up-to-date: /home/newman/vrx_ws/src/mission_windwatch/install/share/vrx_gz/models/roboboat_cpubox/materials/textures
[1.123s] -- Up-to-date: /home/newman/vrx_ws/src/mission_windwatch/install/share/vrx_gz/models/roboboat_cpubox/materials/textures/DryBox_Roughness.png
[1.123s] -- Up-to-date: /home/newman/vrx_ws/src/mission_windwatch/install/share/vrx_gz/models/roboboat_cpubox/materials/textures/DryBox_Albedo.png
[1.123s] -- Up-to-date: /home/newman/vrx_ws/src/mission_windwatch/install/share/vrx_gz/models/roboboat_cpubox/model.config
[1.123s] -- Up-to-date: /home/newman/vrx_ws/src/mission_windwatch/install/share/vrx_gz/models/roboboat_cpubox/meshes
[1.123s] -- Up-to-date: /home/newman/vrx_ws/src/mission_windwatch/install/share/vrx_gz/models/roboboat_cpubox/meshes/drybox.dae
[1.123s] -- Up-to-date: /home/newman/vrx_ws/src/mission_windwatch/install/share/vrx_gz/models/roboboat_cpubox/model.sdf
[1.123s] -- Up-to-date: /home/newman/vrx_ws/src/mission_windwatch/install/share/vrx_gz/models/robotx_light_buoy_bgy
[1.123s] -- Up-to-date: /home/newman/vrx_ws/src/mission_windwatch/install/share/vrx_gz/models/robotx_light_buoy_bgy/model.config
[1.123s] -- Up-to-date: /home/newman/vrx_ws/src/mission_windwatch/install/share/vrx_gz/models/robotx_light_buoy_bgy/model.sdf
[1.123s] -- Up-to-date: /home/newman/vrx_ws/src/mission_windwatch/install/share/vrx_gz/models/symbol_triangle
[1.124s] -- Up-to-date: /home/newman/vrx_ws/src/mission_windwatch/install/share/vrx_gz/models/symbol_triangle/model.config
[1.124s] -- Up-to-date: /home/newman/vrx_ws/src/mission_windwatch/install/share/vrx_gz/models/symbol_triangle/model.sdf
[1.124s] -- Up-to-date: /home/newman/vrx_ws/src/mission_windwatch/install/share/vrx_gz/models/symbol_triangle/mesh
[1.124s] -- Up-to-date: /home/newman/vrx_ws/src/mission_windwatch/install/share/vrx_gz/models/symbol_triangle/mesh/triangle.dae
[1.125s] -- Up-to-date: /home/newman/vrx_ws/src/mission_windwatch/install/share/vrx_gz/models/short_course_2023_phase3_1
[1.125s] -- Up-to-date: /home/newman/vrx_ws/src/mission_windwatch/install/share/vrx_gz/models/short_course_2023_phase3_1/model.config
[1.125s] -- Up-to-date: /home/newman/vrx_ws/src/mission_windwatch/install/share/vrx_gz/models/short_course_2023_phase3_1/model.sdf
[1.125s] -- Up-to-date: /home/newman/vrx_ws/src/mission_windwatch/install/share/vrx_gz/models/short_navigation_course_3
[1.125s] -- Up-to-date: /home/newman/vrx_ws/src/mission_windwatch/install/share/vrx_gz/models/short_navigation_course_3/model.config
[1.125s] -- Up-to-date: /home/newman/vrx_ws/src/mission_windwatch/install/share/vrx_gz/models/short_navigation_course_3/model.sdf
[1.125s] -- Up-to-date: /home/newman/vrx_ws/src/mission_windwatch/install/share/vrx_gz/models/robotx_light_buoy_yrg
[1.125s] -- Up-to-date: /home/newman/vrx_ws/src/mission_windwatch/install/share/vrx_gz/models/robotx_light_buoy_yrg/model.config
[1.125s] -- Up-to-date: /home/newman/vrx_ws/src/mission_windwatch/install/share/vrx_gz/models/robotx_light_buoy_yrg/model.sdf
[1.125s] -- Up-to-date: /home/newman/vrx_ws/src/mission_windwatch/install/share/vrx_gz/models/short_navigation_course_4
[1.126s] -- Up-to-date: /home/newman/vrx_ws/src/mission_windwatch/install/share/vrx_gz/models/short_navigation_course_4/model.config
[1.126s] -- Up-to-date: /home/newman/vrx_ws/src/mission_windwatch/install/share/vrx_gz/models/short_navigation_course_4/model.sdf
[1.126s] -- Up-to-date: /home/newman/vrx_ws/src/mission_windwatch/install/share/vrx_gz/models/dock_2022
[1.126s] -- Up-to-date: /home/newman/vrx_ws/src/mission_windwatch/install/share/vrx_gz/models/dock_2022/model.config
[1.126s] -- Up-to-date: /home/newman/vrx_ws/src/mission_windwatch/install/share/vrx_gz/models/dock_2022/model.sdf
[1.126s] -- Up-to-date: /home/newman/vrx_ws/src/mission_windwatch/install/share/vrx_gz/models/dock_block_4x4
[1.126s] -- Up-to-date: /home/newman/vrx_ws/src/mission_windwatch/install/share/vrx_gz/models/dock_block_4x4/model.config
[1.126s] -- Up-to-date: /home/newman/vrx_ws/src/mission_windwatch/install/share/vrx_gz/models/dock_block_4x4/model.sdf
[1.126s] -- Up-to-date: /home/newman/vrx_ws/src/mission_windwatch/install/share/vrx_gz/models/dock_block_4x4/mesh
[1.126s] -- Up-to-date: /home/newman/vrx_ws/src/mission_windwatch/install/share/vrx_gz/models/dock_block_4x4/mesh/DockCubes_Albedo.png
[1.126s] -- Up-to-date: /home/newman/vrx_ws/src/mission_windwatch/install/share/vrx_gz/models/dock_block_4x4/mesh/dock_block_4x4.dae
[1.126s] -- Up-to-date: /home/newman/vrx_ws/src/mission_windwatch/install/share/vrx_gz/models/dock_block_4x4/mesh/DockCubes_Normal.png
[1.126s] -- Up-to-date: /home/newman/vrx_ws/src/mission_windwatch/install/share/vrx_gz/models/dock_block_4x4/mesh/DockCubes_Roughness.png
[1.126s] -- Up-to-date: /home/newman/vrx_ws/src/mission_windwatch/install/share/vrx_gz/models/dock_block_4x4/mesh/DockCubes_Metalness.png
[1.126s] -- Up-to-date: /home/newman/vrx_ws/src/mission_windwatch/install/share/vrx_gz/models/short_navigation_course_5
[1.126s] -- Up-to-date: /home/newman/vrx_ws/src/mission_windwatch/install/share/vrx_gz/models/short_navigation_course_5/model.config
[1.126s] -- Up-to-date: /home/newman/vrx_ws/src/mission_windwatch/install/share/vrx_gz/models/short_navigation_course_5/model.sdf
[1.126s] -- Up-to-date: /home/newman/vrx_ws/src/mission_windwatch/install/share/vrx_gz/models/robotx_light_buoy_rgy
[1.126s] -- Up-to-date: /home/newman/vrx_ws/src/mission_windwatch/install/share/vrx_gz/models/robotx_light_buoy_rgy/model.config
[1.126s] -- Up-to-date: /home/newman/vrx_ws/src/mission_windwatch/install/share/vrx_gz/models/robotx_light_buoy_rgy/model.sdf
[1.127s] -- Up-to-date: /home/newman/vrx_ws/src/mission_windwatch/install/share/vrx_gz/models/short_course_2023_phase3_2
[1.127s] -- Up-to-date: /home/newman/vrx_ws/src/mission_windwatch/install/share/vrx_gz/models/short_course_2023_phase3_2/model.config
[1.127s] -- Up-to-date: /home/newman/vrx_ws/src/mission_windwatch/install/share/vrx_gz/models/short_course_2023_phase3_2/model.sdf
[1.127s] -- Up-to-date: /home/newman/vrx_ws/src/mission_windwatch/install/share/vrx_gz/models/articulated_platform
[1.127s] -- Up-to-date: /home/newman/vrx_ws/src/mission_windwatch/install/share/vrx_gz/models/articulated_platform/model.config
[1.127s] -- Up-to-date: /home/newman/vrx_ws/src/mission_windwatch/install/share/vrx_gz/models/articulated_platform/model.sdf
[1.127s] -- Up-to-date: /home/newman/vrx_ws/src/mission_windwatch/install/share/vrx_gz/models/short_navigation_course_1
[1.127s] -- Up-to-date: /home/newman/vrx_ws/src/mission_windwatch/install/share/vrx_gz/models/short_navigation_course_1/model.config
[1.127s] -- Up-to-date: /home/newman/vrx_ws/src/mission_windwatch/install/share/vrx_gz/models/short_navigation_course_1/model.sdf
[1.127s] -- Up-to-date: /home/newman/vrx_ws/src/mission_windwatch/install/share/vrx_gz/models/obstacle_course
[1.127s] -- Up-to-date: /home/newman/vrx_ws/src/mission_windwatch/install/share/vrx_gz/models/obstacle_course/model.config
[1.127s] -- Up-to-date: /home/newman/vrx_ws/src/mission_windwatch/install/share/vrx_gz/models/obstacle_course/model.sdf
[1.127s] -- Up-to-date: /home/newman/vrx_ws/src/mission_windwatch/install/share/vrx_gz/models/robotx_light_buoy_gbr
[1.127s] -- Up-to-date: /home/newman/vrx_ws/src/mission_windwatch/install/share/vrx_gz/models/robotx_light_buoy_gbr/model.config
[1.130s] -- Up-to-date: /home/newman/vrx_ws/src/mission_windwatch/install/share/vrx_gz/models/robotx_light_buoy_gbr/model.sdf
[1.130s] -- Up-to-date: /home/newman/vrx_ws/src/mission_windwatch/install/share/vrx_gz/models/coast_waves
[1.130s] -- Up-to-date: /home/newman/vrx_ws/src/mission_windwatch/install/share/vrx_gz/models/coast_waves/materials
[1.130s] -- Up-to-date: /home/newman/vrx_ws/src/mission_windwatch/install/share/vrx_gz/models/coast_waves/materials/programs
[1.130s] -- Up-to-date: /home/newman/vrx_ws/src/mission_windwatch/install/share/vrx_gz/models/coast_waves/materials/programs/GerstnerWaves_fs_330.glsl
[1.130s] -- Up-to-date: /home/newman/vrx_ws/src/mission_windwatch/install/share/vrx_gz/models/coast_waves/materials/programs/GerstnerWaves_vs_330.glsl
[1.130s] -- Up-to-date: /home/newman/vrx_ws/src/mission_windwatch/install/share/vrx_gz/models/coast_waves/materials/textures
[1.130s] -- Up-to-date: /home/newman/vrx_ws/src/mission_windwatch/install/share/vrx_gz/models/coast_waves/materials/textures/skybox_lowres.dds
[1.130s] -- Up-to-date: /home/newman/vrx_ws/src/mission_windwatch/install/share/vrx_gz/models/coast_waves/materials/textures/wave_normals.dds
[1.130s] -- Up-to-date: /home/newman/vrx_ws/src/mission_windwatch/install/share/vrx_gz/models/coast_waves/model.config
[1.130s] -- Up-to-date: /home/newman/vrx_ws/src/mission_windwatch/install/share/vrx_gz/models/coast_waves/meshes
[1.130s] -- Up-to-date: /home/newman/vrx_ws/src/mission_windwatch/install/share/vrx_gz/models/coast_waves/meshes/waterlow.dae
[1.130s] -- Up-to-date: /home/newman/vrx_ws/src/mission_windwatch/install/share/vrx_gz/models/coast_waves/model.sdf
[1.131s] -- Up-to-date: /home/newman/vrx_ws/src/mission_windwatch/install/share/vrx_gz/models/robotx_light_buoy_ybr
[1.131s] -- Up-to-date: /home/newman/vrx_ws/src/mission_windwatch/install/share/vrx_gz/models/robotx_light_buoy_ybr/model.config
[1.131s] -- Up-to-date: /home/newman/vrx_ws/src/mission_windwatch/install/share/vrx_gz/models/robotx_light_buoy_ybr/model.sdf
[1.131s] -- Up-to-date: /home/newman/vrx_ws/src/mission_windwatch/install/share/vrx_gz/models/roboboat02
[1.131s] -- Up-to-date: /home/newman/vrx_ws/src/mission_windwatch/install/share/vrx_gz/models/roboboat02/materials
[1.131s] -- Up-to-date: /home/newman/vrx_ws/src/mission_windwatch/install/share/vrx_gz/models/roboboat02/materials/textures
[1.131s] -- Up-to-date: /home/newman/vrx_ws/src/mission_windwatch/install/share/vrx_gz/models/roboboat02/materials/textures/Boat02_Roughness.png
[1.131s] -- Up-to-date: /home/newman/vrx_ws/src/mission_windwatch/install/share/vrx_gz/models/roboboat02/materials/textures/Boat02_Normal.png
[1.131s] -- Up-to-date: /home/newman/vrx_ws/src/mission_windwatch/install/share/vrx_gz/models/roboboat02/materials/textures/Boat02_Metallic.png
[1.131s] -- Up-to-date: /home/newman/vrx_ws/src/mission_windwatch/install/share/vrx_gz/models/roboboat02/materials/textures/Boat02_Albedo.png
[1.131s] -- Up-to-date: /home/newman/vrx_ws/src/mission_windwatch/install/share/vrx_gz/models/roboboat02/materials/scripts
[1.131s] -- Up-to-date: /home/newman/vrx_ws/src/mission_windwatch/install/share/vrx_gz/models/roboboat02/materials/scripts/model.material
[1.131s] -- Up-to-date: /home/newman/vrx_ws/src/mission_windwatch/install/share/vrx_gz/models/roboboat02/model.config
[1.131s] -- Up-to-date: /home/newman/vrx_ws/src/mission_windwatch/install/share/vrx_gz/models/roboboat02/meshes
[1.131s] -- Up-to-date: /home/newman/vrx_ws/src/mission_windwatch/install/share/vrx_gz/models/roboboat02/meshes/roboboat02.dae
[1.131s] -- Up-to-date: /home/newman/vrx_ws/src/mission_windwatch/install/share/vrx_gz/models/roboboat02/model.sdf
[1.131s] -- Up-to-date: /home/newman/vrx_ws/src/mission_windwatch/install/share/vrx_gz/models/robotx_light_buoy_rbg
[1.131s] -- Up-to-date: /home/newman/vrx_ws/src/mission_windwatch/install/share/vrx_gz/models/robotx_light_buoy_rbg/model.config
[1.131s] -- Up-to-date: /home/newman/vrx_ws/src/mission_windwatch/install/share/vrx_gz/models/robotx_light_buoy_rbg/model.sdf
[1.132s] -- Up-to-date: /home/newman/vrx_ws/src/mission_windwatch/install/share/vrx_gz/models/short_navigation_course_0
[1.132s] -- Up-to-date: /home/newman/vrx_ws/src/mission_windwatch/install/share/vrx_gz/models/short_navigation_course_0/model.config
[1.132s] -- Up-to-date: /home/newman/vrx_ws/src/mission_windwatch/install/share/vrx_gz/models/short_navigation_course_0/model.sdf
[1.132s] -- Up-to-date: /home/newman/vrx_ws/src/mission_windwatch/install/share/vrx_gz/models/entrance_exit
[1.132s] -- Up-to-date: /home/newman/vrx_ws/src/mission_windwatch/install/share/vrx_gz/models/entrance_exit/model.config
[1.132s] -- Up-to-date: /home/newman/vrx_ws/src/mission_windwatch/install/share/vrx_gz/models/entrance_exit/model.sdf
[1.132s] -- Up-to-date: /home/newman/vrx_ws/src/mission_windwatch/install/share/vrx_gz/models/platform
[1.132s] -- Up-to-date: /home/newman/vrx_ws/src/mission_windwatch/install/share/vrx_gz/models/platform/model.config
[1.132s] -- Up-to-date: /home/newman/vrx_ws/src/mission_windwatch/install/share/vrx_gz/models/platform/model.sdf
[1.132s] -- Up-to-date: /home/newman/vrx_ws/src/mission_windwatch/install/share/vrx_gz/models/placard_2022
[1.132s] -- Up-to-date: /home/newman/vrx_ws/src/mission_windwatch/install/share/vrx_gz/models/placard_2022/materials
[1.132s] -- Up-to-date: /home/newman/vrx_ws/src/mission_windwatch/install/share/vrx_gz/models/placard_2022/materials/textures
[1.132s] -- Up-to-date: /home/newman/vrx_ws/src/mission_windwatch/install/share/vrx_gz/models/placard_2022/materials/textures/Placard.png
[1.132s] -- Up-to-date: /home/newman/vrx_ws/src/mission_windwatch/install/share/vrx_gz/models/placard_2022/model.config
[1.132s] -- Up-to-date: /home/newman/vrx_ws/src/mission_windwatch/install/share/vrx_gz/models/placard_2022/meshes
[1.132s] -- Up-to-date: /home/newman/vrx_ws/src/mission_windwatch/install/share/vrx_gz/models/placard_2022/meshes/placard_2022.dae
[1.132s] -- Up-to-date: /home/newman/vrx_ws/src/mission_windwatch/install/share/vrx_gz/models/placard_2022/model.sdf
[1.132s] -- Up-to-date: /home/newman/vrx_ws/src/mission_windwatch/install/share/vrx_gz/models/robotx_light_buoy_bgr
[1.132s] -- Up-to-date: /home/newman/vrx_ws/src/mission_windwatch/install/share/vrx_gz/models/robotx_light_buoy_bgr/model.config
[1.132s] -- Up-to-date: /home/newman/vrx_ws/src/mission_windwatch/install/share/vrx_gz/models/robotx_light_buoy_bgr/model.sdf
[1.132s] -- Up-to-date: /home/newman/vrx_ws/src/mission_windwatch/install/share/vrx_gz/worlds
[1.133s] -- Up-to-date: /home/newman/vrx_ws/src/mission_windwatch/install/share/vrx_gz/worlds/follow_path_task.sdf
[1.133s] -- Up-to-date: /home/newman/vrx_ws/src/mission_windwatch/install/share/vrx_gz/worlds/2023_practice
[1.133s] -- Up-to-date: /home/newman/vrx_ws/src/mission_windwatch/install/share/vrx_gz/worlds/2023_practice/practice_2023_acoustic_perception1_task.sdf
[1.133s] -- Up-to-date: /home/newman/vrx_ws/src/mission_windwatch/install/share/vrx_gz/worlds/2023_practice/practice_2023_wayfinding2_task.sdf
[1.133s] -- Up-to-date: /home/newman/vrx_ws/src/mission_windwatch/install/share/vrx_gz/worlds/2023_practice/practice_2023_acoustic_perception2_task.sdf
[1.133s] -- Up-to-date: /home/newman/vrx_ws/src/mission_windwatch/install/share/vrx_gz/worlds/2023_practice/practice_2023_wildlife2_task.sdf
[1.133s] -- Up-to-date: /home/newman/vrx_ws/src/mission_windwatch/install/share/vrx_gz/worlds/2023_practice/practice_2023_follow_path2_task.sdf
[1.133s] -- Up-to-date: /home/newman/vrx_ws/src/mission_windwatch/install/share/vrx_gz/worlds/2023_practice/practice_2023_acoustic_tracking0_task.sdf
[1.133s] -- Up-to-date: /home/newman/vrx_ws/src/mission_windwatch/install/share/vrx_gz/worlds/2023_practice/practice_2023_stationkeeping2_task.sdf
[1.133s] -- Up-to-date: /home/newman/vrx_ws/src/mission_windwatch/install/share/vrx_gz/worlds/2023_practice/practice_2023_wayfinding1_task.sdf
[1.133s] -- Up-to-date: /home/newman/vrx_ws/src/mission_windwatch/install/share/vrx_gz/worlds/2023_practice/practice_2023_wayfinding0_task.sdf
[1.133s] -- Up-to-date: /home/newman/vrx_ws/src/mission_windwatch/install/share/vrx_gz/worlds/2023_practice/practice_2023_perception1_task.sdf
[1.133s] -- Up-to-date: /home/newman/vrx_ws/src/mission_windwatch/install/share/vrx_gz/worlds/2023_practice/practice_2023_follow_path1_task.sdf
[1.133s] -- Up-to-date: /home/newman/vrx_ws/src/mission_windwatch/install/share/vrx_gz/worlds/2023_practice/practice_2023_follow_path0_task.sdf
[1.133s] -- Up-to-date: /home/newman/vrx_ws/src/mission_windwatch/install/share/vrx_gz/worlds/2023_practice/practice_2023_scan_dock_deliver0_task.sdf
[1.133s] -- Up-to-date: /home/newman/vrx_ws/src/mission_windwatch/install/share/vrx_gz/worlds/2023_practice/practice_2023_perception0_task.sdf
[1.133s] -- Up-to-date: /home/newman/vrx_ws/src/mission_windwatch/install/share/vrx_gz/worlds/2023_practice/practice_2023_perception2_task.sdf
[1.133s] -- Up-to-date: /home/newman/vrx_ws/src/mission_windwatch/install/share/vrx_gz/worlds/2023_practice/practice_2023_stationkeeping1_task.sdf
[1.133s] -- Up-to-date: /home/newman/vrx_ws/src/mission_windwatch/install/share/vrx_gz/worlds/2023_practice/practice_2023_scan_dock_deliver1_task.sdf
[1.133s] -- Up-to-date: /home/newman/vrx_ws/src/mission_windwatch/install/share/vrx_gz/worlds/2023_practice/practice_2023_acoustic_tracking2_task.sdf
[1.133s] -- Up-to-date: /home/newman/vrx_ws/src/mission_windwatch/install/share/vrx_gz/worlds/2023_practice/practice_2023_stationkeeping0_task.sdf
[1.133s] -- Up-to-date: /home/newman/vrx_ws/src/mission_windwatch/install/share/vrx_gz/worlds/2023_practice/practice_2023_wildlife0_task.sdf
[1.133s] -- Up-to-date: /home/newman/vrx_ws/src/mission_windwatch/install/share/vrx_gz/worlds/2023_practice/practice_2023_scan_dock_deliver2_task.sdf
[1.133s] -- Up-to-date: /home/newman/vrx_ws/src/mission_windwatch/install/share/vrx_gz/worlds/2023_practice/practice_2023_acoustic_tracking1_task.sdf
[1.134s] -- Up-to-date: /home/newman/vrx_ws/src/mission_windwatch/install/share/vrx_gz/worlds/2023_practice/practice_2023_wildlife1_task.sdf
[1.134s] -- Up-to-date: /home/newman/vrx_ws/src/mission_windwatch/install/share/vrx_gz/worlds/2023_practice/practice_2023_acoustic_perception0_task.sdf
[1.134s] -- Up-to-date: /home/newman/vrx_ws/src/mission_windwatch/install/share/vrx_gz/worlds/stationkeeping_task.sdf
[1.134s] -- Up-to-date: /home/newman/vrx_ws/src/mission_windwatch/install/share/vrx_gz/worlds/acoustic_tracking_task.sdf
[1.134s] -- Up-to-date: /home/newman/vrx_ws/src/mission_windwatch/install/share/vrx_gz/worlds/perception_task.sdf
[1.134s] -- Up-to-date: /home/newman/vrx_ws/src/mission_windwatch/install/share/vrx_gz/worlds/wildlife_task.sdf
[1.134s] -- Up-to-date: /home/newman/vrx_ws/src/mission_windwatch/install/share/vrx_gz/worlds/acoustic_perception_task.sdf
[1.134s] -- Up-to-date: /home/newman/vrx_ws/src/mission_windwatch/install/share/vrx_gz/worlds/sydney_regatta.sdf
[1.138s] -- Up-to-date: /home/newman/vrx_ws/src/mission_windwatch/install/share/vrx_gz/worlds/scan_dock_deliver_task.sdf
[1.138s] -- Up-to-date: /home/newman/vrx_ws/src/mission_windwatch/install/share/vrx_gz/worlds/wayfinding_task.sdf
[1.138s] -- Up-to-date: /home/newman/vrx_ws/src/mission_windwatch/install/share/vrx_gz/worlds/gymkhana_task.sdf
[1.154s] -- Up-to-date: /home/newman/vrx_ws/src/mission_windwatch/install/share/vrx_gz/worlds/nbpark.sdf
[1.155s] -- Up-to-date: /home/newman/vrx_ws/src/mission_windwatch/install/share/vrx_gz/worlds/navigation_task.sdf
[1.155s] -- Up-to-date: /home/newman/vrx_ws/src/mission_windwatch/install/share/ament_index/resource_index/package_run_dependencies/vrx_gz
[1.156s] -- Up-to-date: /home/newman/vrx_ws/src/mission_windwatch/install/share/ament_index/resource_index/parent_prefix_path/vrx_gz
[1.156s] -- Up-to-date: /home/newman/vrx_ws/src/mission_windwatch/install/share/vrx_gz/environment/ament_prefix_path.sh
[1.156s] -- Up-to-date: /home/newman/vrx_ws/src/mission_windwatch/install/share/vrx_gz/environment/ament_prefix_path.dsv
[1.156s] -- Up-to-date: /home/newman/vrx_ws/src/mission_windwatch/install/share/vrx_gz/environment/path.sh
[1.156s] -- Up-to-date: /home/newman/vrx_ws/src/mission_windwatch/install/share/vrx_gz/environment/path.dsv
[1.156s] -- Up-to-date: /home/newman/vrx_ws/src/mission_windwatch/install/share/vrx_gz/local_setup.bash
[1.156s] -- Up-to-date: /home/newman/vrx_ws/src/mission_windwatch/install/share/vrx_gz/local_setup.sh
[1.156s] -- Up-to-date: /home/newman/vrx_ws/src/mission_windwatch/install/share/vrx_gz/local_setup.zsh
[1.156s] -- Up-to-date: /home/newman/vrx_ws/src/mission_windwatch/install/share/vrx_gz/local_setup.dsv
[1.156s] -- Installing: /home/newman/vrx_ws/src/mission_windwatch/install/share/vrx_gz/package.dsv
[1.156s] -- Up-to-date: /home/newman/vrx_ws/src/mission_windwatch/install/share/ament_index/resource_index/packages/vrx_gz
[1.156s] -- Up-to-date: /home/newman/vrx_ws/src/mission_windwatch/install/share/vrx_gz/cmake/vrx_gzConfig.cmake
[1.156s] -- Up-to-date: /home/newman/vrx_ws/src/mission_windwatch/install/share/vrx_gz/cmake/vrx_gzConfig-version.cmake
[1.157s] -- Up-to-date: /home/newman/vrx_ws/src/mission_windwatch/install/share/vrx_gz/package.xml
[1.157s] Invoked command in '/home/newman/vrx_ws/src/mission_windwatch/build/vrx_gz' returned '0': CMAKE_PREFIX_PATH=${CMAKE_PREFIX_PATH}:/opt/ros/humble /usr/bin/cmake --install /home/newman/vrx_ws/src/mission_windwatch/build/vrx_gz
