[0.027s] Invoking command in '/home/newman/vrx_ws/src/mission_windwatch/build/mission_manager': CMAKE_PREFIX_PATH=/opt/ros/humble /usr/bin/cmake /home/newman/vrx_ws/src/mission_windwatch/src/mission_manager -DCMAKE_INSTALL_PREFIX=/home/newman/vrx_ws/src/mission_windwatch/install
[0.084s] -- Found ament_cmake: 1.3.10 (/opt/ros/humble/share/ament_cmake/cmake)
[0.285s] -- Found Python3: /usr/bin/python3 (found version "3.10.12") found components: Interpreter 
[0.491s] -- Found rclcpp: 16.0.10 (/opt/ros/humble/share/rclcpp/cmake)
[0.734s] -- Found rosidl_generator_c: 3.1.5 (/opt/ros/humble/share/rosidl_generator_c/cmake)
[0.779s] -- Found rosidl_adapter: 3.1.5 (/opt/ros/humble/share/rosidl_adapter/cmake)
[0.801s] -- Found rosidl_generator_cpp: 3.1.5 (/opt/ros/humble/share/rosidl_generator_cpp/cmake)
[0.858s] -- Using all available rosidl_typesupport_c: rosidl_typesupport_fastrtps_c;rosidl_typesupport_introspection_c
[0.885s] -- Using all available rosidl_typesupport_cpp: rosidl_typesupport_fastrtps_cpp;rosidl_typesupport_introspection_cpp
[1.439s] -- Found rmw_implementation_cmake: 6.1.2 (/opt/ros/humble/share/rmw_implementation_cmake/cmake)
[1.476s] -- Found rmw_fastrtps_cpp: 6.2.7 (/opt/ros/humble/share/rmw_fastrtps_cpp/cmake)
[1.774s] -- Found OpenSSL: /usr/lib/x86_64-linux-gnu/libcrypto.so (found version "3.0.2")  
[1.830s] -- Found FastRTPS: /opt/ros/humble/include  
[1.885s] -- Using RMW implementation 'rmw_fastrtps_cpp' as default
[1.984s] -- Looking for pthread.h
[2.078s] -- Looking for pthread.h - found
[2.078s] -- Performing Test CMAKE_HAVE_LIBC_PTHREAD
[2.167s] -- Performing Test CMAKE_HAVE_LIBC_PTHREAD - Success
[2.168s] -- Found Threads: TRUE  
[2.301s] -- Found geometry_msgs: 4.2.4 (/opt/ros/humble/share/geometry_msgs/cmake)
[2.362s] -- Configuring done
[2.364s] [31mCMake Error at CMakeLists.txt:11 (add_executable):
[2.364s]   Cannot find source file:
[2.364s] 
[2.364s]     src/target_manager_node.cpp
[2.364s] 
[2.364s]   Tried extensions .c .C .c++ .cc .cpp .cxx .cu .mpp .m .M .mm .ixx .cppm .h
[2.364s]   .hh .h++ .hm .hpp .hxx .in .txx .f .F .for .f77 .f90 .f95 .f03 .hip .ispc
[2.364s] 
[2.365s] [0m
[2.365s] [31mCMake Error at CMakeLists.txt:12 (add_executable):
[2.366s]   Cannot find source file:
[2.366s] 
[2.366s]     src/mission_coordinator_node.cpp
[2.366s] 
[2.366s]   Tried extensions .c .C .c++ .cc .cpp .cxx .cu .mpp .m .M .mm .ixx .cppm .h
[2.366s]   .hh .h++ .hm .hpp .hxx .in .txx .f .F .for .f77 .f90 .f95 .f03 .hip .ispc
[2.366s] 
[2.366s] [0m
[2.366s] [31mCMake Error at CMakeLists.txt:11 (add_executable):
[2.366s]   No SOURCES given to target: target_manager_node
[2.366s] 
[2.366s] [0m
[2.366s] [31mCMake Error at CMakeLists.txt:12 (add_executable):
[2.366s]   No SOURCES given to target: mission_coordinator_node
[2.366s] 
[2.366s] [0m
[2.366s] [0mCMake Generate step failed.  Build files cannot be regenerated correctly.[0m
[2.374s] Invoked command in '/home/newman/vrx_ws/src/mission_windwatch/build/mission_manager' returned '1': CMAKE_PREFIX_PATH=/opt/ros/humble /usr/bin/cmake /home/newman/vrx_ws/src/mission_windwatch/src/mission_manager -DCMAKE_INSTALL_PREFIX=/home/newman/vrx_ws/src/mission_windwatch/install
