[01m[K/home/newman/vrx_ws/src/mission_windwatch/src/mission_manager/src/target_manager_node.cpp:[m[K In function ‘[01m[Kint main(int, char**)[m[K’:
[01m[K/home/newman/vrx_ws/src/mission_windwatch/src/mission_manager/src/target_manager_node.cpp:3:3:[m[K [01;31m[Kerror: [m[K‘[01m[Krclcpp[m[K’ has not been declared
    3 |   [01;31m[Krclcpp[m[K::init(argc, argv);
      |   [01;31m[K^~~~~~[m[K
[01m[K/home/newman/vrx_ws/src/mission_windwatch/src/mission_manager/src/target_manager_node.cpp:4:20:[m[K [01;31m[Kerror: [m[K‘[01m[Kmake_shared[m[K’ is not a member of ‘[01m[Kstd[m[K’
    4 |   auto node = std::[01;31m[Kmake_shared[m[K<MyNode>();
      |                    [01;31m[K^~~~~~~~~~~[m[K
[01m[K/home/newman/vrx_ws/src/mission_windwatch/src/mission_manager/src/target_manager_node.cpp:1:1:[m[K [01;36m[Knote: [m[K‘[01m[Kstd::make_shared[m[K’ is defined in header ‘[01m[K<memory>[m[K’; did you forget to ‘[01m[K#include <memory>[m[K’?
  +++ |+[32m[K#include <memory>[m[K
    1 | int main(int argc, char * argv[])
[01m[K/home/newman/vrx_ws/src/mission_windwatch/src/mission_manager/src/target_manager_node.cpp:4:32:[m[K [01;31m[Kerror: [m[K‘[01m[KMyNode[m[K’ was not declared in this scope; did you mean ‘[01m[Knode[m[K’?
    4 |   auto node = std::make_shared<[01;31m[KMyNode[m[K>();
      |                                [01;31m[K^~~~~~[m[K
      |                                [32m[Knode[m[K
[01m[K/home/newman/vrx_ws/src/mission_windwatch/src/mission_manager/src/target_manager_node.cpp:4:40:[m[K [01;31m[Kerror: [m[Kexpected primary-expression before ‘[01m[K)[m[K’ token
    4 |   auto node = std::make_shared<MyNode>([01;31m[K)[m[K;
      |                                        [01;31m[K^[m[K
[01m[K/home/newman/vrx_ws/src/mission_windwatch/src/mission_manager/src/target_manager_node.cpp:5:3:[m[K [01;31m[Kerror: [m[K‘[01m[Krclcpp[m[K’ has not been declared
    5 |   [01;31m[Krclcpp[m[K::spin(node);
      |   [01;31m[K^~~~~~[m[K
[01m[K/home/newman/vrx_ws/src/mission_windwatch/src/mission_manager/src/target_manager_node.cpp:6:3:[m[K [01;31m[Kerror: [m[K‘[01m[Krclcpp[m[K’ has not been declared
    6 |   [01;31m[Krclcpp[m[K::shutdown();
      |   [01;31m[K^~~~~~[m[K
gmake[2]: *** [CMakeFiles/target_manager_node.dir/build.make:76: CMakeFiles/target_manager_node.dir/src/target_manager_node.cpp.o] Error 1
gmake[1]: *** [CMakeFiles/Makefile2:139: CMakeFiles/target_manager_node.dir/all] Error 2
gmake[1]: *** Waiting for unfinished jobs....
[01m[K/home/newman/vrx_ws/src/mission_windwatch/src/mission_manager/src/mission_coordinator_node.cpp:[m[K In function ‘[01m[Kint main(int, char**)[m[K’:
[01m[K/home/newman/vrx_ws/src/mission_windwatch/src/mission_manager/src/mission_coordinator_node.cpp:3:3:[m[K [01;31m[Kerror: [m[K‘[01m[Krclcpp[m[K’ has not been declared
    3 |   [01;31m[Krclcpp[m[K::init(argc, argv);
      |   [01;31m[K^~~~~~[m[K
[01m[K/home/newman/vrx_ws/src/mission_windwatch/src/mission_manager/src/mission_coordinator_node.cpp:4:20:[m[K [01;31m[Kerror: [m[K‘[01m[Kmake_shared[m[K’ is not a member of ‘[01m[Kstd[m[K’
    4 |   auto node = std::[01;31m[Kmake_shared[m[K<MyNode>();
      |                    [01;31m[K^~~~~~~~~~~[m[K
[01m[K/home/newman/vrx_ws/src/mission_windwatch/src/mission_manager/src/mission_coordinator_node.cpp:1:1:[m[K [01;36m[Knote: [m[K‘[01m[Kstd::make_shared[m[K’ is defined in header ‘[01m[K<memory>[m[K’; did you forget to ‘[01m[K#include <memory>[m[K’?
  +++ |+[32m[K#include <memory>[m[K
    1 | int main(int argc, char * argv[])
[01m[K/home/newman/vrx_ws/src/mission_windwatch/src/mission_manager/src/mission_coordinator_node.cpp:4:32:[m[K [01;31m[Kerror: [m[K‘[01m[KMyNode[m[K’ was not declared in this scope; did you mean ‘[01m[Knode[m[K’?
    4 |   auto node = std::make_shared<[01;31m[KMyNode[m[K>();
      |                                [01;31m[K^~~~~~[m[K
      |                                [32m[Knode[m[K
[01m[K/home/newman/vrx_ws/src/mission_windwatch/src/mission_manager/src/mission_coordinator_node.cpp:4:40:[m[K [01;31m[Kerror: [m[Kexpected primary-expression before ‘[01m[K)[m[K’ token
    4 |   auto node = std::make_shared<MyNode>([01;31m[K)[m[K;
      |                                        [01;31m[K^[m[K
[01m[K/home/newman/vrx_ws/src/mission_windwatch/src/mission_manager/src/mission_coordinator_node.cpp:5:3:[m[K [01;31m[Kerror: [m[K‘[01m[Krclcpp[m[K’ has not been declared
    5 |   [01;31m[Krclcpp[m[K::spin(node);
      |   [01;31m[K^~~~~~[m[K
[01m[K/home/newman/vrx_ws/src/mission_windwatch/src/mission_manager/src/mission_coordinator_node.cpp:6:3:[m[K [01;31m[Kerror: [m[K‘[01m[Krclcpp[m[K’ has not been declared
    6 |   [01;31m[Krclcpp[m[K::shutdown();
      |   [01;31m[K^~~~~~[m[K
gmake[2]: *** [CMakeFiles/mission_coordinator_node.dir/build.make:76: CMakeFiles/mission_coordinator_node.dir/src/mission_coordinator_node.cpp.o] Error 1
gmake[1]: *** [CMakeFiles/Makefile2:165: CMakeFiles/mission_coordinator_node.dir/all] Error 2
gmake: *** [Makefile:146: all] Error 2
