[0.030s] Invoking command in '/home/newman/vrx_ws/src/mission_windwatch/build/mission_manager': CMAKE_PREFIX_PATH=${CMAKE_PREFIX_PATH}:/opt/ros/humble /usr/bin/cmake --build /home/newman/vrx_ws/src/mission_windwatch/build/mission_manager -- -j9 -l9
[0.102s] [ 25%] [32mBuilding CXX object CMakeFiles/target_manager_node.dir/src/target_manager_node.cpp.o[0m
[0.106s] [01m[K/home/newman/vrx_ws/src/mission_windwatch/src/mission_manager/src/target_manager_node.cpp:[m[K In function ‘[01m[Kint main(int, char**)[m[K’:
[0.106s] [01m[K/home/newman/vrx_ws/src/mission_windwatch/src/mission_manager/src/target_manager_node.cpp:3:3:[m[K [01;31m[Kerror: [m[K‘[01m[Krclcpp[m[K’ has not been declared
[0.111s]     3 |   [01;31m[Krclcpp[m[K::init(argc, argv);
[0.111s]       |   [01;31m[K^~~~~~[m[K
[0.112s] [01m[K/home/newman/vrx_ws/src/mission_windwatch/src/mission_manager/src/target_manager_node.cpp:4:20:[m[K [01;31m[Kerror: [m[K‘[01m[Kmake_shared[m[K’ is not a member of ‘[01m[Kstd[m[K’
[0.112s]     4 |   auto node = std::[01;31m[Kmake_shared[m[K<MyNode>();
[0.112s]       |                    [01;31m[K^~~~~~~~~~~[m[K
[0.112s] [01m[K/home/newman/vrx_ws/src/mission_windwatch/src/mission_manager/src/target_manager_node.cpp:1:1:[m[K [01;36m[Knote: [m[K‘[01m[Kstd::make_shared[m[K’ is defined in header ‘[01m[K<memory>[m[K’; did you forget to ‘[01m[K#include <memory>[m[K’?
[0.112s]   +++ |+[32m[K#include <memory>[m[K
[0.112s]     1 | int main(int argc, char * argv[])
[0.112s] [01m[K/home/newman/vrx_ws/src/mission_windwatch/src/mission_manager/src/target_manager_node.cpp:4:32:[m[K [01;31m[Kerror: [m[K‘[01m[KMyNode[m[K’ was not declared in this scope; did you mean ‘[01m[Knode[m[K’?
[0.112s]     4 |   auto node = std::make_shared<[01;31m[KMyNode[m[K>();
[0.112s]       |                                [01;31m[K^~~~~~[m[K
[0.112s]       |                                [32m[Knode[m[K
[0.112s] [01m[K/home/newman/vrx_ws/src/mission_windwatch/src/mission_manager/src/target_manager_node.cpp:4:40:[m[K [01;31m[Kerror: [m[Kexpected primary-expression before ‘[01m[K)[m[K’ token
[0.112s]     4 |   auto node = std::make_shared<MyNode>([01;31m[K)[m[K;
[0.113s]       |                                        [01;31m[K^[m[K
[0.113s] [01m[K/home/newman/vrx_ws/src/mission_windwatch/src/mission_manager/src/target_manager_node.cpp:5:3:[m[K [01;31m[Kerror: [m[K‘[01m[Krclcpp[m[K’ has not been declared
[0.113s]     5 |   [01;31m[Krclcpp[m[K::spin(node);
[0.113s]       |   [01;31m[K^~~~~~[m[K
[0.113s] [01m[K/home/newman/vrx_ws/src/mission_windwatch/src/mission_manager/src/target_manager_node.cpp:6:3:[m[K [01;31m[Kerror: [m[K‘[01m[Krclcpp[m[K’ has not been declared
[0.113s]     6 |   [01;31m[Krclcpp[m[K::shutdown();
[0.113s]       |   [01;31m[K^~~~~~[m[K
[0.113s] [ 50%] [32mBuilding CXX object CMakeFiles/mission_coordinator_node.dir/src/mission_coordinator_node.cpp.o[0m
[0.125s] gmake[2]: *** [CMakeFiles/target_manager_node.dir/build.make:76: CMakeFiles/target_manager_node.dir/src/target_manager_node.cpp.o] Error 1
[0.125s] gmake[1]: *** [CMakeFiles/Makefile2:139: CMakeFiles/target_manager_node.dir/all] Error 2
[0.125s] gmake[1]: *** Waiting for unfinished jobs....
[0.129s] [01m[K/home/newman/vrx_ws/src/mission_windwatch/src/mission_manager/src/mission_coordinator_node.cpp:[m[K In function ‘[01m[Kint main(int, char**)[m[K’:
[0.131s] [01m[K/home/newman/vrx_ws/src/mission_windwatch/src/mission_manager/src/mission_coordinator_node.cpp:3:3:[m[K [01;31m[Kerror: [m[K‘[01m[Krclcpp[m[K’ has not been declared
[0.134s]     3 |   [01;31m[Krclcpp[m[K::init(argc, argv);
[0.134s]       |   [01;31m[K^~~~~~[m[K
[0.134s] [01m[K/home/newman/vrx_ws/src/mission_windwatch/src/mission_manager/src/mission_coordinator_node.cpp:4:20:[m[K [01;31m[Kerror: [m[K‘[01m[Kmake_shared[m[K’ is not a member of ‘[01m[Kstd[m[K’
[0.134s]     4 |   auto node = std::[01;31m[Kmake_shared[m[K<MyNode>();
[0.134s]       |                    [01;31m[K^~~~~~~~~~~[m[K
[0.134s] [01m[K/home/newman/vrx_ws/src/mission_windwatch/src/mission_manager/src/mission_coordinator_node.cpp:1:1:[m[K [01;36m[Knote: [m[K‘[01m[Kstd::make_shared[m[K’ is defined in header ‘[01m[K<memory>[m[K’; did you forget to ‘[01m[K#include <memory>[m[K’?
[0.136s]   +++ |+[32m[K#include <memory>[m[K
[0.136s]     1 | int main(int argc, char * argv[])
[0.137s] [01m[K/home/newman/vrx_ws/src/mission_windwatch/src/mission_manager/src/mission_coordinator_node.cpp:4:32:[m[K [01;31m[Kerror: [m[K‘[01m[KMyNode[m[K’ was not declared in this scope; did you mean ‘[01m[Knode[m[K’?
[0.137s]     4 |   auto node = std::make_shared<[01;31m[KMyNode[m[K>();
[0.137s]       |                                [01;31m[K^~~~~~[m[K
[0.137s]       |                                [32m[Knode[m[K
[0.137s] [01m[K/home/newman/vrx_ws/src/mission_windwatch/src/mission_manager/src/mission_coordinator_node.cpp:4:40:[m[K [01;31m[Kerror: [m[Kexpected primary-expression before ‘[01m[K)[m[K’ token
[0.137s]     4 |   auto node = std::make_shared<MyNode>([01;31m[K)[m[K;
[0.137s]       |                                        [01;31m[K^[m[K
[0.137s] [01m[K/home/newman/vrx_ws/src/mission_windwatch/src/mission_manager/src/mission_coordinator_node.cpp:5:3:[m[K [01;31m[Kerror: [m[K‘[01m[Krclcpp[m[K’ has not been declared
[0.137s]     5 |   [01;31m[Krclcpp[m[K::spin(node);
[0.137s]       |   [01;31m[K^~~~~~[m[K
[0.137s] [01m[K/home/newman/vrx_ws/src/mission_windwatch/src/mission_manager/src/mission_coordinator_node.cpp:6:3:[m[K [01;31m[Kerror: [m[K‘[01m[Krclcpp[m[K’ has not been declared
[0.137s]     6 |   [01;31m[Krclcpp[m[K::shutdown();
[0.137s]       |   [01;31m[K^~~~~~[m[K
[0.138s] gmake[2]: *** [CMakeFiles/mission_coordinator_node.dir/build.make:76: CMakeFiles/mission_coordinator_node.dir/src/mission_coordinator_node.cpp.o] Error 1
[0.149s] gmake[1]: *** [CMakeFiles/Makefile2:165: CMakeFiles/mission_coordinator_node.dir/all] Error 2
[0.149s] gmake: *** [Makefile:146: all] Error 2
[0.149s] Invoked command in '/home/newman/vrx_ws/src/mission_windwatch/build/mission_manager' returned '2': CMAKE_PREFIX_PATH=${CMAKE_PREFIX_PATH}:/opt/ros/humble /usr/bin/cmake --build /home/newman/vrx_ws/src/mission_windwatch/build/mission_manager -- -j9 -l9
