-- The C compiler identification is GNU 11.4.0
-- The CXX compiler identification is GNU 11.4.0
-- Detecting C compiler ABI info
-- Detecting C compiler ABI info - done
-- Check for working C compiler: /usr/bin/cc - skipped
-- Detecting C compile features
-- Detecting C compile features - done
-- Detecting CXX compiler ABI info
-- Detecting CXX compiler ABI info - done
-- Check for working CXX compiler: /usr/bin/c++ - skipped
-- Detecting CXX compile features
-- Detecting CXX compile features - done
-- Found ament_cmake: 1.3.10 (/opt/ros/humble/share/ament_cmake/cmake)
-- Found Python3: /usr/bin/python3 (found version "3.10.12") found components: Interpreter 
-- Found rclcpp: 16.0.10 (/opt/ros/humble/share/rclcpp/cmake)
-- Found rosidl_generator_c: 3.1.5 (/opt/ros/humble/share/rosidl_generator_c/cmake)
-- Found rosidl_adapter: 3.1.5 (/opt/ros/humble/share/rosidl_adapter/cmake)
-- Found rosidl_generator_cpp: 3.1.5 (/opt/ros/humble/share/rosidl_generator_cpp/cmake)
-- Using all available rosidl_typesupport_c: rosidl_typesupport_fastrtps_c;rosidl_typesupport_introspection_c
-- Using all available rosidl_typesupport_cpp: rosidl_typesupport_fastrtps_cpp;rosidl_typesupport_introspection_cpp
-- Found rmw_implementation_cmake: 6.1.2 (/opt/ros/humble/share/rmw_implementation_cmake/cmake)
-- Found rmw_fastrtps_cpp: 6.2.7 (/opt/ros/humble/share/rmw_fastrtps_cpp/cmake)
-- Found OpenSSL: /usr/lib/x86_64-linux-gnu/libcrypto.so (found version "3.0.2")  
-- Found FastRTPS: /opt/ros/humble/include  
-- Using RMW implementation 'rmw_fastrtps_cpp' as default
-- Looking for pthread.h
-- Looking for pthread.h - found
-- Performing Test CMAKE_HAVE_LIBC_PTHREAD
-- Performing Test CMAKE_HAVE_LIBC_PTHREAD - Success
-- Found Threads: TRUE  
-- Found sensor_msgs: 4.2.4 (/opt/ros/humble/share/sensor_msgs/cmake)
-- Configuring done
-- Generating done
-- Build files have been written to: /home/newman/vrx_ws/src/mission_windwatch/build/navigation
[ 25%] [32mBuilding CXX object CMakeFiles/obstacle_avoidance_node.dir/src/obstacle_avoidance_node.cpp.o[0m
[ 50%] [32mBuilding CXX object CMakeFiles/navigation_node.dir/src/navigation_node.cpp.o[0m
[ 75%] [32m[1mLinking CXX executable obstacle_avoidance_node[0m
[ 75%] Built target obstacle_avoidance_node
[100%] [32m[1mLinking CXX executable navigation_node[0m
[100%] Built target navigation_node
-- Install configuration: ""
-- Installing: /home/newman/vrx_ws/src/mission_windwatch/install/lib/navigation/navigation_node
-- Set runtime path of "/home/newman/vrx_ws/src/mission_windwatch/install/lib/navigation/navigation_node" to ""
-- Installing: /home/newman/vrx_ws/src/mission_windwatch/install/lib/navigation/obstacle_avoidance_node
-- Set runtime path of "/home/newman/vrx_ws/src/mission_windwatch/install/lib/navigation/obstacle_avoidance_node" to ""
-- Installing: /home/newman/vrx_ws/src/mission_windwatch/install/share/navigation/launch
-- Installing: /home/newman/vrx_ws/src/mission_windwatch/install/share/navigation/launch/navigation_launch.py
-- Installing: /home/newman/vrx_ws/src/mission_windwatch/install/share/navigation/config
-- Installing: /home/newman/vrx_ws/src/mission_windwatch/install/share/ament_index/resource_index/package_run_dependencies/navigation
-- Installing: /home/newman/vrx_ws/src/mission_windwatch/install/share/ament_index/resource_index/parent_prefix_path/navigation
-- Installing: /home/newman/vrx_ws/src/mission_windwatch/install/share/navigation/environment/ament_prefix_path.sh
-- Installing: /home/newman/vrx_ws/src/mission_windwatch/install/share/navigation/environment/ament_prefix_path.dsv
-- Installing: /home/newman/vrx_ws/src/mission_windwatch/install/share/navigation/environment/path.sh
-- Installing: /home/newman/vrx_ws/src/mission_windwatch/install/share/navigation/environment/path.dsv
-- Installing: /home/newman/vrx_ws/src/mission_windwatch/install/share/navigation/local_setup.bash
-- Installing: /home/newman/vrx_ws/src/mission_windwatch/install/share/navigation/local_setup.sh
-- Installing: /home/newman/vrx_ws/src/mission_windwatch/install/share/navigation/local_setup.zsh
-- Installing: /home/newman/vrx_ws/src/mission_windwatch/install/share/navigation/local_setup.dsv
-- Installing: /home/newman/vrx_ws/src/mission_windwatch/install/share/navigation/package.dsv
-- Installing: /home/newman/vrx_ws/src/mission_windwatch/install/share/ament_index/resource_index/packages/navigation
-- Installing: /home/newman/vrx_ws/src/mission_windwatch/install/share/navigation/cmake/navigationConfig.cmake
-- Installing: /home/newman/vrx_ws/src/mission_windwatch/install/share/navigation/cmake/navigationConfig-version.cmake
-- Installing: /home/newman/vrx_ws/src/mission_windwatch/install/share/navigation/package.xml
