[0.034s] Invoking command in '/home/newman/vrx_ws/src/mission_windwatch/build/navigation': CMAKE_PREFIX_PATH=${CMAKE_PREFIX_PATH}:/opt/ros/humble /usr/bin/cmake /home/newman/vrx_ws/src/mission_windwatch/src/navigation -DCMAKE_INSTALL_PREFIX=/home/newman/vrx_ws/src/mission_windwatch/install
[0.080s] -- The C compiler identification is GNU 11.4.0
[0.141s] -- The CXX compiler identification is GNU 11.4.0
[0.151s] -- Detecting C compiler ABI info
[0.224s] -- Detecting C compiler ABI info - done
[0.228s] -- Check for working C compiler: /usr/bin/cc - skipped
[0.228s] -- Detecting C compile features
[0.228s] -- Detecting C compile features - done
[0.231s] -- Detecting CXX compiler ABI info
[0.314s] -- Detecting CXX compiler ABI info - done
[0.318s] -- Check for working CXX compiler: /usr/bin/c++ - skipped
[0.319s] -- Detecting CXX compile features
[0.319s] -- Detecting CXX compile features - done
[0.321s] -- Found ament_cmake: 1.3.10 (/opt/ros/humble/share/ament_cmake/cmake)
[0.502s] -- Found Python3: /usr/bin/python3 (found version "3.10.12") found components: Interpreter 
[0.601s] -- Found rclcpp: 16.0.10 (/opt/ros/humble/share/rclcpp/cmake)
[0.636s] -- Found rosidl_generator_c: 3.1.5 (/opt/ros/humble/share/rosidl_generator_c/cmake)
[0.642s] -- Found rosidl_adapter: 3.1.5 (/opt/ros/humble/share/rosidl_adapter/cmake)
[0.654s] -- Found rosidl_generator_cpp: 3.1.5 (/opt/ros/humble/share/rosidl_generator_cpp/cmake)
[0.660s] -- Using all available rosidl_typesupport_c: rosidl_typesupport_fastrtps_c;rosidl_typesupport_introspection_c
[0.672s] -- Using all available rosidl_typesupport_cpp: rosidl_typesupport_fastrtps_cpp;rosidl_typesupport_introspection_cpp
[0.708s] -- Found rmw_implementation_cmake: 6.1.2 (/opt/ros/humble/share/rmw_implementation_cmake/cmake)
[0.710s] -- Found rmw_fastrtps_cpp: 6.2.7 (/opt/ros/humble/share/rmw_fastrtps_cpp/cmake)
[0.781s] -- Found OpenSSL: /usr/lib/x86_64-linux-gnu/libcrypto.so (found version "3.0.2")  
[0.808s] -- Found FastRTPS: /opt/ros/humble/include  
[0.848s] -- Using RMW implementation 'rmw_fastrtps_cpp' as default
[0.854s] -- Looking for pthread.h
[0.913s] -- Looking for pthread.h - found
[0.914s] -- Performing Test CMAKE_HAVE_LIBC_PTHREAD
[0.985s] -- Performing Test CMAKE_HAVE_LIBC_PTHREAD - Success
[0.986s] -- Found Threads: TRUE  
[1.042s] -- Found sensor_msgs: 4.2.4 (/opt/ros/humble/share/sensor_msgs/cmake)
[1.112s] -- Configuring done
[1.128s] -- Generating done
[1.140s] -- Build files have been written to: /home/newman/vrx_ws/src/mission_windwatch/build/navigation
[1.195s] Invoked command in '/home/newman/vrx_ws/src/mission_windwatch/build/navigation' returned '0': CMAKE_PREFIX_PATH=${CMAKE_PREFIX_PATH}:/opt/ros/humble /usr/bin/cmake /home/newman/vrx_ws/src/mission_windwatch/src/navigation -DCMAKE_INSTALL_PREFIX=/home/newman/vrx_ws/src/mission_windwatch/install
[1.200s] Invoking command in '/home/newman/vrx_ws/src/mission_windwatch/build/navigation': CMAKE_PREFIX_PATH=${CMAKE_PREFIX_PATH}:/opt/ros/humble /usr/bin/cmake --build /home/newman/vrx_ws/src/mission_windwatch/build/navigation -- -j9 -l9
[1.236s] [ 25%] [32mBuilding CXX object CMakeFiles/obstacle_avoidance_node.dir/src/obstacle_avoidance_node.cpp.o[0m
[1.241s] [ 50%] [32mBuilding CXX object CMakeFiles/navigation_node.dir/src/navigation_node.cpp.o[0m
[4.356s] [ 75%] [32m[1mLinking CXX executable obstacle_avoidance_node[0m
[4.573s] [ 75%] Built target obstacle_avoidance_node
[4.689s] [100%] [32m[1mLinking CXX executable navigation_node[0m
[4.801s] [100%] Built target navigation_node
[4.819s] Invoked command in '/home/newman/vrx_ws/src/mission_windwatch/build/navigation' returned '0': CMAKE_PREFIX_PATH=${CMAKE_PREFIX_PATH}:/opt/ros/humble /usr/bin/cmake --build /home/newman/vrx_ws/src/mission_windwatch/build/navigation -- -j9 -l9
[4.897s] Invoking command in '/home/newman/vrx_ws/src/mission_windwatch/build/navigation': CMAKE_PREFIX_PATH=${CMAKE_PREFIX_PATH}:/opt/ros/humble /usr/bin/cmake --install /home/newman/vrx_ws/src/mission_windwatch/build/navigation
[5.079s] -- Install configuration: ""
[5.080s] -- Installing: /home/newman/vrx_ws/src/mission_windwatch/install/lib/navigation/navigation_node
[5.086s] -- Set runtime path of "/home/newman/vrx_ws/src/mission_windwatch/install/lib/navigation/navigation_node" to ""
[5.086s] -- Installing: /home/newman/vrx_ws/src/mission_windwatch/install/lib/navigation/obstacle_avoidance_node
[5.086s] -- Set runtime path of "/home/newman/vrx_ws/src/mission_windwatch/install/lib/navigation/obstacle_avoidance_node" to ""
[5.086s] -- Installing: /home/newman/vrx_ws/src/mission_windwatch/install/share/navigation/launch
[5.087s] -- Installing: /home/newman/vrx_ws/src/mission_windwatch/install/share/navigation/launch/navigation_launch.py
[5.087s] -- Installing: /home/newman/vrx_ws/src/mission_windwatch/install/share/navigation/config
[5.087s] -- Installing: /home/newman/vrx_ws/src/mission_windwatch/install/share/ament_index/resource_index/package_run_dependencies/navigation
[5.087s] -- Installing: /home/newman/vrx_ws/src/mission_windwatch/install/share/ament_index/resource_index/parent_prefix_path/navigation
[5.087s] -- Installing: /home/newman/vrx_ws/src/mission_windwatch/install/share/navigation/environment/ament_prefix_path.sh
[5.087s] -- Installing: /home/newman/vrx_ws/src/mission_windwatch/install/share/navigation/environment/ament_prefix_path.dsv
[5.087s] -- Installing: /home/newman/vrx_ws/src/mission_windwatch/install/share/navigation/environment/path.sh
[5.087s] -- Installing: /home/newman/vrx_ws/src/mission_windwatch/install/share/navigation/environment/path.dsv
[5.087s] -- Installing: /home/newman/vrx_ws/src/mission_windwatch/install/share/navigation/local_setup.bash
[5.087s] -- Installing: /home/newman/vrx_ws/src/mission_windwatch/install/share/navigation/local_setup.sh
[5.087s] -- Installing: /home/newman/vrx_ws/src/mission_windwatch/install/share/navigation/local_setup.zsh
[5.087s] -- Installing: /home/newman/vrx_ws/src/mission_windwatch/install/share/navigation/local_setup.dsv
[5.087s] -- Installing: /home/newman/vrx_ws/src/mission_windwatch/install/share/navigation/package.dsv
[5.087s] -- Installing: /home/newman/vrx_ws/src/mission_windwatch/install/share/ament_index/resource_index/packages/navigation
[5.087s] -- Installing: /home/newman/vrx_ws/src/mission_windwatch/install/share/navigation/cmake/navigationConfig.cmake
[5.088s] -- Installing: /home/newman/vrx_ws/src/mission_windwatch/install/share/navigation/cmake/navigationConfig-version.cmake
[5.088s] -- Installing: /home/newman/vrx_ws/src/mission_windwatch/install/share/navigation/package.xml
[5.089s] Invoked command in '/home/newman/vrx_ws/src/mission_windwatch/build/navigation' returned '0': CMAKE_PREFIX_PATH=${CMAKE_PREFIX_PATH}:/opt/ros/humble /usr/bin/cmake --install /home/newman/vrx_ws/src/mission_windwatch/build/navigation
