[0.078s] Invoking command in '/home/newman/vrx_ws/src/mission_windwatch/build/vrx_ros': CMAKE_PREFIX_PATH=${CMAKE_PREFIX_PATH}:/opt/ros/humble /usr/bin/cmake --build /home/newman/vrx_ws/src/mission_windwatch/build/vrx_ros -- -j9 -l9
[0.144s] [ 50%] Built target optical_frame_publisher
[0.146s] [100%] Built target pose_tf_broadcaster
[0.178s] Invoked command in '/home/newman/vrx_ws/src/mission_windwatch/build/vrx_ros' returned '0': CMAKE_PREFIX_PATH=${CMAKE_PREFIX_PATH}:/opt/ros/humble /usr/bin/cmake --build /home/newman/vrx_ws/src/mission_windwatch/build/vrx_ros -- -j9 -l9
[0.241s] Invoking command in '/home/newman/vrx_ws/src/mission_windwatch/build/vrx_ros': CMAKE_PREFIX_PATH=${CMAKE_PREFIX_PATH}:/opt/ros/humble /usr/bin/cmake --install /home/newman/vrx_ws/src/mission_windwatch/build/vrx_ros
[0.251s] -- Install configuration: ""
[0.251s] -- Up-to-date: /home/newman/vrx_ws/src/mission_windwatch/install/lib/vrx_ros/optical_frame_publisher
[0.251s] -- Up-to-date: /home/newman/vrx_ws/src/mission_windwatch/install/lib/vrx_ros/pose_tf_broadcaster
[0.251s] -- Up-to-date: /home/newman/vrx_ws/src/mission_windwatch/install/share/vrx_ros/launch
[0.251s] -- Up-to-date: /home/newman/vrx_ws/src/mission_windwatch/install/share/vrx_ros/launch/monitor_sim.py
[0.251s] -- Up-to-date: /home/newman/vrx_ws/src/mission_windwatch/install/share/ament_index/resource_index/package_run_dependencies/vrx_ros
[0.251s] -- Up-to-date: /home/newman/vrx_ws/src/mission_windwatch/install/share/ament_index/resource_index/parent_prefix_path/vrx_ros
[0.252s] -- Up-to-date: /home/newman/vrx_ws/src/mission_windwatch/install/share/vrx_ros/environment/ament_prefix_path.sh
[0.252s] -- Up-to-date: /home/newman/vrx_ws/src/mission_windwatch/install/share/vrx_ros/environment/ament_prefix_path.dsv
[0.252s] -- Up-to-date: /home/newman/vrx_ws/src/mission_windwatch/install/share/vrx_ros/environment/path.sh
[0.257s] -- Up-to-date: /home/newman/vrx_ws/src/mission_windwatch/install/share/vrx_ros/environment/path.dsv
[0.257s] -- Up-to-date: /home/newman/vrx_ws/src/mission_windwatch/install/share/vrx_ros/local_setup.bash
[0.257s] -- Up-to-date: /home/newman/vrx_ws/src/mission_windwatch/install/share/vrx_ros/local_setup.sh
[0.257s] -- Up-to-date: /home/newman/vrx_ws/src/mission_windwatch/install/share/vrx_ros/local_setup.zsh
[0.258s] -- Up-to-date: /home/newman/vrx_ws/src/mission_windwatch/install/share/vrx_ros/local_setup.dsv
[0.258s] -- Installing: /home/newman/vrx_ws/src/mission_windwatch/install/share/vrx_ros/package.dsv
[0.258s] -- Up-to-date: /home/newman/vrx_ws/src/mission_windwatch/install/share/ament_index/resource_index/packages/vrx_ros
[0.258s] -- Up-to-date: /home/newman/vrx_ws/src/mission_windwatch/install/share/vrx_ros/cmake/vrx_rosConfig.cmake
[0.258s] -- Up-to-date: /home/newman/vrx_ws/src/mission_windwatch/install/share/vrx_ros/cmake/vrx_rosConfig-version.cmake
[0.258s] -- Up-to-date: /home/newman/vrx_ws/src/mission_windwatch/install/share/vrx_ros/package.xml
[0.273s] Invoked command in '/home/newman/vrx_ws/src/mission_windwatch/build/vrx_ros' returned '0': CMAKE_PREFIX_PATH=${CMAKE_PREFIX_PATH}:/opt/ros/humble /usr/bin/cmake --install /home/newman/vrx_ws/src/mission_windwatch/build/vrx_ros
