[  4%] Built target ScoringPlugin
[  4%] Built target ament_cmake_python_copy_vrx_gz
[  8%] Built target Waves
[ 14%] Built target StationkeepingScoringPlugin
[ 20%] Built target AcousticPerceptionScoringPlugin
[ 27%] Built target WayfindingScoringPlugin
[ 33%] Built target AcousticTrackingScoringPlugin
[ 41%] Built target PolyhedraBuoyancyDrag
[ 45%] Built target LightBuoyPlugin
[ 54%] Built target NavigationScoringPlugin
[ 52%] Built target AcousticPingerPlugin
[ 58%] Built target PerceptionScoringPlugin
[ 62%] Built target BallShooterPlugin
[ 70%] Built target GymkhanaScoringPlugin
[ 66%] Built target PlacardPlugin
[ 75%] Built target ScanDockScoringPlugin
[ 79%] Built target PublisherPlugin
[ 83%] Built target USVWind
[ 87%] Built target Surface
[ 91%] Built target SimpleHydrodynamics
[ 95%] Built target WaveVisual
[100%] Built target WildlifeScoringPlugin
running egg_info
writing vrx_gz.egg-info/PKG-INFO
writing dependency_links to vrx_gz.egg-info/dependency_links.txt
writing top-level names to vrx_gz.egg-info/top_level.txt
reading manifest file 'vrx_gz.egg-info/SOURCES.txt'
writing manifest file 'vrx_gz.egg-info/SOURCES.txt'
[100%] Built target ament_cmake_python_build_vrx_gz_egg
-- Install configuration: ""
-- Installing: /home/newman/vrx_ws/src/mission_windwatch/install/share/vrx_gz/environment/resource_paths.dsv
-- Installing: /home/newman/vrx_ws/src/mission_windwatch/install/share/vrx_gz/environment/resource_paths.sh
-- Installing: /home/newman/vrx_ws/src/mission_windwatch/install/lib/libWaves.so
-- Installing: /home/newman/vrx_ws/src/mission_windwatch/install/lib/libPolyhedraBuoyancyDrag.so
-- Set runtime path of "/home/newman/vrx_ws/src/mission_windwatch/install/lib/libPolyhedraBuoyancyDrag.so" to ""
-- Installing: /home/newman/vrx_ws/src/mission_windwatch/install/lib/libScoringPlugin.so
-- Installing: /home/newman/vrx_ws/src/mission_windwatch/install/lib/libStationkeepingScoringPlugin.so
-- Set runtime path of "/home/newman/vrx_ws/src/mission_windwatch/install/lib/libStationkeepingScoringPlugin.so" to ""
-- Installing: /home/newman/vrx_ws/src/mission_windwatch/install/lib/libWayfindingScoringPlugin.so
-- Set runtime path of "/home/newman/vrx_ws/src/mission_windwatch/install/lib/libWayfindingScoringPlugin.so" to ""
-- Installing: /home/newman/vrx_ws/src/mission_windwatch/install/lib/libAcousticPerceptionScoringPlugin.so
-- Set runtime path of "/home/newman/vrx_ws/src/mission_windwatch/install/lib/libAcousticPerceptionScoringPlugin.so" to ""
-- Installing: /home/newman/vrx_ws/src/mission_windwatch/install/lib/libAcousticTrackingScoringPlugin.so
-- Set runtime path of "/home/newman/vrx_ws/src/mission_windwatch/install/lib/libAcousticTrackingScoringPlugin.so" to ""
-- Installing: /home/newman/vrx_ws/src/mission_windwatch/install/lib/libAcousticPingerPlugin.so
-- Set runtime path of "/home/newman/vrx_ws/src/mission_windwatch/install/lib/libAcousticPingerPlugin.so" to ""
-- Installing: /home/newman/vrx_ws/src/mission_windwatch/install/lib/libBallShooterPlugin.so
-- Set runtime path of "/home/newman/vrx_ws/src/mission_windwatch/install/lib/libBallShooterPlugin.so" to ""
-- Installing: /home/newman/vrx_ws/src/mission_windwatch/install/lib/libLightBuoyPlugin.so
-- Set runtime path of "/home/newman/vrx_ws/src/mission_windwatch/install/lib/libLightBuoyPlugin.so" to ""
-- Installing: /home/newman/vrx_ws/src/mission_windwatch/install/lib/libNavigationScoringPlugin.so
-- Set runtime path of "/home/newman/vrx_ws/src/mission_windwatch/install/lib/libNavigationScoringPlugin.so" to ""
-- Installing: /home/newman/vrx_ws/src/mission_windwatch/install/lib/libGymkhanaScoringPlugin.so
-- Set runtime path of "/home/newman/vrx_ws/src/mission_windwatch/install/lib/libGymkhanaScoringPlugin.so" to ""
-- Installing: /home/newman/vrx_ws/src/mission_windwatch/install/lib/libPerceptionScoringPlugin.so
-- Set runtime path of "/home/newman/vrx_ws/src/mission_windwatch/install/lib/libPerceptionScoringPlugin.so" to ""
-- Installing: /home/newman/vrx_ws/src/mission_windwatch/install/lib/libPlacardPlugin.so
-- Set runtime path of "/home/newman/vrx_ws/src/mission_windwatch/install/lib/libPlacardPlugin.so" to ""
-- Installing: /home/newman/vrx_ws/src/mission_windwatch/install/lib/libPublisherPlugin.so
-- Set runtime path of "/home/newman/vrx_ws/src/mission_windwatch/install/lib/libPublisherPlugin.so" to ""
-- Installing: /home/newman/vrx_ws/src/mission_windwatch/install/lib/libScanDockScoringPlugin.so
-- Set runtime path of "/home/newman/vrx_ws/src/mission_windwatch/install/lib/libScanDockScoringPlugin.so" to ""
-- Installing: /home/newman/vrx_ws/src/mission_windwatch/install/lib/libSimpleHydrodynamics.so
-- Set runtime path of "/home/newman/vrx_ws/src/mission_windwatch/install/lib/libSimpleHydrodynamics.so" to ""
-- Installing: /home/newman/vrx_ws/src/mission_windwatch/install/lib/libSurface.so
-- Set runtime path of "/home/newman/vrx_ws/src/mission_windwatch/install/lib/libSurface.so" to ""
-- Installing: /home/newman/vrx_ws/src/mission_windwatch/install/lib/libUSVWind.so
-- Set runtime path of "/home/newman/vrx_ws/src/mission_windwatch/install/lib/libUSVWind.so" to ""
-- Installing: /home/newman/vrx_ws/src/mission_windwatch/install/lib/libWaveVisual.so
-- Set runtime path of "/home/newman/vrx_ws/src/mission_windwatch/install/lib/libWaveVisual.so" to ""
-- Installing: /home/newman/vrx_ws/src/mission_windwatch/install/lib/libWildlifeScoringPlugin.so
-- Set runtime path of "/home/newman/vrx_ws/src/mission_windwatch/install/lib/libWildlifeScoringPlugin.so" to ""
-- Installing: /home/newman/vrx_ws/src/mission_windwatch/install/share/vrx_gz/environment/pythonpath.sh
-- Installing: /home/newman/vrx_ws/src/mission_windwatch/install/share/vrx_gz/environment/pythonpath.dsv
-- Installing: /home/newman/vrx_ws/src/mission_windwatch/install/local/lib/python3.10/dist-packages/vrx_gz-0.0.0-py3.10.egg-info
-- Installing: /home/newman/vrx_ws/src/mission_windwatch/install/local/lib/python3.10/dist-packages/vrx_gz-0.0.0-py3.10.egg-info/SOURCES.txt
-- Installing: /home/newman/vrx_ws/src/mission_windwatch/install/local/lib/python3.10/dist-packages/vrx_gz-0.0.0-py3.10.egg-info/dependency_links.txt
-- Installing: /home/newman/vrx_ws/src/mission_windwatch/install/local/lib/python3.10/dist-packages/vrx_gz-0.0.0-py3.10.egg-info/PKG-INFO
-- Installing: /home/newman/vrx_ws/src/mission_windwatch/install/local/lib/python3.10/dist-packages/vrx_gz-0.0.0-py3.10.egg-info/top_level.txt
-- Installing: /home/newman/vrx_ws/src/mission_windwatch/install/local/lib/python3.10/dist-packages/vrx_gz
-- Installing: /home/newman/vrx_ws/src/mission_windwatch/install/local/lib/python3.10/dist-packages/vrx_gz/payload_bridges.py
-- Installing: /home/newman/vrx_ws/src/mission_windwatch/install/local/lib/python3.10/dist-packages/vrx_gz/model.py
-- Installing: /home/newman/vrx_ws/src/mission_windwatch/install/local/lib/python3.10/dist-packages/vrx_gz/bridges.py
-- Installing: /home/newman/vrx_ws/src/mission_windwatch/install/local/lib/python3.10/dist-packages/vrx_gz/bridge.py
-- Installing: /home/newman/vrx_ws/src/mission_windwatch/install/local/lib/python3.10/dist-packages/vrx_gz/launch.py
-- Installing: /home/newman/vrx_ws/src/mission_windwatch/install/local/lib/python3.10/dist-packages/vrx_gz/__init__.py
Listing '/home/newman/vrx_ws/src/mission_windwatch/install/local/lib/python3.10/dist-packages/vrx_gz'...
Compiling '/home/newman/vrx_ws/src/mission_windwatch/install/local/lib/python3.10/dist-packages/vrx_gz/__init__.py'...
Compiling '/home/newman/vrx_ws/src/mission_windwatch/install/local/lib/python3.10/dist-packages/vrx_gz/bridge.py'...
Compiling '/home/newman/vrx_ws/src/mission_windwatch/install/local/lib/python3.10/dist-packages/vrx_gz/bridges.py'...
Compiling '/home/newman/vrx_ws/src/mission_windwatch/install/local/lib/python3.10/dist-packages/vrx_gz/launch.py'...
Compiling '/home/newman/vrx_ws/src/mission_windwatch/install/local/lib/python3.10/dist-packages/vrx_gz/model.py'...
Compiling '/home/newman/vrx_ws/src/mission_windwatch/install/local/lib/python3.10/dist-packages/vrx_gz/payload_bridges.py'...
-- Installing: /home/newman/vrx_ws/src/mission_windwatch/install/share/vrx_gz/config
-- Installing: /home/newman/vrx_ws/src/mission_windwatch/install/share/vrx_gz/config/wamv.yaml
-- Installing: /home/newman/vrx_ws/src/mission_windwatch/install/share/vrx_gz/config/roboboat.yaml
-- Installing: /home/newman/vrx_ws/src/mission_windwatch/install/share/vrx_gz/launch
-- Installing: /home/newman/vrx_ws/src/mission_windwatch/install/share/vrx_gz/launch/competition.launch.py
-- Installing: /home/newman/vrx_ws/src/mission_windwatch/install/share/vrx_gz/launch/spawn.launch.py
-- Installing: /home/newman/vrx_ws/src/mission_windwatch/install/share/vrx_gz/launch/spawn_config.launch.py
-- Installing: /home/newman/vrx_ws/src/mission_windwatch/install/share/vrx_gz/launch/vrx_environment.launch.py
-- Installing: /home/newman/vrx_ws/src/mission_windwatch/install/share/vrx_gz/launch/usv_joy_teleop.py
-- Installing: /home/newman/vrx_ws/src/mission_windwatch/install/share/vrx_gz/models
-- Installing: /home/newman/vrx_ws/src/mission_windwatch/install/share/vrx_gz/models/robotx_light_buoy_rgb
-- Installing: /home/newman/vrx_ws/src/mission_windwatch/install/share/vrx_gz/models/robotx_light_buoy_rgb/model.config
-- Installing: /home/newman/vrx_ws/src/mission_windwatch/install/share/vrx_gz/models/robotx_light_buoy_rgb/model.sdf
-- Installing: /home/newman/vrx_ws/src/mission_windwatch/install/share/vrx_gz/models/robotx_light_buoy_rgb/mesh
-- Installing: /home/newman/vrx_ws/src/mission_windwatch/install/share/vrx_gz/models/robotx_light_buoy_rgb/mesh/LightTower_Normal.png
-- Installing: /home/newman/vrx_ws/src/mission_windwatch/install/share/vrx_gz/models/robotx_light_buoy_rgb/mesh/LightTower_Albedo.png
-- Installing: /home/newman/vrx_ws/src/mission_windwatch/install/share/vrx_gz/models/robotx_light_buoy_rgb/mesh/LightTower_Metalness.png
-- Installing: /home/newman/vrx_ws/src/mission_windwatch/install/share/vrx_gz/models/robotx_light_buoy_rgb/mesh/LightTower_Roughness.png
-- Installing: /home/newman/vrx_ws/src/mission_windwatch/install/share/vrx_gz/models/robotx_light_buoy_rgb/mesh/LightTower_Opacity.png
-- Installing: /home/newman/vrx_ws/src/mission_windwatch/install/share/vrx_gz/models/robotx_light_buoy_rgb/mesh/robotx_light_buoy.dae
-- Installing: /home/newman/vrx_ws/src/mission_windwatch/install/share/vrx_gz/models/robotx_light_buoy_ygb
-- Installing: /home/newman/vrx_ws/src/mission_windwatch/install/share/vrx_gz/models/robotx_light_buoy_ygb/model.config
-- Installing: /home/newman/vrx_ws/src/mission_windwatch/install/share/vrx_gz/models/robotx_light_buoy_ygb/model.sdf
-- Installing: /home/newman/vrx_ws/src/mission_windwatch/install/share/vrx_gz/models/short_navigation_course_2
-- Installing: /home/newman/vrx_ws/src/mission_windwatch/install/share/vrx_gz/models/short_navigation_course_2/model.config
-- Installing: /home/newman/vrx_ws/src/mission_windwatch/install/share/vrx_gz/models/short_navigation_course_2/model.sdf
-- Installing: /home/newman/vrx_ws/src/mission_windwatch/install/share/vrx_gz/models/roboboat01
-- Installing: /home/newman/vrx_ws/src/mission_windwatch/install/share/vrx_gz/models/roboboat01/materials
-- Installing: /home/newman/vrx_ws/src/mission_windwatch/install/share/vrx_gz/models/roboboat01/materials/textures
-- Installing: /home/newman/vrx_ws/src/mission_windwatch/install/share/vrx_gz/models/roboboat01/materials/textures/Boat01_Metallic.png
-- Installing: /home/newman/vrx_ws/src/mission_windwatch/install/share/vrx_gz/models/roboboat01/materials/textures/Thruster_Albedo.png
-- Installing: /home/newman/vrx_ws/src/mission_windwatch/install/share/vrx_gz/models/roboboat01/materials/textures/Boat01_Roughness.png
-- Installing: /home/newman/vrx_ws/src/mission_windwatch/install/share/vrx_gz/models/roboboat01/materials/textures/Boat01_Albedo.png
-- Installing: /home/newman/vrx_ws/src/mission_windwatch/install/share/vrx_gz/models/roboboat01/materials/textures/Boat01_Normal.png
-- Installing: /home/newman/vrx_ws/src/mission_windwatch/install/share/vrx_gz/models/roboboat01/materials/textures/Thruster_Roughness.png
-- Installing: /home/newman/vrx_ws/src/mission_windwatch/install/share/vrx_gz/models/roboboat01/materials/scripts
-- Installing: /home/newman/vrx_ws/src/mission_windwatch/install/share/vrx_gz/models/roboboat01/materials/scripts/model.material
-- Installing: /home/newman/vrx_ws/src/mission_windwatch/install/share/vrx_gz/models/roboboat01/model.config
-- Installing: /home/newman/vrx_ws/src/mission_windwatch/install/share/vrx_gz/models/roboboat01/meshes
-- Installing: /home/newman/vrx_ws/src/mission_windwatch/install/share/vrx_gz/models/roboboat01/meshes/roboboat01.dae
-- Installing: /home/newman/vrx_ws/src/mission_windwatch/install/share/vrx_gz/models/roboboat01/meshes/prop.dae
-- Installing: /home/newman/vrx_ws/src/mission_windwatch/install/share/vrx_gz/models/roboboat01/meshes/mount.dae
-- Installing: /home/newman/vrx_ws/src/mission_windwatch/install/share/vrx_gz/models/roboboat01/meshes/housing.dae
-- Installing: /home/newman/vrx_ws/src/mission_windwatch/install/share/vrx_gz/models/roboboat01/model.sdf
-- Installing: /home/newman/vrx_ws/src/mission_windwatch/install/share/vrx_gz/models/dock_2022_base
-- Installing: /home/newman/vrx_ws/src/mission_windwatch/install/share/vrx_gz/models/dock_2022_base/model.config
-- Installing: /home/newman/vrx_ws/src/mission_windwatch/install/share/vrx_gz/models/dock_2022_base/model.sdf
-- Installing: /home/newman/vrx_ws/src/mission_windwatch/install/share/vrx_gz/models/roboboat_cpubox
-- Installing: /home/newman/vrx_ws/src/mission_windwatch/install/share/vrx_gz/models/roboboat_cpubox/materials
-- Installing: /home/newman/vrx_ws/src/mission_windwatch/install/share/vrx_gz/models/roboboat_cpubox/materials/textures
-- Installing: /home/newman/vrx_ws/src/mission_windwatch/install/share/vrx_gz/models/roboboat_cpubox/materials/textures/DryBox_Roughness.png
-- Installing: /home/newman/vrx_ws/src/mission_windwatch/install/share/vrx_gz/models/roboboat_cpubox/materials/textures/DryBox_Albedo.png
-- Installing: /home/newman/vrx_ws/src/mission_windwatch/install/share/vrx_gz/models/roboboat_cpubox/model.config
-- Installing: /home/newman/vrx_ws/src/mission_windwatch/install/share/vrx_gz/models/roboboat_cpubox/meshes
-- Installing: /home/newman/vrx_ws/src/mission_windwatch/install/share/vrx_gz/models/roboboat_cpubox/meshes/drybox.dae
-- Installing: /home/newman/vrx_ws/src/mission_windwatch/install/share/vrx_gz/models/roboboat_cpubox/model.sdf
-- Installing: /home/newman/vrx_ws/src/mission_windwatch/install/share/vrx_gz/models/robotx_light_buoy_bgy
-- Installing: /home/newman/vrx_ws/src/mission_windwatch/install/share/vrx_gz/models/robotx_light_buoy_bgy/model.config
-- Installing: /home/newman/vrx_ws/src/mission_windwatch/install/share/vrx_gz/models/robotx_light_buoy_bgy/model.sdf
-- Installing: /home/newman/vrx_ws/src/mission_windwatch/install/share/vrx_gz/models/symbol_triangle
-- Installing: /home/newman/vrx_ws/src/mission_windwatch/install/share/vrx_gz/models/symbol_triangle/model.config
-- Installing: /home/newman/vrx_ws/src/mission_windwatch/install/share/vrx_gz/models/symbol_triangle/model.sdf
-- Installing: /home/newman/vrx_ws/src/mission_windwatch/install/share/vrx_gz/models/symbol_triangle/mesh
-- Installing: /home/newman/vrx_ws/src/mission_windwatch/install/share/vrx_gz/models/symbol_triangle/mesh/triangle.dae
-- Installing: /home/newman/vrx_ws/src/mission_windwatch/install/share/vrx_gz/models/short_course_2023_phase3_1
-- Installing: /home/newman/vrx_ws/src/mission_windwatch/install/share/vrx_gz/models/short_course_2023_phase3_1/model.config
-- Installing: /home/newman/vrx_ws/src/mission_windwatch/install/share/vrx_gz/models/short_course_2023_phase3_1/model.sdf
-- Installing: /home/newman/vrx_ws/src/mission_windwatch/install/share/vrx_gz/models/short_navigation_course_3
-- Installing: /home/newman/vrx_ws/src/mission_windwatch/install/share/vrx_gz/models/short_navigation_course_3/model.config
-- Installing: /home/newman/vrx_ws/src/mission_windwatch/install/share/vrx_gz/models/short_navigation_course_3/model.sdf
-- Installing: /home/newman/vrx_ws/src/mission_windwatch/install/share/vrx_gz/models/robotx_light_buoy_yrg
-- Installing: /home/newman/vrx_ws/src/mission_windwatch/install/share/vrx_gz/models/robotx_light_buoy_yrg/model.config
-- Installing: /home/newman/vrx_ws/src/mission_windwatch/install/share/vrx_gz/models/robotx_light_buoy_yrg/model.sdf
-- Installing: /home/newman/vrx_ws/src/mission_windwatch/install/share/vrx_gz/models/short_navigation_course_4
-- Installing: /home/newman/vrx_ws/src/mission_windwatch/install/share/vrx_gz/models/short_navigation_course_4/model.config
-- Installing: /home/newman/vrx_ws/src/mission_windwatch/install/share/vrx_gz/models/short_navigation_course_4/model.sdf
-- Installing: /home/newman/vrx_ws/src/mission_windwatch/install/share/vrx_gz/models/dock_2022
-- Installing: /home/newman/vrx_ws/src/mission_windwatch/install/share/vrx_gz/models/dock_2022/model.config
-- Installing: /home/newman/vrx_ws/src/mission_windwatch/install/share/vrx_gz/models/dock_2022/model.sdf
-- Installing: /home/newman/vrx_ws/src/mission_windwatch/install/share/vrx_gz/models/dock_block_4x4
-- Installing: /home/newman/vrx_ws/src/mission_windwatch/install/share/vrx_gz/models/dock_block_4x4/model.config
-- Installing: /home/newman/vrx_ws/src/mission_windwatch/install/share/vrx_gz/models/dock_block_4x4/model.sdf
-- Installing: /home/newman/vrx_ws/src/mission_windwatch/install/share/vrx_gz/models/dock_block_4x4/mesh
-- Installing: /home/newman/vrx_ws/src/mission_windwatch/install/share/vrx_gz/models/dock_block_4x4/mesh/DockCubes_Albedo.png
-- Installing: /home/newman/vrx_ws/src/mission_windwatch/install/share/vrx_gz/models/dock_block_4x4/mesh/dock_block_4x4.dae
-- Installing: /home/newman/vrx_ws/src/mission_windwatch/install/share/vrx_gz/models/dock_block_4x4/mesh/DockCubes_Normal.png
-- Installing: /home/newman/vrx_ws/src/mission_windwatch/install/share/vrx_gz/models/dock_block_4x4/mesh/DockCubes_Roughness.png
-- Installing: /home/newman/vrx_ws/src/mission_windwatch/install/share/vrx_gz/models/dock_block_4x4/mesh/DockCubes_Metalness.png
-- Installing: /home/newman/vrx_ws/src/mission_windwatch/install/share/vrx_gz/models/short_navigation_course_5
-- Installing: /home/newman/vrx_ws/src/mission_windwatch/install/share/vrx_gz/models/short_navigation_course_5/model.config
-- Installing: /home/newman/vrx_ws/src/mission_windwatch/install/share/vrx_gz/models/short_navigation_course_5/model.sdf
-- Installing: /home/newman/vrx_ws/src/mission_windwatch/install/share/vrx_gz/models/robotx_light_buoy_rgy
-- Installing: /home/newman/vrx_ws/src/mission_windwatch/install/share/vrx_gz/models/robotx_light_buoy_rgy/model.config
-- Installing: /home/newman/vrx_ws/src/mission_windwatch/install/share/vrx_gz/models/robotx_light_buoy_rgy/model.sdf
-- Installing: /home/newman/vrx_ws/src/mission_windwatch/install/share/vrx_gz/models/short_course_2023_phase3_2
-- Installing: /home/newman/vrx_ws/src/mission_windwatch/install/share/vrx_gz/models/short_course_2023_phase3_2/model.config
-- Installing: /home/newman/vrx_ws/src/mission_windwatch/install/share/vrx_gz/models/short_course_2023_phase3_2/model.sdf
-- Installing: /home/newman/vrx_ws/src/mission_windwatch/install/share/vrx_gz/models/articulated_platform
-- Installing: /home/newman/vrx_ws/src/mission_windwatch/install/share/vrx_gz/models/articulated_platform/model.config
-- Installing: /home/newman/vrx_ws/src/mission_windwatch/install/share/vrx_gz/models/articulated_platform/model.sdf
-- Installing: /home/newman/vrx_ws/src/mission_windwatch/install/share/vrx_gz/models/short_navigation_course_1
-- Installing: /home/newman/vrx_ws/src/mission_windwatch/install/share/vrx_gz/models/short_navigation_course_1/model.config
-- Installing: /home/newman/vrx_ws/src/mission_windwatch/install/share/vrx_gz/models/short_navigation_course_1/model.sdf
-- Installing: /home/newman/vrx_ws/src/mission_windwatch/install/share/vrx_gz/models/obstacle_course
-- Installing: /home/newman/vrx_ws/src/mission_windwatch/install/share/vrx_gz/models/obstacle_course/model.config
-- Installing: /home/newman/vrx_ws/src/mission_windwatch/install/share/vrx_gz/models/obstacle_course/model.sdf
-- Installing: /home/newman/vrx_ws/src/mission_windwatch/install/share/vrx_gz/models/robotx_light_buoy_gbr
-- Installing: /home/newman/vrx_ws/src/mission_windwatch/install/share/vrx_gz/models/robotx_light_buoy_gbr/model.config
-- Installing: /home/newman/vrx_ws/src/mission_windwatch/install/share/vrx_gz/models/robotx_light_buoy_gbr/model.sdf
-- Installing: /home/newman/vrx_ws/src/mission_windwatch/install/share/vrx_gz/models/coast_waves
-- Installing: /home/newman/vrx_ws/src/mission_windwatch/install/share/vrx_gz/models/coast_waves/materials
-- Installing: /home/newman/vrx_ws/src/mission_windwatch/install/share/vrx_gz/models/coast_waves/materials/programs
-- Installing: /home/newman/vrx_ws/src/mission_windwatch/install/share/vrx_gz/models/coast_waves/materials/programs/GerstnerWaves_fs_330.glsl
-- Installing: /home/newman/vrx_ws/src/mission_windwatch/install/share/vrx_gz/models/coast_waves/materials/programs/GerstnerWaves_vs_330.glsl
-- Installing: /home/newman/vrx_ws/src/mission_windwatch/install/share/vrx_gz/models/coast_waves/materials/textures
-- Installing: /home/newman/vrx_ws/src/mission_windwatch/install/share/vrx_gz/models/coast_waves/materials/textures/skybox_lowres.dds
-- Installing: /home/newman/vrx_ws/src/mission_windwatch/install/share/vrx_gz/models/coast_waves/materials/textures/wave_normals.dds
-- Installing: /home/newman/vrx_ws/src/mission_windwatch/install/share/vrx_gz/models/coast_waves/model.config
-- Installing: /home/newman/vrx_ws/src/mission_windwatch/install/share/vrx_gz/models/coast_waves/meshes
-- Installing: /home/newman/vrx_ws/src/mission_windwatch/install/share/vrx_gz/models/coast_waves/meshes/waterlow.dae
-- Installing: /home/newman/vrx_ws/src/mission_windwatch/install/share/vrx_gz/models/coast_waves/model.sdf
-- Installing: /home/newman/vrx_ws/src/mission_windwatch/install/share/vrx_gz/models/robotx_light_buoy_ybr
-- Installing: /home/newman/vrx_ws/src/mission_windwatch/install/share/vrx_gz/models/robotx_light_buoy_ybr/model.config
-- Installing: /home/newman/vrx_ws/src/mission_windwatch/install/share/vrx_gz/models/robotx_light_buoy_ybr/model.sdf
-- Installing: /home/newman/vrx_ws/src/mission_windwatch/install/share/vrx_gz/models/roboboat02
-- Installing: /home/newman/vrx_ws/src/mission_windwatch/install/share/vrx_gz/models/roboboat02/materials
-- Installing: /home/newman/vrx_ws/src/mission_windwatch/install/share/vrx_gz/models/roboboat02/materials/textures
-- Installing: /home/newman/vrx_ws/src/mission_windwatch/install/share/vrx_gz/models/roboboat02/materials/textures/Boat02_Roughness.png
-- Installing: /home/newman/vrx_ws/src/mission_windwatch/install/share/vrx_gz/models/roboboat02/materials/textures/Boat02_Normal.png
-- Installing: /home/newman/vrx_ws/src/mission_windwatch/install/share/vrx_gz/models/roboboat02/materials/textures/Boat02_Metallic.png
-- Installing: /home/newman/vrx_ws/src/mission_windwatch/install/share/vrx_gz/models/roboboat02/materials/textures/Boat02_Albedo.png
-- Installing: /home/newman/vrx_ws/src/mission_windwatch/install/share/vrx_gz/models/roboboat02/materials/scripts
-- Installing: /home/newman/vrx_ws/src/mission_windwatch/install/share/vrx_gz/models/roboboat02/materials/scripts/model.material
-- Installing: /home/newman/vrx_ws/src/mission_windwatch/install/share/vrx_gz/models/roboboat02/model.config
-- Installing: /home/newman/vrx_ws/src/mission_windwatch/install/share/vrx_gz/models/roboboat02/meshes
-- Installing: /home/newman/vrx_ws/src/mission_windwatch/install/share/vrx_gz/models/roboboat02/meshes/roboboat02.dae
-- Installing: /home/newman/vrx_ws/src/mission_windwatch/install/share/vrx_gz/models/roboboat02/model.sdf
-- Installing: /home/newman/vrx_ws/src/mission_windwatch/install/share/vrx_gz/models/robotx_light_buoy_rbg
-- Installing: /home/newman/vrx_ws/src/mission_windwatch/install/share/vrx_gz/models/robotx_light_buoy_rbg/model.config
-- Installing: /home/newman/vrx_ws/src/mission_windwatch/install/share/vrx_gz/models/robotx_light_buoy_rbg/model.sdf
-- Installing: /home/newman/vrx_ws/src/mission_windwatch/install/share/vrx_gz/models/short_navigation_course_0
-- Installing: /home/newman/vrx_ws/src/mission_windwatch/install/share/vrx_gz/models/short_navigation_course_0/model.config
-- Installing: /home/newman/vrx_ws/src/mission_windwatch/install/share/vrx_gz/models/short_navigation_course_0/model.sdf
-- Installing: /home/newman/vrx_ws/src/mission_windwatch/install/share/vrx_gz/models/entrance_exit
-- Installing: /home/newman/vrx_ws/src/mission_windwatch/install/share/vrx_gz/models/entrance_exit/model.config
-- Installing: /home/newman/vrx_ws/src/mission_windwatch/install/share/vrx_gz/models/entrance_exit/model.sdf
-- Installing: /home/newman/vrx_ws/src/mission_windwatch/install/share/vrx_gz/models/platform
-- Installing: /home/newman/vrx_ws/src/mission_windwatch/install/share/vrx_gz/models/platform/model.config
-- Installing: /home/newman/vrx_ws/src/mission_windwatch/install/share/vrx_gz/models/platform/model.sdf
-- Installing: /home/newman/vrx_ws/src/mission_windwatch/install/share/vrx_gz/models/placard_2022
-- Installing: /home/newman/vrx_ws/src/mission_windwatch/install/share/vrx_gz/models/placard_2022/materials
-- Installing: /home/newman/vrx_ws/src/mission_windwatch/install/share/vrx_gz/models/placard_2022/materials/textures
-- Installing: /home/newman/vrx_ws/src/mission_windwatch/install/share/vrx_gz/models/placard_2022/materials/textures/Placard.png
-- Installing: /home/newman/vrx_ws/src/mission_windwatch/install/share/vrx_gz/models/placard_2022/model.config
-- Installing: /home/newman/vrx_ws/src/mission_windwatch/install/share/vrx_gz/models/placard_2022/meshes
-- Installing: /home/newman/vrx_ws/src/mission_windwatch/install/share/vrx_gz/models/placard_2022/meshes/placard_2022.dae
-- Installing: /home/newman/vrx_ws/src/mission_windwatch/install/share/vrx_gz/models/placard_2022/model.sdf
-- Installing: /home/newman/vrx_ws/src/mission_windwatch/install/share/vrx_gz/models/robotx_light_buoy_bgr
-- Installing: /home/newman/vrx_ws/src/mission_windwatch/install/share/vrx_gz/models/robotx_light_buoy_bgr/model.config
-- Installing: /home/newman/vrx_ws/src/mission_windwatch/install/share/vrx_gz/models/robotx_light_buoy_bgr/model.sdf
-- Installing: /home/newman/vrx_ws/src/mission_windwatch/install/share/vrx_gz/worlds
-- Installing: /home/newman/vrx_ws/src/mission_windwatch/install/share/vrx_gz/worlds/follow_path_task.sdf
-- Installing: /home/newman/vrx_ws/src/mission_windwatch/install/share/vrx_gz/worlds/2023_practice
-- Installing: /home/newman/vrx_ws/src/mission_windwatch/install/share/vrx_gz/worlds/2023_practice/practice_2023_acoustic_perception1_task.sdf
-- Installing: /home/newman/vrx_ws/src/mission_windwatch/install/share/vrx_gz/worlds/2023_practice/practice_2023_wayfinding2_task.sdf
-- Installing: /home/newman/vrx_ws/src/mission_windwatch/install/share/vrx_gz/worlds/2023_practice/practice_2023_acoustic_perception2_task.sdf
-- Installing: /home/newman/vrx_ws/src/mission_windwatch/install/share/vrx_gz/worlds/2023_practice/practice_2023_wildlife2_task.sdf
-- Installing: /home/newman/vrx_ws/src/mission_windwatch/install/share/vrx_gz/worlds/2023_practice/practice_2023_follow_path2_task.sdf
-- Installing: /home/newman/vrx_ws/src/mission_windwatch/install/share/vrx_gz/worlds/2023_practice/practice_2023_acoustic_tracking0_task.sdf
-- Installing: /home/newman/vrx_ws/src/mission_windwatch/install/share/vrx_gz/worlds/2023_practice/practice_2023_stationkeeping2_task.sdf
-- Installing: /home/newman/vrx_ws/src/mission_windwatch/install/share/vrx_gz/worlds/2023_practice/practice_2023_wayfinding1_task.sdf
-- Installing: /home/newman/vrx_ws/src/mission_windwatch/install/share/vrx_gz/worlds/2023_practice/practice_2023_wayfinding0_task.sdf
-- Installing: /home/newman/vrx_ws/src/mission_windwatch/install/share/vrx_gz/worlds/2023_practice/practice_2023_perception1_task.sdf
-- Installing: /home/newman/vrx_ws/src/mission_windwatch/install/share/vrx_gz/worlds/2023_practice/practice_2023_follow_path1_task.sdf
-- Installing: /home/newman/vrx_ws/src/mission_windwatch/install/share/vrx_gz/worlds/2023_practice/practice_2023_follow_path0_task.sdf
-- Installing: /home/newman/vrx_ws/src/mission_windwatch/install/share/vrx_gz/worlds/2023_practice/practice_2023_scan_dock_deliver0_task.sdf
-- Installing: /home/newman/vrx_ws/src/mission_windwatch/install/share/vrx_gz/worlds/2023_practice/practice_2023_perception0_task.sdf
-- Installing: /home/newman/vrx_ws/src/mission_windwatch/install/share/vrx_gz/worlds/2023_practice/practice_2023_perception2_task.sdf
-- Installing: /home/newman/vrx_ws/src/mission_windwatch/install/share/vrx_gz/worlds/2023_practice/practice_2023_stationkeeping1_task.sdf
-- Installing: /home/newman/vrx_ws/src/mission_windwatch/install/share/vrx_gz/worlds/2023_practice/practice_2023_scan_dock_deliver1_task.sdf
-- Installing: /home/newman/vrx_ws/src/mission_windwatch/install/share/vrx_gz/worlds/2023_practice/practice_2023_acoustic_tracking2_task.sdf
-- Installing: /home/newman/vrx_ws/src/mission_windwatch/install/share/vrx_gz/worlds/2023_practice/practice_2023_stationkeeping0_task.sdf
-- Installing: /home/newman/vrx_ws/src/mission_windwatch/install/share/vrx_gz/worlds/2023_practice/practice_2023_wildlife0_task.sdf
-- Installing: /home/newman/vrx_ws/src/mission_windwatch/install/share/vrx_gz/worlds/2023_practice/practice_2023_scan_dock_deliver2_task.sdf
-- Installing: /home/newman/vrx_ws/src/mission_windwatch/install/share/vrx_gz/worlds/2023_practice/practice_2023_acoustic_tracking1_task.sdf
-- Installing: /home/newman/vrx_ws/src/mission_windwatch/install/share/vrx_gz/worlds/2023_practice/practice_2023_wildlife1_task.sdf
-- Installing: /home/newman/vrx_ws/src/mission_windwatch/install/share/vrx_gz/worlds/2023_practice/practice_2023_acoustic_perception0_task.sdf
-- Installing: /home/newman/vrx_ws/src/mission_windwatch/install/share/vrx_gz/worlds/stationkeeping_task.sdf
-- Installing: /home/newman/vrx_ws/src/mission_windwatch/install/share/vrx_gz/worlds/acoustic_tracking_task.sdf
-- Installing: /home/newman/vrx_ws/src/mission_windwatch/install/share/vrx_gz/worlds/perception_task.sdf
-- Installing: /home/newman/vrx_ws/src/mission_windwatch/install/share/vrx_gz/worlds/wildlife_task.sdf
-- Installing: /home/newman/vrx_ws/src/mission_windwatch/install/share/vrx_gz/worlds/acoustic_perception_task.sdf
-- Installing: /home/newman/vrx_ws/src/mission_windwatch/install/share/vrx_gz/worlds/sydney_regatta.sdf
-- Installing: /home/newman/vrx_ws/src/mission_windwatch/install/share/vrx_gz/worlds/scan_dock_deliver_task.sdf
-- Installing: /home/newman/vrx_ws/src/mission_windwatch/install/share/vrx_gz/worlds/wayfinding_task.sdf
-- Installing: /home/newman/vrx_ws/src/mission_windwatch/install/share/vrx_gz/worlds/gymkhana_task.sdf
-- Installing: /home/newman/vrx_ws/src/mission_windwatch/install/share/vrx_gz/worlds/nbpark.sdf
-- Installing: /home/newman/vrx_ws/src/mission_windwatch/install/share/vrx_gz/worlds/navigation_task.sdf
-- Installing: /home/newman/vrx_ws/src/mission_windwatch/install/share/ament_index/resource_index/package_run_dependencies/vrx_gz
-- Installing: /home/newman/vrx_ws/src/mission_windwatch/install/share/ament_index/resource_index/parent_prefix_path/vrx_gz
-- Installing: /home/newman/vrx_ws/src/mission_windwatch/install/share/vrx_gz/environment/ament_prefix_path.sh
-- Installing: /home/newman/vrx_ws/src/mission_windwatch/install/share/vrx_gz/environment/ament_prefix_path.dsv
-- Installing: /home/newman/vrx_ws/src/mission_windwatch/install/share/vrx_gz/environment/path.sh
-- Installing: /home/newman/vrx_ws/src/mission_windwatch/install/share/vrx_gz/environment/path.dsv
-- Installing: /home/newman/vrx_ws/src/mission_windwatch/install/share/vrx_gz/local_setup.bash
-- Installing: /home/newman/vrx_ws/src/mission_windwatch/install/share/vrx_gz/local_setup.sh
-- Installing: /home/newman/vrx_ws/src/mission_windwatch/install/share/vrx_gz/local_setup.zsh
-- Installing: /home/newman/vrx_ws/src/mission_windwatch/install/share/vrx_gz/local_setup.dsv
-- Installing: /home/newman/vrx_ws/src/mission_windwatch/install/share/vrx_gz/package.dsv
-- Installing: /home/newman/vrx_ws/src/mission_windwatch/install/share/ament_index/resource_index/packages/vrx_gz
-- Installing: /home/newman/vrx_ws/src/mission_windwatch/install/share/vrx_gz/cmake/vrx_gzConfig.cmake
-- Installing: /home/newman/vrx_ws/src/mission_windwatch/install/share/vrx_gz/cmake/vrx_gzConfig-version.cmake
-- Installing: /home/newman/vrx_ws/src/mission_windwatch/install/share/vrx_gz/package.xml
