[0.035s] Invoking command in '/home/newman/vrx_ws/src/mission_windwatch/build/visualization': CMAKE_PREFIX_PATH=/opt/ros/humble /usr/bin/cmake --build /home/newman/vrx_ws/src/mission_windwatch/build/visualization -- -j9 -l9
[0.087s] [100%] Built target visualization_node
[0.125s] Invoked command in '/home/newman/vrx_ws/src/mission_windwatch/build/visualization' returned '0': CMAKE_PREFIX_PATH=/opt/ros/humble /usr/bin/cmake --build /home/newman/vrx_ws/src/mission_windwatch/build/visualization -- -j9 -l9
[0.170s] Invoking command in '/home/newman/vrx_ws/src/mission_windwatch/build/visualization': CMAKE_PREFIX_PATH=/opt/ros/humble /usr/bin/cmake --install /home/newman/vrx_ws/src/mission_windwatch/build/visualization
[0.185s] -- Install configuration: ""
[0.185s] -- Up-to-date: /home/newman/vrx_ws/src/mission_windwatch/install/lib/visualization/visualization_node
[0.188s] -- Up-to-date: /home/newman/vrx_ws/src/mission_windwatch/install/share/visualization/launch
[0.194s] -- Up-to-date: /home/newman/vrx_ws/src/mission_windwatch/install/share/visualization/launch/visualization_launch.py
[0.194s] -- Up-to-date: /home/newman/vrx_ws/src/mission_windwatch/install/share/visualization/config
[0.195s] -- Up-to-date: /home/newman/vrx_ws/src/mission_windwatch/install/share/ament_index/resource_index/package_run_dependencies/visualization
[0.195s] -- Up-to-date: /home/newman/vrx_ws/src/mission_windwatch/install/share/ament_index/resource_index/parent_prefix_path/visualization
[0.195s] -- Up-to-date: /home/newman/vrx_ws/src/mission_windwatch/install/share/visualization/environment/ament_prefix_path.sh
[0.195s] -- Up-to-date: /home/newman/vrx_ws/src/mission_windwatch/install/share/visualization/environment/ament_prefix_path.dsv
[0.195s] -- Up-to-date: /home/newman/vrx_ws/src/mission_windwatch/install/share/visualization/environment/path.sh
[0.195s] -- Up-to-date: /home/newman/vrx_ws/src/mission_windwatch/install/share/visualization/environment/path.dsv
[0.195s] -- Up-to-date: /home/newman/vrx_ws/src/mission_windwatch/install/share/visualization/local_setup.bash
[0.195s] -- Up-to-date: /home/newman/vrx_ws/src/mission_windwatch/install/share/visualization/local_setup.sh
[0.195s] -- Up-to-date: /home/newman/vrx_ws/src/mission_windwatch/install/share/visualization/local_setup.zsh
[0.195s] -- Up-to-date: /home/newman/vrx_ws/src/mission_windwatch/install/share/visualization/local_setup.dsv
[0.195s] -- Installing: /home/newman/vrx_ws/src/mission_windwatch/install/share/visualization/package.dsv
[0.195s] -- Up-to-date: /home/newman/vrx_ws/src/mission_windwatch/install/share/ament_index/resource_index/packages/visualization
[0.195s] -- Up-to-date: /home/newman/vrx_ws/src/mission_windwatch/install/share/visualization/cmake/visualizationConfig.cmake
[0.195s] -- Up-to-date: /home/newman/vrx_ws/src/mission_windwatch/install/share/visualization/cmake/visualizationConfig-version.cmake
[0.195s] -- Up-to-date: /home/newman/vrx_ws/src/mission_windwatch/install/share/visualization/package.xml
[0.233s] Invoked command in '/home/newman/vrx_ws/src/mission_windwatch/build/visualization' returned '0': CMAKE_PREFIX_PATH=/opt/ros/humble /usr/bin/cmake --install /home/newman/vrx_ws/src/mission_windwatch/build/visualization
