[0.044s] Invoking command in '/home/newman/vrx_ws/src/mission_windwatch/build/sensors': CMAKE_PREFIX_PATH=${CMAKE_PREFIX_PATH}:/opt/ros/humble /usr/bin/cmake --build /home/newman/vrx_ws/src/mission_windwatch/build/sensors -- -j9 -l9
[0.086s] -- Found ament_cmake: 1.3.10 (/opt/ros/humble/share/ament_cmake/cmake)
[0.346s] -- Found rclcpp: 16.0.10 (/opt/ros/humble/share/rclcpp/cmake)
[0.375s] -- Found rosidl_generator_c: 3.1.5 (/opt/ros/humble/share/rosidl_generator_c/cmake)
[0.378s] -- Found rosidl_adapter: 3.1.5 (/opt/ros/humble/share/rosidl_adapter/cmake)
[0.393s] -- Found rosidl_generator_cpp: 3.1.5 (/opt/ros/humble/share/rosidl_generator_cpp/cmake)
[0.404s] -- Using all available rosidl_typesupport_c: rosidl_typesupport_fastrtps_c;rosidl_typesupport_introspection_c
[0.416s] -- Using all available rosidl_typesupport_cpp: rosidl_typesupport_fastrtps_cpp;rosidl_typesupport_introspection_cpp
[0.469s] -- Found rmw_implementation_cmake: 6.1.2 (/opt/ros/humble/share/rmw_implementation_cmake/cmake)
[0.469s] -- Found rmw_fastrtps_cpp: 6.2.7 (/opt/ros/humble/share/rmw_fastrtps_cpp/cmake)
[0.658s] -- Using RMW implementation 'rmw_fastrtps_cpp' as default
[0.749s] -- Found sensor_msgs: 4.2.4 (/opt/ros/humble/share/sensor_msgs/cmake)
[0.785s] -- Found image_transport: 3.1.9 (/opt/ros/humble/share/image_transport/cmake)
[0.905s] -- Configuring done
[0.940s] -- Generating done
[0.943s] -- Build files have been written to: /home/newman/vrx_ws/src/mission_windwatch/build/sensors
[0.993s] [35m[1mConsolidate compiler generated dependencies of target camera_processing_node[0m
[0.996s] [35m[1mConsolidate compiler generated dependencies of target tgt_pos_update_node[0m
[0.997s] [35m[1mConsolidate compiler generated dependencies of target sensor_fusion_node[0m
[1.017s] [ 16%] [32mBuilding CXX object CMakeFiles/camera_processing_node.dir/src/camera_processing_node.cpp.o[0m
[1.036s] [ 50%] [32mBuilding CXX object CMakeFiles/tgt_pos_update_node.dir/src/tgt_pos_update_node.cpp.o[0m
[1.037s] [ 50%] [32mBuilding CXX object CMakeFiles/sensor_fusion_node.dir/src/sensor_fusion_node.cpp.o[0m
[3.663s] [01m[K/home/newman/vrx_ws/src/mission_windwatch/src/sensors/src/camera_processing_node.cpp:[m[K In function ‘[01m[Kint main(int, char**)[m[K’:
[3.663s] [01m[K/home/newman/vrx_ws/src/mission_windwatch/src/sensors/src/camera_processing_node.cpp:8:32:[m[K [01;31m[Kerror: [m[K‘[01m[KMyNode[m[K’ was not declared in this scope; did you mean ‘[01m[Knode[m[K’?
[3.663s]     8 |   auto node = std::make_shared<[01;31m[KMyNode[m[K>();
[3.663s]       |                                [01;31m[K^~~~~~[m[K
[3.663s]       |                                [32m[Knode[m[K
[3.663s] [01m[K/home/newman/vrx_ws/src/mission_windwatch/src/sensors/src/camera_processing_node.cpp:8:39:[m[K [01;31m[Kerror: [m[Kno matching function for call to ‘[01m[Kmake_shared<<expression error> >()[m[K’
[3.664s]     8 |   auto node = [01;31m[Kstd::make_shared<MyNode>()[m[K;
[3.664s]       |               [01;31m[K~~~~~~~~~~~~~~~~~~~~~~~~^~[m[K
[3.665s] In file included from [01m[K/usr/include/c++/11/memory:77[m[K,
[3.665s]                  from [01m[K/opt/ros/humble/include/rclcpp/rclcpp/rclcpp.hpp:153[m[K,
[3.665s]                  from [01m[K/home/newman/vrx_ws/src/mission_windwatch/src/sensors/src/camera_processing_node.cpp:4[m[K:
[3.665s] [01m[K/usr/include/c++/11/bits/shared_ptr.h:875:5:[m[K [01;36m[Knote: [m[Kcandidate: ‘[01m[Ktemplate<class _Tp, class ... _Args> std::shared_ptr<_Tp> std::make_shared(_Args&& ...)[m[K’
[3.666s]   875 |     [01;36m[Kmake_shared[m[K(_Args&&... __args)
[3.666s]       |     [01;36m[K^~~~~~~~~~~[m[K
[3.666s] [01m[K/usr/include/c++/11/bits/shared_ptr.h:875:5:[m[K [01;36m[Knote: [m[K  template argument deduction/substitution failed:
[3.666s] [01m[K/home/newman/vrx_ws/src/mission_windwatch/src/sensors/src/camera_processing_node.cpp:8:39:[m[K [01;31m[Kerror: [m[Ktemplate argument 1 is invalid
[3.666s]     8 |   auto node = [01;31m[Kstd::make_shared<MyNode>()[m[K;
[3.666s]       |               [01;31m[K~~~~~~~~~~~~~~~~~~~~~~~~^~[m[K
[3.702s] [01m[K/home/newman/vrx_ws/src/mission_windwatch/src/sensors/src/sensor_fusion_node.cpp:[m[K In function ‘[01m[Kint main(int, char**)[m[K’:
[3.702s] [01m[K/home/newman/vrx_ws/src/mission_windwatch/src/sensors/src/sensor_fusion_node.cpp:8:32:[m[K [01;31m[Kerror: [m[K‘[01m[KMyNode[m[K’ was not declared in this scope; did you mean ‘[01m[Knode[m[K’?
[3.702s]     8 |   auto node = std::make_shared<[01;31m[KMyNode[m[K>();
[3.703s]       |                                [01;31m[K^~~~~~[m[K
[3.703s]       |                                [32m[Knode[m[K
[3.703s] [01m[K/home/newman/vrx_ws/src/mission_windwatch/src/sensors/src/sensor_fusion_node.cpp:8:39:[m[K [01;31m[Kerror: [m[Kno matching function for call to ‘[01m[Kmake_shared<<expression error> >()[m[K’
[3.703s]     8 |   auto node = [01;31m[Kstd::make_shared<MyNode>()[m[K;
[3.703s]       |               [01;31m[K~~~~~~~~~~~~~~~~~~~~~~~~^~[m[K
[3.703s] In file included from [01m[K/usr/include/c++/11/memory:77[m[K,
[3.703s]                  from [01m[K/opt/ros/humble/include/rclcpp/rclcpp/rclcpp.hpp:153[m[K,
[3.703s]                  from [01m[K/home/newman/vrx_ws/src/mission_windwatch/src/sensors/src/sensor_fusion_node.cpp:4[m[K:
[3.703s] [01m[K/usr/include/c++/11/bits/shared_ptr.h:875:5:[m[K [01;36m[Knote: [m[Kcandidate: ‘[01m[Ktemplate<class _Tp, class ... _Args> std::shared_ptr<_Tp> std::make_shared(_Args&& ...)[m[K’
[3.703s]   875 |     [01;36m[Kmake_shared[m[K(_Args&&... __args)
[3.703s]       |     [01;36m[K^~~~~~~~~~~[m[K
[3.703s] [01m[K/usr/include/c++/11/bits/shared_ptr.h:875:5:[m[K [01;36m[Knote: [m[K  template argument deduction/substitution failed:
[3.703s] [01m[K/home/newman/vrx_ws/src/mission_windwatch/src/sensors/src/sensor_fusion_node.cpp:8:39:[m[K [01;31m[Kerror: [m[Ktemplate argument 1 is invalid
[3.703s]     8 |   auto node = [01;31m[Kstd::make_shared<MyNode>()[m[K;
[3.703s]       |               [01;31m[K~~~~~~~~~~~~~~~~~~~~~~~~^~[m[K
[3.861s] [01m[K/home/newman/vrx_ws/src/mission_windwatch/src/sensors/src/tgt_pos_update_node.cpp:[m[K In function ‘[01m[Kint main(int, char**)[m[K’:
[3.861s] [01m[K/home/newman/vrx_ws/src/mission_windwatch/src/sensors/src/tgt_pos_update_node.cpp:8:32:[m[K [01;31m[Kerror: [m[K‘[01m[KMyNode[m[K’ was not declared in this scope; did you mean ‘[01m[Knode[m[K’?
[3.861s]     8 |   auto node = std::make_shared<[01;31m[KMyNode[m[K>();
[3.861s]       |                                [01;31m[K^~~~~~[m[K
[3.861s]       |                                [32m[Knode[m[K
[3.861s] [01m[K/home/newman/vrx_ws/src/mission_windwatch/src/sensors/src/tgt_pos_update_node.cpp:8:39:[m[K [01;31m[Kerror: [m[Kno matching function for call to ‘[01m[Kmake_shared<<expression error> >()[m[K’
[3.861s]     8 |   auto node = [01;31m[Kstd::make_shared<MyNode>()[m[K;
[3.862s]       |               [01;31m[K~~~~~~~~~~~~~~~~~~~~~~~~^~[m[K
[3.863s] In file included from [01m[K/usr/include/c++/11/memory:77[m[K,
[3.863s]                  from [01m[K/opt/ros/humble/include/rclcpp/rclcpp/rclcpp.hpp:153[m[K,
[3.863s]                  from [01m[K/home/newman/vrx_ws/src/mission_windwatch/src/sensors/src/tgt_pos_update_node.cpp:4[m[K:
[3.863s] [01m[K/usr/include/c++/11/bits/shared_ptr.h:875:5:[m[K [01;36m[Knote: [m[Kcandidate: ‘[01m[Ktemplate<class _Tp, class ... _Args> std::shared_ptr<_Tp> std::make_shared(_Args&& ...)[m[K’
[3.864s]   875 |     [01;36m[Kmake_shared[m[K(_Args&&... __args)
[3.864s]       |     [01;36m[K^~~~~~~~~~~[m[K
[3.864s] [01m[K/usr/include/c++/11/bits/shared_ptr.h:875:5:[m[K [01;36m[Knote: [m[K  template argument deduction/substitution failed:
[3.864s] [01m[K/home/newman/vrx_ws/src/mission_windwatch/src/sensors/src/tgt_pos_update_node.cpp:8:39:[m[K [01;31m[Kerror: [m[Ktemplate argument 1 is invalid
[3.864s]     8 |   auto node = [01;31m[Kstd::make_shared<MyNode>()[m[K;
[3.864s]       |               [01;31m[K~~~~~~~~~~~~~~~~~~~~~~~~^~[m[K
[4.000s] gmake[2]: *** [CMakeFiles/camera_processing_node.dir/build.make:76: CMakeFiles/camera_processing_node.dir/src/camera_processing_node.cpp.o] Error 1
[4.000s] gmake[1]: *** [CMakeFiles/Makefile2:167: CMakeFiles/camera_processing_node.dir/all] Error 2
[4.000s] gmake[1]: *** Waiting for unfinished jobs....
[4.053s] gmake[2]: *** [CMakeFiles/sensor_fusion_node.dir/build.make:76: CMakeFiles/sensor_fusion_node.dir/src/sensor_fusion_node.cpp.o] Error 1
[4.054s] gmake[1]: *** [CMakeFiles/Makefile2:141: CMakeFiles/sensor_fusion_node.dir/all] Error 2
[4.198s] gmake[2]: *** [CMakeFiles/tgt_pos_update_node.dir/build.make:76: CMakeFiles/tgt_pos_update_node.dir/src/tgt_pos_update_node.cpp.o] Error 1
[4.198s] gmake[1]: *** [CMakeFiles/Makefile2:193: CMakeFiles/tgt_pos_update_node.dir/all] Error 2
[4.198s] gmake: *** [Makefile:146: all] Error 2
